src/commands/lsp/lsp.test.ts(154,59): error TS2345: Argument of type '{ getInitializationStatus: () => InitializationStatus; getLspServerManager: () => { getAllServers: () => Map<string, TestServerInstance>; } | undefined; ... 8 more ...; discoverWorkspaceExtensions: (pathspec?: string) => Promise<...>; }' is not assignable to parameter of type 'LspCommandDeps'.
  The types returned by 'getAllLspServers()' are incompatible between these types.
    Type 'Promise<{ servers: Record<string, TestServerConfig>; }>' is not assignable to type 'Promise<{ servers: Record<string, ScopedLspServerConfig>; }>'.
      Type '{ servers: Record<string, TestServerConfig>; }' is not assignable to type '{ servers: Record<string, ScopedLspServerConfig>; }'.
        Types of property 'servers' are incompatible.
          Type 'Record<string, TestServerConfig>' is not assignable to type 'Record<string, ScopedLspServerConfig>'.
            'string' index signatures are incompatible.
              Type 'TestServerConfig' is missing the following properties from type 'ScopedLspServerConfig': scope, source
src/commands/lsp/lsp.ts(71,3): error TS2322: Type '() => LSPServerManager | undefined' is not assignable to type '() => LspServerManagerLike | undefined'.
  Type 'LSPServerManager | undefined' is not assignable to type 'LspServerManagerLike | undefined'.
    Type 'LSPServerManager' is not assignable to type 'LspServerManagerLike'.
      The types returned by 'getAllServers()' are incompatible between these types.
        Type 'Map<string, LSPServerInstance>' is not assignable to type 'Map<string, LspServerInstanceLike>'.
          Type 'LSPServerInstance' is not assignable to type 'LspServerInstanceLike'.
            Types of property 'state' are incompatible.
              Type 'LspServerState' is not assignable to type 'string'.
src/components/design-system/ThemeProvider.test.tsx(176,17): error TS2345: Argument of type '"ansi"' is not assignable to parameter of type '"auto" | "light" | "dark" | "light-daltonized" | "dark-daltonized" | "light-ansi" | "dark-ansi"'.
src/components/DevBar.tsx(9,10): error TS2367: This comparison appears to be unintentional because the types '"production"' and '"development"' have no overlap.
src/components/FeedbackSurvey/usePostCompactSurvey.tsx(136,9): error TS2322: Type 'unknown' is not assignable to type 'string | null'.
src/components/FullscreenLayout.tsx(344,67): error TS2339: Property 'text' does not exist on type 'never'.
src/components/FullscreenLayout.tsx(344,95): error TS2339: Property 'scrollTo' does not exist on type 'never'.
src/components/LogSelector.tsx(832,53): error TS18046: 't36' is of type 'unknown'.
src/components/Messages.tsx(521,23): error TS2345: Argument of type 'any[]' is not assignable to parameter of type 'never[]'.
  Type 'any' is not assignable to type 'never'.
src/components/Messages.tsx(781,243): error TS2366: Function lacks ending return statement and return type does not include 'undefined'.
src/components/messages/AttachmentMessage.tsx(355,23): error TS1360: Type '"structured_output" | "output_style" | "auto_mode" | "edited_text_file" | "edited_image_file" | "opened_file_in_ide" | "todo_reminder" | "task_reminder" | "skill_discovery" | ... 23 more ... | "bagel_console"' does not satisfy the expected type '"structured_output" | "output_style" | "auto_mode" | "edited_text_file" | "edited_image_file" | "opened_file_in_ide" | "todo_reminder" | "task_reminder" | "skill_discovery" | ... 26 more ... | "pen_mode_exit"'.
  Type '"bagel_console"' is not assignable to type '"structured_output" | "output_style" | "auto_mode" | "edited_text_file" | "edited_image_file" | "opened_file_in_ide" | "todo_reminder" | "task_reminder" | "skill_discovery" | ... 26 more ... | "pen_mode_exit"'.
src/components/messages/nullRenderingAttachments.ts(43,3): error TS2322: Type '"pen_mode_enter"' is not assignable to type '"file" | "structured_output" | "output_style" | "directory" | "auto_mode" | "queued_command" | "diagnostics" | "hook_blocking_error" | "hook_error_during_execution" | "compact_file_reference" | ... 49 more ... | "bagel_console"'.
src/components/messages/nullRenderingAttachments.ts(44,3): error TS2820: Type '"pen_mode_exit"' is not assignable to type '"file" | "structured_output" | "output_style" | "directory" | "auto_mode" | "queued_command" | "diagnostics" | "hook_blocking_error" | "hook_error_during_execution" | "compact_file_reference" | ... 49 more ... | "bagel_console"'. Did you mean '"plan_mode_exit"'?
src/components/messages/nullRenderingAttachments.ts(53,7): error TS2322: Type 'Set<"structured_output" | "output_style" | "auto_mode" | "edited_text_file" | "edited_image_file" | "opened_file_in_ide" | "todo_reminder" | "task_reminder" | "plan_mode" | ... 24 more ... | "pen_mode_exit">' is not assignable to type 'ReadonlySet<"file" | "structured_output" | "output_style" | "directory" | "auto_mode" | "queued_command" | "diagnostics" | "hook_blocking_error" | "hook_error_during_execution" | "compact_file_reference" | ... 49 more ... | "bagel_console">'.
  Types of property 'forEach' are incompatible.
    Type '(callbackfn: (value: "structured_output" | "output_style" | "auto_mode" | "edited_text_file" | "edited_image_file" | "opened_file_in_ide" | "todo_reminder" | "task_reminder" | "plan_mode" | ... 24 more ... | "pen_mode_exit", value2: "structured_output" | ... 32 more ... | "pen_mode_exit", set: Set<...>) => void, thi...' is not assignable to type '(callbackfn: (value: "file" | "structured_output" | "output_style" | "directory" | "auto_mode" | "queued_command" | "diagnostics" | "hook_blocking_error" | "hook_error_during_execution" | ... 50 more ... | "bagel_console", value2: "file" | ... 58 more ... | "bagel_console", set: ReadonlySet<...>) => void, thisArg?: ...'.
      Types of parameters 'callbackfn' and 'callbackfn' are incompatible.
        Types of parameters 'value' and 'value' are incompatible.
          Type '"structured_output" | "output_style" | "auto_mode" | "edited_text_file" | "edited_image_file" | "opened_file_in_ide" | "todo_reminder" | "task_reminder" | "plan_mode" | "plan_mode_reentry" | ... 23 more ... | "pen_mode_exit"' is not assignable to type '"file" | "structured_output" | "output_style" | "directory" | "auto_mode" | "queued_command" | "diagnostics" | "hook_blocking_error" | "hook_error_during_execution" | "compact_file_reference" | ... 49 more ... | "bagel_console"'.
            Type '"pen_mode_enter"' is not assignable to type '"file" | "structured_output" | "output_style" | "directory" | "auto_mode" | "queued_command" | "diagnostics" | "hook_blocking_error" | "hook_error_during_execution" | "compact_file_reference" | ... 49 more ... | "bagel_console"'.
src/components/messages/SystemTextMessage.tsx(281,35): error TS2304: Cannot find name 'HOOK_TIMING_DISPLAY_THRESHOLD_MS'.
src/components/messages/SystemTextMessage.tsx(606,31): error TS18047: 'teamMemSaved' is possibly 'null'.
src/components/messages/teamMemCollapsed.tsx(47,20): error TS2345: Argument of type 'any' is not assignable to parameter of type 'never'.
src/components/messages/teamMemCollapsed.tsx(68,18): error TS2345: Argument of type 'any' is not assignable to parameter of type 'never'.
src/components/messages/teamMemCollapsed.tsx(81,20): error TS2345: Argument of type 'any' is not assignable to parameter of type 'never'.
src/components/messages/teamMemCollapsed.tsx(92,18): error TS2345: Argument of type 'any' is not assignable to parameter of type 'never'.
src/components/messages/teamMemCollapsed.tsx(105,20): error TS2345: Argument of type 'any' is not assignable to parameter of type 'never'.
src/components/messages/teamMemCollapsed.tsx(126,18): error TS2345: Argument of type 'any' is not assignable to parameter of type 'never'.
src/components/messages/UserTextMessage.tsx(104,31): error TS2307: Cannot find module './UserGitHubWebhookMessage.js' or its corresponding type declarations.
src/components/messages/UserTextMessage.tsx(225,31): error TS2307: Cannot find module './UserCrossSessionMessage.js' or its corresponding type declarations.
src/components/NativeAutoUpdater.tsx(77,9): error TS2367: This comparison appears to be unintentional because the types '"production"' and '"test"' have no overlap.
src/components/NativeAutoUpdater.tsx(77,36): error TS2367: This comparison appears to be unintentional because the types '"production"' and '"development"' have no overlap.
src/components/permissions/AskUserQuestionPermissionRequest/AskUserQuestionPermissionRequest.tsx(186,22): error TS2345: Argument of type '{ id: number; type: string; content: any; mediaType: any; filename: any; dimensions: any; }' is not assignable to parameter of type 'PastedContent'.
  Types of property 'type' are incompatible.
    Type 'string' is not assignable to type '"text" | "image"'.
src/components/permissions/AskUserQuestionPermissionRequest/AskUserQuestionPermissionRequest.tsx(187,18): error TS2345: Argument of type '{ id: number; type: string; content: any; mediaType: any; filename: any; dimensions: any; }' is not assignable to parameter of type 'PastedContent'.
  Types of property 'type' are incompatible.
    Type 'string' is not assignable to type '"text" | "image"'.
src/components/permissions/ComputerUseApproval/ComputerUseApproval.tsx(2,37): error TS2307: Cannot find module '@ant/computer-use-mcp/sentinelApps' or its corresponding type declarations.
src/components/permissions/ComputerUseApproval/ComputerUseApproval.tsx(3,64): error TS2307: Cannot find module '@ant/computer-use-mcp/types' or its corresponding type declarations.
src/components/permissions/ComputerUseApproval/ComputerUseApproval.tsx(4,37): error TS2307: Cannot find module '@ant/computer-use-mcp/types' or its corresponding type declarations.
src/components/permissions/NotebookEditPermissionRequest/NotebookEditToolDiff.tsx(6,56): error TS2307: Cannot find module '../../../types/notebook.js' or its corresponding type declarations.
src/components/permissions/NotebookEditPermissionRequest/NotebookEditToolDiff.tsx(87,26): error TS2339: Property 'cells' does not exist on type '{}'.
src/components/permissions/NotebookEditPermissionRequest/NotebookEditToolDiff.tsx(88,39): error TS2339: Property 'cells' does not exist on type '{}'.
src/components/permissions/NotebookEditPermissionRequest/NotebookEditToolDiff.tsx(111,35): error TS2339: Property 'cells' does not exist on type '{}'.
src/components/permissions/PermissionDecisionDebugInfo.tsx(63,23): error TS2488: Type 'unknown' must have a '[Symbol.iterator]()' method that returns an iterator.
src/components/permissions/PermissionExplanation.tsx(110,22): error TS2345: Argument of type 'Promise<PermissionExplanation | null>' is not assignable to parameter of type 'SetStateAction<null>'.
  Type 'Promise<PermissionExplanation | null>' provides no match for the signature '(prevState: null): null'.
src/components/permissions/PermissionExplanation.tsx(173,28): error TS2339: Property 'explanation' does not exist on type '{}'.
src/components/permissions/PermissionExplanation.tsx(174,29): error TS2339: Property 'explanation' does not exist on type '{}'.
src/components/permissions/PermissionExplanation.tsx(175,24): error TS2339: Property 'explanation' does not exist on type '{}'.
src/components/permissions/PermissionExplanation.tsx(181,28): error TS2339: Property 'reasoning' does not exist on type '{}'.
src/components/permissions/PermissionExplanation.tsx(182,48): error TS2339: Property 'reasoning' does not exist on type '{}'.
src/components/permissions/PermissionExplanation.tsx(183,24): error TS2339: Property 'reasoning' does not exist on type '{}'.
src/components/permissions/PermissionExplanation.tsx(189,28): error TS2339: Property 'riskLevel' does not exist on type '{}'.
src/components/permissions/PermissionExplanation.tsx(190,35): error TS2339: Property 'riskLevel' does not exist on type '{}'.
src/components/permissions/PermissionExplanation.tsx(191,24): error TS2339: Property 'riskLevel' does not exist on type '{}'.
src/components/permissions/PermissionExplanation.tsx(197,28): error TS2339: Property 'riskLevel' does not exist on type '{}'.
src/components/permissions/PermissionExplanation.tsx(198,35): error TS2339: Property 'riskLevel' does not exist on type '{}'.
src/components/permissions/PermissionExplanation.tsx(199,24): error TS2339: Property 'riskLevel' does not exist on type '{}'.
src/components/permissions/PermissionExplanation.tsx(214,29): error TS2339: Property 'risk' does not exist on type '{}'.
src/components/permissions/PermissionExplanation.tsx(215,30): error TS2339: Property 'risk' does not exist on type '{}'.
src/components/permissions/PermissionExplanation.tsx(216,25): error TS2339: Property 'risk' does not exist on type '{}'.
src/components/permissions/PermissionRequest.tsx(37,139): error TS2307: Cannot find module '../../tools/ReviewArtifactTool/ReviewArtifactTool.js' or its corresponding type declarations.
src/components/permissions/PermissionRequest.tsx(38,168): error TS2307: Cannot find module './ReviewArtifactPermissionRequest/ReviewArtifactPermissionRequest.js' or its corresponding type declarations.
src/components/permissions/PermissionRequest.tsx(39,122): error TS2307: Cannot find module '../../tools/WorkflowTool/WorkflowTool.js' or its corresponding type declarations.
src/components/permissions/PermissionRequest.tsx(40,148): error TS2307: Cannot find module '../../tools/WorkflowTool/WorkflowPermissionRequest.js' or its corresponding type declarations.
src/components/permissions/rules/AddWorkspaceDirectory.tsx(210,18): error TS2345: Argument of type 'string' is not assignable to parameter of type 'SetStateAction<null>'.
src/components/permissions/rules/PermissionRuleList.tsx(30,29): error TS2307: Cannot find module '../../ui/option.js' or its corresponding type declarations.
src/components/permissions/rules/PermissionRuleList.tsx(618,22): error TS2345: Argument of type '{ label: string; value: string; }' is not assignable to parameter of type 'never'.
src/components/permissions/rules/PermissionRuleList.tsx(641,24): error TS2345: Argument of type '{ label: string; value: unknown; }' is not assignable to parameter of type 'never'.
src/components/permissions/rules/PermissionRuleList.tsx(754,9): error TS2353: Object literal may only specify known properties, and 'ruleValue' does not exist in type '(prevState: null) => null'.
src/components/permissions/rules/PermissionRuleList.tsx(843,72): error TS2538: Type 'unknown' cannot be used as an index type.
src/components/permissions/rules/PermissionRuleList.tsx(893,40): error TS2339: Property 'ruleBehavior' does not exist on type 'never'.
src/components/permissions/rules/PermissionRuleList.tsx(918,64): error TS2339: Property 'ruleBehavior' does not exist on type 'never'.
src/components/permissions/rules/PermissionRuleList.tsx(918,137): error TS2339: Property 'ruleValue' does not exist on type 'never'.
src/components/permissions/rules/PermissionRuleList.tsx(962,33): error TS2339: Property 'ruleValue' does not exist on type 'never'.
src/components/permissions/rules/PermissionRuleList.tsx(963,28): error TS2339: Property 'ruleValue' does not exist on type 'never'.
src/components/permissions/rules/PermissionRuleList.tsx(964,29): error TS2339: Property 'ruleValue' does not exist on type 'never'.
src/components/permissions/rules/PermissionRuleList.tsx(983,102): error TS2339: Property 'ruleBehavior' does not exist on type 'never'.
src/components/permissions/rules/PermissionRuleList.tsx(984,144): error TS2339: Property 'ruleBehavior' does not exist on type 'never'.
src/components/permissions/rules/PermissionRuleList.tsx(988,29): error TS2339: Property 'ruleBehavior' does not exist on type 'never'.
src/components/permissions/rules/PermissionRuleList.tsx(1005,77): error TS2345: Argument of type '{ type: "addDirectories"; directories: any[]; destination: string; }' is not assignable to parameter of type 'PermissionUpdate'.
  Type '{ type: "addDirectories"; directories: any[]; destination: string; }' is not assignable to type '{ type: "addDirectories"; destination: PermissionUpdateDestination; directories: string[]; }'.
    Types of property 'destination' are incompatible.
      Type 'string' is not assignable to type 'PermissionUpdateDestination'.
src/components/permissions/rules/PermissionRuleList.tsx(1011,35): error TS2345: Argument of type '{ type: "addDirectories"; directories: any[]; destination: string; }' is not assignable to parameter of type 'PermissionUpdate'.
  Type '{ type: "addDirectories"; directories: any[]; destination: string; }' is not assignable to type '{ type: "addDirectories"; destination: PermissionUpdateDestination; directories: string[]; }'.
    Types of property 'destination' are incompatible.
      Type 'string' is not assignable to type 'PermissionUpdateDestination'.
src/components/permissions/SedEditPermissionRequest/SedEditPermissionRequest.tsx(103,5): error TS2339: Property 'oldContent' does not exist on type 'unknown'.
src/components/permissions/SedEditPermissionRequest/SedEditPermissionRequest.tsx(104,5): error TS2339: Property 'fileExists' does not exist on type 'unknown'.
src/components/PromptInput/PromptInput.tsx(457,76): error TS18046: 't' is of type 'unknown'.
src/components/PromptInput/PromptInput.tsx(470,75): error TS18046: 't' is of type 'unknown'.
src/components/PromptInput/PromptInput.tsx(583,45): error TS18046: 't' is of type 'unknown'.
src/components/PromptInput/PromptInput.tsx(584,19): error TS2339: Property 'color' does not exist on type '{}'.
src/components/PromptInput/PromptInput.tsx(585,62): error TS2339: Property 'color' does not exist on type '{}'.
src/components/PromptInput/PromptInputFooterLeftSide.tsx(88,29): error TS2345: Argument of type 'number' is not assignable to parameter of type 'SetStateAction<null>'.
src/components/PromptInput/PromptInputFooterLeftSide.tsx(316,151): error TS18046: 't_0' is of type 'unknown'.
src/components/PromptInput/PromptInputFooterLeftSide.tsx(341,108): error TS18046: 't_1' is of type 'unknown'.
src/components/PromptInput/PromptInputFooterLeftSide.tsx(368,62): error TS2304: Cannot find name 'TungstenPill'.
src/components/PromptInput/PromptInputFooterLeftSide.tsx(371,69): error TS18046: 't_2' is of type 'unknown'.
src/components/PromptInput/PromptInputFooterLeftSide.tsx(371,107): error TS18046: 't_2' is of type 'unknown'.
src/components/PromptInput/PromptInputFooterLeftSide.tsx(372,65): error TS18046: 't_3' is of type 'unknown'.
src/components/PromptInput/PromptInputFooterLeftSide.tsx(372,95): error TS18046: 't_3' is of type 'unknown'.
src/components/PromptInput/SandboxPromptFooterHint.tsx(30,11): error TS2322: Type 'Timeout' is not assignable to type 'null'.
src/components/RemoteEnvironmentDialog.tsx(56,34): error TS2345: Argument of type 'EnvironmentResource | null' is not assignable to parameter of type 'SetStateAction<null>'.
  Type 'EnvironmentResource' is not assignable to type 'SetStateAction<null>'.
    Type 'EnvironmentResource' provides no match for the signature '(prevState: null): null'.
src/components/RemoteEnvironmentDialog.tsx(57,40): error TS2345: Argument of type '"userSettings" | "projectSettings" | "localSettings" | "flagSettings" | "policySettings" | null' is not assignable to parameter of type 'SetStateAction<null>'.
  Type '"userSettings"' is not assignable to type 'SetStateAction<null>'.
src/components/RemoteEnvironmentDialog.tsx(58,27): error TS2345: Argument of type 'null' is not assignable to parameter of type 'SetStateAction<string>'.
src/components/RemoteEnvironmentDialog.tsx(66,20): error TS2345: Argument of type 'string' is not assignable to parameter of type 'SetStateAction<null>'.
src/components/RemoteEnvironmentDialog.tsx(67,27): error TS2345: Argument of type 'null' is not assignable to parameter of type 'SetStateAction<string>'.
src/components/SessionPreview.tsx(34,31): error TS2345: Argument of type 'Dispatch<SetStateAction<null>>' is not assignable to parameter of type '(value: LogOption) => void | PromiseLike<void>'.
  Types of parameters 'value' and 'value' are incompatible.
    Type 'LogOption' is not assignable to type 'SetStateAction<null>'.
      Type 'LogOption' provides no match for the signature '(prevState: null): null'.
src/components/Settings/CodexUsage.tsx(193,12): error TS2741: Property 'kind' is missing in type '{ key: string; label: string; value: string; }' but required in type '{ kind: "text"; label: string; value: string; }'.
src/components/Settings/MiniMaxUsage.tsx(231,12): error TS2741: Property 'kind' is missing in type '{ key: string; label: string; value: string; }' but required in type '{ kind: "text"; label: string; value: string; }'.
src/components/skills/SkillsMenu.tsx(85,7): error TS18046: 'group' is of type 'unknown'.
src/components/StartupScreen.palettes.test.ts(27,40): error TS2769: No overload matches this call.
  Overload 1 of 2, '(expected: ("forest" | "ocean" | "sunset" | "monochrome")[]): void', gave the following error.
    Argument of type 'string[]' is not assignable to parameter of type '("forest" | "ocean" | "sunset" | "monochrome")[]'.
      Type 'string' is not assignable to type '"forest" | "ocean" | "sunset" | "monochrome"'.
  Overload 2 of 2, '(expected: NoInfer<("forest" | "ocean" | "sunset" | "monochrome")[]>): void', gave the following error.
    Argument of type 'string[]' is not assignable to parameter of type '("forest" | "ocean" | "sunset" | "monochrome")[]'.
      Type 'string' is not assignable to type '"forest" | "ocean" | "sunset" | "monochrome"'.
src/components/StartupScreen.test.ts(62,41): error TS2339: Property 'model' does not exist on type 'GlobalConfig'.
src/components/Stats.tsx(3,36): error TS2307: Cannot find module 'asciichart' or its corresponding type declarations.
src/components/Stats.tsx(152,40): error TS2345: Argument of type 'string' is not assignable to parameter of type 'StatsDateRange'.
src/components/Stats.tsx(179,46): error TS18046: 'allTimeResult' is of type 'unknown'.
src/components/Stats.tsx(179,81): error TS18046: 'allTimeResult' is of type 'unknown'.
src/components/Stats.tsx(179,135): error TS18046: 'allTimeResult' is of type 'unknown'.
src/components/Stats.tsx(179,170): error TS18046: 'allTimeResult' is of type 'unknown'.
src/components/Stats.tsx(180,24): error TS18046: 'allTimeResult' is of type 'unknown'.
src/components/Stats.tsx(180,59): error TS18046: 'allTimeResult' is of type 'unknown'.
src/components/Stats.tsx(216,39): error TS2345: Argument of type 'string' is not assignable to parameter of type 'StatsDateRange'.
src/components/Stats.tsx(219,40): error TS2345: Argument of type 'string' is not assignable to parameter of type '"Overview" | "Models"'.
src/components/Stats.tsx(231,7): error TS18046: 'allTimeResult' is of type 'unknown'.
src/components/Stats.tsx(233,19): error TS18046: 'allTimeResult' is of type 'unknown'.
src/components/Stats.tsx(234,74): error TS18046: 'allTimeResult' is of type 'unknown'.
src/components/Stats.tsx(235,15): error TS18046: 'allTimeResult' is of type 'unknown'.
src/components/Stats.tsx(242,7): error TS18046: 'allTimeResult' is of type 'unknown'.
src/components/Stats.tsx(264,94): error TS2322: Type 'string' is not assignable to type 'StatsDateRange'.
src/components/StatusLine.tsx(16,45): error TS2307: Cannot find module '../types/statusLine.js' or its corresponding type declarations.
src/components/StatusNotices.tsx(70,7): error TS2345: Argument of type 'Tools' is not assignable to parameter of type 'Tool[]'.
  The type 'Tools' is 'readonly' and cannot be assigned to the mutable type 'Tool[]'.
src/components/TaskListV2.tsx(98,11): error TS18046: 'teammate' is of type 'unknown'.
src/components/TaskListV2.tsx(99,55): error TS18046: 'teammate' is of type 'unknown'.
src/components/TaskListV2.tsx(101,26): error TS18046: 'teammate' is of type 'unknown'.
src/components/tasks/BackgroundTasksDialog.tsx(19,45): error TS2307: Cannot find module 'src/tasks/LocalWorkflowTask/LocalWorkflowTask.js' or its corresponding type declarations.
src/components/tasks/BackgroundTasksDialog.tsx(110,115): error TS2307: Cannot find module './WorkflowDetailDialog.js' or its corresponding type declarations.
src/components/tasks/BackgroundTasksDialog.tsx(111,135): error TS2307: Cannot find module 'src/tasks/LocalWorkflowTask/LocalWorkflowTask.js' or its corresponding type declarations.
src/components/tasks/BackgroundTasksDialog.tsx(119,42): error TS2339: Property 'killMonitorMcp' does not exist on type 'typeof import("D:/OpenClaude/openclaude-cli/src/tasks/MonitorMcpTask/MonitorMcpTask")'.
src/components/tasks/BackgroundTasksDialog.tsx(120,115): error TS2307: Cannot find module './MonitorMcpDetailDialog.js' or its corresponding type declarations.
src/components/tasks/BackgroundTasksDialog.tsx(493,49): error TS2366: Function lacks ending return statement and return type does not include 'undefined'.
src/components/tasks/RemoteSessionDetailDialog.tsx(114,53): error TS2339: Property 'name' does not exist on type 'never'.
src/components/tasks/RemoteSessionDetailDialog.tsx(114,69): error TS2339: Property 'input' does not exist on type 'never'.
src/components/tasks/ShellDetailDialog.tsx(311,5): error TS2339: Property 'content' does not exist on type 'unknown'.
src/components/tasks/ShellDetailDialog.tsx(312,5): error TS2339: Property 'bytesTotal' does not exist on type 'unknown'.
src/components/tasks/ShellDetailDialog.tsx(331,19): error TS2345: Argument of type 'any' is not assignable to parameter of type 'never'.
src/components/TeleportError.tsx(40,25): error TS2345: Argument of type '"needsLogin"' is not assignable to parameter of type 'SetStateAction<null>'.
src/components/TeleportError.tsx(43,27): error TS2345: Argument of type '"needsGitStash"' is not assignable to parameter of type 'SetStateAction<null>'.
src/components/TeleportRepoMismatchDialog.tsx(44,23): error TS2345: Argument of type 'string' is not assignable to parameter of type 'SetStateAction<null>'.
src/components/TextInput.tsx(72,17): error TS18046: 'audioLevels' is of type 'unknown'.
src/components/TextInput.tsx(72,42): error TS18046: 'audioLevels' is of type 'unknown'.
src/components/TextInput.tsx(72,54): error TS18046: 'audioLevels' is of type 'unknown'.
src/components/ThinkingToggle.tsx(101,32): error TS2345: Argument of type 'boolean' is not assignable to parameter of type 'SetStateAction<null>'.
src/components/TokenWarning.tsx(35,5): error TS2339: Property 'subscribe' does not exist on type 'typeof import("D:/OpenClaude/openclaude-cli/src/services/contextCollapse/index")'.
src/components/TokenWarning.tsx(51,10): error TS18046: 'snapshot' is of type 'unknown'.
src/components/ui/TreeSelect.tsx(177,7): error TS2554: Expected 3 arguments, but got 2.
src/constants/prompts.ts(69,73): error TS2307: Cannot find module '../services/compact/cachedMCConfig.js' or its corresponding type declarations.
src/constants/prompts.ts(91,73): error TS2307: Cannot find module '../tools/DiscoverSkillsTool/prompt.js' or its corresponding type declarations.
src/constants/prompts.ts(97,74): error TS2307: Cannot find module '../services/skillSearch/featureCheck.js' or its corresponding type declarations.
src/constants/prompts.ts(133,10): error TS2304: Cannot find name 'getAntModelOverrideConfig'.
src/context/promptOverlayContext.tsx(52,31): error TS2322: Type 'Dispatch<SetStateAction<null>>' is not assignable to type 'Setter<PromptOverlayData>'.
  Types of parameters 'value' and 'd' are incompatible.
    Type 'PromptOverlayData | null' is not assignable to type 'SetStateAction<null>'.
      Type 'PromptOverlayData' is not assignable to type 'SetStateAction<null>'.
        Type 'PromptOverlayData' provides no match for the signature '(prevState: null): null'.
src/context/promptOverlayContext.tsx(52,74): error TS2322: Type 'Dispatch<SetStateAction<null>>' is not assignable to type 'Setter<ReactNode>'.
  Types of parameters 'value' and 'd' are incompatible.
    Type 'ReactNode' is not assignable to type 'SetStateAction<null>'.
      Type 'undefined' is not assignable to type 'SetStateAction<null>'.
src/dialogLaunchers.tsx(37,92): error TS2322: Type '{ agentType: string; scope: AgentMemoryScope; snapshotTimestamp: string; onComplete: (result: "replace" | "merge" | "keep") => void; onCancel: () => void; }' is not assignable to type 'IntrinsicAttributes'.
  Property 'agentType' does not exist on type 'IntrinsicAttributes'.
src/dialogLaunchers.tsx(75,5): error TS2339: Property 'NewInstallWizard' does not exist on type 'typeof import("D:/OpenClaude/openclaude-cli/src/commands/assistant/assistant")'.
src/dialogLaunchers.tsx(76,5): error TS2339: Property 'computeDefaultInstallDir' does not exist on type 'typeof import("D:/OpenClaude/openclaude-cli/src/commands/assistant/assistant")'.
src/entrypoints/agentSdkTypes.ts(24,31): error TS2307: Cannot find module './sdk/settingsTypes.generated.js' or its corresponding type declarations.
src/entrypoints/cli.tsx(22,5): error TS2578: Unused '@ts-expect-error' directive.
src/entrypoints/cli.tsx(252,22): error TS2307: Cannot find module '../daemon/workerRegistry.js' or its corresponding type declarations.
src/entrypoints/cli.tsx(326,22): error TS2307: Cannot find module '../daemon/main.js' or its corresponding type declarations.
src/entrypoints/cli.tsx(340,29): error TS2307: Cannot find module '../cli/bg.js' or its corresponding type declarations.
src/entrypoints/cli.tsx(365,22): error TS2307: Cannot find module '../cli/handlers/templateJobs.js' or its corresponding type declarations.
src/entrypoints/cli.tsx(379,22): error TS2307: Cannot find module '../environment-runner/main.js' or its corresponding type declarations.
src/entrypoints/cli.tsx(391,22): error TS2307: Cannot find module '../self-hosted-runner/main.js' or its corresponding type declarations.
src/entrypoints/mcp.ts(102,38): error TS2345: Argument of type 'Tools' is not assignable to parameter of type 'Tool[]'.
  The type 'Tools' is 'readonly' and cannot be assigned to the mutable type 'Tool[]'.
src/entrypoints/mcp.ts(141,38): error TS2345: Argument of type 'Tools' is not assignable to parameter of type 'Tool[]'.
  The type 'Tools' is 'readonly' and cannot be assigned to the mutable type 'Tool[]'.
src/entrypoints/sdk/coreTypes.ts(22,39): error TS2307: Cannot find module './sdkUtilityTypes.js' or its corresponding type declarations.
src/grpc/server.ts(130,49): error TS2353: Object literal may only specify known properties, and 'reason' does not exist in type 'PermissionDenyDecision | PromiseLike<PermissionDecision<Record<string, unknown>>>'.
src/grpc/server.ts(151,63): error TS18046: 'msg.event.delta' is of type 'unknown'.
src/grpc/server.ts(154,27): error TS18046: 'msg.event.delta' is of type 'unknown'.
src/grpc/server.ts(157,29): error TS18046: 'msg.event.delta' is of type 'unknown'.
src/grpc/server.ts(164,23): error TS18046: 'block' is of type 'unknown'.
src/grpc/server.ts(166,32): error TS18046: 'block' is of type 'unknown'.
src/grpc/server.ts(167,35): error TS18046: 'block' is of type 'unknown'.
src/grpc/server.ts(168,46): error TS18046: 'block' is of type 'unknown'.
src/grpc/server.ts(169,35): error TS18046: 'block' is of type 'unknown'.
src/grpc/server.ts(173,53): error TS18046: 'block' is of type 'unknown'.
src/grpc/server.ts(173,75): error TS18046: 'block' is of type 'unknown'.
src/grpc/server.ts(174,38): error TS18046: 'block' is of type 'unknown'.
src/grpc/server.ts(176,35): error TS18046: 'block' is of type 'unknown'.
src/grpc/server.ts(202,38): error TS2345: Argument of type 'string | undefined' is not assignable to parameter of type 'string'.
  Type 'undefined' is not assignable to type 'string'.
src/hooks/fileSuggestions.ts(15,49): error TS2307: Cannot find module '../types/fileSuggestion.js' or its corresponding type declarations.
src/hooks/notifs/useCanSwitchToExistingSubscription.tsx(14,26): error TS2345: Argument of type '() => Promise<{ key: string; jsx: Element; priority: string; } | null>' is not assignable to parameter of type '() => Result | Promise<Result>'.
  Type 'Promise<{ key: string; jsx: Element; priority: string; } | null>' is not assignable to type 'Result | Promise<Result>'.
    Type 'Promise<{ key: string; jsx: Element; priority: string; } | null>' is not assignable to type 'Promise<Result>'.
      Type '{ key: string; jsx: Element; priority: string; } | null' is not assignable to type 'Result'.
        Type '{ key: string; jsx: JSX.Element; priority: string; }' is not assignable to type 'Result'.
          Type '{ key: string; jsx: JSX.Element; priority: string; }' is not assignable to type 'JSXNotification'.
            Type '{ key: string; jsx: JSX.Element; priority: string; }' is not assignable to type 'BaseNotification'.
              Types of property 'priority' are incompatible.
                Type 'string' is not assignable to type 'Priority'.
src/hooks/notifs/useDeprecationWarningNotification.tsx(21,9): error TS2322: Type 'string' is not assignable to type 'null'.
src/hooks/notifs/useInstallMessages.tsx(4,26): error TS2345: Argument of type '() => Promise<{ key: string; text: any; priority: string; color: string; }[]>' is not assignable to parameter of type '() => Result | Promise<Result>'.
  Type 'Promise<{ key: string; text: any; priority: string; color: string; }[]>' is not assignable to type 'Result | Promise<Result>'.
    Type 'Promise<{ key: string; text: any; priority: string; color: string; }[]>' is not assignable to type 'Promise<Result>'.
      Type '{ key: string; text: any; priority: string; color: string; }[]' is not assignable to type 'Result'.
        Type '{ key: string; text: any; priority: string; color: string; }[]' is not assignable to type 'Notification[]'.
          Type '{ key: string; text: any; priority: string; color: string; }' is not assignable to type 'Notification'.
            Type '{ key: string; text: any; priority: string; color: string; }' is not assignable to type 'TextNotification'.
              Type '{ key: string; text: any; priority: string; color: string; }' is not assignable to type 'BaseNotification'.
                Types of property 'priority' are incompatible.
                  Type 'string' is not assignable to type 'Priority'.
src/hooks/notifs/useLspInitializationNotification.tsx(100,15): error TS2367: This comparison appears to be unintentional because the types 'LspServerState' and 'string' have no overlap.
src/hooks/notifs/useModelMigrationNotifications.tsx(44,19): error TS2345: Argument of type 'Notification' is not assignable to parameter of type 'never'.
  Type 'TextNotification' is not assignable to type 'never'.
src/hooks/notifs/useNpmDeprecationNotification.tsx(7,26): error TS2345: Argument of type '() => Promise<{ timeoutMs: number; key: string; text: string; color: string; priority: string; } | null>' is not assignable to parameter of type '() => Result | Promise<Result>'.
  Type 'Promise<{ timeoutMs: number; key: string; text: string; color: string; priority: string; } | null>' is not assignable to type 'Result | Promise<Result>'.
    Type 'Promise<{ timeoutMs: number; key: string; text: string; color: string; priority: string; } | null>' is not assignable to type 'Promise<Result>'.
      Type '{ timeoutMs: number; key: string; text: string; color: string; priority: string; } | null' is not assignable to type 'Result'.
        Type '{ timeoutMs: number; key: string; text: string; color: string; priority: string; }' is not assignable to type 'Result'.
          Type '{ timeoutMs: number; key: string; text: string; color: string; priority: string; }' is not assignable to type 'TextNotification'.
            Type '{ timeoutMs: number; key: string; text: string; color: string; priority: string; }' is not assignable to type 'BaseNotification'.
              Types of property 'priority' are incompatible.
                Type 'string' is not assignable to type 'Priority'.
src/hooks/useApiKeyVerification.test.tsx(97,3): error TS2578: Unused '@ts-expect-error' directive.
src/hooks/useApiKeyVerification.test.tsx(99,5): error TS2307: Cannot find module './useApiKeyVerification.ts?switch-to-third-party' or its corresponding type declarations.
src/hooks/useAssistantHistory.ts(53,33): error TS2345: Argument of type 'Message' is not assignable to parameter of type 'SDKMessage'.
  Type 'Message' is not assignable to type '{ type: "assistant"; message: Record<string, unknown> & { role: "assistant"; content: unknown[]; }; parent_tool_use_id: string | null; error?: "unknown" | "authentication_failed" | "billing_error" | ... 4 more ... | undefined; uuid: string; session_id: string; } | ... 22 more ... | { ...; }'.
    Type 'Message' is not assignable to type '{ type: "tool_progress"; tool_use_id: string; tool_name: string; parent_tool_use_id: string | null; elapsed_time_seconds: number; task_id?: string | undefined; uuid: string; session_id: string; }'.
      Types of property 'type' are incompatible.
        Type 'string | undefined' is not assignable to type '"tool_progress"'.
          Type 'undefined' is not assignable to type '"tool_progress"'.
src/hooks/useCanUseTool.tsx(136,23): error TS18046: 'raceResult' is of type 'unknown'.
src/hooks/useCanUseTool.tsx(136,55): error TS18046: 'raceResult' is of type 'unknown'.
src/hooks/useCanUseTool.tsx(136,84): error TS18046: 'raceResult' is of type 'unknown'.
src/hooks/useCanUseTool.tsx(140,41): error TS18046: 'raceResult' is of type 'unknown'.
src/hooks/useCanUseTool.tsx(154,61): error TS18046: 'raceResult' is of type 'unknown'.
src/hooks/useChromeExtensionNotification.tsx(17,26): error TS2345: Argument of type '() => Promise<{ key: string; jsx: Element; priority: string; timeoutMs: number; text?: undefined; } | { key: string; text: string; priority: string; jsx?: undefined; timeoutMs?: undefined; } | null>' is not assignable to parameter of type '() => Result | Promise<Result>'.
  Type 'Promise<{ key: string; jsx: Element; priority: string; timeoutMs: number; text?: undefined; } | { key: string; text: string; priority: string; jsx?: undefined; timeoutMs?: undefined; } | null>' is not assignable to type 'Result | Promise<Result>'.
    Type 'Promise<{ key: string; jsx: Element; priority: string; timeoutMs: number; text?: undefined; } | { key: string; text: string; priority: string; jsx?: undefined; timeoutMs?: undefined; } | null>' is not assignable to type 'Promise<Result>'.
      Type '{ key: string; jsx: Element; priority: string; timeoutMs: number; text?: undefined; } | { key: string; text: string; priority: string; jsx?: undefined; timeoutMs?: undefined; } | null' is not assignable to type 'Result'.
        Type '{ key: string; jsx: JSX.Element; priority: string; timeoutMs: number; text?: undefined; }' is not assignable to type 'Result'.
          Type '{ key: string; jsx: JSX.Element; priority: string; timeoutMs: number; text?: undefined; }' is not assignable to type 'JSXNotification'.
            Type '{ key: string; jsx: JSX.Element; priority: string; timeoutMs: number; text?: undefined; }' is not assignable to type 'BaseNotification'.
              Types of property 'priority' are incompatible.
                Type 'string' is not assignable to type 'Priority'.
src/hooks/useLspPluginRecommendation.tsx(72,27): error TS2345: Argument of type 'any' is not assignable to parameter of type 'never'.
src/hooks/useMainLoopModel.ts(26,39): error TS2554: Expected 0 arguments, but got 1.
src/hooks/useOfficialMarketplaceNotification.tsx(20,17): error TS2345: Argument of type '{ key: string; jsx: JSX.Element; priority: string; timeoutMs: number; }' is not assignable to parameter of type 'never'.
src/hooks/useOfficialMarketplaceNotification.tsx(29,17): error TS2345: Argument of type '{ key: string; jsx: JSX.Element; priority: string; timeoutMs: number; }' is not assignable to parameter of type 'never'.
src/hooks/useOfficialMarketplaceNotification.tsx(38,19): error TS2345: Argument of type '{ key: string; jsx: JSX.Element; priority: string; timeoutMs: number; }' is not assignable to parameter of type 'never'.
src/hooks/useRemoteSession.ts(162,54): error TS18046: 'b' is of type 'unknown'.
src/hooks/useRemoteSession.ts(254,19): error TS18046: 'block' is of type 'unknown'.
src/hooks/useRemoteSession.ts(255,32): error TS18046: 'block' is of type 'unknown'.
src/hooks/useReplBridge.tsx(198,79): error TS2307: Cannot find module '../bridge/webhookSanitizer.js' or its corresponding type declarations.
src/hooks/useSkillsChange.ts(59,31): error TS2554: Expected 0 arguments, but got 1.
src/hooks/useSSHSession.ts(24,40): error TS2307: Cannot find module '../ssh/SSHSessionManager.js' or its corresponding type declarations.
src/hooks/useSSHSession.ts(72,21): error TS18046: 'session.createManager' is of type 'unknown'.
src/hooks/useSSHSession.ts(184,24): error TS18046: 'session.getStderrTail' is of type 'unknown'.
src/hooks/useSSHSession.ts(186,26): error TS18046: 'session.proc' is of type 'unknown'.
src/hooks/useSSHSession.ts(196,67): error TS18046: 'session.proc' is of type 'unknown'.
src/hooks/useSSHSession.ts(211,7): error TS18046: 'session.proxy' is of type 'unknown'.
src/hooks/useTeleportResume.tsx(45,18): error TS2345: Argument of type '{ message: string; formattedMessage: string | undefined; isOperationError: boolean; }' is not assignable to parameter of type 'SetStateAction<null>'.
  Type '{ message: string; formattedMessage: string | undefined; isOperationError: boolean; }' provides no match for the signature '(prevState: null): null'.
src/hooks/useTypeahead.tsx(495,9): error TS2367: This comparison appears to be unintentional because the types '"production"' and '"test"' have no overlap.
src/hooks/useVoiceIntegration.tsx(264,72): error TS18046: 'voiceInterimTranscript' is of type 'unknown'.
src/hooks/useVoiceIntegration.tsx(273,63): error TS18046: 'voiceInterimTranscript' is of type 'unknown'.
src/hooks/useVoiceIntegration.tsx(331,9): error TS18046: 'voiceInterimTranscript' is of type 'unknown'.
src/hooks/useVoiceIntegration.tsx(333,74): error TS18046: 'voiceInterimTranscript' is of type 'unknown'.
src/hooks/useVoiceIntegration.tsx(335,25): error TS18046: 'voiceInterimTranscript' is of type 'unknown'.
src/ink/components/Box.tsx(186,10): error TS2339: Property 'ink-box' does not exist on type 'JSX.IntrinsicElements'.
src/ink/components/Box.tsx(186,320): error TS2339: Property 'ink-box' does not exist on type 'JSX.IntrinsicElements'.
src/ink/components/Button.tsx(102,9): error TS2322: Type 'Timeout' is not assignable to type 'null'.
src/ink/components/Link.tsx(22,18): error TS2339: Property 'ink-link' does not exist on type 'JSX.IntrinsicElements'.
src/ink/components/Link.tsx(22,48): error TS2339: Property 'ink-link' does not exist on type 'JSX.IntrinsicElements'.
src/ink/components/Newline.tsx(31,10): error TS2339: Property 'ink-text' does not exist on type 'JSX.IntrinsicElements'.
src/ink/components/Newline.tsx(31,24): error TS2339: Property 'ink-text' does not exist on type 'JSX.IntrinsicElements'.
src/ink/components/RawAnsi.tsx(47,10): error TS2339: Property 'ink-raw-ansi' does not exist on type 'JSX.IntrinsicElements'.
src/ink/components/ScrollBox.tsx(217,10): error TS2339: Property 'ink-box' does not exist on type 'JSX.IntrinsicElements'.
src/ink/components/ScrollBox.tsx(234,5): error TS2339: Property 'ink-box' does not exist on type 'JSX.IntrinsicElements'.
src/ink/components/Text.tsx(244,11): error TS2339: Property 'ink-text' does not exist on type 'JSX.IntrinsicElements'.
src/ink/components/Text.tsx(244,67): error TS2339: Property 'ink-text' does not exist on type 'JSX.IntrinsicElements'.
src/ink/events/event-handlers.ts(4,33): error TS2307: Cannot find module './paste-event.js' or its corresponding type declarations.
src/ink/events/event-handlers.ts(5,34): error TS2307: Cannot find module './resize-event.js' or its corresponding type declarations.
src/ink/frame.ts(1,29): error TS2307: Cannot find module './cursor.js' or its corresponding type declarations.
src/ink/ink.tsx(273,5): error TS2578: Unused '@ts-expect-error' directive.
src/ink/ink.tsx(296,9): error TS2367: This comparison appears to be unintentional because the types '"production"' and '"development"' have no overlap.
src/ink/ink.tsx(820,5): error TS2578: Unused '@ts-expect-error' directive.
src/ink/ink.tsx(1479,5): error TS2578: Unused '@ts-expect-error' directive.
src/ink/ink.tsx(1481,5): error TS2578: Unused '@ts-expect-error' directive.
src/ink/ink.tsx(1547,5): error TS2578: Unused '@ts-expect-error' directive.
src/ink/ink.tsx(1549,5): error TS2578: Unused '@ts-expect-error' directive.
src/ink/ink.tsx(1645,60): error TS2345: Argument of type '((err?: Error | undefined) => void) | undefined' is not assignable to parameter of type '((err?: Error | null | undefined) => void) | undefined'.
  Type '(err?: Error | undefined) => void' is not assignable to type '(err?: Error | null | undefined) => void'.
    Types of parameters 'err' and 'err' are incompatible.
      Type 'Error | null | undefined' is not assignable to type 'Error | undefined'.
        Type 'null' is not assignable to type 'Error | undefined'.
src/ink/log-update.test.ts(46,31): error TS2345: Argument of type '{ char: string; styleId: number; width: CellWidth.Narrow; }' is not assignable to parameter of type 'Cell'.
  Property 'hyperlink' is missing in type '{ char: string; styleId: number; width: CellWidth.Narrow; }' but required in type 'Cell'.
src/ink/render-node-to-output.ts(395,5): error TS2367: This comparison appears to be unintentional because the types '"ink-root" | "ink-box" | "ink-text" | "ink-virtual-text" | "ink-link" | "ink-progress" | "ink-raw-ansi"' and '"#text"' have no overlap.
src/ink/render-to-screen.ts(69,5): error TS2578: Unused '@ts-expect-error' directive.
src/ink/render-to-screen.ts(85,3): error TS2578: Unused '@ts-expect-error' directive.
src/ink/render-to-screen.ts(87,3): error TS2578: Unused '@ts-expect-error' directive.
src/ink/render-to-screen.ts(120,3): error TS2578: Unused '@ts-expect-error' directive.
src/ink/render-to-screen.ts(122,3): error TS2578: Unused '@ts-expect-error' directive.
src/ink/termio/osc.test.ts(42,56): error TS2493: Tuple type '[]' of length '0' has no element at index '0'.
src/ink/termio/osc.test.ts(80,50): error TS2493: Tuple type '[]' of length '0' has no element at index '0'.
src/ink/termio/osc.test.ts(94,26): error TS2493: Tuple type '[]' of length '0' has no element at index '2'.
src/ink/termio/osc.test.ts(97,26): error TS2493: Tuple type '[]' of length '0' has no element at index '2'.
src/ink/termio/osc.test.ts(98,26): error TS2493: Tuple type '[]' of length '0' has no element at index '2'.
src/ink/termio/osc.test.ts(103,26): error TS2493: Tuple type '[]' of length '0' has no element at index '1'.
src/ink/termio/osc.test.ts(104,7): error TS2769: No overload matches this call.
  Overload 1 of 2, '(expected: undefined): void', gave the following error.
    Argument of type 'string' is not assignable to parameter of type 'undefined'.
  Overload 2 of 2, '(expected: undefined): void', gave the following error.
    Argument of type 'string' is not assignable to parameter of type 'undefined'.
src/ink/termio/osc.test.ts(151,50): error TS2493: Tuple type '[]' of length '0' has no element at index '0'.
src/ink/termio/osc.test.ts(162,50): error TS2493: Tuple type '[]' of length '0' has no element at index '0'.
src/integrations/discoveryService.ts(104,3): error TS2322: Type '(readonly [string, string])[]' is not assignable to type '[string, string][]'.
  The type 'readonly [string, string]' is 'readonly' and cannot be assigned to the mutable type '[string, string]'.
src/integrations/gateways/opencode.test.ts(410,14): error TS18048: 'entry.label' is possibly 'undefined'.
src/integrations/gateways/opencode.test.ts(417,14): error TS18048: 'entry.label' is possibly 'undefined'.
src/interactiveHelpers.tsx(107,7): error TS2367: This comparison appears to be unintentional because the types '"production"' and '"test"' have no overlap.
src/query.ts(1905,27): error TS2448: Block-scoped variable 'toolUseContextWithQueryTracking' used before its declaration.
src/query.ts(1905,27): error TS2454: Variable 'toolUseContextWithQueryTracking' is used before being assigned.
src/query.ts(2112,45): error TS2345: Argument of type 'unknown' is not assignable to parameter of type 'Attachment'.
src/query/chaos.test.ts(9,8): error TS6059: File 'D:/OpenClaude/test/fixtures/failures/apiErrors.ts' is not under 'rootDir' 'D:/OpenClaude/openclaude-cli/src'. 'rootDir' is expected to contain all source files.
src/query/chaos.test.ts(52,21): error TS2322: Type '{ type: string; id: string; name: string; input: Record<string, unknown>; caller: "user" | "assistant"; }' is not assignable to type 'ToolUseBlock'.
  Types of property 'caller' are incompatible.
    Type 'string' is not assignable to type 'DirectCaller | ServerToolCaller | ServerToolCaller20260120'.
      Type 'string' is not assignable to type 'DirectCaller | ServerToolCaller | ServerToolCaller20260120'.
src/query/chaos.test.ts(61,21): error TS2322: Type '{ type: string; id: string; name: string; input: Record<string, unknown>; caller: "user" | "assistant"; }' is not assignable to type 'ToolUseBlock'.
  Types of property 'caller' are incompatible.
    Type 'string' is not assignable to type 'DirectCaller | ServerToolCaller | ServerToolCaller20260120'.
      Type 'string' is not assignable to type 'DirectCaller | ServerToolCaller | ServerToolCaller20260120'.
src/query/chaos.test.ts(70,21): error TS2322: Type '{ type: string; id: string; name: string; input: Record<string, unknown>; caller: "user" | "assistant"; }' is not assignable to type 'ToolUseBlock'.
  Types of property 'caller' are incompatible.
    Type 'string' is not assignable to type 'DirectCaller | ServerToolCaller | ServerToolCaller20260120'.
      Type 'string' is not assignable to type 'DirectCaller | ServerToolCaller | ServerToolCaller20260120'.
src/query/chaos.test.ts(86,21): error TS2322: Type '{ type: string; id: string; name: string; input: Record<string, unknown>; caller: "user" | "assistant"; }' is not assignable to type 'ToolUseBlock'.
  Types of property 'caller' are incompatible.
    Type 'string' is not assignable to type 'DirectCaller | ServerToolCaller | ServerToolCaller20260120'.
      Type 'string' is not assignable to type 'DirectCaller | ServerToolCaller | ServerToolCaller20260120'.
src/query/chaos.test.ts(97,21): error TS2322: Type '{ type: string; id: string; name: string; input: Record<string, unknown>; caller: "user" | "assistant"; }' is not assignable to type 'ToolUseBlock'.
  Types of property 'caller' are incompatible.
    Type 'string' is not assignable to type 'DirectCaller | ServerToolCaller | ServerToolCaller20260120'.
      Type 'string' is not assignable to type 'DirectCaller | ServerToolCaller | ServerToolCaller20260120'.
src/query/chaos.test.ts(108,21): error TS2322: Type '{ type: string; id: string; name: string; input: Record<string, unknown>; caller: "user" | "assistant"; }' is not assignable to type 'ToolUseBlock'.
  Types of property 'caller' are incompatible.
    Type 'string' is not assignable to type 'DirectCaller | ServerToolCaller | ServerToolCaller20260120'.
      Type 'string' is not assignable to type 'DirectCaller | ServerToolCaller | ServerToolCaller20260120'.
src/query/chaos.test.ts(119,21): error TS2322: Type '{ type: string; id: string; name: string; input: Record<string, unknown>; caller: "user" | "assistant"; }' is not assignable to type 'ToolUseBlock'.
  Types of property 'caller' are incompatible.
    Type 'string' is not assignable to type 'DirectCaller | ServerToolCaller | ServerToolCaller20260120'.
      Type 'string' is not assignable to type 'DirectCaller | ServerToolCaller | ServerToolCaller20260120'.
src/query/chaos.test.ts(135,21): error TS2322: Type '{ type: string; id: string; name: string; input: Record<string, unknown>; caller: "user" | "assistant"; }' is not assignable to type 'ToolUseBlock'.
  Types of property 'caller' are incompatible.
    Type 'string' is not assignable to type 'DirectCaller | ServerToolCaller | ServerToolCaller20260120'.
      Type 'string' is not assignable to type 'DirectCaller | ServerToolCaller | ServerToolCaller20260120'.
src/query/chaos.test.ts(146,21): error TS2322: Type '{ type: string; id: string; name: string; input: Record<string, unknown>; caller: "user" | "assistant"; }' is not assignable to type 'ToolUseBlock'.
  Types of property 'caller' are incompatible.
    Type 'string' is not assignable to type 'DirectCaller | ServerToolCaller | ServerToolCaller20260120'.
      Type 'string' is not assignable to type 'DirectCaller | ServerToolCaller | ServerToolCaller20260120'.
src/query/chaos.test.ts(157,21): error TS2322: Type '{ type: string; id: string; name: string; input: Record<string, unknown>; caller: "user" | "assistant"; }' is not assignable to type 'ToolUseBlock'.
  Types of property 'caller' are incompatible.
    Type 'string' is not assignable to type 'DirectCaller | ServerToolCaller | ServerToolCaller20260120'.
      Type 'string' is not assignable to type 'DirectCaller | ServerToolCaller | ServerToolCaller20260120'.
src/query/chaos.test.ts(168,21): error TS2322: Type '{ type: string; id: string; name: string; input: Record<string, unknown>; caller: "user" | "assistant"; }' is not assignable to type 'ToolUseBlock'.
  Types of property 'caller' are incompatible.
    Type 'string' is not assignable to type 'DirectCaller | ServerToolCaller | ServerToolCaller20260120'.
      Type 'string' is not assignable to type 'DirectCaller | ServerToolCaller | ServerToolCaller20260120'.
src/query/chaos.test.ts(179,21): error TS2322: Type '{ type: string; id: string; name: string; input: Record<string, unknown>; caller: "user" | "assistant"; }' is not assignable to type 'ToolUseBlock'.
  Types of property 'caller' are incompatible.
    Type 'string' is not assignable to type 'DirectCaller | ServerToolCaller | ServerToolCaller20260120'.
      Type 'string' is not assignable to type 'DirectCaller | ServerToolCaller | ServerToolCaller20260120'.
src/query/stopHooks.ts(262,29): error TS2345: Argument of type 'any' is not assignable to parameter of type 'never'.
src/QueryEngine.ts(300,76): error TS2349: This expression is not callable.
  Type '{}' has no call signatures.
src/QueryEngine.ts(1092,42): error TS2339: Property 'type' does not exist on type '{}'.
src/QueryEngine.ts(1152,22): error TS2339: Property 'type' does not exist on type '{}'.
src/QueryEngine.ts(1153,45): error TS2339: Property 'text' does not exist on type '{}'.
src/QueryEngine.ts(1155,34): error TS2339: Property 'text' does not exist on type '{}'.
src/QueryEngine.ts(1243,5): error TS2322: Type 'unknown[]' is not assignable to type 'AgentDefinition[]'.
  Type 'unknown' is not assignable to type 'AgentDefinition'.
src/QueryEngine.ts(1397,34): error TS2345: Argument of type '{ snipReplay?: ((yielded: Message, store: Message[]) => { messages: any[]; tokensFreed: number; boundaryMessage: undefined; } | undefined) | undefined; cwd: string; tools: Tools; ... 23 more ...; orphanedPermission: OrphanedPermission | undefined; }' is not assignable to parameter of type 'QueryEngineConfig'.
  Types of property 'snipReplay' are incompatible.
    Type '((yielded: any, store: any[]) => { messages: any[]; tokensFreed: number; boundaryMessage: undefined; } | undefined) | undefined' is not assignable to type '((yieldedSystemMsg: any, store: any[]) => { messages: any[]; executed: boolean; } | undefined) | undefined'.
      Type '(yielded: Message, store: Message[]) => { messages: any[]; tokensFreed: number; boundaryMessage: undefined; } | undefined' is not assignable to type '(yieldedSystemMsg: any, store: any[]) => { messages: any[]; executed: boolean; } | undefined'.
        Type '{ messages: any[]; tokensFreed: number; boundaryMessage: undefined; } | undefined' is not assignable to type '{ messages: any[]; executed: boolean; } | undefined'.
          Property 'executed' is missing in type '{ messages: any[]; tokensFreed: number; boundaryMessage: undefined; }' but required in type '{ messages: any[]; executed: boolean; }'.
src/QueryEngine.ts(1429,59): error TS2554: Expected 1 arguments, but got 2.
src/remote/SessionsWebSocket.ts(219,143): error TS2339: Property 'type' does not exist on type 'never'.
src/screens/REPL.tsx(2138,7): error TS2322: Type 'boolean | undefined' is not assignable to type 'boolean'.
  Type 'undefined' is not assignable to type 'boolean'.
src/screens/REPL.tsx(2745,29): error TS2339: Property 'type' does not exist on type 'never'.
src/screens/REPL.tsx(2745,87): error TS2339: Property 'data' does not exist on type 'never'.
src/screens/REPL.tsx(2758,80): error TS2339: Property 'parentToolUseID' does not exist on type 'never'.
src/screens/REPL.tsx(2758,129): error TS2339: Property 'data' does not exist on type 'never'.
src/screens/REPL.tsx(4754,47): error TS2604: JSX element type 'TungstenLiveMonitor' does not have any construct or call signatures.
src/screens/REPL.tsx(4754,47): error TS2786: 'TungstenLiveMonitor' cannot be used as a JSX component.
  Its type 'null' is not a valid JSX element type.
src/screens/REPL.tsx(5021,107): error TS2304: Cannot find name 'UltraplanChoiceDialog'.
src/screens/REPL.tsx(5023,107): error TS2552: Cannot find name 'UltraplanLaunchDialog'. Did you mean 'ultraplanLaunchPending'?
src/screens/REPL.tsx(5053,18): error TS2304: Cannot find name 'launchUltraplan'.
src/screens/REPL.tsx(5105,185): error TS2349: This expression is not callable.
  Type '{}' has no call signatures.
src/services/api/claude.ts(981,23): error TS2345: Argument of type 'BetaTextBlockParam | BetaImageBlockParam | BetaRequestDocumentBlock | BetaSearchResultBlockParam | BetaToolReferenceBlockParam' is not assignable to parameter of type 'BetaContentBlockParam'.
  Type 'BetaToolReferenceBlockParam' is not assignable to type 'BetaContentBlockParam'.
    Property 'content' is missing in type 'BetaToolReferenceBlockParam' but required in type 'BetaCompactionBlockParam'.
src/services/api/claude.ts(1004,39): error TS2345: Argument of type 'BetaTextBlockParam | BetaImageBlockParam | BetaRequestDocumentBlock | BetaSearchResultBlockParam | BetaToolReferenceBlockParam' is not assignable to parameter of type 'BetaContentBlockParam'.
  Type 'BetaToolReferenceBlockParam' is not assignable to type 'BetaContentBlockParam'.
    Property 'content' is missing in type 'BetaToolReferenceBlockParam' but required in type 'BetaCompactionBlockParam'.
src/services/api/claude.ts(1211,36): error TS2339: Property 'CACHE_EDITING_BETA_HEADER' does not exist on type 'typeof import("D:/OpenClaude/openclaude-cli/src/constants/betas")'.
src/services/api/claude.ts(1217,146): error TS2339: Property 'supportedModels' does not exist on type 'never'.
src/services/api/claude.ts(1291,9): error TS2304: Cannot find name 'getContextWindowForModel'.
src/services/api/claude.ts(1291,34): error TS2304: Cannot find name 'model'.
src/services/api/claude.ts(1291,41): error TS2304: Cannot find name 'getSdkBetas'.
src/services/api/claude.ts(1291,58): error TS2304: Cannot find name 'COMPACT_MAX_OUTPUT_TOKENS'.
src/services/api/claude.ts(1769,9): error TS2322: Type '"low" | "medium" | "high" | "max" | "xhigh" | null | undefined' is not assignable to type 'EffortLevel | null | undefined'.
  Type '"xhigh"' is not assignable to type 'EffortLevel | null | undefined'. Did you mean '"high"'?
src/services/api/claude.ts(2149,34): error TS2339: Property 'signature' does not exist on type 'ConnectorTextBlock'.
src/services/api/client.ts(408,11): error TS2322: Type '{ logger?: Logger | undefined; skipAuth?: true | undefined; awsRegion: string; fetch?: Fetch | undefined; defaultHeaders: { [key: string]: string; }; maxRetries: number; timeout: number; dangerouslyAllowBrowser: boolean; fetchOptions: ClientOptions["fetchOptions"]; }' is not assignable to type 'Omit<ClientOptions, "authToken" | "apiKey"> & { apiKey?: string | undefined; awsSecretKey?: string | null | undefined; awsAccessKey?: string | null | undefined; awsRegion?: string | undefined; awsSessionToken?: string | ... 1 more ... | undefined; skipAuth?: boolean | undefined; providerChainResolver?: (() => Promis...'.
  Property 'awsSecretKey' is missing in type '{ logger?: Logger | undefined; skipAuth?: true | undefined; awsRegion: string; fetch?: Fetch | undefined; defaultHeaders: { [key: string]: string; }; maxRetries: number; timeout: number; dangerouslyAllowBrowser: boolean; fetchOptions: ClientOptions["fetchOptions"]; }' but required in type 'SecretOnly'.
src/services/api/client.ts(429,9): error TS2322: Type 'string' is not assignable to type 'null | undefined'.
src/services/api/codexOAuth.test.ts(209,24): error TS2352: Conversion of type 'Mock<() => Promise<Response>>' to type 'typeof fetch' may be a mistake because neither type sufficiently overlaps with the other. If this was intentional, convert the expression to 'unknown' first.
  Property 'preconnect' is missing in type 'Mock<() => Promise<Response>>' but required in type 'typeof fetch'.
src/services/api/codexOAuth.test.ts(225,7): error TS2322: Type '(callbackPath: string) => FakeAuthCodeListenerInstance' is not assignable to type '(callbackPath: string) => CodexOAuthListener'.
  Call signature return types 'FakeAuthCodeListenerInstance' and 'CodexOAuthListener' are incompatible.
    The types of 'handleSuccessRedirect' are incompatible between these types.
      Type '(scopes: string[], customHandler?: ((res: FakeServerResponse, scopes: string[]) => void) | undefined) => void' is not assignable to type '(scopes: string[], customHandler?: ((res: ServerResponse<IncomingMessage>, scopes: string[]) => void) | undefined) => void'.
        Types of parameters 'customHandler' and 'customHandler' are incompatible.
          Types of parameters 'res' and 'res' are incompatible.
            Type 'FakeServerResponse' is missing the following properties from type 'ServerResponse<IncomingMessage>': statusCode, statusMessage, strictContentLength, assignSocket, and 58 more.
src/services/api/codexOAuth.test.ts(265,24): error TS2352: Conversion of type 'Mock<(_input: any, init: any) => Promise<Response>>' to type 'typeof fetch' may be a mistake because neither type sufficiently overlaps with the other. If this was intentional, convert the expression to 'unknown' first.
  Property 'preconnect' is missing in type 'Mock<(_input: any, init: any) => Promise<Response>>' but required in type 'typeof fetch'.
src/services/api/codexOAuth.test.ts(292,7): error TS2322: Type '(callbackPath: string) => FakeAuthCodeListenerInstance' is not assignable to type '(callbackPath: string) => CodexOAuthListener'.
  Call signature return types 'FakeAuthCodeListenerInstance' and 'CodexOAuthListener' are incompatible.
    The types of 'handleSuccessRedirect' are incompatible between these types.
      Type '(scopes: string[], customHandler?: ((res: FakeServerResponse, scopes: string[]) => void) | undefined) => void' is not assignable to type '(scopes: string[], customHandler?: ((res: ServerResponse<IncomingMessage>, scopes: string[]) => void) | undefined) => void'.
        Types of parameters 'customHandler' and 'customHandler' are incompatible.
          Types of parameters 'res' and 'res' are incompatible.
            Type 'FakeServerResponse' is missing the following properties from type 'ServerResponse<IncomingMessage>': statusCode, statusMessage, strictContentLength, assignSocket, and 58 more.
src/services/api/codexShim.ts(678,7): error TS18048: 'reader' is possibly 'undefined'.
src/services/api/codexShim.ts(683,19): error TS2345: Argument of type 'ReadableStreamDefaultReadResult<Uint8Array<ArrayBuffer>>' is not assignable to parameter of type 'ReadableStreamReadResult<Uint8Array<ArrayBufferLike>> | PromiseLike<ReadableStreamReadResult<Uint8Array<ArrayBufferLike>>>'.
  Type 'ReadableStreamDefaultReadDoneResult' is not assignable to type 'ReadableStreamReadResult<Uint8Array<ArrayBufferLike>> | PromiseLike<ReadableStreamReadResult<Uint8Array<ArrayBufferLike>>>'.
    Type 'ReadableStreamDefaultReadDoneResult' is not assignable to type 'ReadableStreamReadDoneResult<Uint8Array<ArrayBufferLike>> | PromiseLike<ReadableStreamReadResult<Uint8Array<ArrayBufferLike>>>'.
      Type 'ReadableStreamDefaultReadDoneResult' is not assignable to type 'ReadableStreamReadDoneResult<Uint8Array<ArrayBufferLike>>'.
        Property 'value' is optional in type 'ReadableStreamDefaultReadDoneResult' but required in type 'ReadableStreamReadDoneResult<Uint8Array<ArrayBufferLike>>'.
src/services/api/compressToolHistory.test.ts(148,3): error TS2322: Type 'AnyMessage[]' is not assignable to type 'T[]'.
  Type 'AnyMessage' is not assignable to type 'T'.
    'T' could be instantiated with an arbitrary type which could be unrelated to 'AnyMessage'.
src/services/api/compressToolHistory.test.ts(148,30): error TS2345: Argument of type 'T[]' is not assignable to parameter of type 'AnyMessage[]'.
  Type 'T' is not assignable to type 'AnyMessage'.
src/services/api/emptyUsage.ts(1,39): error TS2307: Cannot find module '../../entrypoints/sdk/sdkUtilityTypes.js' or its corresponding type declarations.
src/services/api/errors.ts(820,108): error TS2339: Property 'FEEDBACK_CHANNEL' does not exist on type '{ VERSION: string; DISPLAY_VERSION: string; BUILD_TIME: string; ISSUES_EXPLAINER: string; PACKAGE_URL: string; NATIVE_PACKAGE_URL: string | undefined; }'.
src/services/api/errors.ts(895,63): error TS2339: Property 'FEEDBACK_CHANNEL' does not exist on type '{ VERSION: string; DISPLAY_VERSION: string; BUILD_TIME: string; ISSUES_EXPLAINER: string; PACKAGE_URL: string; NATIVE_PACKAGE_URL: string | undefined; }'.
src/services/api/errors.ts(896,45): error TS2339: Property 'FEEDBACK_CHANNEL' does not exist on type '{ VERSION: string; DISPLAY_VERSION: string; BUILD_TIME: string; ISSUES_EXPLAINER: string; PACKAGE_URL: string; NATIVE_PACKAGE_URL: string | undefined; }'.
src/services/api/fetchWithProxyRetry.test.ts(83,22): error TS2352: Conversion of type '() => Promise<never>' to type 'typeof fetch' may be a mistake because neither type sufficiently overlaps with the other. If this was intentional, convert the expression to 'unknown' first.
  Property 'preconnect' is missing in type '() => Promise<never>' but required in type 'typeof fetch'.
src/services/api/logging.ts(25,39): error TS2307: Cannot find module '../../entrypoints/sdk/sdkUtilityTypes.js' or its corresponding type declarations.
src/services/api/openaiShim.diagnostics.test.ts(51,22): error TS2352: Conversion of type 'Mock<() => Promise<never>>' to type 'typeof fetch' may be a mistake because neither type sufficiently overlaps with the other. If this was intentional, convert the expression to 'unknown' first.
  Property 'preconnect' is missing in type 'Mock<() => Promise<never>>' but required in type 'typeof fetch'.
src/services/api/openaiShim.diagnostics.test.ts(73,19): error TS2493: Tuple type '[]' of length '0' has no element at index '0'.
src/services/api/openaiShim.diagnostics.test.ts(73,43): error TS2493: Tuple type '[]' of length '0' has no element at index '0'.
src/services/api/openaiShim.diagnostics.test.ts(73,46): error TS2339: Property 'includes' does not exist on type 'never'.
src/services/api/openaiShim.diagnostics.test.ts(77,32): error TS2493: Tuple type '[]' of length '0' has no element at index '0'.
src/services/api/openaiShim.diagnostics.test.ts(78,32): error TS2493: Tuple type '[]' of length '0' has no element at index '0'.
src/services/api/openaiShim.diagnostics.test.ts(79,25): error TS2493: Tuple type '[]' of length '0' has no element at index '1'.
src/services/api/openaiShim.diagnostics.test.ts(79,37): error TS2769: No overload matches this call.
  Overload 1 of 2, '(expected: undefined): void', gave the following error.
    Argument of type '{ level: string; }' is not assignable to parameter of type 'undefined'.
  Overload 2 of 2, '(expected: undefined): void', gave the following error.
    Argument of type '{ level: string; }' is not assignable to parameter of type 'undefined'.
src/services/api/openaiShim.diagnostics.test.ts(98,22): error TS2352: Conversion of type 'Mock<() => Promise<never>>' to type 'typeof fetch' may be a mistake because neither type sufficiently overlaps with the other. If this was intentional, convert the expression to 'unknown' first.
  Property 'preconnect' is missing in type 'Mock<() => Promise<never>>' but required in type 'typeof fetch'.
src/services/api/openaiShim.diagnostics.test.ts(120,19): error TS2493: Tuple type '[]' of length '0' has no element at index '0'.
src/services/api/openaiShim.diagnostics.test.ts(120,43): error TS2493: Tuple type '[]' of length '0' has no element at index '0'.
src/services/api/openaiShim.diagnostics.test.ts(120,46): error TS2339: Property 'includes' does not exist on type 'never'.
src/services/api/openaiShim.diagnostics.test.ts(124,41): error TS2493: Tuple type '[]' of length '0' has no element at index '0'.
src/services/api/openaiShim.diagnostics.test.ts(141,22): error TS2352: Conversion of type 'Mock<(input: string | Request) => Promise<Response>>' to type 'typeof fetch' may be a mistake because neither type sufficiently overlaps with the other. If this was intentional, convert the expression to 'unknown' first.
  Property 'preconnect' is missing in type 'Mock<(input: string | Request) => Promise<Response>>' but required in type 'typeof fetch'.
src/services/api/openaiShim.diagnostics.test.ts(195,19): error TS2493: Tuple type '[]' of length '0' has no element at index '0'.
src/services/api/openaiShim.diagnostics.test.ts(196,10): error TS2493: Tuple type '[]' of length '0' has no element at index '0'.
src/services/api/openaiShim.diagnostics.test.ts(196,13): error TS2339: Property 'includes' does not exist on type 'never'.
src/services/api/openaiShim.diagnostics.test.ts(200,40): error TS2493: Tuple type '[]' of length '0' has no element at index '0'.
src/services/api/openaiShim.diagnostics.test.ts(219,22): error TS2352: Conversion of type 'Mock<() => Promise<Response>>' to type 'typeof fetch' may be a mistake because neither type sufficiently overlaps with the other. If this was intentional, convert the expression to 'unknown' first.
  Property 'preconnect' is missing in type 'Mock<() => Promise<Response>>' but required in type 'typeof fetch'.
src/services/api/openaiShim.diagnostics.test.ts(289,19): error TS2493: Tuple type '[]' of length '0' has no element at index '0'.
src/services/api/openaiShim.diagnostics.test.ts(290,10): error TS2493: Tuple type '[]' of length '0' has no element at index '0'.
src/services/api/openaiShim.diagnostics.test.ts(290,13): error TS2339: Property 'includes' does not exist on type 'never'.
src/services/api/openaiShim.diagnostics.test.ts(294,24): error TS2493: Tuple type '[]' of length '0' has no element at index '1'.
src/services/api/openaiShim.diagnostics.test.ts(294,36): error TS2769: No overload matches this call.
  Overload 1 of 2, '(expected: undefined): void', gave the following error.
    Argument of type '{ level: string; }' is not assignable to parameter of type 'undefined'.
  Overload 2 of 2, '(expected: undefined): void', gave the following error.
    Argument of type '{ level: string; }' is not assignable to parameter of type 'undefined'.
src/services/api/openaiShim.test.ts(1903,38): error TS2769: No overload matches this call.
  Overload 1 of 2, '(expected: null): void', gave the following error.
    Argument of type '"Bearer gemini-access-token"' is not assignable to parameter of type 'null'.
  Overload 2 of 2, '(expected: null): void', gave the following error.
    Argument of type '"Bearer gemini-access-token"' is not assignable to parameter of type 'null'.
src/services/api/openaiShim.test.ts(1904,32): error TS2769: No overload matches this call.
  Overload 1 of 2, '(expected: null): void', gave the following error.
    Argument of type '"gemini-project"' is not assignable to parameter of type 'null'.
  Overload 2 of 2, '(expected: null): void', gave the following error.
    Argument of type '"gemini-project"' is not assignable to parameter of type 'null'.
src/services/api/openaiShim.test.ts(1958,38): error TS2769: No overload matches this call.
  Overload 1 of 2, '(expected: null): void', gave the following error.
    Argument of type '"Bearer nvidia-live-key"' is not assignable to parameter of type 'null'.
  Overload 2 of 2, '(expected: null): void', gave the following error.
    Argument of type '"Bearer nvidia-live-key"' is not assignable to parameter of type 'null'.
src/services/api/openaiShim.test.ts(4029,22): error TS2352: Conversion of type '() => Promise<Response>' to type 'typeof fetch' may be a mistake because neither type sufficiently overlaps with the other. If this was intentional, convert the expression to 'unknown' first.
  Property 'preconnect' is missing in type '() => Promise<Response>' but required in type 'typeof fetch'.
src/services/api/openaiShim.test.ts(4161,22): error TS2352: Conversion of type '() => Promise<Response>' to type 'typeof fetch' may be a mistake because neither type sufficiently overlaps with the other. If this was intentional, convert the expression to 'unknown' first.
  Property 'preconnect' is missing in type '() => Promise<Response>' but required in type 'typeof fetch'.
src/services/api/openaiShim.test.ts(4219,22): error TS2352: Conversion of type '() => Promise<Response>' to type 'typeof fetch' may be a mistake because neither type sufficiently overlaps with the other. If this was intentional, convert the expression to 'unknown' first.
  Property 'preconnect' is missing in type '() => Promise<Response>' but required in type 'typeof fetch'.
src/services/api/openaiShim.test.ts(4307,22): error TS2352: Conversion of type '() => Promise<Response>' to type 'typeof fetch' may be a mistake because neither type sufficiently overlaps with the other. If this was intentional, convert the expression to 'unknown' first.
  Property 'preconnect' is missing in type '() => Promise<Response>' but required in type 'typeof fetch'.
src/services/api/openaiShim.test.ts(4371,22): error TS2352: Conversion of type '() => Promise<never>' to type 'typeof fetch' may be a mistake because neither type sufficiently overlaps with the other. If this was intentional, convert the expression to 'unknown' first.
  Property 'preconnect' is missing in type '() => Promise<never>' but required in type 'typeof fetch'.
src/services/api/openaiShim.test.ts(4406,22): error TS2352: Conversion of type '() => Promise<never>' to type 'typeof fetch' may be a mistake because neither type sufficiently overlaps with the other. If this was intentional, convert the expression to 'unknown' first.
  Property 'preconnect' is missing in type '() => Promise<never>' but required in type 'typeof fetch'.
src/services/api/openaiShim.test.ts(4441,22): error TS2352: Conversion of type '() => Promise<never>' to type 'typeof fetch' may be a mistake because neither type sufficiently overlaps with the other. If this was intentional, convert the expression to 'unknown' first.
  Property 'preconnect' is missing in type '() => Promise<never>' but required in type 'typeof fetch'.
src/services/api/openaiShim.test.ts(4473,22): error TS2352: Conversion of type '() => Promise<never>' to type 'typeof fetch' may be a mistake because neither type sufficiently overlaps with the other. If this was intentional, convert the expression to 'unknown' first.
  Property 'preconnect' is missing in type '() => Promise<never>' but required in type 'typeof fetch'.
src/services/api/openaiShim.test.ts(4498,22): error TS2352: Conversion of type '() => Promise<Response>' to type 'typeof fetch' may be a mistake because neither type sufficiently overlaps with the other. If this was intentional, convert the expression to 'unknown' first.
  Property 'preconnect' is missing in type '() => Promise<Response>' but required in type 'typeof fetch'.
src/services/api/openaiShim.ts(1115,18): error TS2322: Type 'Promise<ReadableStreamDefaultReadResult<Uint8Array<ArrayBuffer>>>' is not assignable to type 'Promise<ReadableStreamReadResult<Uint8Array<ArrayBufferLike>>>'.
  Type 'ReadableStreamDefaultReadResult<Uint8Array<ArrayBuffer>>' is not assignable to type 'ReadableStreamReadResult<Uint8Array<ArrayBufferLike>>'.
    Type 'ReadableStreamDefaultReadDoneResult' is not assignable to type 'ReadableStreamReadResult<Uint8Array<ArrayBufferLike>>'.
      Type 'ReadableStreamDefaultReadDoneResult' is not assignable to type 'ReadableStreamReadDoneResult<Uint8Array<ArrayBufferLike>>'.
        Property 'value' is optional in type 'ReadableStreamDefaultReadDoneResult' but required in type 'ReadableStreamReadDoneResult<Uint8Array<ArrayBufferLike>>'.
src/services/api/openaiShim.ts(1115,25): error TS18048: 'reader' is possibly 'undefined'.
src/services/api/openaiShim.ts(1119,7): error TS18048: 'reader' is possibly 'undefined'.
src/services/api/openaiShim.ts(1120,75): error TS2345: Argument of type 'ReadableStreamDefaultReadResult<Uint8Array<ArrayBuffer>>' is not assignable to parameter of type 'ReadableStreamReadResult<Uint8Array<ArrayBufferLike>> | PromiseLike<ReadableStreamReadResult<Uint8Array<ArrayBufferLike>>>'.
  Type 'ReadableStreamDefaultReadDoneResult' is not assignable to type 'ReadableStreamReadResult<Uint8Array<ArrayBufferLike>> | PromiseLike<ReadableStreamReadResult<Uint8Array<ArrayBufferLike>>>'.
    Type 'ReadableStreamDefaultReadDoneResult' is not assignable to type 'ReadableStreamReadDoneResult<Uint8Array<ArrayBufferLike>> | PromiseLike<ReadableStreamReadResult<Uint8Array<ArrayBufferLike>>>'.
      Type 'ReadableStreamDefaultReadDoneResult' is not assignable to type 'ReadableStreamReadDoneResult<Uint8Array<ArrayBufferLike>>'.
        Property 'value' is optional in type 'ReadableStreamDefaultReadDoneResult' but required in type 'ReadableStreamReadDoneResult<Uint8Array<ArrayBufferLike>>'.
src/services/api/openaiShim.ts(1182,18): error TS2322: Type 'Promise<ReadableStreamDefaultReadResult<Uint8Array<ArrayBuffer>>>' is not assignable to type 'Promise<ReadableStreamReadResult<Uint8Array<ArrayBufferLike>>>'.
  Type 'ReadableStreamDefaultReadResult<Uint8Array<ArrayBuffer>>' is not assignable to type 'ReadableStreamReadResult<Uint8Array<ArrayBufferLike>>'.
    Type 'ReadableStreamDefaultReadDoneResult' is not assignable to type 'ReadableStreamReadResult<Uint8Array<ArrayBufferLike>>'.
      Type 'ReadableStreamDefaultReadDoneResult' is not assignable to type 'ReadableStreamReadDoneResult<Uint8Array<ArrayBufferLike>>'.
        Property 'value' is optional in type 'ReadableStreamDefaultReadDoneResult' but required in type 'ReadableStreamReadDoneResult<Uint8Array<ArrayBufferLike>>'.
src/services/api/openaiShim.ts(1182,25): error TS18048: 'reader' is possibly 'undefined'.
src/services/api/openaiShim.ts(1186,7): error TS18048: 'reader' is possibly 'undefined'.
src/services/api/openaiShim.ts(1187,75): error TS2345: Argument of type 'ReadableStreamDefaultReadResult<Uint8Array<ArrayBuffer>>' is not assignable to parameter of type 'ReadableStreamReadResult<Uint8Array<ArrayBufferLike>> | PromiseLike<ReadableStreamReadResult<Uint8Array<ArrayBufferLike>>>'.
  Type 'ReadableStreamDefaultReadDoneResult' is not assignable to type 'ReadableStreamReadResult<Uint8Array<ArrayBufferLike>> | PromiseLike<ReadableStreamReadResult<Uint8Array<ArrayBufferLike>>>'.
    Type 'ReadableStreamDefaultReadDoneResult' is not assignable to type 'ReadableStreamReadDoneResult<Uint8Array<ArrayBufferLike>> | PromiseLike<ReadableStreamReadResult<Uint8Array<ArrayBufferLike>>>'.
      Type 'ReadableStreamDefaultReadDoneResult' is not assignable to type 'ReadableStreamReadDoneResult<Uint8Array<ArrayBufferLike>>'.
        Property 'value' is optional in type 'ReadableStreamDefaultReadDoneResult' but required in type 'ReadableStreamReadDoneResult<Uint8Array<ArrayBufferLike>>'.
src/services/api/openaiShim.ts(1420,7): error TS18048: 'reader' is possibly 'undefined'.
src/services/api/openaiShim.ts(1425,19): error TS2345: Argument of type 'ReadableStreamDefaultReadResult<Uint8Array<ArrayBuffer>>' is not assignable to parameter of type 'ReadableStreamReadResult<Uint8Array<ArrayBufferLike>> | PromiseLike<ReadableStreamReadResult<Uint8Array<ArrayBufferLike>>>'.
  Type 'ReadableStreamDefaultReadDoneResult' is not assignable to type 'ReadableStreamReadResult<Uint8Array<ArrayBufferLike>> | PromiseLike<ReadableStreamReadResult<Uint8Array<ArrayBufferLike>>>'.
    Type 'ReadableStreamDefaultReadDoneResult' is not assignable to type 'ReadableStreamReadDoneResult<Uint8Array<ArrayBufferLike>> | PromiseLike<ReadableStreamReadResult<Uint8Array<ArrayBufferLike>>>'.
      Type 'ReadableStreamDefaultReadDoneResult' is not assignable to type 'ReadableStreamReadDoneResult<Uint8Array<ArrayBufferLike>>'.
        Property 'value' is optional in type 'ReadableStreamDefaultReadDoneResult' but required in type 'ReadableStreamReadDoneResult<Uint8Array<ArrayBufferLike>>'.
src/services/api/openaiShim.ts(2906,11): error TS18048: 'response' is possibly 'undefined'.
src/services/api/openaiShim.ts(2914,27): error TS18048: 'response' is possibly 'undefined'.
src/services/api/openaiShim.ts(2924,9): error TS2322: Type 'Response | undefined' is not assignable to type 'Response'.
  Type 'undefined' is not assignable to type 'Response'.
src/services/api/openaiShim.ts(2929,9): error TS18048: 'response' is possibly 'undefined'.
src/services/api/openaiShim.ts(2932,15): error TS18048: 'response' is possibly 'undefined'.
src/services/api/openaiShim.ts(2942,31): error TS18048: 'response' is possibly 'undefined'.
src/services/api/openaiShim.ts(2944,21): error TS18048: 'response' is possibly 'undefined'.
src/services/api/openaiShim.ts(2944,68): error TS2345: Argument of type 'Response | undefined' is not assignable to parameter of type 'Response'.
  Type 'undefined' is not assignable to type 'Response'.
src/services/api/openaiShim.ts(2948,23): error TS18048: 'response' is possibly 'undefined'.
src/services/api/openaiShim.ts(2965,15): error TS2454: Variable 'responsesResponse' is used before being assigned.
src/services/api/openaiShim.ts(2966,20): error TS2454: Variable 'responsesResponse' is used before being assigned.
src/services/api/openaiShim.ts(2968,44): error TS2454: Variable 'responsesResponse' is used before being assigned.
src/services/api/openaiShim.ts(2970,21): error TS2454: Variable 'responsesResponse' is used before being assigned.
src/services/api/openaiShim.ts(2976,13): error TS2454: Variable 'responsesResponse' is used before being assigned.
src/services/api/openaiShim.ts(2979,13): error TS2454: Variable 'responsesResponse' is used before being assigned.
src/services/api/openaiShim.ts(2988,17): error TS18048: 'response' is possibly 'undefined'.
src/services/api/openaiShim.ts(2996,19): error TS18048: 'response' is possibly 'undefined'.
src/services/api/openaiShim.ts(3050,9): error TS18048: 'response' is possibly 'undefined'.
src/services/api/openaiShim.ts(3053,9): error TS18048: 'response' is possibly 'undefined'.
src/services/api/providerConfig.codexSecureStorage.test.ts(38,5): error TS2578: Unused '@ts-expect-error' directive.
src/services/api/providerConfig.codexSecureStorage.test.ts(40,7): error TS2307: Cannot find module './providerConfig.js?codex-secure-storage' or its corresponding type declarations.
src/services/api/providerConfig.codexSecureStorage.test.ts(60,5): error TS2578: Unused '@ts-expect-error' directive.
src/services/api/providerConfig.codexSecureStorage.test.ts(62,7): error TS2307: Cannot find module './providerConfig.js?codex-env-precedence' or its corresponding type declarations.
src/services/api/providerConfig.codexSecureStorage.test.ts(83,5): error TS2578: Unused '@ts-expect-error' directive.
src/services/api/providerConfig.codexSecureStorage.test.ts(85,7): error TS2307: Cannot find module './providerConfig.js?codex-env-nested-account' or its corresponding type declarations.
src/services/api/providerConfig.codexSecureStorage.test.ts(124,7): error TS2578: Unused '@ts-expect-error' directive.
src/services/api/providerConfig.codexSecureStorage.test.ts(126,9): error TS2307: Cannot find module './providerConfig.js?codex-auth-json-nested-account' or its corresponding type declarations.
src/services/api/providerConfig.codexSecureStorage.test.ts(152,5): error TS2578: Unused '@ts-expect-error' directive.
src/services/api/providerConfig.codexSecureStorage.test.ts(154,7): error TS2307: Cannot find module './providerConfig.js?codex-secure-storage-no-auth-io' or its corresponding type declarations.
src/services/api/providerConfig.codexSecureStorage.test.ts(192,5): error TS2578: Unused '@ts-expect-error' directive.
src/services/api/providerConfig.codexSecureStorage.test.ts(194,7): error TS2307: Cannot find module './providerConfig.js?codex-refresh-cooldown-fallback' or its corresponding type declarations.
src/services/api/providerConfig.codexSecureStorage.test.ts(232,5): error TS2578: Unused '@ts-expect-error' directive.
src/services/api/providerConfig.codexSecureStorage.test.ts(234,7): error TS2307: Cannot find module './providerConfig.js?codex-refresh-cooldown-account-id-fallback' or its corresponding type declarations.
src/services/api/providerConfig.envDiagnostics.test.ts(66,19): error TS2493: Tuple type '[]' of length '0' has no element at index '0'.
src/services/api/providerConfig.envDiagnostics.test.ts(67,10): error TS2493: Tuple type '[]' of length '0' has no element at index '0'.
src/services/api/providerConfig.envDiagnostics.test.ts(67,13): error TS2339: Property 'includes' does not exist on type 'never'.
src/services/api/providerConfig.envDiagnostics.test.ts(68,10): error TS2493: Tuple type '[]' of length '0' has no element at index '0'.
src/services/api/providerConfig.envDiagnostics.test.ts(68,13): error TS2339: Property 'includes' does not exist on type 'never'.
src/services/api/providerConfig.envDiagnostics.test.ts(72,24): error TS2493: Tuple type '[]' of length '0' has no element at index '1'.
src/services/api/providerConfig.envDiagnostics.test.ts(72,36): error TS2769: No overload matches this call.
  Overload 1 of 2, '(expected: undefined): void', gave the following error.
    Argument of type '{ level: string; }' is not assignable to parameter of type 'undefined'.
  Overload 2 of 2, '(expected: undefined): void', gave the following error.
    Argument of type '{ level: string; }' is not assignable to parameter of type 'undefined'.
src/services/api/providerConfig.envDiagnostics.test.ts(95,19): error TS2493: Tuple type '[]' of length '0' has no element at index '0'.
src/services/api/providerConfig.envDiagnostics.test.ts(96,10): error TS2493: Tuple type '[]' of length '0' has no element at index '0'.
src/services/api/providerConfig.envDiagnostics.test.ts(96,13): error TS2339: Property 'includes' does not exist on type 'never'.
src/services/api/providerConfig.envDiagnostics.test.ts(97,10): error TS2493: Tuple type '[]' of length '0' has no element at index '0'.
src/services/api/providerConfig.envDiagnostics.test.ts(97,13): error TS2339: Property 'includes' does not exist on type 'never'.
src/services/api/providerConfig.runtimeCodexCredentials.test.ts(102,3): error TS2578: Unused '@ts-expect-error' directive.
src/services/api/providerConfig.runtimeCodexCredentials.test.ts(104,5): error TS2307: Cannot find module './providerConfig.js?runtime-no-sync-secure-storage' or its corresponding type declarations.
src/services/autoDream/autoDream.ts(244,29): error TS2345: Argument of type 'any' is not assignable to parameter of type 'never'.
src/services/compact/compact.ts(7,76): error TS2307: Cannot find module '../sessionTranscript/sessionTranscript.js' or its corresponding type declarations.
src/services/compact/compact.ts(800,21): error TS2339: Property 'type' does not exist on type 'never'.
src/services/compact/compact.ts(800,42): error TS2339: Property 'isCompactSummary' does not exist on type 'never'.
src/services/compact/microCompact.ts(72,36): error TS2339: Property 'createCachedMCState' does not exist on type 'typeof import("D:/OpenClaude/openclaude-cli/src/services/compact/cachedMicrocompact")'.
src/services/compact/microCompact.ts(99,74): error TS2694: Namespace '"D:/OpenClaude/openclaude-cli/src/services/compact/cachedMicrocompact"' has no exported member 'PinnedCacheEdits'.
src/services/compact/microCompact.ts(125,20): error TS2339: Property 'markToolsSentToAPI' does not exist on type 'typeof import("D:/OpenClaude/openclaude-cli/src/services/compact/cachedMicrocompact")'.
src/services/compact/microCompact.ts(131,20): error TS2339: Property 'resetCachedMCState' does not exist on type 'typeof import("D:/OpenClaude/openclaude-cli/src/services/compact/cachedMicrocompact")'.
src/services/compact/microCompact.ts(323,15): error TS2339: Property 'registerToolResult' does not exist on type 'typeof import("D:/OpenClaude/openclaude-cli/src/services/compact/cachedMicrocompact")'.
src/services/compact/microCompact.ts(327,11): error TS2339: Property 'registerToolMessage' does not exist on type 'typeof import("D:/OpenClaude/openclaude-cli/src/services/compact/cachedMicrocompact")'.
src/services/compact/microCompact.ts(331,29): error TS2339: Property 'getToolResultsToDelete' does not exist on type 'typeof import("D:/OpenClaude/openclaude-cli/src/services/compact/cachedMicrocompact")'.
src/services/compact/microCompact.ts(335,28): error TS2339: Property 'createCacheEditsBlock' does not exist on type 'typeof import("D:/OpenClaude/openclaude-cli/src/services/compact/cachedMicrocompact")'.
src/services/compact/microCompact.ts(353,18): error TS18047: 'config' is possibly 'null'.
src/services/compact/microCompact.ts(354,19): error TS18047: 'config' is possibly 'null'.
src/services/compact/reactiveCompact.ts(4,8): error TS2305: Module '"./compact.js"' has no exported member 'CacheSafePromptData'.
src/services/extractMemories/extractMemories.ts(495,31): error TS2345: Argument of type 'any' is not assignable to parameter of type 'never'.
src/services/lsp/LSPServerInstance.ts(113,7): error TS2322: Type 'string' is not assignable to type 'LspServerState'.
src/services/lsp/LSPServerInstance.ts(122,5): error TS2322: Type 'string' is not assignable to type 'LspServerState'.
src/services/lsp/LSPServerInstance.ts(136,9): error TS2367: This comparison appears to be unintentional because the types 'LspServerState' and 'string' have no overlap.
src/services/lsp/LSPServerInstance.ts(136,32): error TS2367: This comparison appears to be unintentional because the types 'LspServerState' and 'string' have no overlap.
src/services/lsp/LSPServerInstance.ts(143,9): error TS2367: This comparison appears to be unintentional because the types 'LspServerState' and 'string' have no overlap.
src/services/lsp/LSPServerInstance.ts(154,7): error TS2322: Type 'string' is not assignable to type 'LspServerState'.
src/services/lsp/LSPServerInstance.ts(250,7): error TS2322: Type 'string' is not assignable to type 'LspServerState'.
src/services/lsp/LSPServerInstance.ts(259,7): error TS2322: Type 'string' is not assignable to type 'LspServerState'.
src/services/lsp/LSPServerInstance.ts(275,9): error TS2367: This comparison appears to be unintentional because the types 'LspServerState' and 'string' have no overlap.
src/services/lsp/LSPServerInstance.ts(275,32): error TS2367: This comparison appears to be unintentional because the types 'LspServerState' and 'string' have no overlap.
src/services/lsp/LSPServerInstance.ts(280,7): error TS2322: Type 'string' is not assignable to type 'LspServerState'.
src/services/lsp/LSPServerInstance.ts(282,7): error TS2322: Type 'string' is not assignable to type 'LspServerState'.
src/services/lsp/LSPServerInstance.ts(285,7): error TS2322: Type 'string' is not assignable to type 'LspServerState'.
src/services/lsp/LSPServerInstance.ts(339,12): error TS2367: This comparison appears to be unintentional because the types 'LspServerState' and 'string' have no overlap.
src/services/lsp/LSPServerManager.ts(159,18): error TS2367: This comparison appears to be unintentional because the types 'LspServerState' and 'string' have no overlap.
src/services/lsp/LSPServerManager.ts(159,43): error TS2367: This comparison appears to be unintentional because the types 'LspServerState' and 'string' have no overlap.
src/services/lsp/LSPServerManager.ts(221,9): error TS2367: This comparison appears to be unintentional because the types 'LspServerState' and 'string' have no overlap.
src/services/lsp/LSPServerManager.ts(221,39): error TS2367: This comparison appears to be unintentional because the types 'LspServerState' and 'string' have no overlap.
src/services/lsp/LSPServerManager.ts(314,20): error TS2367: This comparison appears to be unintentional because the types 'LspServerState' and 'string' have no overlap.
src/services/lsp/LSPServerManager.ts(351,20): error TS2367: This comparison appears to be unintentional because the types 'LspServerState' and 'string' have no overlap.
src/services/lsp/LSPServerManager.ts(379,20): error TS2367: This comparison appears to be unintentional because the types 'LspServerState' and 'string' have no overlap.
src/services/lsp/manager.ts(107,9): error TS2367: This comparison appears to be unintentional because the types 'LspServerState' and 'string' have no overlap.
src/services/mcp/auth.ts(270,59): error TS2345: Argument of type 'AbortSignal | null | undefined' is not assignable to parameter of type 'AbortSignal | undefined'.
  Type 'null' is not assignable to type 'AbortSignal | undefined'.
src/services/mcp/auth.ts(2095,18): error TS2551: Property 'resourceMetadata' does not exist on type '{ authorizationServerUrl: string; resourceMetadataUrl?: string | undefined; }'. Did you mean 'resourceMetadataUrl'?
src/services/mcp/auth.ts(2097,18): error TS2339: Property 'authorizationServerMetadata' does not exist on type '{ authorizationServerUrl: string; resourceMetadataUrl?: string | undefined; }'.
src/services/mcp/client.ts(932,11): error TS2307: Cannot find module '@ant/claude-for-chrome-mcp' or its corresponding type declarations.
src/services/mcp/client.ts(940,15): error TS18048: 'inProcessServer' is possibly 'undefined'.
src/services/mcp/client.ts(959,15): error TS18048: 'inProcessServer' is possibly 'undefined'.
src/services/mcp/doctor.test.ts(31,5): error TS2322: Type '(name: string, config: ScopedMcpServerConfig) => Promise<{ name: string; type: "connected"; capabilities: {}; config: ScopedMcpServerConfig; cleanup: () => Promise<...>; }>' is not assignable to type '((name: string, serverRef: ScopedMcpServerConfig, serverStats?: { totalServers: number; stdioCount: number; sseCount: number; httpCount: number; sseIdeCount: number; wsIdeCount: number; } | undefined) => Promise<...>) & MemoizedFunction'.
  Type '(name: string, config: ScopedMcpServerConfig) => Promise<{ name: string; type: "connected"; capabilities: {}; config: ScopedMcpServerConfig; cleanup: () => Promise<...>; }>' is not assignable to type '(name: string, serverRef: ScopedMcpServerConfig, serverStats?: { totalServers: number; stdioCount: number; sseCount: number; httpCount: number; sseIdeCount: number; wsIdeCount: number; }) => Promise<MCPServerConnection>'.
    Type 'Promise<{ name: string; type: "connected"; capabilities: {}; config: ScopedMcpServerConfig; cleanup: () => Promise<void>; }>' is not assignable to type 'Promise<MCPServerConnection>'.
      Type '{ name: string; type: "connected"; capabilities: {}; config: ScopedMcpServerConfig; cleanup: () => Promise<void>; }' is not assignable to type 'MCPServerConnection'.
        Property 'client' is missing in type '{ name: string; type: "connected"; capabilities: {}; config: ScopedMcpServerConfig; cleanup: () => Promise<void>; }' but required in type 'ConnectedMCPServer'.
src/services/mcp/doctor.test.ts(146,5): error TS2322: Type '(scope: "user" | "project" | "local" | "enterprise") => { servers: { filesystem?: undefined; }; errors: { file: string; path: string; message: string; suggestion: string; mcpErrorMetadata: { ...; }; }[]; } | { ...; }' is not assignable to type '(scope: "user" | "project" | "local" | "enterprise") => { servers: Record<string, ScopedMcpServerConfig>; errors: ValidationError[]; }'.
  Type '{ servers: { filesystem?: undefined; }; errors: { file: string; path: string; message: string; suggestion: string; mcpErrorMetadata: { scope: "project"; severity: "fatal"; }; }[]; } | { servers: { filesystem: { ...; }; }; errors: never[]; }' is not assignable to type '{ servers: Record<string, ScopedMcpServerConfig>; errors: ValidationError[]; }'.
    Type '{ servers: { filesystem?: undefined; }; errors: { file: string; path: string; message: string; suggestion: string; mcpErrorMetadata: { scope: "project"; severity: "fatal"; }; }[]; }' is not assignable to type '{ servers: Record<string, ScopedMcpServerConfig>; errors: ValidationError[]; }'.
      Types of property 'servers' are incompatible.
        Type '{ filesystem?: undefined; }' is not assignable to type 'Record<string, ScopedMcpServerConfig>'.
          Property 'filesystem' is incompatible with index signature.
            Type 'undefined' is not assignable to type 'ScopedMcpServerConfig'.
src/services/mcp/doctor.test.ts(187,5): error TS2322: Type '(scope: "user" | "project" | "local" | "enterprise") => { servers: { filesystem: { type: "stdio"; command: string; args: never[]; scope: "user" | "project" | "local" | "enterprise"; }; }; errors: never[]; } | { ...; }' is not assignable to type '(scope: "user" | "project" | "local" | "enterprise") => { servers: Record<string, ScopedMcpServerConfig>; errors: ValidationError[]; }'.
  Type '{ servers: { filesystem: { type: "stdio"; command: string; args: never[]; scope: "user" | "project" | "local" | "enterprise"; }; }; errors: never[]; } | { servers: { filesystem?: undefined; }; errors: never[]; }' is not assignable to type '{ servers: Record<string, ScopedMcpServerConfig>; errors: ValidationError[]; }'.
    Type '{ servers: { filesystem?: undefined; }; errors: never[]; }' is not assignable to type '{ servers: Record<string, ScopedMcpServerConfig>; errors: ValidationError[]; }'.
      Types of property 'servers' are incompatible.
        Type '{ filesystem?: undefined; }' is not assignable to type 'Record<string, ScopedMcpServerConfig>'.
          Property 'filesystem' is incompatible with index signature.
            Type 'undefined' is not assignable to type 'ScopedMcpServerConfig'.
src/services/mcp/doctor.test.ts(213,5): error TS2322: Type '(scope: "user" | "project" | "local" | "enterprise") => { servers: { sentry: { type: "stdio"; command: string; args: never[]; scope: "user" | "project" | "local" | "enterprise"; }; }; errors: never[]; } | { ...; }' is not assignable to type '(scope: "user" | "project" | "local" | "enterprise") => { servers: Record<string, ScopedMcpServerConfig>; errors: ValidationError[]; }'.
  Type '{ servers: { sentry: { type: "stdio"; command: string; args: never[]; scope: "user" | "project" | "local" | "enterprise"; }; }; errors: never[]; } | { servers: { sentry?: undefined; }; errors: never[]; }' is not assignable to type '{ servers: Record<string, ScopedMcpServerConfig>; errors: ValidationError[]; }'.
    Type '{ servers: { sentry?: undefined; }; errors: never[]; }' is not assignable to type '{ servers: Record<string, ScopedMcpServerConfig>; errors: ValidationError[]; }'.
      Types of property 'servers' are incompatible.
        Type '{ sentry?: undefined; }' is not assignable to type 'Record<string, ScopedMcpServerConfig>'.
          Property 'sentry' is incompatible with index signature.
            Type 'undefined' is not assignable to type 'ScopedMcpServerConfig'.
src/services/mcp/doctor.test.ts(239,5): error TS2322: Type '(scope: "user" | "project" | "local" | "enterprise") => { servers: { github: { type: "stdio"; command: string; args: never[]; scope: "user" | "project" | "local" | "enterprise"; }; }; errors: never[]; } | { ...; }' is not assignable to type '(scope: "user" | "project" | "local" | "enterprise") => { servers: Record<string, ScopedMcpServerConfig>; errors: ValidationError[]; }'.
  Type '{ servers: { github: { type: "stdio"; command: string; args: never[]; scope: "user" | "project" | "local" | "enterprise"; }; }; errors: never[]; } | { servers: { github?: undefined; }; errors: never[]; }' is not assignable to type '{ servers: Record<string, ScopedMcpServerConfig>; errors: ValidationError[]; }'.
    Type '{ servers: { github?: undefined; }; errors: never[]; }' is not assignable to type '{ servers: Record<string, ScopedMcpServerConfig>; errors: ValidationError[]; }'.
      Types of property 'servers' are incompatible.
        Type '{ github?: undefined; }' is not assignable to type 'Record<string, ScopedMcpServerConfig>'.
          Property 'github' is incompatible with index signature.
            Type 'undefined' is not assignable to type 'ScopedMcpServerConfig'.
src/services/mcp/doctor.test.ts(244,5): error TS2322: Type '(name: string, config: ScopedMcpServerConfig) => Promise<{ name: string; type: "failed"; config: ScopedMcpServerConfig; error: string; }>' is not assignable to type '((name: string, serverRef: ScopedMcpServerConfig, serverStats?: { totalServers: number; stdioCount: number; sseCount: number; httpCount: number; sseIdeCount: number; wsIdeCount: number; } | undefined) => Promise<...>) & MemoizedFunction'.
  Type '(name: string, config: ScopedMcpServerConfig) => Promise<{ name: string; type: "failed"; config: ScopedMcpServerConfig; error: string; }>' is not assignable to type 'MemoizedFunction'.
src/services/mcp/doctor.test.ts(278,5): error TS2322: Type '(scope: "user" | "project" | "local" | "enterprise") => { servers: { linear: { type: "stdio"; command: string; args: never[]; scope: "user" | "project" | "local" | "enterprise"; }; }; errors: never[]; } | { ...; }' is not assignable to type '(scope: "user" | "project" | "local" | "enterprise") => { servers: Record<string, ScopedMcpServerConfig>; errors: ValidationError[]; }'.
  Type '{ servers: { linear: { type: "stdio"; command: string; args: never[]; scope: "user" | "project" | "local" | "enterprise"; }; }; errors: never[]; } | { servers: { linear?: undefined; }; errors: never[]; }' is not assignable to type '{ servers: Record<string, ScopedMcpServerConfig>; errors: ValidationError[]; }'.
    Type '{ servers: { linear?: undefined; }; errors: never[]; }' is not assignable to type '{ servers: Record<string, ScopedMcpServerConfig>; errors: ValidationError[]; }'.
      Types of property 'servers' are incompatible.
        Type '{ linear?: undefined; }' is not assignable to type 'Record<string, ScopedMcpServerConfig>'.
          Property 'linear' is incompatible with index signature.
            Type 'undefined' is not assignable to type 'ScopedMcpServerConfig'.
src/services/mcp/doctor.test.ts(282,5): error TS2322: Type '(name: string, config: ScopedMcpServerConfig) => Promise<{ name: string; type: "connected"; capabilities: {}; config: ScopedMcpServerConfig; cleanup: () => Promise<...>; }>' is not assignable to type '((name: string, serverRef: ScopedMcpServerConfig, serverStats?: { totalServers: number; stdioCount: number; sseCount: number; httpCount: number; sseIdeCount: number; wsIdeCount: number; } | undefined) => Promise<...>) & MemoizedFunction'.
  Type '(name: string, config: ScopedMcpServerConfig) => Promise<{ name: string; type: "connected"; capabilities: {}; config: ScopedMcpServerConfig; cleanup: () => Promise<...>; }>' is not assignable to type '(name: string, serverRef: ScopedMcpServerConfig, serverStats?: { totalServers: number; stdioCount: number; sseCount: number; httpCount: number; sseIdeCount: number; wsIdeCount: number; }) => Promise<MCPServerConnection>'.
    Type 'Promise<{ name: string; type: "connected"; capabilities: {}; config: ScopedMcpServerConfig; cleanup: () => Promise<void>; }>' is not assignable to type 'Promise<MCPServerConnection>'.
      Type '{ name: string; type: "connected"; capabilities: {}; config: ScopedMcpServerConfig; cleanup: () => Promise<void>; }' is not assignable to type 'MCPServerConnection'.
        Property 'client' is missing in type '{ name: string; type: "connected"; capabilities: {}; config: ScopedMcpServerConfig; cleanup: () => Promise<void>; }' but required in type 'ConnectedMCPServer'.
src/services/mcp/doctor.test.ts(327,5): error TS2322: Type '(scope: "user" | "project" | "local" | "enterprise") => { servers: { filesystem?: undefined; }; errors: { file: string; path: string; message: string; suggestion: string; mcpErrorMetadata: { ...; }; }[]; } | { ...; }' is not assignable to type '(scope: "user" | "project" | "local" | "enterprise") => { servers: Record<string, ScopedMcpServerConfig>; errors: ValidationError[]; }'.
  Type '{ servers: { filesystem?: undefined; }; errors: { file: string; path: string; message: string; suggestion: string; mcpErrorMetadata: { scope: "project"; severity: "fatal"; }; }[]; } | { servers: { filesystem: { ...; }; }; errors: never[]; }' is not assignable to type '{ servers: Record<string, ScopedMcpServerConfig>; errors: ValidationError[]; }'.
    Type '{ servers: { filesystem?: undefined; }; errors: { file: string; path: string; message: string; suggestion: string; mcpErrorMetadata: { scope: "project"; severity: "fatal"; }; }[]; }' is not assignable to type '{ servers: Record<string, ScopedMcpServerConfig>; errors: ValidationError[]; }'.
      Types of property 'servers' are incompatible.
        Type '{ filesystem?: undefined; }' is not assignable to type 'Record<string, ScopedMcpServerConfig>'.
          Property 'filesystem' is incompatible with index signature.
            Type 'undefined' is not assignable to type 'ScopedMcpServerConfig'.
src/services/mcp/doctor.test.ts(424,5): error TS2322: Type '(scope: "user" | "project" | "local" | "enterprise") => { servers: { github: { type: "stdio"; command: string; args: never[]; scope: "user" | "project" | "local" | "enterprise"; }; }; errors: never[]; } | { ...; }' is not assignable to type '(scope: "user" | "project" | "local" | "enterprise") => { servers: Record<string, ScopedMcpServerConfig>; errors: ValidationError[]; }'.
  Type '{ servers: { github: { type: "stdio"; command: string; args: never[]; scope: "user" | "project" | "local" | "enterprise"; }; }; errors: never[]; } | { servers: { github?: undefined; }; errors: never[]; }' is not assignable to type '{ servers: Record<string, ScopedMcpServerConfig>; errors: ValidationError[]; }'.
    Type '{ servers: { github?: undefined; }; errors: never[]; }' is not assignable to type '{ servers: Record<string, ScopedMcpServerConfig>; errors: ValidationError[]; }'.
      Types of property 'servers' are incompatible.
        Type '{ github?: undefined; }' is not assignable to type 'Record<string, ScopedMcpServerConfig>'.
          Property 'github' is incompatible with index signature.
            Type 'undefined' is not assignable to type 'ScopedMcpServerConfig'.
src/services/mcp/doctor.test.ts(428,5): error TS2322: Type '(name: string, config: ScopedMcpServerConfig) => Promise<{ name: string; type: "failed"; config: ScopedMcpServerConfig; error: string; }>' is not assignable to type '((name: string, serverRef: ScopedMcpServerConfig, serverStats?: { totalServers: number; stdioCount: number; sseCount: number; httpCount: number; sseIdeCount: number; wsIdeCount: number; } | undefined) => Promise<...>) & MemoizedFunction'.
  Type '(name: string, config: ScopedMcpServerConfig) => Promise<{ name: string; type: "failed"; config: ScopedMcpServerConfig; error: string; }>' is not assignable to type 'MemoizedFunction'.
src/services/mcp/doctor.test.ts(455,5): error TS2322: Type '(scope: "user" | "project" | "local" | "enterprise") => { servers: { sentry: { type: "stdio"; command: string; args: never[]; scope: "user" | "project" | "local" | "enterprise"; }; }; errors: never[]; } | { ...; }' is not assignable to type '(scope: "user" | "project" | "local" | "enterprise") => { servers: Record<string, ScopedMcpServerConfig>; errors: ValidationError[]; }'.
  Type '{ servers: { sentry: { type: "stdio"; command: string; args: never[]; scope: "user" | "project" | "local" | "enterprise"; }; }; errors: never[]; } | { servers: { sentry?: undefined; }; errors: never[]; }' is not assignable to type '{ servers: Record<string, ScopedMcpServerConfig>; errors: ValidationError[]; }'.
    Type '{ servers: { sentry?: undefined; }; errors: never[]; }' is not assignable to type '{ servers: Record<string, ScopedMcpServerConfig>; errors: ValidationError[]; }'.
      Types of property 'servers' are incompatible.
        Type '{ sentry?: undefined; }' is not assignable to type 'Record<string, ScopedMcpServerConfig>'.
          Property 'sentry' is incompatible with index signature.
            Type 'undefined' is not assignable to type 'ScopedMcpServerConfig'.
src/services/mcp/doctor.test.ts(459,5): error TS2322: Type '(name: string, config: ScopedMcpServerConfig) => Promise<{ name: string; type: "needs-auth"; config: ScopedMcpServerConfig; }>' is not assignable to type '((name: string, serverRef: ScopedMcpServerConfig, serverStats?: { totalServers: number; stdioCount: number; sseCount: number; httpCount: number; sseIdeCount: number; wsIdeCount: number; } | undefined) => Promise<...>) & MemoizedFunction'.
  Type '(name: string, config: ScopedMcpServerConfig) => Promise<{ name: string; type: "needs-auth"; config: ScopedMcpServerConfig; }>' is not assignable to type 'MemoizedFunction'.
src/services/mcp/doctor.test.ts(506,5): error TS2322: Type '(scope: "user" | "project" | "local" | "enterprise") => { servers: { github: { type: "stdio"; command: string; args: never[]; scope: "user" | "project" | "local" | "enterprise"; }; }; errors: never[]; } | { ...; }' is not assignable to type '(scope: "user" | "project" | "local" | "enterprise") => { servers: Record<string, ScopedMcpServerConfig>; errors: ValidationError[]; }'.
  Type '{ servers: { github: { type: "stdio"; command: string; args: never[]; scope: "user" | "project" | "local" | "enterprise"; }; }; errors: never[]; } | { servers: { github?: undefined; }; errors: never[]; }' is not assignable to type '{ servers: Record<string, ScopedMcpServerConfig>; errors: ValidationError[]; }'.
    Type '{ servers: { github?: undefined; }; errors: never[]; }' is not assignable to type '{ servers: Record<string, ScopedMcpServerConfig>; errors: ValidationError[]; }'.
      Types of property 'servers' are incompatible.
        Type '{ github?: undefined; }' is not assignable to type 'Record<string, ScopedMcpServerConfig>'.
          Property 'github' is incompatible with index signature.
            Type 'undefined' is not assignable to type 'ScopedMcpServerConfig'.
src/services/mcp/doctor.test.ts(510,5): error TS2322: Type '(name: string, config: ScopedMcpServerConfig) => Promise<{ name: string; type: "connected"; capabilities: {}; config: ScopedMcpServerConfig; cleanup: () => Promise<...>; }>' is not assignable to type '((name: string, serverRef: ScopedMcpServerConfig, serverStats?: { totalServers: number; stdioCount: number; sseCount: number; httpCount: number; sseIdeCount: number; wsIdeCount: number; } | undefined) => Promise<...>) & MemoizedFunction'.
  Type '(name: string, config: ScopedMcpServerConfig) => Promise<{ name: string; type: "connected"; capabilities: {}; config: ScopedMcpServerConfig; cleanup: () => Promise<...>; }>' is not assignable to type '(name: string, serverRef: ScopedMcpServerConfig, serverStats?: { totalServers: number; stdioCount: number; sseCount: number; httpCount: number; sseIdeCount: number; wsIdeCount: number; }) => Promise<MCPServerConnection>'.
    Type 'Promise<{ name: string; type: "connected"; capabilities: {}; config: ScopedMcpServerConfig; cleanup: () => Promise<void>; }>' is not assignable to type 'Promise<MCPServerConnection>'.
      Type '{ name: string; type: "connected"; capabilities: {}; config: ScopedMcpServerConfig; cleanup: () => Promise<void>; }' is not assignable to type 'MCPServerConnection'.
        Property 'client' is missing in type '{ name: string; type: "connected"; capabilities: {}; config: ScopedMcpServerConfig; cleanup: () => Promise<void>; }' but required in type 'ConnectedMCPServer'.
src/services/mcp/doctor.ts(215,66): error TS2339: Property 'command' does not exist on type '({ command: string; args: string[]; type?: "stdio" | undefined; env?: Record<string, string> | undefined; } & { scope: "user" | "project" | "local" | "dynamic" | "enterprise" | "claudeai" | "managed"; pluginSource?: string | undefined; }) | ({ ...; } & { ...; }) | ({ ...; } & { ...; })'.
  Property 'command' does not exist on type '{ type: "sse-ide"; url: string; ideName: string; ideRunningInWindows?: boolean | undefined; } & { scope: "user" | "project" | "local" | "dynamic" | "enterprise" | "claudeai" | "managed"; pluginSource?: string | undefined; }'.
src/services/mcp/doctor.ts(215,99): error TS2339: Property 'args' does not exist on type '({ command: string; args: string[]; type?: "stdio" | undefined; env?: Record<string, string> | undefined; } & { scope: "user" | "project" | "local" | "dynamic" | "enterprise" | "claudeai" | "managed"; pluginSource?: string | undefined; }) | ({ ...; } & { ...; }) | ({ ...; } & { ...; })'.
  Property 'args' does not exist on type '{ type: "sse-ide"; url: string; ideName: string; ideRunningInWindows?: boolean | undefined; } & { scope: "user" | "project" | "local" | "dynamic" | "enterprise" | "claudeai" | "managed"; pluginSource?: string | undefined; }'.
src/services/mcp/headersHelper.ts(51,152): error TS2339: Property 'FEEDBACK_CHANNEL' does not exist on type '{ VERSION: string; DISPLAY_VERSION: string; BUILD_TIME: string; ISSUES_EXPLAINER: string; PACKAGE_URL: string; NATIVE_PACKAGE_URL: string | undefined; }'.
src/services/mcp/headersHelper.ts(62,7): error TS2353: Object literal may only specify known properties, and 'shell' does not exist in type 'ExecFileWithCwdOptions'.
src/services/mcp/utils.ts(543,9): error TS2322: Type '"ws"' is not assignable to type '"stdio" | "sse" | "http"'.
src/services/mcp/xaa.ts(45,59): error TS2345: Argument of type 'AbortSignal | null | undefined' is not assignable to parameter of type 'AbortSignal | undefined'.
  Type 'null' is not assignable to type 'AbortSignal | undefined'.
src/services/mcp/xaaIdpLogin.ts(107,23): error TS2339: Property 'mcpXaaIdp' does not exist on type 'SecureStorageData'.
src/services/mcp/xaaIdpLogin.ts(123,5): error TS2353: Object literal may only specify known properties, and 'mcpXaaIdp' does not exist in type 'SecureStorageData'.
src/services/mcp/xaaIdpLogin.ts(124,19): error TS2339: Property 'mcpXaaIdp' does not exist on type 'SecureStorageData'.
src/services/mcp/xaaIdpLogin.ts(152,18): error TS2339: Property 'mcpXaaIdp' does not exist on type 'SecureStorageData'.
src/services/mcp/xaaIdpLogin.ts(153,19): error TS2339: Property 'mcpXaaIdp' does not exist on type 'SecureStorageData'.
src/services/mcp/xaaIdpLogin.ts(172,5): error TS2353: Object literal may only specify known properties, and 'mcpXaaIdpConfig' does not exist in type 'SecureStorageData'.
src/services/mcp/xaaIdpLogin.ts(173,19): error TS2339: Property 'mcpXaaIdpConfig' does not exist on type 'SecureStorageData'.
src/services/mcp/xaaIdpLogin.ts(185,16): error TS2339: Property 'mcpXaaIdpConfig' does not exist on type 'SecureStorageData'.
src/services/mcp/xaaIdpLogin.ts(196,18): error TS2339: Property 'mcpXaaIdpConfig' does not exist on type 'SecureStorageData'.
src/services/mcp/xaaIdpLogin.ts(197,19): error TS2339: Property 'mcpXaaIdpConfig' does not exist on type 'SecureStorageData'.
src/services/mcp/xaaIdpLogin.ts(385,26): error TS2339: Property 'code' does not exist on type '{ type: "code"; code: string; } | { type: "state_mismatch"; }'.
  Property 'code' does not exist on type '{ type: "state_mismatch"; }'.
src/services/mcp/xaaIdpLogin.ts(484,61): error TS2345: Argument of type 'AbortSignal | null | undefined' is not assignable to parameter of type 'AbortSignal | undefined'.
  Type 'null' is not assignable to type 'AbortSignal | undefined'.
src/services/notifier.ts(138,32): error TS2307: Cannot find module 'plist' or its corresponding type declarations.
src/services/oauth/client.ts(295,5): error TS2322: Type '{ organizationRole: unknown; workspaceRole: unknown; organizationName: unknown; accountUuid: string; emailAddress: string; organizationUuid?: string | undefined; displayName?: string | undefined; hasExtraUsageEnabled?: boolean | undefined; billingType?: string | ... 1 more ... | undefined; accountCreatedAt?: string ...' is not assignable to type 'AccountInfo | undefined'.
  Type '{ organizationRole: unknown; workspaceRole: unknown; organizationName: unknown; accountUuid: string; emailAddress: string; organizationUuid?: string; displayName?: string; hasExtraUsageEnabled?: boolean; billingType?: BillingType | null; accountCreatedAt?: string; subscriptionCreatedAt?: string; }' is not assignable to type 'AccountInfo'.
    Types of property 'organizationName' are incompatible.
      Type 'unknown' is not assignable to type 'string | null | undefined'.
src/services/plugins/pluginOperations.ts(513,5): error TS2322: Type 'Record<string, boolean | string[] | undefined>' is not assignable to type 'Record<string, boolean | string[]>'.
  'string' index signatures are incompatible.
    Type 'boolean | string[] | undefined' is not assignable to type 'boolean | string[]'.
      Type 'undefined' is not assignable to type 'boolean | string[]'.
src/services/PromptSuggestion/speculation.ts(288,16): error TS2345: Argument of type 'string' is not assignable to parameter of type 'never'.
src/services/PromptSuggestion/speculation.ts(291,16): error TS2345: Argument of type 'string' is not assignable to parameter of type 'never'.
src/services/PromptSuggestion/speculation.ts(295,16): error TS2345: Argument of type 'string' is not assignable to parameter of type 'never'.
src/services/tokenEstimation.ts(557,48): error TS2345: Argument of type 'string | (TextBlockParam | ImageBlockParam | DocumentBlockParam | SearchResultBlockParam | ToolReferenceBlockParam)[] | undefined' is not assignable to parameter of type 'string | ContentBlockParam[] | ContentBlock[] | undefined'.
  Type '(TextBlockParam | ImageBlockParam | DocumentBlockParam | SearchResultBlockParam | ToolReferenceBlockParam)[]' is not assignable to type 'string | ContentBlockParam[] | ContentBlock[] | undefined'.
    Type '(TextBlockParam | ImageBlockParam | DocumentBlockParam | SearchResultBlockParam | ToolReferenceBlockParam)[]' is not assignable to type 'ContentBlockParam[]'.
      Type 'TextBlockParam | ImageBlockParam | DocumentBlockParam | SearchResultBlockParam | ToolReferenceBlockParam' is not assignable to type 'ContentBlockParam'.
        Type 'ToolReferenceBlockParam' is not assignable to type 'ContentBlockParam'.
          Property 'file_id' is missing in type 'ToolReferenceBlockParam' but required in type 'ContainerUploadBlockParam'.
src/services/tools/toolExecution.ts(890,34): error TS2345: Argument of type 'MessageUpdateLazy<any>' is not assignable to parameter of type 'never'.
src/services/tools/toolExecution.ts(921,32): error TS2345: Argument of type 'MessageUpdateLazy<any>' is not assignable to parameter of type 'never'.
src/services/tools/toolExecution.ts(928,32): error TS2345: Argument of type '{ message: any; }' is not assignable to parameter of type 'never'.
src/services/tools/toolExecution.ts(951,30): error TS2345: Argument of type '{ message: any; }' is not assignable to parameter of type 'never'.
src/services/tools/toolExecution.ts(1038,28): error TS2345: Argument of type '{ message: any; }' is not assignable to parameter of type 'never'.
src/services/tools/toolExecution.ts(1115,28): error TS2345: Argument of type '{ message: any; }' is not assignable to parameter of type 'never'.
src/services/tools/toolExecution.ts(1144,32): error TS2345: Argument of type '{ message: any; }' is not assignable to parameter of type 'never'.
src/services/tools/toolExecution.ts(1276,30): error TS2345: Argument of type '{ message: any; }' is not assignable to parameter of type 'never'.
src/services/tools/toolExecution.ts(1435,30): error TS2345: Argument of type '{ message: any; contextModifier: { toolUseID: string; modifyContext: (context: ToolUseContext) => ToolUseContext; } | undefined; }' is not assignable to parameter of type 'never'.
src/services/tools/toolExecution.ts(1478,26): error TS2345: Argument of type 'MessageUpdateLazy<any>' is not assignable to parameter of type 'never'.
src/services/tools/toolExecution.ts(1494,32): error TS2345: Argument of type 'MessageUpdateLazy<any>' is not assignable to parameter of type 'never'.
src/services/tools/toolExecution.ts(1527,32): error TS2345: Argument of type '{ message: any; }' is not assignable to parameter of type 'never'.
src/services/tools/toolExecution.ts(1547,32): error TS2345: Argument of type '{ message: any; }' is not assignable to parameter of type 'never'.
src/services/tools/toolExecution.ts(1552,30): error TS2345: Argument of type '{ message: any; }' is not assignable to parameter of type 'never'.
src/services/tools/toolHooks.test.ts(8,25): error TS2352: Conversion of type '{ name: string; inputSchema: ZodObject<{}, $strip>; checkPermissions(): Promise<{ behavior: "passthrough"; message: string; }>; }' to type 'Tool<Record<string, unknown>>' may be a mistake because neither type sufficiently overlaps with the other. If this was intentional, convert the expression to 'unknown' first.
  Type '{ name: string; inputSchema: ZodObject<{}, $strip>; checkPermissions(): Promise<{ behavior: "passthrough"; message: string; }>; }' is missing the following properties from type 'Tool<Record<string, unknown>>': call, description, isConcurrencySafe, isEnabled, and 7 more.
src/services/tools/toolHooks.test.ts(17,11): error TS2344: Type 'Record<string, unknown>' does not satisfy the constraint 'AnyObject'.
  Type 'Record<string, unknown>' is missing the following properties from type 'ZodType<{ [key: string]: unknown; }, unknown, $ZodTypeInternals<{ [key: string]: unknown; }, unknown>>': def, type, _def, _output, and 32 more.
src/services/tools/toolHooks.test.ts(19,18): error TS2352: Conversion of type '{ name: string; inputSchema: ZodObject<{}, $strip>; checkPermissions(): Promise<{ behavior: "deny"; message: string; }>; }' to type 'Tool<Record<string, unknown>>' may be a mistake because neither type sufficiently overlaps with the other. If this was intentional, convert the expression to 'unknown' first.
  Type '{ name: string; inputSchema: ZodObject<{}, $strip>; checkPermissions(): Promise<{ behavior: "deny"; message: string; }>; }' is missing the following properties from type 'Tool<Record<string, unknown>>': call, description, isConcurrencySafe, isEnabled, and 7 more.
src/services/tools/toolHooks.test.ts(28,11): error TS2344: Type 'Record<string, unknown>' does not satisfy the constraint 'AnyObject'.
  Type 'Record<string, unknown>' is missing the following properties from type 'ZodType<{ [key: string]: unknown; }, unknown, $ZodTypeInternals<{ [key: string]: unknown; }, unknown>>': def, type, _def, _output, and 32 more.
src/services/tools/toolHooks.test.ts(30,33): error TS2352: Conversion of type '{ name: string; inputSchema: ZodObject<{}, $strip>; checkPermissions(): Promise<{ behavior: "ask"; message: string; updatedInput: { normalized: boolean; }; }>; }' to type 'Tool<Record<string, unknown>>' may be a mistake because neither type sufficiently overlaps with the other. If this was intentional, convert the expression to 'unknown' first.
  Type '{ name: string; inputSchema: ZodObject<{}, $strip>; checkPermissions(): Promise<{ behavior: "ask"; message: string; updatedInput: { normalized: boolean; }; }>; }' is missing the following properties from type 'Tool<Record<string, unknown>>': call, description, isConcurrencySafe, isEnabled, and 7 more.
src/services/tools/toolHooks.test.ts(40,11): error TS2344: Type 'Record<string, unknown>' does not satisfy the constraint 'AnyObject'.
  Type 'Record<string, unknown>' is missing the following properties from type 'ZodType<{ [key: string]: unknown; }, unknown, $ZodTypeInternals<{ [key: string]: unknown; }, unknown>>': def, type, _def, _output, and 32 more.
src/services/tools/toolHooks.test.ts(70,7): error TS2345: Argument of type 'Tool<Record<string, unknown>>' is not assignable to parameter of type 'Tool'.
  Type 'Record<string, unknown>' is missing the following properties from type 'ZodType<{ [key: string]: unknown; }, unknown, $ZodTypeInternals<{ [key: string]: unknown; }, unknown>>': def, type, _def, _output, and 32 more.
src/services/tools/toolHooks.test.ts(102,7): error TS2345: Argument of type 'Tool<Record<string, unknown>>' is not assignable to parameter of type 'Tool'.
  Type 'Record<string, unknown>' is missing the following properties from type 'ZodType<{ [key: string]: unknown; }, unknown, $ZodTypeInternals<{ [key: string]: unknown; }, unknown>>': def, type, _def, _output, and 32 more.
src/services/tools/toolHooks.test.ts(128,7): error TS2345: Argument of type 'Tool<Record<string, unknown>>' is not assignable to parameter of type 'Tool'.
  Type 'Record<string, unknown>' is missing the following properties from type 'ZodType<{ [key: string]: unknown; }, unknown, $ZodTypeInternals<{ [key: string]: unknown; }, unknown>>': def, type, _def, _output, and 32 more.
src/services/tools/toolHooks.ts(228,47): error TS2339: Property 'cwd' does not exist on type '{ commands: Command[]; debug: boolean; mainLoopModel: string; tools: Tools; verbose: boolean; thinkingConfig: ThinkingConfig; mcpClients: MCPServerConnection[]; ... 8 more ...; providerOverride?: { ...; } | undefined; }'.
src/services/tools/toolHooks.ts(503,33): error TS2339: Property 'updatedInput' does not exist on type 'PermissionDecision<Record<string, unknown>>'.
  Property 'updatedInput' does not exist on type 'PermissionDenyDecision'.
src/services/voice.ts(20,32): error TS2307: Cannot find module 'audio-capture-napi' or its corresponding type declarations.
src/services/voice.ts(27,30): error TS2307: Cannot find module 'audio-capture-napi' or its corresponding type declarations.
src/setup.ts(96,30): error TS2307: Cannot find module './utils/udsMessaging.js' or its corresponding type declarations.
src/setup.ts(299,9): error TS2551: Property 'initContextCollapse' does not exist on type 'typeof import("D:/OpenClaude/openclaude-cli/src/services/contextCollapse/index")'. Did you mean 'resetContextCollapse'?
src/skills/bundled/claudeApiContent.ts(4,29): error TS2307: Cannot find module './claude-api/csharp/claude-api.md' or its corresponding type declarations.
src/skills/bundled/claudeApiContent.ts(5,26): error TS2307: Cannot find module './claude-api/curl/examples.md' or its corresponding type declarations.
src/skills/bundled/claudeApiContent.ts(6,25): error TS2307: Cannot find module './claude-api/go/claude-api.md' or its corresponding type declarations.
src/skills/bundled/claudeApiContent.ts(7,27): error TS2307: Cannot find module './claude-api/java/claude-api.md' or its corresponding type declarations.
src/skills/bundled/claudeApiContent.ts(8,26): error TS2307: Cannot find module './claude-api/php/claude-api.md' or its corresponding type declarations.
src/skills/bundled/claudeApiContent.ts(9,36): error TS2307: Cannot find module './claude-api/python/agent-sdk/patterns.md' or its corresponding type declarations.
src/skills/bundled/claudeApiContent.ts(10,34): error TS2307: Cannot find module './claude-api/python/agent-sdk/README.md' or its corresponding type declarations.
src/skills/bundled/claudeApiContent.ts(11,36): error TS2307: Cannot find module './claude-api/python/claude-api/batches.md' or its corresponding type declarations.
src/skills/bundled/claudeApiContent.ts(12,37): error TS2307: Cannot find module './claude-api/python/claude-api/files-api.md' or its corresponding type declarations.
src/skills/bundled/claudeApiContent.ts(13,35): error TS2307: Cannot find module './claude-api/python/claude-api/README.md' or its corresponding type declarations.
src/skills/bundled/claudeApiContent.ts(14,38): error TS2307: Cannot find module './claude-api/python/claude-api/streaming.md' or its corresponding type declarations.
src/skills/bundled/claudeApiContent.ts(15,36): error TS2307: Cannot find module './claude-api/python/claude-api/tool-use.md' or its corresponding type declarations.
src/skills/bundled/claudeApiContent.ts(16,27): error TS2307: Cannot find module './claude-api/ruby/claude-api.md' or its corresponding type declarations.
src/skills/bundled/claudeApiContent.ts(17,25): error TS2307: Cannot find module './claude-api/SKILL.md' or its corresponding type declarations.
src/skills/bundled/claudeApiContent.ts(18,30): error TS2307: Cannot find module './claude-api/shared/error-codes.md' or its corresponding type declarations.
src/skills/bundled/claudeApiContent.ts(19,31): error TS2307: Cannot find module './claude-api/shared/live-sources.md' or its corresponding type declarations.
src/skills/bundled/claudeApiContent.ts(20,26): error TS2307: Cannot find module './claude-api/shared/models.md' or its corresponding type declarations.
src/skills/bundled/claudeApiContent.ts(21,33): error TS2307: Cannot find module './claude-api/shared/prompt-caching.md' or its corresponding type declarations.
src/skills/bundled/claudeApiContent.ts(22,35): error TS2307: Cannot find module './claude-api/shared/tool-use-concepts.md' or its corresponding type declarations.
src/skills/bundled/claudeApiContent.ts(23,40): error TS2307: Cannot find module './claude-api/typescript/agent-sdk/patterns.md' or its corresponding type declarations.
src/skills/bundled/claudeApiContent.ts(24,38): error TS2307: Cannot find module './claude-api/typescript/agent-sdk/README.md' or its corresponding type declarations.
src/skills/bundled/claudeApiContent.ts(25,40): error TS2307: Cannot find module './claude-api/typescript/claude-api/batches.md' or its corresponding type declarations.
src/skills/bundled/claudeApiContent.ts(26,41): error TS2307: Cannot find module './claude-api/typescript/claude-api/files-api.md' or its corresponding type declarations.
src/skills/bundled/claudeApiContent.ts(27,39): error TS2307: Cannot find module './claude-api/typescript/claude-api/README.md' or its corresponding type declarations.
src/skills/bundled/claudeApiContent.ts(28,42): error TS2307: Cannot find module './claude-api/typescript/claude-api/streaming.md' or its corresponding type declarations.
src/skills/bundled/claudeApiContent.ts(29,40): error TS2307: Cannot find module './claude-api/typescript/claude-api/tool-use.md' or its corresponding type declarations.
src/skills/bundled/claudeInChrome.ts(1,31): error TS2307: Cannot find module '@ant/claude-for-chrome-mcp' or its corresponding type declarations.
src/skills/bundled/curatedPowerSkills.test.ts(30,31): error TS2339: Property 'getPromptForCommand' does not exist on type 'Command'.
  Property 'getPromptForCommand' does not exist on type 'CommandBase & LocalCommand'.
src/skills/bundled/curatedPowerSkills.test.ts(45,31): error TS2339: Property 'getPromptForCommand' does not exist on type 'Command'.
  Property 'getPromptForCommand' does not exist on type 'CommandBase & LocalCommand'.
src/skills/bundled/curatedPowerSkills.test.ts(60,31): error TS2339: Property 'getPromptForCommand' does not exist on type 'Command'.
  Property 'getPromptForCommand' does not exist on type 'CommandBase & LocalCommand'.
src/skills/bundled/curatedPowerSkills.test.ts(80,28): error TS2339: Property 'getPromptForCommand' does not exist on type 'Command'.
  Property 'getPromptForCommand' does not exist on type 'CommandBase & LocalCommand'.
src/skills/bundled/curatedPowerSkills.test.ts(85,27): error TS2339: Property 'getPromptForCommand' does not exist on type 'Command'.
  Property 'getPromptForCommand' does not exist on type 'CommandBase & LocalCommand'.
src/skills/bundled/loop.test.ts(17,31): error TS2339: Property 'getPromptForCommand' does not exist on type 'Command'.
  Property 'getPromptForCommand' does not exist on type 'CommandBase & LocalCommand'.
src/skills/bundled/loop.test.ts(31,31): error TS2339: Property 'getPromptForCommand' does not exist on type 'Command'.
  Property 'getPromptForCommand' does not exist on type 'CommandBase & LocalCommand'.
src/skills/bundled/loop.test.ts(44,31): error TS2339: Property 'getPromptForCommand' does not exist on type 'Command'.
  Property 'getPromptForCommand' does not exist on type 'CommandBase & LocalCommand'.
src/skills/bundled/loop.test.ts(59,31): error TS2339: Property 'getPromptForCommand' does not exist on type 'Command'.
  Property 'getPromptForCommand' does not exist on type 'CommandBase & LocalCommand'.
src/skills/bundled/loop.test.ts(72,31): error TS2339: Property 'getPromptForCommand' does not exist on type 'Command'.
  Property 'getPromptForCommand' does not exist on type 'CommandBase & LocalCommand'.
src/skills/bundled/loop.test.ts(84,31): error TS2339: Property 'getPromptForCommand' does not exist on type 'Command'.
  Property 'getPromptForCommand' does not exist on type 'CommandBase & LocalCommand'.
src/skills/bundled/loop.test.ts(96,31): error TS2339: Property 'getPromptForCommand' does not exist on type 'Command'.
  Property 'getPromptForCommand' does not exist on type 'CommandBase & LocalCommand'.
src/skills/bundled/loop.test.ts(107,31): error TS2339: Property 'getPromptForCommand' does not exist on type 'Command'.
  Property 'getPromptForCommand' does not exist on type 'CommandBase & LocalCommand'.
src/skills/bundled/loop.test.ts(119,31): error TS2339: Property 'getPromptForCommand' does not exist on type 'Command'.
  Property 'getPromptForCommand' does not exist on type 'CommandBase & LocalCommand'.
src/skills/bundled/updateConfig.test.ts(17,31): error TS2339: Property 'getPromptForCommand' does not exist on type 'Command'.
  Property 'getPromptForCommand' does not exist on type 'CommandBase & LocalCommand'.
src/skills/bundled/verifyContent.ts(4,19): error TS2307: Cannot find module './verify/examples/cli.md' or its corresponding type declarations.
src/skills/bundled/verifyContent.ts(5,22): error TS2307: Cannot find module './verify/examples/server.md' or its corresponding type declarations.
src/skills/bundled/verifyContent.ts(6,21): error TS2307: Cannot find module './verify/SKILL.md' or its corresponding type declarations.
src/skills/mcpSkills.test.ts(94,25): error TS2339: Property 'hooks' does not exist on type 'Command'.
  Property 'hooks' does not exist on type 'CommandBase & LocalCommand'.
src/skills/mcpSkills.test.ts(102,25): error TS2339: Property 'allowedTools' does not exist on type 'Command'.
  Property 'allowedTools' does not exist on type 'CommandBase & LocalCommand'.
src/tasks/RemoteAgentTask/RemoteAgentTask.tsx(213,41): error TS2345: Argument of type 'unknown[]' is not assignable to parameter of type 'readonly { readonly type: string; }[]'.
  Type 'unknown' is not assignable to type '{ readonly type: string; }'.
src/tasks/RemoteAgentTask/RemoteAgentTask.tsx(268,41): error TS2345: Argument of type 'unknown[]' is not assignable to parameter of type 'readonly { readonly type: string; }[]'.
  Type 'unknown' is not assignable to type '{ readonly type: string; }'.
src/tasks/RemoteAgentTask/RemoteAgentTask.tsx(281,123): error TS2345: Argument of type 'unknown[]' is not assignable to parameter of type 'readonly { readonly type: string; }[]'.
  Type 'unknown' is not assignable to type '{ readonly type: string; }'.
src/tasks/RemoteAgentTask/RemoteAgentTask.tsx(309,41): error TS2345: Argument of type 'unknown[]' is not assignable to parameter of type 'readonly { readonly type: string; }[]'.
  Type 'unknown' is not assignable to type '{ readonly type: string; }'.
src/tasks/RemoteAgentTask/RemoteAgentTask.tsx(366,139): error TS18046: 'block' is of type 'unknown'.
src/tasks/RemoteAgentTask/RemoteAgentTask.tsx(366,168): error TS18046: 'block' is of type 'unknown'.
src/tasks/RemoteAgentTask/RemoteAgentTask.tsx(370,88): error TS18046: 'block' is of type 'unknown'.
src/tasks/RemoteAgentTask/RemoteAgentTask.tsx(370,117): error TS18046: 'block' is of type 'unknown'.
src/tasks/RemoteAgentTask/RemoteAgentTask.tsx(571,56): error TS18046: 'block' is of type 'unknown'.
src/tasks/RemoteAgentTask/RemoteAgentTask.tsx(571,102): error TS18046: 'block' is of type 'unknown'.
src/tasks/types.ts(8,45): error TS2307: Cannot find module './LocalWorkflowTask/LocalWorkflowTask.js' or its corresponding type declarations.
src/Tool.ts(53,3): error TS2305: Module '"./types/tools.js"' has no exported member 'REPLToolProgress'.
src/Tool.ts(55,3): error TS2305: Module '"./types/tools.js"' has no exported member 'TaskOutputProgress'.
src/Tool.ts(56,3): error TS2305: Module '"./types/tools.js"' has no exported member 'ToolProgressData'.
src/tools/AgentTool/AgentTool.tsx(537,117): error TS2349: This expression is not callable.
  Type '{}' has no call signatures.
src/tools/AgentTool/AgentTool.tsx(538,127): error TS2345: Argument of type 'unknown[]' is not assignable to parameter of type 'string[]'.
  Type 'unknown' is not assignable to type 'string'.
src/tools/AgentTool/AgentTool.tsx(550,117): error TS2349: This expression is not callable.
  Type '{}' has no call signatures.
src/tools/AgentTool/AgentTool.tsx(569,108): error TS2345: Argument of type 'unknown[]' is not assignable to parameter of type 'string[]'.
  Type 'unknown' is not assignable to type 'string'.
src/tools/AgentTool/loadAgentsDir.test.ts(122,19): error TS2554: Expected 1 arguments, but got 0.
src/tools/AgentTool/resumeAgent.ts(127,69): error TS2349: This expression is not callable.
  Type '{}' has no call signatures.
src/tools/AgentTool/resumeAgent.ts(132,9): error TS2345: Argument of type 'unknown[]' is not assignable to parameter of type 'string[]'.
  Type 'unknown' is not assignable to type 'string'.
src/tools/AgentTool/runAgent.ts(527,65): error TS2349: This expression is not callable.
  Type '{}' has no call signatures.
src/tools/AgentTool/runAgent.ts(537,11): error TS2345: Argument of type 'unknown[]' is not assignable to parameter of type 'string[]'.
  Type 'unknown' is not assignable to type 'string'.
src/tools/BashTool/bashPermissions.test.ts(80,17): error TS2339: Property 'message' does not exist on type 'PermissionResult'.
  Property 'message' does not exist on type 'PermissionAllowDecision<{ [key: string]: unknown; }>'.
src/tools/BashTool/bashPermissions.test.ts(81,17): error TS2339: Property 'message' does not exist on type 'PermissionResult'.
  Property 'message' does not exist on type 'PermissionAllowDecision<{ [key: string]: unknown; }>'.
src/tools/BashTool/prompt.ts(214,28): error TS2345: Argument of type 'string' is not assignable to parameter of type 'never'.
src/tools/BashTool/prompt.ts(217,28): error TS2345: Argument of type 'string' is not assignable to parameter of type 'never'.
src/tools/BashTool/prompt.ts(221,7): error TS2345: Argument of type 'string' is not assignable to parameter of type 'never'.
src/tools/BashTool/utils.test.ts(183,41): error TS2345: Argument of type '{ type: "image"; data: string; mimeType: string; }[]' is not assignable to parameter of type 'ContentBlockParam[]'.
  Type '{ type: "image"; data: string; mimeType: string; }' is not assignable to type 'ContentBlockParam'.
    Property 'source' is missing in type '{ type: "image"; data: string; mimeType: string; }' but required in type 'ImageBlockParam'.
src/tools/BashTool/utils.test.ts(193,41): error TS2345: Argument of type '({ type: "text"; text: string; data?: undefined; mimeType?: undefined; } | { type: "image"; data: string; mimeType: string; text?: undefined; })[]' is not assignable to parameter of type 'ContentBlockParam[]'.
  Type '{ type: "text"; text: string; data?: undefined; mimeType?: undefined; } | { type: "image"; data: string; mimeType: string; text?: undefined; }' is not assignable to type 'ContentBlockParam'.
    Type '{ type: "image"; data: string; mimeType: string; text?: undefined; }' is not assignable to type 'ContentBlockParam'.
      Property 'source' is missing in type '{ type: "image"; data: string; mimeType: string; text?: undefined; }' but required in type 'ImageBlockParam'.
src/tools/BriefTool/BriefTool.ts(97,11): error TS2554: Expected 2 arguments, but got 3.
src/tools/FileEditTool/UI.tsx(222,5): error TS2339: Property 'patch' does not exist on type 'unknown'.
src/tools/FileEditTool/UI.tsx(223,5): error TS2339: Property 'firstLine' does not exist on type 'unknown'.
src/tools/FileEditTool/UI.tsx(224,5): error TS2339: Property 'fileContent' does not exist on type 'unknown'.
src/tools/FileReadTool/FileReadTool.ts(1164,13): error TS2352: Conversion of type '{ default: typeof sharp; cache(options?: boolean | CacheOptions | undefined): CacheResult; concurrency(concurrency?: number | undefined): number; ... 12 more ...; bool: BoolEnum; }' to type '{ default?: { default: typeof sharp; cache(options?: boolean | CacheOptions | undefined): CacheResult; concurrency(concurrency?: number | undefined): number; ... 12 more ...; bool: BoolEnum; } | undefined; }' may be a mistake because neither type sufficiently overlaps with the other. If this was intentional, convert the expression to 'unknown' first.
  Types of property 'default' are incompatible.
    Property 'default' is missing in type 'typeof sharp' but required in type '{ default: typeof sharp; cache(options?: boolean | CacheOptions | undefined): CacheResult; concurrency(concurrency?: number | undefined): number; ... 12 more ...; bool: BoolEnum; }'.
src/tools/FileReadTool/FileReadTool.ts(1169,38): error TS2349: This expression is not callable.
  Type '{ default: typeof sharp; cache(options?: boolean | CacheOptions | undefined): CacheResult; concurrency(concurrency?: number | undefined): number; ... 12 more ...; bool: BoolEnum; }' has no call signatures.
src/tools/FileWriteTool/UI.tsx(282,7): error TS18046: 'data' is of type 'unknown'.
src/tools/FileWriteTool/UI.tsx(285,7): error TS18046: 'data' is of type 'unknown'.
src/tools/FileWriteTool/UI.tsx(296,16): error TS18046: 'data' is of type 'unknown'.
src/tools/FileWriteTool/UI.tsx(296,44): error TS18046: 'data' is of type 'unknown'.
src/tools/FileWriteTool/UI.tsx(297,89): error TS18046: 'data' is of type 'unknown'.
src/tools/FileWriteTool/UI.tsx(297,136): error TS18046: 'data' is of type 'unknown'.
src/tools/FileWriteTool/UI.tsx(298,12): error TS18046: 'data' is of type 'unknown'.
src/tools/FileWriteTool/UI.tsx(299,12): error TS18046: 'data' is of type 'unknown'.
src/tools/MCPTool/MCPTool.test.ts(11,26): error TS2722: Cannot invoke an object which is possibly 'undefined'.
src/tools/MCPTool/MCPTool.test.ts(11,26): error TS18048: 'tool.validateInput' is possibly 'undefined'.
src/tools/MCPTool/MCPTool.test.ts(27,25): error TS2722: Cannot invoke an object which is possibly 'undefined'.
src/tools/MCPTool/MCPTool.test.ts(27,25): error TS18048: 'tool.validateInput' is possibly 'undefined'.
src/tools/MCPTool/MCPTool.test.ts(31,27): error TS2722: Cannot invoke an object which is possibly 'undefined'.
src/tools/MCPTool/MCPTool.test.ts(31,27): error TS18048: 'tool.validateInput' is possibly 'undefined'.
src/tools/MCPTool/MCPTool.test.ts(46,26): error TS2722: Cannot invoke an object which is possibly 'undefined'.
src/tools/MCPTool/MCPTool.test.ts(46,26): error TS18048: 'tool.validateInput' is possibly 'undefined'.
src/tools/MCPTool/MCPTool.test.ts(55,26): error TS2722: Cannot invoke an object which is possibly 'undefined'.
src/tools/MCPTool/MCPTool.test.ts(55,26): error TS18048: 'tool.validateInput' is possibly 'undefined'.
src/tools/MCPTool/MCPTool.test.ts(65,26): error TS2722: Cannot invoke an object which is possibly 'undefined'.
src/tools/MCPTool/MCPTool.test.ts(65,26): error TS18048: 'tool.validateInput' is possibly 'undefined'.
src/tools/MCPTool/MCPTool.test.ts(87,36): error TS2769: No overload matches this call.
  Overload 1 of 2, '(expected: string | (TextBlockParam | ImageBlockParam | DocumentBlockParam | SearchResultBlockParam | ToolReferenceBlockParam)[] | undefined): void', gave the following error.
    Argument of type '{ type: string; text: string; }[]' is not assignable to parameter of type 'string | (TextBlockParam | ImageBlockParam | DocumentBlockParam | SearchResultBlockParam | ToolReferenceBlockParam)[] | undefined'.
      Type '{ type: string; text: string; }[]' is not assignable to type '(TextBlockParam | ImageBlockParam | DocumentBlockParam | SearchResultBlockParam | ToolReferenceBlockParam)[]'.
        Type '{ type: string; text: string; }' is not assignable to type 'TextBlockParam | ImageBlockParam | DocumentBlockParam | SearchResultBlockParam | ToolReferenceBlockParam'.
          Type '{ type: string; text: string; }' is not assignable to type 'TextBlockParam'.
            Types of property 'type' are incompatible.
              Type 'string' is not assignable to type '"text"'.
  Overload 2 of 2, '(expected: NoInfer<string | (TextBlockParam | ImageBlockParam | DocumentBlockParam | SearchResultBlockParam | ToolReferenceBlockParam)[] | undefined>): void', gave the following error.
    Argument of type '{ type: string; text: string; }[]' is not assignable to parameter of type 'string | (TextBlockParam | ImageBlockParam | DocumentBlockParam | SearchResultBlockParam | ToolReferenceBlockParam)[] | undefined'.
      Type '{ type: string; text: string; }[]' is not assignable to type '(TextBlockParam | ImageBlockParam | DocumentBlockParam | SearchResultBlockParam | ToolReferenceBlockParam)[]'.
        Type '{ type: string; text: string; }' is not assignable to type 'TextBlockParam | ImageBlockParam | DocumentBlockParam | SearchResultBlockParam | ToolReferenceBlockParam'.
          Type '{ type: string; text: string; }' is not assignable to type 'TextBlockParam'.
            Types of property 'type' are incompatible.
              Type 'string' is not assignable to type '"text"'.
src/tools/MCPTool/MCPTool.test.ts(109,12): error TS2722: Cannot invoke an object which is possibly 'undefined'.
src/tools/MCPTool/MCPTool.test.ts(113,12): error TS2722: Cannot invoke an object which is possibly 'undefined'.
src/tools/MCPTool/MCPTool.test.ts(117,12): error TS2722: Cannot invoke an object which is possibly 'undefined'.
src/tools/MCPTool/MCPTool.test.ts(121,12): error TS2722: Cannot invoke an object which is possibly 'undefined'.
src/tools/MCPTool/MCPTool.test.ts(125,12): error TS2722: Cannot invoke an object which is possibly 'undefined'.
src/tools/MCPTool/MCPTool.test.ts(129,12): error TS2722: Cannot invoke an object which is possibly 'undefined'.
src/tools/MCPTool/MCPTool.test.ts(130,12): error TS2722: Cannot invoke an object which is possibly 'undefined'.
src/tools/MCPTool/MCPTool.ts(119,3): error TS2322: Type '(output: MCPToolResult, _progressMessagesForMessage: any[], { verbose, input }: { verbose: boolean; input?: unknown; }) => ReactNode' is not assignable to type '(content: string | { type: string; text?: string | undefined; }[], progressMessagesForMessage: any[], options: { style?: "condensed" | undefined; theme: "light" | "dark" | "light-daltonized" | "dark-daltonized" | "light-ansi" | "dark-ansi"; ... 4 more ...; input?: unknown; }) => ReactNode'.
  Types of parameters 'output' and 'content' are incompatible.
    Type 'string | { type: string; text?: string | undefined; }[]' is not assignable to type 'MCPToolResult'.
      Type '{ type: string; text?: string | undefined; }[]' is not assignable to type 'MCPToolResult'.
        Type '{ type: string; text?: string | undefined; }[]' is not assignable to type 'ContentBlockParam[]'.
          Type '{ type: string; text?: string | undefined; }' is not assignable to type 'ContentBlockParam'.
            Type '{ type: string; text?: string | undefined; }' is not assignable to type 'TextBlockParam'.
              Types of property 'text' are incompatible.
                Type 'string | undefined' is not assignable to type 'string'.
                  Type 'undefined' is not assignable to type 'string'.
src/tools/MCPTool/MCPTool.ts(136,3): error TS2322: Type '(content: string | { type: string; text?: string | undefined; }[], toolUseID: string) => { tool_use_id: string; type: "tool_result"; content: string | { type: string; text?: string | undefined; }[]; }' is not assignable to type '(content: any, toolUseID: string) => ToolResultBlockParam'.
  Call signature return types '{ tool_use_id: string; type: "tool_result"; content: string | { type: string; text?: string | undefined; }[]; }' and 'ToolResultBlockParam' are incompatible.
    The types of 'content' are incompatible between these types.
      Type 'string | { type: string; text?: string | undefined; }[]' is not assignable to type 'string | (TextBlockParam | ImageBlockParam | DocumentBlockParam | SearchResultBlockParam | ToolReferenceBlockParam)[] | undefined'.
        Type '{ type: string; text?: string | undefined; }[]' is not assignable to type 'string | (TextBlockParam | ImageBlockParam | DocumentBlockParam | SearchResultBlockParam | ToolReferenceBlockParam)[] | undefined'.
          Type '{ type: string; text?: string | undefined; }[]' is not assignable to type '(TextBlockParam | ImageBlockParam | DocumentBlockParam | SearchResultBlockParam | ToolReferenceBlockParam)[]'.
            Type '{ type: string; text?: string | undefined; }' is not assignable to type 'TextBlockParam | ImageBlockParam | DocumentBlockParam | SearchResultBlockParam | ToolReferenceBlockParam'.
              Type '{ type: string; text?: string | undefined; }' is not assignable to type 'TextBlockParam'.
                Types of property 'text' are incompatible.
                  Type 'string | undefined' is not assignable to type 'string'.
                    Type 'undefined' is not assignable to type 'string'.
src/tools/MCPTool/MCPTool.ts(136,3): error TS2322: Type '(content: string | { type: string; text?: string | undefined; }[], toolUseID: string) => { tool_use_id: string; type: "tool_result"; content: string | { type: string; text?: string | undefined; }[]; }' is not assignable to type '(content: string | { type: string; text?: string | undefined; }[], toolUseID: string) => ToolResultBlockParam'.
  Call signature return types '{ tool_use_id: string; type: "tool_result"; content: string | { type: string; text?: string | undefined; }[]; }' and 'ToolResultBlockParam' are incompatible.
    The types of 'content' are incompatible between these types.
      Type 'string | { type: string; text?: string | undefined; }[]' is not assignable to type 'string | (TextBlockParam | ImageBlockParam | DocumentBlockParam | SearchResultBlockParam | ToolReferenceBlockParam)[] | undefined'.
        Type '{ type: string; text?: string | undefined; }[]' is not assignable to type 'string | (TextBlockParam | ImageBlockParam | DocumentBlockParam | SearchResultBlockParam | ToolReferenceBlockParam)[] | undefined'.
          Type '{ type: string; text?: string | undefined; }[]' is not assignable to type '(TextBlockParam | ImageBlockParam | DocumentBlockParam | SearchResultBlockParam | ToolReferenceBlockParam)[]'.
            Type '{ type: string; text?: string | undefined; }' is not assignable to type 'TextBlockParam | ImageBlockParam | DocumentBlockParam | SearchResultBlockParam | ToolReferenceBlockParam'.
              Type '{ type: string; text?: string | undefined; }' is not assignable to type 'TextBlockParam'.
                Types of property 'text' are incompatible.
                  Type 'string | undefined' is not assignable to type 'string'.
                    Type 'undefined' is not assignable to type 'string'.
src/tools/NotebookEditTool/NotebookEditTool.ts(9,52): error TS2307: Cannot find module '../../types/notebook.js' or its corresponding type declarations.
src/tools/NotebookEditTool/NotebookEditTool.ts(386,11): error TS2322: Type 'string' is not assignable to type 'undefined'.
src/tools/NotebookEditTool/NotebookEditTool.ts(388,11): error TS2322: Type 'string | undefined' is not assignable to type 'undefined'.
  Type 'string' is not assignable to type 'undefined'.
src/tools/ScheduleCronTool/prompt.ts(39,5): error TS2554: Expected 2 arguments, but got 3.
src/tools/ScheduleCronTool/prompt.ts(56,5): error TS2554: Expected 2 arguments, but got 3.
src/tools/SendMessageTool/SendMessageTool.ts(759,70): error TS2307: Cannot find module '../../bridge/peerSessions.js' or its corresponding type declarations.
src/tools/SendMessageTool/SendMessageTool.ts(778,66): error TS2307: Cannot find module '../../utils/udsClient.js' or its corresponding type declarations.
src/tools/SkillTool/SkillTool.ts(110,86): error TS2307: Cannot find module '../../services/skillSearch/remoteSkillState.js' or its corresponding type declarations.
src/tools/SkillTool/SkillTool.ts(111,87): error TS2307: Cannot find module '../../services/skillSearch/remoteSkillLoader.js' or its corresponding type declarations.
src/tools/SkillTool/SkillTool.ts(112,79): error TS2307: Cannot find module '../../services/skillSearch/telemetry.js' or its corresponding type declarations.
src/tools/SkillTool/SkillTool.ts(113,82): error TS2307: Cannot find module '../../services/skillSearch/featureCheck.js' or its corresponding type declarations.
src/tools/SyntheticOutputTool/SyntheticOutputTool.test.ts(45,42): error TS2554: Expected 4-5 arguments, but got 2.
src/tools/SyntheticOutputTool/SyntheticOutputTool.test.ts(49,23): error TS2339: Property 'structured_output' does not exist on type 'ToolResult<unknown>'.
src/tools/SyntheticOutputTool/SyntheticOutputTool.test.ts(58,42): error TS2554: Expected 4-5 arguments, but got 2.
src/tools/SyntheticOutputTool/SyntheticOutputTool.test.ts(62,23): error TS2339: Property 'structured_output' does not exist on type 'ToolResult<unknown>'.
src/tools/SyntheticOutputTool/SyntheticOutputTool.test.ts(70,42): error TS2554: Expected 4-5 arguments, but got 2.
src/tools/SyntheticOutputTool/SyntheticOutputTool.test.ts(74,23): error TS2339: Property 'structured_output' does not exist on type 'ToolResult<unknown>'.
src/tools/SyntheticOutputTool/SyntheticOutputTool.test.ts(81,19): error TS2554: Expected 4-5 arguments, but got 2.
src/tools/TaskOutputTool/TaskOutputTool.tsx(57,15): error TS2305: Module '"../../types/tools.js"' has no exported member 'TaskOutputProgress'.
src/tools/testing/TestingPermissionTool.tsx(28,12): error TS2367: This comparison appears to be unintentional because the types '"production"' and '"test"' have no overlap.
src/tools/ToolSearchTool/prompt.ts(17,65): error TS2307: Cannot find module '../SendUserFileTool/prompt.js' or its corresponding type declarations.
src/tools/WebFetchTool/utils.ts(339,61): error TS2339: Property 'entries' does not exist on type 'Headers'.
src/tools/WebFetchTool/utils.ts(506,27): error TS2345: Argument of type 'string | number | boolean | string[] | AxiosHeaders' is not assignable to parameter of type 'string'.
  Type 'number' is not assignable to type 'string'.
src/tools/WebFetchTool/utils.ts(508,58): error TS2345: Argument of type 'string | number | boolean | string[] | AxiosHeaders' is not assignable to parameter of type 'string | undefined'.
  Type 'number' is not assignable to type 'string'.
src/tools/WebFetchTool/utils.ts(520,19): error TS2339: Property 'includes' does not exist on type 'string | number | boolean | string[] | AxiosHeaders'.
  Property 'includes' does not exist on type 'number'.
src/tools/WebFetchTool/utils.ts(539,5): error TS2322: Type 'string | number | boolean | string[] | AxiosHeaders' is not assignable to type 'string'.
  Type 'number' is not assignable to type 'string'.
src/tools/WebSearchTool/providers/firecrawl.ts(30,28): error TS2345: Argument of type '(r: { url: string; title?: string; description?: string; }) => { title: string; url: string; description: string | undefined; }' is not assignable to parameter of type '(value: Document | SearchResultWeb, index: number, array: (Document | SearchResultWeb)[]) => { title: string; url: string; description: string | undefined; }'.
  Types of parameters 'r' and 'value' are incompatible.
    Type 'Document | SearchResultWeb' is not assignable to type '{ url: string; title?: string | undefined; description?: string | undefined; }'.
      Property 'url' is missing in type 'Document' but required in type '{ url: string; title?: string | undefined; description?: string | undefined; }'.
src/tools/WebSearchTool/WebSearchTool.ts(248,22): error TS2339: Property 'url' does not exist on type '{}'.
src/tools/WebSearchTool/WebSearchTool.ts(248,50): error TS2339: Property 'url' does not exist on type '{}'.
src/tools/WebSearchTool/WebSearchTool.ts(249,24): error TS2339: Property 'url' does not exist on type '{}'.
src/tools/WebSearchTool/WebSearchTool.ts(251,21): error TS2339: Property 'title' does not exist on type '{}'.
src/tools/WebSearchTool/WebSearchTool.ts(251,50): error TS2339: Property 'title' does not exist on type '{}'.
src/tools/WebSearchTool/WebSearchTool.ts(252,18): error TS2339: Property 'title' does not exist on type '{}'.
src/tools/WebSearchTool/WebSearchTool.ts(253,18): error TS2339: Property 'url' does not exist on type '{}'.
src/tools/WebSearchTool/WebSearchTool.ts(254,17): error TS2339: Property 'url' does not exist on type '{}'.
src/types/hooks.ts(199,3): error TS2344: Type 'false' does not satisfy the constraint 'true'.
src/upstreamproxy/relay.ts(266,31): error TS2345: Argument of type 'string | NonSharedBuffer' is not assignable to parameter of type 'Buffer<ArrayBufferLike>'.
  Type 'string' is not assignable to type 'Buffer<ArrayBufferLike>'.
src/utils/apiPreconnect.test.ts(37,24): error TS2352: Conversion of type 'Mock<() => Promise<Response>>' to type 'typeof fetch' may be a mistake because neither type sufficiently overlaps with the other. If this was intentional, convert the expression to 'unknown' first.
  Property 'preconnect' is missing in type 'Mock<() => Promise<Response>>' but required in type 'typeof fetch'.
src/utils/apiPreconnect.test.ts(47,24): error TS2352: Conversion of type 'Mock<() => Promise<Response>>' to type 'typeof fetch' may be a mistake because neither type sufficiently overlaps with the other. If this was intentional, convert the expression to 'unknown' first.
  Property 'preconnect' is missing in type 'Mock<() => Promise<Response>>' but required in type 'typeof fetch'.
src/utils/apiPreconnect.test.ts(57,24): error TS2352: Conversion of type 'Mock<() => Promise<Response>>' to type 'typeof fetch' may be a mistake because neither type sufficiently overlaps with the other. If this was intentional, convert the expression to 'unknown' first.
  Property 'preconnect' is missing in type 'Mock<() => Promise<Response>>' but required in type 'typeof fetch'.
src/utils/apiPreconnect.test.ts(93,24): error TS2352: Conversion of type 'Mock<() => Promise<Response>>' to type 'typeof fetch' may be a mistake because neither type sufficiently overlaps with the other. If this was intentional, convert the expression to 'unknown' first.
  Property 'preconnect' is missing in type 'Mock<() => Promise<Response>>' but required in type 'typeof fetch'.
src/utils/attachments.ts(88,38): error TS2307: Cannot find module '../services/skillSearch/signals.js' or its corresponding type declarations.
src/utils/attachments.ts(98,77): error TS2307: Cannot find module '../services/skillSearch/featureCheck.js' or its corresponding type declarations.
src/utils/attachments.ts(207,85): error TS2307: Cannot find module '../services/sessionTranscript/sessionTranscript.js' or its corresponding type declarations.
src/utils/attachments.ts(807,45): error TS2339: Property 'getTurnZeroSkillDiscovery' does not exist on type 'typeof import("D:/OpenClaude/openclaude-cli/src/services/skillSearch/prefetch")'.
src/utils/attachments.ts(999,3): error TS2322: Type '{}[]' is not assignable to type 'Attachment[]'.
  Type '{}' is not assignable to type 'Attachment'.
src/utils/attachments.ts(3991,33): error TS2339: Property 'shouldNudgeForSnips' does not exist on type 'typeof import("D:/OpenClaude/openclaude-cli/src/services/compact/snipCompact")'.
src/utils/attribution.ts(450,46): error TS2307: Cannot find module './attributionTrailer.js' or its corresponding type declarations.
src/utils/attributionHooks.ts(3,7): error TS2322: Type '() => Promise<{}>' is not assignable to type 'HookCallback'.
src/utils/auth.ts(1311,36): error TS2339: Property 'claudeAiOauth' does not exist on type 'SecureStorageData'.
src/utils/auth.ts(1435,36): error TS2339: Property 'claudeAiOauth' does not exist on type 'SecureStorageData'.
src/utils/betas.ts(241,22): error TS2345: Argument of type '"claude-code-20250219"' is not assignable to parameter of type 'never'.
src/utils/betas.ts(247,26): error TS2345: Argument of type '"cli-internal-2026-02-09"' is not assignable to parameter of type 'never'.
src/utils/betas.ts(252,22): error TS2345: Argument of type '"oauth-2025-04-20"' is not assignable to parameter of type 'never'.
src/utils/betas.ts(255,22): error TS2345: Argument of type '"context-1m-2025-08-07"' is not assignable to parameter of type 'never'.
src/utils/betas.ts(261,22): error TS2345: Argument of type '"interleaved-thinking-2025-05-14"' is not assignable to parameter of type 'never'.
src/utils/betas.ts(276,22): error TS2345: Argument of type '"redact-thinking-2026-02-12"' is not assignable to parameter of type 'never'.
src/utils/betas.ts(297,22): error TS2345: Argument of type '"summarize-connector-text-2026-03-13"' is not assignable to parameter of type 'never'.
src/utils/betas.ts(311,22): error TS2345: Argument of type '"context-management-2025-06-27"' is not assignable to parameter of type 'never'.
src/utils/betas.ts(331,22): error TS2345: Argument of type '"structured-outputs-2025-12-15"' is not assignable to parameter of type 'never'.
src/utils/betas.ts(342,22): error TS2345: Argument of type '"token-efficient-tools-2026-03-28"' is not assignable to parameter of type 'never'.
src/utils/betas.ts(347,22): error TS2345: Argument of type '"web-search-2025-03-05"' is not assignable to parameter of type 'never'.
src/utils/betas.ts(351,22): error TS2345: Argument of type '"web-search-2025-03-05"' is not assignable to parameter of type 'never'.
src/utils/betas.ts(356,22): error TS2345: Argument of type '"prompt-caching-scope-2026-01-05"' is not assignable to parameter of type 'never'.
src/utils/betas.ts(363,7): error TS2345: Argument of type 'string' is not assignable to parameter of type 'never'.
src/utils/claudeInChrome/mcpServer.ts(6,8): error TS2307: Cannot find module '@ant/claude-for-chrome-mcp' or its corresponding type declarations.
src/utils/claudeInChrome/setup.ts(1,31): error TS2307: Cannot find module '@ant/claude-for-chrome-mcp' or its corresponding type declarations.
src/utils/claudeInChrome/setupPortable.ts(166,7): error TS2322: Type 'Dirent<string>[]' is not assignable to type 'never[]'.
  Type 'Dirent<string>' is not assignable to type 'never'.
src/utils/claudeInChrome/setupPortable.ts(176,30): error TS2339: Property 'isDirectory' does not exist on type 'never'.
src/utils/claudeInChrome/setupPortable.ts(178,24): error TS2339: Property 'name' does not exist on type 'never'.
src/utils/claudeInChrome/setupPortable.ts(178,52): error TS2339: Property 'name' does not exist on type 'never'.
src/utils/claudeInChrome/setupPortable.ts(180,27): error TS2339: Property 'name' does not exist on type 'never'.
src/utils/cleanup.ts(465,34): error TS2307: Cannot find module 'cacache' or its corresponding type declarations.
src/utils/codexCredentials.test.ts(88,5): error TS2578: Unused '@ts-expect-error' directive.
src/utils/codexCredentials.test.ts(90,7): error TS2307: Cannot find module './codexCredentials.js?save-bare-mode' or its corresponding type declarations.
src/utils/codexCredentials.test.ts(126,5): error TS2578: Unused '@ts-expect-error' directive.
src/utils/codexCredentials.test.ts(128,7): error TS2307: Cannot find module './codexCredentials.js?save-plaintext-fallback' or its corresponding type declarations.
src/utils/codexCredentials.test.ts(192,5): error TS2578: Unused '@ts-expect-error' directive.
src/utils/codexCredentials.test.ts(194,7): error TS2307: Cannot find module './codexCredentials.js?save-scoped-plaintext-fallback' or its corresponding type declarations.
src/utils/codexCredentials.test.ts(252,5): error TS2578: Unused '@ts-expect-error' directive.
src/utils/codexCredentials.test.ts(254,7): error TS2307: Cannot find module './codexCredentials.js?save-fail-closed-shadowed-fallback' or its corresponding type declarations.
src/utils/codexCredentials.test.ts(296,5): error TS2578: Unused '@ts-expect-error' directive.
src/utils/codexCredentials.test.ts(298,7): error TS2307: Cannot find module './codexCredentials.js?save-fail-closed-stale-native-delete' or its corresponding type declarations.
src/utils/codexCredentials.test.ts(350,5): error TS2578: Unused '@ts-expect-error' directive.
src/utils/codexCredentials.test.ts(352,7): error TS2307: Cannot find module './codexCredentials.js?save-native-success-plaintext-cleanup-fails' or its corresponding type declarations.
src/utils/codexCredentials.test.ts(387,5): error TS2578: Unused '@ts-expect-error' directive.
src/utils/codexCredentials.test.ts(389,7): error TS2307: Cannot find module './codexCredentials.js?save-incomplete' or its corresponding type declarations.
src/utils/codexCredentials.test.ts(483,5): error TS2578: Unused '@ts-expect-error' directive.
src/utils/codexCredentials.test.ts(485,20): error TS2307: Cannot find module './codexCredentials.js?refresh-success' or its corresponding type declarations.
src/utils/codexCredentials.test.ts(544,5): error TS2578: Unused '@ts-expect-error' directive.
src/utils/codexCredentials.test.ts(546,20): error TS2307: Cannot find module './codexCredentials.js?refresh-cooldown' or its corresponding type declarations.
src/utils/codexCredentials.test.ts(631,5): error TS2578: Unused '@ts-expect-error' directive.
src/utils/codexCredentials.test.ts(633,20): error TS2307: Cannot find module './codexCredentials.js?refresh-drop-stale-api-key' or its corresponding type declarations.
src/utils/codexCredentials.test.ts(728,5): error TS2578: Unused '@ts-expect-error' directive.
src/utils/codexCredentials.test.ts(730,7): error TS2307: Cannot find module './codexCredentials.js?refresh-dedupe' or its corresponding type declarations.
src/utils/codexCredentials.test.ts(771,5): error TS2578: Unused '@ts-expect-error' directive.
src/utils/codexCredentials.test.ts(773,7): error TS2307: Cannot find module './codexCredentials.js?preserve-profile-id' or its corresponding type declarations.
src/utils/codexCredentials.test.ts(808,5): error TS2578: Unused '@ts-expect-error' directive.
src/utils/codexCredentials.test.ts(812,22): error TS2307: Cannot find module './codexCredentials.js?attach-profile-id' or its corresponding type declarations.
src/utils/codexCredentials.test.ts(855,5): error TS2578: Unused '@ts-expect-error' directive.
src/utils/codexCredentials.test.ts(857,7): error TS2307: Cannot find module './codexCredentials.js?clear-scoped-plaintext-fallback' or its corresponding type declarations.
src/utils/codexCredentials.test.ts(900,5): error TS2578: Unused '@ts-expect-error' directive.
src/utils/codexCredentials.test.ts(902,7): error TS2307: Cannot find module './codexCredentials.js?refresh-async-read' or its corresponding type declarations.
src/utils/codexCredentials.test.ts(958,5): error TS2578: Unused '@ts-expect-error' directive.
src/utils/codexCredentials.test.ts(960,7): error TS2307: Cannot find module './codexCredentials.js?refresh-memory-cooldown' or its corresponding type declarations.
src/utils/collapseReadSearch.ts(39,63): error TS2307: Cannot find module '../tools/SnipTool/prompt.js' or its corresponding type declarations.
src/utils/collapseReadSearch.ts(899,37): error TS2339: Property 'hookCount' does not exist on type 'never'.
src/utils/collapseReadSearch.ts(901,13): error TS2339: Property 'totalDurationMs' does not exist on type 'never'.
src/utils/collapseReadSearch.ts(902,13): error TS2339: Property 'hookInfos' does not exist on type 'never'.
src/utils/collapseReadSearch.ts(903,42): error TS2339: Property 'hookInfos' does not exist on type 'never'.
src/utils/collapseReadSearch.ts(906,11): error TS2339: Property 'type' does not exist on type 'never'.
src/utils/collapseReadSearch.ts(907,11): error TS2339: Property 'attachment' does not exist on type 'never'.
src/utils/collapseReadSearch.ts(917,49): error TS2339: Property 'attachment' does not exist on type 'never'.
src/utils/collapseReadSearch.ts(927,15): error TS2339: Property 'type' does not exist on type 'never'.
src/utils/collapseReadSearch.ts(927,44): error TS2339: Property 'attachment' does not exist on type 'never'.
src/utils/computerUse/executor.ts(38,8): error TS2307: Cannot find module '@ant/computer-use-mcp' or its corresponding type declarations.
src/utils/computerUse/executor.ts(40,52): error TS2307: Cannot find module '@ant/computer-use-mcp' or its corresponding type declarations.
src/utils/computerUse/gates.ts(1,49): error TS2307: Cannot find module '@ant/computer-use-mcp/types' or its corresponding type declarations.
src/utils/computerUse/hostAdapter.ts(4,8): error TS2307: Cannot find module '@ant/computer-use-mcp/types' or its corresponding type declarations.
src/utils/computerUse/inputLoader.ts(4,8): error TS2307: Cannot find module '@ant/computer-use-input' or its corresponding type declarations.
src/utils/computerUse/mcpServer.ts(4,8): error TS2307: Cannot find module '@ant/computer-use-mcp' or its corresponding type declarations.
src/utils/computerUse/setup.ts(1,39): error TS2307: Cannot find module '@ant/computer-use-mcp' or its corresponding type declarations.
src/utils/computerUse/swiftLoader.ts(1,37): error TS2307: Cannot find module '@ant/computer-use-swift' or its corresponding type declarations.
src/utils/computerUse/wrapper.tsx(19,186): error TS2307: Cannot find module '@ant/computer-use-mcp' or its corresponding type declarations.
src/utils/computerUse/wrapper.tsx(90,81): error TS18048: 'prevApps' is possibly 'undefined'.
src/utils/computerUse/wrapper.tsx(122,44): error TS18048: 'cu' is possibly 'undefined'.
src/utils/computerUse/wrapper.tsx(122,71): error TS18048: 'cu' is possibly 'undefined'.
src/utils/context.ts(137,22): error TS2304: Cannot find name 'resolveAntModel'.
src/utils/context.ts(202,22): error TS2304: Cannot find name 'resolveAntModel'.
src/utils/conversationRecovery.ts(76,71): error TS2307: Cannot find module '../tools/SendUserFileTool/prompt.js' or its corresponding type declarations.
src/utils/conversationRecovery.ts(292,7): error TS2322: Type 'LegacyAPIProvider' is not assignable to type '"firstParty" | "bedrock" | "vertex" | "foundry" | "github" | "codex" | "mistral" | "gemini" | "minimax" | "openai" | "nvidia-nim" | undefined'.
  Type '"xai"' is not assignable to type '"firstParty" | "bedrock" | "vertex" | "foundry" | "github" | "codex" | "mistral" | "gemini" | "minimax" | "openai" | "nvidia-nim" | undefined'.
src/utils/conversationRecovery.ts(597,56): error TS2307: Cannot find module './udsClient.js' or its corresponding type declarations.
src/utils/cronJitterConfig.ts(71,5): error TS2554: Expected 2 arguments, but got 3.
src/utils/deepLink/protocolHandler.ts(95,46): error TS2307: Cannot find module 'url-handler-napi' or its corresponding type declarations.
src/utils/dxt/helpers.ts(16,11): error TS2339: Property 'McpbManifestSchema' does not exist on type 'typeof import("D:/OpenClaude/node_modules/@anthropic-ai/mcpb/dist/index")'.
src/utils/dxt/helpers.ts(23,47): error TS2339: Property 'join' does not exist on type '{}'.
src/utils/effort.ts(73,42): error TS2304: Cannot find name 'resolveAntModel'.
src/utils/effort.ts(161,7): error TS2367: This comparison appears to be unintentional because the types 'number | undefined' and 'string' have no overlap.
src/utils/effort.ts(351,20): error TS2304: Cannot find name 'getAntModelOverrideConfig'.
src/utils/effort.ts(358,22): error TS2304: Cannot find name 'resolveAntModel'.
src/utils/env.ts(104,61): error TS2345: Argument of type '"npm"' is not assignable to parameter of type 'never'.
src/utils/env.ts(105,62): error TS2345: Argument of type '"yarn"' is not assignable to parameter of type 'never'.
src/utils/env.ts(106,62): error TS2345: Argument of type '"pnpm"' is not assignable to parameter of type 'never'.
src/utils/env.ts(114,54): error TS2345: Argument of type '"bun"' is not assignable to parameter of type 'never'.
src/utils/env.ts(115,55): error TS2345: Argument of type '"deno"' is not assignable to parameter of type 'never'.
src/utils/env.ts(116,55): error TS2345: Argument of type '"node"' is not assignable to parameter of type 'never'.
src/utils/envUtils.ts(332,7): error TS2551: Property 'checkProtectedNamespace' does not exist on type 'typeof import("D:/OpenClaude/openclaude-cli/src/utils/protectedNamespace")'. Did you mean 'isProtectedNamespace'?
src/utils/execFileNoThrowPortable.ts(72,20): error TS2769: No overload matches this call.
  Overload 1 of 4, '(templateString_0: TemplateStringsArray, ...templateString: TemplateExpression[]): SyncResult<{}>', gave the following error.
    Argument of type 'string' is not assignable to parameter of type 'TemplateStringsArray'.
  Overload 2 of 4, '(file: string | URL, arguments?: readonly string[] | undefined, options?: {} | undefined): SyncResult<{}>', gave the following error.
    Object literal may only specify known properties, and 'env' does not exist in type 'readonly string[]'.
  Overload 3 of 4, '(file: string | URL, options?: SyncOptions | undefined): SyncResult<SyncOptions>', gave the following error.
    Type '"pipe" | "ignore" | "inherit" | "overlapped" | readonly [StdinOptionCommon<false, false>, StdoutStderrOptionCommon<false, false>, StdoutStderrOptionCommon<...>, ...StdioExtraOptionCommon<...>[]]' is not assignable to type 'StdioOptionsProperty<true>'.
      Type '"overlapped"' is not assignable to type 'StdioOptionsProperty<true>'.
src/utils/githubModelsCredentials.hydrate.test.ts(56,7): error TS2307: Cannot find module './githubModelsCredentials.js?hydrate=sets-token' or its corresponding type declarations.
src/utils/githubModelsCredentials.hydrate.test.ts(59,43): error TS2769: No overload matches this call.
  Overload 1 of 2, '(expected: undefined): void', gave the following error.
    Argument of type '"stored-secret"' is not assignable to parameter of type 'undefined'.
  Overload 2 of 2, '(expected: undefined): void', gave the following error.
    Argument of type '"stored-secret"' is not assignable to parameter of type 'undefined'.
src/utils/githubModelsCredentials.hydrate.test.ts(77,7): error TS2307: Cannot find module './githubModelsCredentials.js?hydrate=preserve-existing' or its corresponding type declarations.
src/utils/githubModelsCredentials.refresh.test.ts(84,38): error TS2339: Property 'startsWith' does not exist on type 'never'.
src/utils/githubModelsCredentials.refresh.test.ts(132,38): error TS2339: Property 'startsWith' does not exist on type 'never'.
src/utils/githubModelsCredentials.test.ts(28,7): error TS2307: Cannot find module './githubModelsCredentials.js?read-bare-mode' or its corresponding type declarations.
src/utils/githubModelsCredentials.test.ts(39,7): error TS2307: Cannot find module './githubModelsCredentials.js?save-bare-mode' or its corresponding type declarations.
src/utils/githubModelsCredentials.test.ts(50,7): error TS2307: Cannot find module './githubModelsCredentials.js?clear-bare-mode' or its corresponding type declarations.
src/utils/groupToolUses.ts(37,11): error TS2339: Property 'type' does not exist on type 'never'.
src/utils/groupToolUses.ts(37,39): error TS2339: Property 'message' does not exist on type 'never'.
src/utils/groupToolUses.ts(38,25): error TS2339: Property 'message' does not exist on type 'never'.
src/utils/groupToolUses.ts(40,22): error TS2339: Property 'message' does not exist on type 'never'.
src/utils/groupToolUses.ts(94,37): error TS2345: Argument of type 'any' is not assignable to parameter of type 'never'.
src/utils/groupToolUses.ts(107,13): error TS2339: Property 'type' does not exist on type 'never'.
src/utils/groupToolUses.ts(108,33): error TS2339: Property 'message' does not exist on type 'never'.
src/utils/groupToolUses.ts(164,13): error TS2339: Property 'type' does not exist on type 'never'.
src/utils/groupToolUses.ts(165,31): error TS2339: Property 'message' does not exist on type 'never'.
src/utils/hooks.ts(111,45): error TS2307: Cannot find module '../types/statusLine.js' or its corresponding type declarations.
src/utils/hooks.ts(113,49): error TS2307: Cannot find module '../types/fileSuggestion.js' or its corresponding type declarations.
src/utils/hooks.ts(564,14): error TS2322: Type '{ continue?: boolean | undefined; suppressOutput?: boolean | undefined; stopReason?: string | undefined; decision?: "approve" | "block" | undefined; reason?: string | undefined; systemMessage?: string | undefined; hookSpecificOutput?: { ...; } | ... 14 more ... | undefined; } | { ...; }' is not assignable to type 'HookJSONOutput'.
  Type '{ continue?: boolean | undefined; suppressOutput?: boolean | undefined; stopReason?: string | undefined; decision?: "approve" | "block" | undefined; reason?: string | undefined; systemMessage?: string | undefined; hookSpecificOutput?: { ...; } | ... 14 more ... | undefined; }' is not assignable to type 'HookJSONOutput'.
    Type '{ continue?: boolean | undefined; suppressOutput?: boolean | undefined; stopReason?: string | undefined; decision?: "approve" | "block" | undefined; reason?: string | undefined; systemMessage?: string | undefined; hookSpecificOutput?: { ...; } | ... 14 more ... | undefined; }' is not assignable to type '{ continue?: boolean | undefined; suppressOutput?: boolean | undefined; stopReason?: string | undefined; decision?: "approve" | "block" | undefined; systemMessage?: string | undefined; reason?: string | undefined; hookSpecificOutput?: { ...; } | ... 14 more ... | undefined; }'.
      Types of property 'hookSpecificOutput' are incompatible.
        Type '{ hookEventName: "PreToolUse"; permissionDecision?: "allow" | "deny" | "ask" | undefined; permissionDecisionReason?: string | undefined; updatedInput?: Record<string, unknown> | undefined; additionalContext?: string | undefined; } | ... 14 more ... | undefined' is not assignable to type '{ hookEventName: "PreToolUse"; permissionDecision?: "allow" | "deny" | "ask" | undefined; permissionDecisionReason?: string | undefined; updatedInput?: Record<string, unknown> | undefined; additionalContext?: string | undefined; } | ... 14 more ... | undefined'. Two different types with this name exist, but they are unrelated.
          Type '{ hookEventName: "PermissionRequest"; decision: { behavior: "allow"; updatedInput?: Record<string, unknown> | undefined; updatedPermissions?: ({ type: "addRules"; rules: { toolName: string; ruleContent?: string | undefined; }[]; behavior: "allow" | ... 1 more ... | "ask"; destination: "userSettings" | ... 3 more ......' is not assignable to type '{ hookEventName: "PreToolUse"; permissionDecision?: "allow" | "deny" | "ask" | undefined; permissionDecisionReason?: string | undefined; updatedInput?: Record<string, unknown> | undefined; additionalContext?: string | undefined; } | ... 14 more ... | undefined'.
            Type '{ hookEventName: "PermissionRequest"; decision: { behavior: "allow"; updatedInput?: Record<string, unknown> | undefined; updatedPermissions?: ({ type: "addRules"; rules: { toolName: string; ruleContent?: string | undefined; }[]; behavior: "allow" | ... 1 more ... | "ask"; destination: "userSettings" | ... 3 more ......' is not assignable to type '{ hookEventName: "PermissionRequest"; decision: { behavior: "allow"; updatedInput?: Record<string, unknown> | undefined; updatedPermissions?: { type: "addRules"; rules: { toolName: string; ruleContent?: string | undefined; }[]; behavior: "allow" | ... 1 more ... | "ask"; destination: "userSettings" | ... 3 more ... ...'.
              Types of property 'decision' are incompatible.
                Type '{ behavior: "allow"; updatedInput?: Record<string, unknown> | undefined; updatedPermissions?: ({ type: "addRules"; rules: { toolName: string; ruleContent?: string | undefined; }[]; behavior: "allow" | ... 1 more ... | "ask"; destination: "userSettings" | ... 3 more ... | "cliArg"; } | ... 4 more ... | { ...; })[] | ...' is not assignable to type '{ behavior: "allow"; updatedInput?: Record<string, unknown> | undefined; updatedPermissions?: { type: "addRules"; rules: { toolName: string; ruleContent?: string | undefined; }[]; behavior: "allow" | ... 1 more ... | "ask"; destination: "userSettings" | ... 3 more ... | "cliArg"; } | ... 5 more ... | undefined; } | ...'.
                  Type '{ behavior: "allow"; updatedInput?: Record<string, unknown> | undefined; updatedPermissions?: ({ type: "addRules"; rules: { toolName: string; ruleContent?: string | undefined; }[]; behavior: "allow" | ... 1 more ... | "ask"; destination: "userSettings" | ... 3 more ... | "cliArg"; } | ... 4 more ... | { ...; })[] | ...' is not assignable to type '{ behavior: "allow"; updatedInput?: Record<string, unknown> | undefined; updatedPermissions?: { type: "addRules"; rules: { toolName: string; ruleContent?: string | undefined; }[]; behavior: "allow" | ... 1 more ... | "ask"; destination: "userSettings" | ... 3 more ... | "cliArg"; } | ... 5 more ... | undefined; } | ...'.
                    Type '{ behavior: "allow"; updatedInput?: Record<string, unknown> | undefined; updatedPermissions?: ({ type: "addRules"; rules: { toolName: string; ruleContent?: string | undefined; }[]; behavior: "allow" | ... 1 more ... | "ask"; destination: "userSettings" | ... 3 more ... | "cliArg"; } | ... 4 more ... | { ...; })[] | ...' is not assignable to type '{ behavior: "allow"; updatedInput?: Record<string, unknown> | undefined; updatedPermissions?: { type: "addRules"; rules: { toolName: string; ruleContent?: string | undefined; }[]; behavior: "allow" | ... 1 more ... | "ask"; destination: "userSettings" | ... 3 more ... | "cliArg"; } | ... 5 more ... | undefined; }'.
                      Types of property 'updatedPermissions' are incompatible.
                        Type '({ type: "addRules"; rules: { toolName: string; ruleContent?: string | undefined; }[]; behavior: "allow" | "deny" | "ask"; destination: "userSettings" | "projectSettings" | "localSettings" | "session" | "cliArg"; } | ... 4 more ... | { ...; })[] | undefined' is not assignable to type '{ type: "addRules"; rules: { toolName: string; ruleContent?: string | undefined; }[]; behavior: "allow" | "deny" | "ask"; destination: "userSettings" | "projectSettings" | "localSettings" | "session" | "cliArg"; } | ... 5 more ... | undefined'.
                          Type '({ type: "addRules"; rules: { toolName: string; ruleContent?: string | undefined; }[]; behavior: "allow" | "deny" | "ask"; destination: "userSettings" | "projectSettings" | "localSettings" | "session" | "cliArg"; } | ... 4 more ... | { ...; })[]' is not assignable to type '{ type: "addRules"; rules: { toolName: string; ruleContent?: string | undefined; }[]; behavior: "allow" | "deny" | "ask"; destination: "userSettings" | "projectSettings" | "localSettings" | "session" | "cliArg"; } | ... 5 more ... | undefined'.
                            Type '({ type: "addRules"; rules: { toolName: string; ruleContent?: string | undefined; }[]; behavior: "allow" | "deny" | "ask"; destination: "userSettings" | "projectSettings" | "localSettings" | "session" | "cliArg"; } | ... 4 more ... | { ...; })[]' is not assignable to type '{ type: "removeDirectories"; directories: string[]; destination: "userSettings" | "projectSettings" | "localSettings" | "session" | "cliArg"; }[]'.
                              Type '{ type: "addRules"; rules: { toolName: string; ruleContent?: string | undefined; }[]; behavior: "allow" | "deny" | "ask"; destination: "userSettings" | "projectSettings" | "localSettings" | "session" | "cliArg"; } | ... 4 more ... | { ...; }' is not assignable to type '{ type: "removeDirectories"; directories: string[]; destination: "userSettings" | "projectSettings" | "localSettings" | "session" | "cliArg"; }'.
                                Property 'directories' is missing in type '{ type: "addRules"; rules: { toolName: string; ruleContent?: string | undefined; }[]; behavior: "allow" | "deny" | "ask"; destination: "userSettings" | "projectSettings" | "localSettings" | "session" | "cliArg"; }' but required in type '{ type: "removeDirectories"; directories: string[]; destination: "userSettings" | "projectSettings" | "localSettings" | "session" | "cliArg"; }'.
src/utils/hooks.ts(640,16): error TS2322: Type '{ continue?: boolean | undefined; suppressOutput?: boolean | undefined; stopReason?: string | undefined; decision?: "approve" | "block" | undefined; reason?: string | undefined; systemMessage?: string | undefined; hookSpecificOutput?: { ...; } | ... 14 more ... | undefined; } | { ...; }' is not assignable to type 'HookJSONOutput | undefined'.
  Type '{ continue?: boolean | undefined; suppressOutput?: boolean | undefined; stopReason?: string | undefined; decision?: "approve" | "block" | undefined; reason?: string | undefined; systemMessage?: string | undefined; hookSpecificOutput?: { ...; } | ... 14 more ... | undefined; }' is not assignable to type 'HookJSONOutput | undefined'.
    Type '{ continue?: boolean | undefined; suppressOutput?: boolean | undefined; stopReason?: string | undefined; decision?: "approve" | "block" | undefined; reason?: string | undefined; systemMessage?: string | undefined; hookSpecificOutput?: { ...; } | ... 14 more ... | undefined; }' is not assignable to type '{ continue?: boolean | undefined; suppressOutput?: boolean | undefined; stopReason?: string | undefined; decision?: "approve" | "block" | undefined; systemMessage?: string | undefined; reason?: string | undefined; hookSpecificOutput?: { ...; } | ... 14 more ... | undefined; }'.
      Types of property 'hookSpecificOutput' are incompatible.
        Type '{ hookEventName: "PreToolUse"; permissionDecision?: "allow" | "deny" | "ask" | undefined; permissionDecisionReason?: string | undefined; updatedInput?: Record<string, unknown> | undefined; additionalContext?: string | undefined; } | ... 14 more ... | undefined' is not assignable to type '{ hookEventName: "PreToolUse"; permissionDecision?: "allow" | "deny" | "ask" | undefined; permissionDecisionReason?: string | undefined; updatedInput?: Record<string, unknown> | undefined; additionalContext?: string | undefined; } | ... 14 more ... | undefined'. Two different types with this name exist, but they are unrelated.
          Type '{ hookEventName: "PermissionRequest"; decision: { behavior: "allow"; updatedInput?: Record<string, unknown> | undefined; updatedPermissions?: ({ type: "addRules"; rules: { toolName: string; ruleContent?: string | undefined; }[]; behavior: "allow" | ... 1 more ... | "ask"; destination: "userSettings" | ... 3 more ......' is not assignable to type '{ hookEventName: "PreToolUse"; permissionDecision?: "allow" | "deny" | "ask" | undefined; permissionDecisionReason?: string | undefined; updatedInput?: Record<string, unknown> | undefined; additionalContext?: string | undefined; } | ... 14 more ... | undefined'.
            Type '{ hookEventName: "PermissionRequest"; decision: { behavior: "allow"; updatedInput?: Record<string, unknown> | undefined; updatedPermissions?: ({ type: "addRules"; rules: { toolName: string; ruleContent?: string | undefined; }[]; behavior: "allow" | ... 1 more ... | "ask"; destination: "userSettings" | ... 3 more ......' is not assignable to type '{ hookEventName: "PermissionRequest"; decision: { behavior: "allow"; updatedInput?: Record<string, unknown> | undefined; updatedPermissions?: { type: "addRules"; rules: { toolName: string; ruleContent?: string | undefined; }[]; behavior: "allow" | ... 1 more ... | "ask"; destination: "userSettings" | ... 3 more ... ...'.
              Types of property 'decision' are incompatible.
                Type '{ behavior: "allow"; updatedInput?: Record<string, unknown> | undefined; updatedPermissions?: ({ type: "addRules"; rules: { toolName: string; ruleContent?: string | undefined; }[]; behavior: "allow" | ... 1 more ... | "ask"; destination: "userSettings" | ... 3 more ... | "cliArg"; } | ... 4 more ... | { ...; })[] | ...' is not assignable to type '{ behavior: "allow"; updatedInput?: Record<string, unknown> | undefined; updatedPermissions?: { type: "addRules"; rules: { toolName: string; ruleContent?: string | undefined; }[]; behavior: "allow" | ... 1 more ... | "ask"; destination: "userSettings" | ... 3 more ... | "cliArg"; } | ... 5 more ... | undefined; } | ...'.
                  Type '{ behavior: "allow"; updatedInput?: Record<string, unknown> | undefined; updatedPermissions?: ({ type: "addRules"; rules: { toolName: string; ruleContent?: string | undefined; }[]; behavior: "allow" | ... 1 more ... | "ask"; destination: "userSettings" | ... 3 more ... | "cliArg"; } | ... 4 more ... | { ...; })[] | ...' is not assignable to type '{ behavior: "allow"; updatedInput?: Record<string, unknown> | undefined; updatedPermissions?: { type: "addRules"; rules: { toolName: string; ruleContent?: string | undefined; }[]; behavior: "allow" | ... 1 more ... | "ask"; destination: "userSettings" | ... 3 more ... | "cliArg"; } | ... 5 more ... | undefined; } | ...'.
                    Type '{ behavior: "allow"; updatedInput?: Record<string, unknown> | undefined; updatedPermissions?: ({ type: "addRules"; rules: { toolName: string; ruleContent?: string | undefined; }[]; behavior: "allow" | ... 1 more ... | "ask"; destination: "userSettings" | ... 3 more ... | "cliArg"; } | ... 4 more ... | { ...; })[] | ...' is not assignable to type '{ behavior: "allow"; updatedInput?: Record<string, unknown> | undefined; updatedPermissions?: { type: "addRules"; rules: { toolName: string; ruleContent?: string | undefined; }[]; behavior: "allow" | ... 1 more ... | "ask"; destination: "userSettings" | ... 3 more ... | "cliArg"; } | ... 5 more ... | undefined; }'.
                      Types of property 'updatedPermissions' are incompatible.
                        Type '({ type: "addRules"; rules: { toolName: string; ruleContent?: string | undefined; }[]; behavior: "allow" | "deny" | "ask"; destination: "userSettings" | "projectSettings" | "localSettings" | "session" | "cliArg"; } | ... 4 more ... | { ...; })[] | undefined' is not assignable to type '{ type: "addRules"; rules: { toolName: string; ruleContent?: string | undefined; }[]; behavior: "allow" | "deny" | "ask"; destination: "userSettings" | "projectSettings" | "localSettings" | "session" | "cliArg"; } | ... 5 more ... | undefined'.
                          Type '({ type: "addRules"; rules: { toolName: string; ruleContent?: string | undefined; }[]; behavior: "allow" | "deny" | "ask"; destination: "userSettings" | "projectSettings" | "localSettings" | "session" | "cliArg"; } | ... 4 more ... | { ...; })[]' is not assignable to type '{ type: "addRules"; rules: { toolName: string; ruleContent?: string | undefined; }[]; behavior: "allow" | "deny" | "ask"; destination: "userSettings" | "projectSettings" | "localSettings" | "session" | "cliArg"; } | ... 5 more ... | undefined'.
                            Type '({ type: "addRules"; rules: { toolName: string; ruleContent?: string | undefined; }[]; behavior: "allow" | "deny" | "ask"; destination: "userSettings" | "projectSettings" | "localSettings" | "session" | "cliArg"; } | ... 4 more ... | { ...; })[]' is not assignable to type '{ type: "removeDirectories"; directories: string[]; destination: "userSettings" | "projectSettings" | "localSettings" | "session" | "cliArg"; }[]'.
                              Type '{ type: "addRules"; rules: { toolName: string; ruleContent?: string | undefined; }[]; behavior: "allow" | "deny" | "ask"; destination: "userSettings" | "projectSettings" | "localSettings" | "session" | "cliArg"; } | ... 4 more ... | { ...; }' is not assignable to type '{ type: "removeDirectories"; directories: string[]; destination: "userSettings" | "projectSettings" | "localSettings" | "session" | "cliArg"; }'.
                                Property 'directories' is missing in type '{ type: "addRules"; rules: { toolName: string; ruleContent?: string | undefined; }[]; behavior: "allow" | "deny" | "ask"; destination: "userSettings" | "projectSettings" | "localSettings" | "session" | "cliArg"; }' but required in type '{ type: "removeDirectories"; directories: string[]; destination: "userSettings" | "projectSettings" | "localSettings" | "session" | "cliArg"; }'.
src/utils/hooks.ts(835,11): error TS2322: Type '{ behavior: "allow"; updatedInput?: Record<string, unknown> | undefined; updatedPermissions?: { type: "addRules"; rules: { toolName: string; ruleContent?: string | undefined; }[]; behavior: "allow" | ... 1 more ... | "ask"; destination: "userSettings" | ... 3 more ... | "cliArg"; } | ... 5 more ... | undefined; } | ...' is not assignable to type 'PermissionRequestResult | undefined'.
  Type '{ behavior: "allow"; updatedInput?: Record<string, unknown> | undefined; updatedPermissions?: { type: "addRules"; rules: { toolName: string; ruleContent?: string | undefined; }[]; behavior: "allow" | ... 1 more ... | "ask"; destination: "userSettings" | ... 3 more ... | "cliArg"; } | ... 5 more ... | undefined; }' is not assignable to type 'PermissionRequestResult | undefined'.
    Type '{ behavior: "allow"; updatedInput?: Record<string, unknown> | undefined; updatedPermissions?: { type: "addRules"; rules: { toolName: string; ruleContent?: string | undefined; }[]; behavior: "allow" | ... 1 more ... | "ask"; destination: "userSettings" | ... 3 more ... | "cliArg"; } | ... 5 more ... | undefined; }' is not assignable to type '{ behavior: "allow"; updatedInput?: Record<string, unknown> | undefined; updatedPermissions?: PermissionUpdate[] | undefined; }'.
      Types of property 'updatedPermissions' are incompatible.
        Type '{ type: "addRules"; rules: { toolName: string; ruleContent?: string | undefined; }[]; behavior: "allow" | "deny" | "ask"; destination: "userSettings" | "projectSettings" | "localSettings" | "session" | "cliArg"; } | ... 5 more ... | undefined' is not assignable to type 'PermissionUpdate[] | undefined'.
          Type '{ type: "addRules"; rules: { toolName: string; ruleContent?: string | undefined; }[]; behavior: "allow" | "deny" | "ask"; destination: "userSettings" | "projectSettings" | "localSettings" | "session" | "cliArg"; }' is missing the following properties from type 'PermissionUpdate[]': length, pop, push, concat, and 35 more.
src/utils/hooks.ts(2276,5): error TS2554: Expected 0 arguments, but got 4.
src/utils/hooks.ts(3154,15): error TS2554: Expected 0 arguments, but got 2.
src/utils/hooks.ts(4414,5): error TS2322: Type 'PermissionUpdate[] | undefined' is not assignable to type '{ type: "addRules"; rules: { toolName: string; ruleContent?: string | undefined; }[]; behavior: "allow" | "deny" | "ask"; destination: "userSettings" | "projectSettings" | "localSettings" | "session" | "cliArg"; } | ... 5 more ... | undefined'.
  Type 'PermissionUpdate[]' is not assignable to type '{ type: "addRules"; rules: { toolName: string; ruleContent?: string | undefined; }[]; behavior: "allow" | "deny" | "ask"; destination: "userSettings" | "projectSettings" | "localSettings" | "session" | "cliArg"; } | ... 5 more ... | undefined'.
    Type 'PermissionUpdate[]' is not assignable to type '{ type: "removeDirectories"; directories: string[]; destination: "userSettings" | "projectSettings" | "localSettings" | "session" | "cliArg"; }[]'.
      Type 'PermissionUpdate' is not assignable to type '{ type: "removeDirectories"; directories: string[]; destination: "userSettings" | "projectSettings" | "localSettings" | "session" | "cliArg"; }'.
        Property 'directories' is missing in type '{ type: "addRules"; rules: { toolName: string; ruleContent?: string | undefined; }[]; behavior: "allow" | "deny" | "ask"; destination: "userSettings" | "projectSettings" | "localSettings" | "session" | "cliArg"; }' but required in type '{ type: "removeDirectories"; directories: string[]; destination: "userSettings" | "projectSettings" | "localSettings" | "session" | "cliArg"; }'.
src/utils/hooks.ts(4652,31): error TS2345: Argument of type '{ continue?: boolean | undefined; suppressOutput?: boolean | undefined; stopReason?: string | undefined; decision?: "approve" | "block" | undefined; reason?: string | undefined; systemMessage?: string | undefined; hookSpecificOutput?: { ...; } | ... 14 more ... | undefined; } | { ...; }' is not assignable to parameter of type 'HookJSONOutput'.
  Type '{ continue?: boolean | undefined; suppressOutput?: boolean | undefined; stopReason?: string | undefined; decision?: "approve" | "block" | undefined; reason?: string | undefined; systemMessage?: string | undefined; hookSpecificOutput?: { ...; } | ... 14 more ... | undefined; }' is not assignable to type 'HookJSONOutput'.
    Type '{ continue?: boolean | undefined; suppressOutput?: boolean | undefined; stopReason?: string | undefined; decision?: "approve" | "block" | undefined; reason?: string | undefined; systemMessage?: string | undefined; hookSpecificOutput?: { ...; } | ... 14 more ... | undefined; }' is not assignable to type '{ continue?: boolean | undefined; suppressOutput?: boolean | undefined; stopReason?: string | undefined; decision?: "approve" | "block" | undefined; systemMessage?: string | undefined; reason?: string | undefined; hookSpecificOutput?: { ...; } | ... 14 more ... | undefined; }'.
      Types of property 'hookSpecificOutput' are incompatible.
        Type '{ hookEventName: "PreToolUse"; permissionDecision?: "allow" | "deny" | "ask" | undefined; permissionDecisionReason?: string | undefined; updatedInput?: Record<string, unknown> | undefined; additionalContext?: string | undefined; } | ... 14 more ... | undefined' is not assignable to type '{ hookEventName: "PreToolUse"; permissionDecision?: "allow" | "deny" | "ask" | undefined; permissionDecisionReason?: string | undefined; updatedInput?: Record<string, unknown> | undefined; additionalContext?: string | undefined; } | ... 14 more ... | undefined'. Two different types with this name exist, but they are unrelated.
          Type '{ hookEventName: "PermissionRequest"; decision: { behavior: "allow"; updatedInput?: Record<string, unknown> | undefined; updatedPermissions?: ({ type: "addRules"; rules: { toolName: string; ruleContent?: string | undefined; }[]; behavior: "allow" | ... 1 more ... | "ask"; destination: "userSettings" | ... 3 more ......' is not assignable to type '{ hookEventName: "PreToolUse"; permissionDecision?: "allow" | "deny" | "ask" | undefined; permissionDecisionReason?: string | undefined; updatedInput?: Record<string, unknown> | undefined; additionalContext?: string | undefined; } | ... 14 more ... | undefined'.
            Type '{ hookEventName: "PermissionRequest"; decision: { behavior: "allow"; updatedInput?: Record<string, unknown> | undefined; updatedPermissions?: ({ type: "addRules"; rules: { toolName: string; ruleContent?: string | undefined; }[]; behavior: "allow" | ... 1 more ... | "ask"; destination: "userSettings" | ... 3 more ......' is not assignable to type '{ hookEventName: "PermissionRequest"; decision: { behavior: "allow"; updatedInput?: Record<string, unknown> | undefined; updatedPermissions?: { type: "addRules"; rules: { toolName: string; ruleContent?: string | undefined; }[]; behavior: "allow" | ... 1 more ... | "ask"; destination: "userSettings" | ... 3 more ... ...'.
              Types of property 'decision' are incompatible.
                Type '{ behavior: "allow"; updatedInput?: Record<string, unknown> | undefined; updatedPermissions?: ({ type: "addRules"; rules: { toolName: string; ruleContent?: string | undefined; }[]; behavior: "allow" | ... 1 more ... | "ask"; destination: "userSettings" | ... 3 more ... | "cliArg"; } | ... 4 more ... | { ...; })[] | ...' is not assignable to type '{ behavior: "allow"; updatedInput?: Record<string, unknown> | undefined; updatedPermissions?: { type: "addRules"; rules: { toolName: string; ruleContent?: string | undefined; }[]; behavior: "allow" | ... 1 more ... | "ask"; destination: "userSettings" | ... 3 more ... | "cliArg"; } | ... 5 more ... | undefined; } | ...'.
                  Type '{ behavior: "allow"; updatedInput?: Record<string, unknown> | undefined; updatedPermissions?: ({ type: "addRules"; rules: { toolName: string; ruleContent?: string | undefined; }[]; behavior: "allow" | ... 1 more ... | "ask"; destination: "userSettings" | ... 3 more ... | "cliArg"; } | ... 4 more ... | { ...; })[] | ...' is not assignable to type '{ behavior: "allow"; updatedInput?: Record<string, unknown> | undefined; updatedPermissions?: { type: "addRules"; rules: { toolName: string; ruleContent?: string | undefined; }[]; behavior: "allow" | ... 1 more ... | "ask"; destination: "userSettings" | ... 3 more ... | "cliArg"; } | ... 5 more ... | undefined; } | ...'.
                    Type '{ behavior: "allow"; updatedInput?: Record<string, unknown> | undefined; updatedPermissions?: ({ type: "addRules"; rules: { toolName: string; ruleContent?: string | undefined; }[]; behavior: "allow" | ... 1 more ... | "ask"; destination: "userSettings" | ... 3 more ... | "cliArg"; } | ... 4 more ... | { ...; })[] | ...' is not assignable to type '{ behavior: "allow"; updatedInput?: Record<string, unknown> | undefined; updatedPermissions?: { type: "addRules"; rules: { toolName: string; ruleContent?: string | undefined; }[]; behavior: "allow" | ... 1 more ... | "ask"; destination: "userSettings" | ... 3 more ... | "cliArg"; } | ... 5 more ... | undefined; }'.
                      Types of property 'updatedPermissions' are incompatible.
                        Type '({ type: "addRules"; rules: { toolName: string; ruleContent?: string | undefined; }[]; behavior: "allow" | "deny" | "ask"; destination: "userSettings" | "projectSettings" | "localSettings" | "session" | "cliArg"; } | ... 4 more ... | { ...; })[] | undefined' is not assignable to type '{ type: "addRules"; rules: { toolName: string; ruleContent?: string | undefined; }[]; behavior: "allow" | "deny" | "ask"; destination: "userSettings" | "projectSettings" | "localSettings" | "session" | "cliArg"; } | ... 5 more ... | undefined'.
                          Type '({ type: "addRules"; rules: { toolName: string; ruleContent?: string | undefined; }[]; behavior: "allow" | "deny" | "ask"; destination: "userSettings" | "projectSettings" | "localSettings" | "session" | "cliArg"; } | ... 4 more ... | { ...; })[]' is not assignable to type '{ type: "addRules"; rules: { toolName: string; ruleContent?: string | undefined; }[]; behavior: "allow" | "deny" | "ask"; destination: "userSettings" | "projectSettings" | "localSettings" | "session" | "cliArg"; } | ... 5 more ... | undefined'.
                            Type '({ type: "addRules"; rules: { toolName: string; ruleContent?: string | undefined; }[]; behavior: "allow" | "deny" | "ask"; destination: "userSettings" | "projectSettings" | "localSettings" | "session" | "cliArg"; } | ... 4 more ... | { ...; })[]' is not assignable to type '{ type: "removeDirectories"; directories: string[]; destination: "userSettings" | "projectSettings" | "localSettings" | "session" | "cliArg"; }[]'.
                              Type '{ type: "addRules"; rules: { toolName: string; ruleContent?: string | undefined; }[]; behavior: "allow" | "deny" | "ask"; destination: "userSettings" | "projectSettings" | "localSettings" | "session" | "cliArg"; } | ... 4 more ... | { ...; }' is not assignable to type '{ type: "removeDirectories"; directories: string[]; destination: "userSettings" | "projectSettings" | "localSettings" | "session" | "cliArg"; }'.
                                Property 'directories' is missing in type '{ type: "addRules"; rules: { toolName: string; ruleContent?: string | undefined; }[]; behavior: "allow" | "deny" | "ask"; destination: "userSettings" | "projectSettings" | "localSettings" | "session" | "cliArg"; }' but required in type '{ type: "removeDirectories"; directories: string[]; destination: "userSettings" | "projectSettings" | "localSettings" | "session" | "cliArg"; }'.
src/utils/hooks.ts(4655,31): error TS2345: Argument of type '{ continue?: boolean | undefined; suppressOutput?: boolean | undefined; stopReason?: string | undefined; decision?: "approve" | "block" | undefined; reason?: string | undefined; systemMessage?: string | undefined; hookSpecificOutput?: { ...; } | ... 14 more ... | undefined; }' is not assignable to parameter of type 'HookJSONOutput'.
  Type '{ continue?: boolean | undefined; suppressOutput?: boolean | undefined; stopReason?: string | undefined; decision?: "approve" | "block" | undefined; reason?: string | undefined; systemMessage?: string | undefined; hookSpecificOutput?: { ...; } | ... 14 more ... | undefined; }' is not assignable to type '{ continue?: boolean | undefined; suppressOutput?: boolean | undefined; stopReason?: string | undefined; decision?: "approve" | "block" | undefined; systemMessage?: string | undefined; reason?: string | undefined; hookSpecificOutput?: { ...; } | ... 14 more ... | undefined; }'.
    Types of property 'hookSpecificOutput' are incompatible.
      Type '{ hookEventName: "PreToolUse"; permissionDecision?: "allow" | "deny" | "ask" | undefined; permissionDecisionReason?: string | undefined; updatedInput?: Record<string, unknown> | undefined; additionalContext?: string | undefined; } | ... 14 more ... | undefined' is not assignable to type '{ hookEventName: "PreToolUse"; permissionDecision?: "allow" | "deny" | "ask" | undefined; permissionDecisionReason?: string | undefined; updatedInput?: Record<string, unknown> | undefined; additionalContext?: string | undefined; } | ... 14 more ... | undefined'. Two different types with this name exist, but they are unrelated.
        Type '{ hookEventName: "PermissionRequest"; decision: { behavior: "allow"; updatedInput?: Record<string, unknown> | undefined; updatedPermissions?: ({ type: "addRules"; rules: { toolName: string; ruleContent?: string | undefined; }[]; behavior: "allow" | ... 1 more ... | "ask"; destination: "userSettings" | ... 3 more ......' is not assignable to type '{ hookEventName: "PreToolUse"; permissionDecision?: "allow" | "deny" | "ask" | undefined; permissionDecisionReason?: string | undefined; updatedInput?: Record<string, unknown> | undefined; additionalContext?: string | undefined; } | ... 14 more ... | undefined'.
          Type '{ hookEventName: "PermissionRequest"; decision: { behavior: "allow"; updatedInput?: Record<string, unknown> | undefined; updatedPermissions?: ({ type: "addRules"; rules: { toolName: string; ruleContent?: string | undefined; }[]; behavior: "allow" | ... 1 more ... | "ask"; destination: "userSettings" | ... 3 more ......' is not assignable to type '{ hookEventName: "PermissionRequest"; decision: { behavior: "allow"; updatedInput?: Record<string, unknown> | undefined; updatedPermissions?: { type: "addRules"; rules: { toolName: string; ruleContent?: string | undefined; }[]; behavior: "allow" | ... 1 more ... | "ask"; destination: "userSettings" | ... 3 more ... ...'.
            Types of property 'decision' are incompatible.
              Type '{ behavior: "allow"; updatedInput?: Record<string, unknown> | undefined; updatedPermissions?: ({ type: "addRules"; rules: { toolName: string; ruleContent?: string | undefined; }[]; behavior: "allow" | ... 1 more ... | "ask"; destination: "userSettings" | ... 3 more ... | "cliArg"; } | ... 4 more ... | { ...; })[] | ...' is not assignable to type '{ behavior: "allow"; updatedInput?: Record<string, unknown> | undefined; updatedPermissions?: { type: "addRules"; rules: { toolName: string; ruleContent?: string | undefined; }[]; behavior: "allow" | ... 1 more ... | "ask"; destination: "userSettings" | ... 3 more ... | "cliArg"; } | ... 5 more ... | undefined; } | ...'.
                Type '{ behavior: "allow"; updatedInput?: Record<string, unknown> | undefined; updatedPermissions?: ({ type: "addRules"; rules: { toolName: string; ruleContent?: string | undefined; }[]; behavior: "allow" | ... 1 more ... | "ask"; destination: "userSettings" | ... 3 more ... | "cliArg"; } | ... 4 more ... | { ...; })[] | ...' is not assignable to type '{ behavior: "allow"; updatedInput?: Record<string, unknown> | undefined; updatedPermissions?: { type: "addRules"; rules: { toolName: string; ruleContent?: string | undefined; }[]; behavior: "allow" | ... 1 more ... | "ask"; destination: "userSettings" | ... 3 more ... | "cliArg"; } | ... 5 more ... | undefined; } | ...'.
                  Type '{ behavior: "allow"; updatedInput?: Record<string, unknown> | undefined; updatedPermissions?: ({ type: "addRules"; rules: { toolName: string; ruleContent?: string | undefined; }[]; behavior: "allow" | ... 1 more ... | "ask"; destination: "userSettings" | ... 3 more ... | "cliArg"; } | ... 4 more ... | { ...; })[] | ...' is not assignable to type '{ behavior: "allow"; updatedInput?: Record<string, unknown> | undefined; updatedPermissions?: { type: "addRules"; rules: { toolName: string; ruleContent?: string | undefined; }[]; behavior: "allow" | ... 1 more ... | "ask"; destination: "userSettings" | ... 3 more ... | "cliArg"; } | ... 5 more ... | undefined; }'.
                    Types of property 'updatedPermissions' are incompatible.
                      Type '({ type: "addRules"; rules: { toolName: string; ruleContent?: string | undefined; }[]; behavior: "allow" | "deny" | "ask"; destination: "userSettings" | "projectSettings" | "localSettings" | "session" | "cliArg"; } | ... 4 more ... | { ...; })[] | undefined' is not assignable to type '{ type: "addRules"; rules: { toolName: string; ruleContent?: string | undefined; }[]; behavior: "allow" | "deny" | "ask"; destination: "userSettings" | "projectSettings" | "localSettings" | "session" | "cliArg"; } | ... 5 more ... | undefined'.
                        Type '({ type: "addRules"; rules: { toolName: string; ruleContent?: string | undefined; }[]; behavior: "allow" | "deny" | "ask"; destination: "userSettings" | "projectSettings" | "localSettings" | "session" | "cliArg"; } | ... 4 more ... | { ...; })[]' is not assignable to type '{ type: "addRules"; rules: { toolName: string; ruleContent?: string | undefined; }[]; behavior: "allow" | "deny" | "ask"; destination: "userSettings" | "projectSettings" | "localSettings" | "session" | "cliArg"; } | ... 5 more ... | undefined'.
                          Type '({ type: "addRules"; rules: { toolName: string; ruleContent?: string | undefined; }[]; behavior: "allow" | "deny" | "ask"; destination: "userSettings" | "projectSettings" | "localSettings" | "session" | "cliArg"; } | ... 4 more ... | { ...; })[]' is not assignable to type '{ type: "removeDirectories"; directories: string[]; destination: "userSettings" | "projectSettings" | "localSettings" | "session" | "cliArg"; }[]'.
                            Type '{ type: "addRules"; rules: { toolName: string; ruleContent?: string | undefined; }[]; behavior: "allow" | "deny" | "ask"; destination: "userSettings" | "projectSettings" | "localSettings" | "session" | "cliArg"; } | ... 4 more ... | { ...; }' is not assignable to type '{ type: "removeDirectories"; directories: string[]; destination: "userSettings" | "projectSettings" | "localSettings" | "session" | "cliArg"; }'.
                              Property 'directories' is missing in type '{ type: "addRules"; rules: { toolName: string; ruleContent?: string | undefined; }[]; behavior: "allow" | "deny" | "ask"; destination: "userSettings" | "projectSettings" | "localSettings" | "session" | "cliArg"; }' but required in type '{ type: "removeDirectories"; directories: string[]; destination: "userSettings" | "projectSettings" | "localSettings" | "session" | "cliArg"; }'.
src/utils/messageFilters.ts(62,13): error TS2339: Property 'type' does not exist on type 'never'.
src/utils/messageFilters.ts(63,13): error TS2339: Property 'type' does not exist on type 'never'.
src/utils/messageFilters.ts(64,13): error TS2339: Property 'type' does not exist on type 'never'.
src/utils/messageFilters.ts(65,13): error TS2339: Property 'type' does not exist on type 'never'.
src/utils/messageFilters.ts(65,36): error TS2339: Property 'isMeta' does not exist on type 'never'.
src/utils/messageFilters.ts(68,13): error TS2339: Property 'type' does not exist on type 'never'.
src/utils/messageFilters.ts(69,27): error TS2339: Property 'message' does not exist on type 'never'.
src/utils/messageFilters.ts(78,13): error TS2339: Property 'type' does not exist on type 'never'.
