
> @gitlawb/openclaude@0.16.11 typecheck
> tsc --noEmit

src/bridge/inboundMessages.ts(37,60): error TS2345: Argument of type 'unknown[]' is not assignable to parameter of type 'ContentBlockParam[]'.
  Type 'unknown' is not assignable to type 'ContentBlockParam'.
src/bridge/initReplBridge.ts(390,5): error TS2554: Expected 2 arguments, but got 3.
src/bridge/initReplBridge.ts(484,57): error TS2307: Cannot find module '../assistant/index.js' or its corresponding type declarations.
src/bridge/pollConfig.ts(106,5): error TS2554: Expected 2 arguments, but got 3.
src/bridge/sessionRunner.ts(371,9): error TS2322: Type 'boolean | undefined' is not assignable to type 'boolean'.
  Type 'undefined' is not assignable to type 'boolean'.
src/buddy/useBuddyNotification.tsx(13,7): error TS2367: This comparison appears to be unintentional because the types '"external"' and '"ant"' have no overlap.
src/buddy/useBuddyNotification.tsx(18,7): error TS2367: This comparison appears to be unintentional because the types '"external"' and '"ant"' have no overlap.
src/cli/handlers/auth.ts(22,34): error TS2307: Cannot find module '../../services/oauth/types.js' or its corresponding type declarations.
src/cli/print.ts(123,3): error TS2305: Module '"src/entrypoints/sdk/controlTypes.js"' has no exported member 'SDKControlInitializeRequest'.
src/cli/print.ts(124,3): error TS2305: Module '"src/entrypoints/sdk/controlTypes.js"' has no exported member 'SDKControlInitializeResponse'.
src/cli/print.ts(127,3): error TS2305: Module '"src/entrypoints/sdk/controlTypes.js"' has no exported member 'SDKControlMcpSetServersResponse'.
src/cli/print.ts(128,3): error TS2305: Module '"src/entrypoints/sdk/controlTypes.js"' has no exported member 'SDKControlReloadPluginsResponse'.
src/cli/print.ts(130,37): error TS2307: Cannot find module '@anthropic-ai/claude-agent-sdk' or its corresponding type declarations.
src/cli/print.ts(362,58): error TS2307: Cannot find module '../proactive/index.js' or its corresponding type declarations.
src/cli/print.ts(2884,13): error TS2345: Argument of type '{ supportsAutoMode?: boolean | undefined; supportsFastMode?: boolean | undefined; supportsAdaptiveThinking?: boolean | undefined; supportsEffort?: boolean | undefined; supportedEffortLevels?: ("low" | ... 2 more ... | "max")[] | undefined; value: string; displayName: string; description: string; }[]' is not assignable to parameter of type 'ModelInfo[]'.
  Type '{ supportsAutoMode?: boolean | undefined; supportsFastMode?: boolean | undefined; supportsAdaptiveThinking?: boolean | undefined; supportsEffort?: boolean | undefined; supportedEffortLevels?: ("low" | ... 2 more ... | "max")[] | undefined; value: string; displayName: string; description: string; }' is not assignable to type 'ModelInfo'.
    Types of property 'supportedEffortLevels' are incompatible.
      Type '("low" | "medium" | "high" | "max")[] | undefined' is not assignable to type '"low" | "medium" | "high" | "max"[] | undefined'.
        Type '("low" | "medium" | "high" | "max")[]' is not assignable to type '"low" | "medium" | "high" | "max"[] | undefined'.
          Type '("low" | "medium" | "high" | "max")[]' is not assignable to type '"max"[]'.
            Type '"low" | "medium" | "high" | "max"' is not assignable to type '"max"'.
              Type '"low"' is not assignable to type '"max"'.
src/cli/print.ts(4446,35): error TS18046: 'matchers' is of type 'unknown'.
src/cli/remoteIO.ts(28,32): error TS2307: Cannot find module './transports/Transport.js' or its corresponding type declarations.
src/cli/structuredIO.ts(19,3): error TS2305: Module '"src/entrypoints/sdk/controlTypes.js"' has no exported member 'StdinMessage'.
src/cli/structuredIO.ts(355,11): error TS2322: Type 'unknown' is not assignable to type 'string | undefined'.
src/cli/transports/ccrClient.ts(3,3): error TS2305: Module '"src/entrypoints/sdk/controlTypes.js"' has no exported member 'SDKPartialAssistantMessage'.
src/cli/transports/SSETransport.ts(10,32): error TS2307: Cannot find module './Transport.js' or its corresponding type declarations.
src/cli/transports/transportUtils.ts(5,32): error TS2307: Cannot find module './Transport.js' or its corresponding type declarations.
src/cli/transports/WebSocketTransport.ts(18,32): error TS2307: Cannot find module './Transport.js' or its corresponding type declarations.
src/commands.ts(101,65): error TS2307: Cannot find module './commands/workflows/index.js' or its corresponding type declarations.
src/commands.ts(111,73): error TS2307: Cannot find module './services/skillSearch/localSearch.js' or its corresponding type declarations.
src/commands.ts(123,61): error TS2307: Cannot find module './commands/peers/index.js' or its corresponding type declarations.
src/commands.ts(427,81): error TS2307: Cannot find module './tools/WorkflowTool/createWorkflowCommand.js' or its corresponding type declarations.
src/commands/benchmark.ts(9,10): error TS2724: '"../utils/model/ollamaModels.js"' has no exported member named 'getOllamaModelOptions'. Did you mean 'getCachedOllamaModelOptions'?
src/commands/benchmark.ts(16,14): error TS2339: Property 'stdout' does not exist on type 'ToolUseContext'.
src/commands/benchmark.ts(32,12): error TS2339: Property 'stdout' does not exist on type 'ToolUseContext'.
src/commands/benchmark.ts(37,16): error TS2339: Property 'stdout' does not exist on type 'ToolUseContext'.
src/commands/benchmark.ts(44,12): error TS2339: Property 'stdout' does not exist on type 'ToolUseContext'.
src/commands/benchmark.ts(50,9): error TS2353: Object literal may only specify known properties, and 'onExecute' does not exist in type 'Command'.
src/commands/benchmark.ts(51,26): error TS2339: Property 'args' does not exist on type 'ToolUseContext'.
src/commands/bridge/bridge.tsx(160,3): error TS2554: Expected 2 arguments, but got 1.
src/commands/bridge/bridge.tsx(490,22): error TS2307: Cannot find module '../../assistant/index.js' or its corresponding type declarations.
src/commands/btw/btw.tsx(70,28): error TS2339: Property 'scrollBy' does not exist on type 'never'.
src/commands/btw/btw.tsx(74,28): error TS2339: Property 'scrollBy' does not exist on type 'never'.
src/commands/btw/btw.tsx(98,27): error TS2345: Argument of type 'string' is not assignable to parameter of type 'SetStateAction<null>'.
src/commands/btw/btw.tsx(100,24): error TS2345: Argument of type '"No response received"' is not assignable to parameter of type 'SetStateAction<null>'.
src/commands/btw/btw.tsx(106,22): error TS2345: Argument of type 'string' is not assignable to parameter of type 'SetStateAction<null>'.
src/commands/clear/caches.ts(97,10): error TS2339: Property 'clearSessionsWithTungstenUsage' does not exist on type 'typeof import("d:/OpenClaude/openclaude-cli/src/tools/TungstenTool/TungstenTool")'.
src/commands/clear/caches.ts(97,42): error TS2339: Property 'resetInitializationState' does not exist on type 'typeof import("d:/OpenClaude/openclaude-cli/src/tools/TungstenTool/TungstenTool")'.
src/commands/clear/caches.ts(106,17): error TS2307: Cannot find module '../../utils/attributionHooks.js' or its corresponding type declarations.
src/commands/compact/compact.ts(36,76): error TS2307: Cannot find module '../../services/compact/reactiveCompact.js' or its corresponding type declarations.
src/commands/compact/compact.ts(265,67): error TS2349: This expression is not callable.
  Type '{}' has no call signatures.
src/commands/context/context-noninteractive.ts(53,80): error TS2307: Cannot find module '../../services/contextCollapse/operations.js' or its corresponding type declarations.
src/commands/context/context-noninteractive.ts(115,13): error TS2339: Property 'getStats' does not exist on type 'typeof import("d:/OpenClaude/openclaude-cli/src/services/contextCollapse/index")'.
src/commands/context/context-noninteractive.ts(125,11): error TS2345: Argument of type 'string' is not assignable to parameter of type 'never'.
src/commands/context/context-noninteractive.ts(128,41): error TS2345: Argument of type 'string' is not assignable to parameter of type 'never'.
src/commands/context/context.tsx(24,82): error TS2307: Cannot find module '../../services/contextCollapse/operations.js' or its corresponding type declarations.
src/commands/insights.ts(2570,5): error TS2322: Type 'Dirent<string>[]' is not assignable to type 'Dirent<NonSharedBuffer>[]'.
  Type 'Dirent<string>' is not assignable to type 'Dirent<NonSharedBuffer>'.
    Type 'string' is not assignable to type 'NonSharedBuffer'.
src/commands/insights.ts(2577,38): error TS2345: Argument of type 'NonSharedBuffer' is not assignable to parameter of type 'string'.
src/commands/install-github-app/CreatingStep.tsx(4,31): error TS2307: Cannot find module './types.js' or its corresponding type declarations.
src/commands/install-github-app/install-github-app.tsx(27,47): error TS2307: Cannot find module './types.js' or its corresponding type declarations.
src/commands/install-github-app/OAuthFlowStep.tsx(138,33): error TS2345: Argument of type 'number' is not assignable to parameter of type 'Timeout'.
src/commands/install-github-app/setupGitHubActions.ts(15,31): error TS2307: Cannot find module './types.js' or its corresponding type declarations.
src/commands/install-github-app/setupGitHubActions.ts(225,24): error TS2345: Argument of type '{ path: string; content: string; message: string; }' is not assignable to parameter of type 'never'.
src/commands/install-github-app/setupGitHubActions.ts(233,24): error TS2345: Argument of type '{ path: string; content: string; message: string; }' is not assignable to parameter of type 'never'.
src/commands/install-github-app/setupGitHubActions.ts(244,20): error TS2339: Property 'path' does not exist on type 'never'.
src/commands/install-github-app/setupGitHubActions.ts(245,20): error TS2339: Property 'content' does not exist on type 'never'.
src/commands/install-github-app/setupGitHubActions.ts(247,20): error TS2339: Property 'message' does not exist on type 'never'.
src/commands/install-github-app/WarningsStep.tsx(7,30): error TS2307: Cannot find module './types.js' or its corresponding type declarations.
src/commands/mcp/mcp.tsx(80,7): error TS2367: This comparison appears to be unintentional because the types '"external"' and '"ant"' have no overlap.
src/commands/plugin/AddMarketplace.tsx(15,32): error TS2307: Cannot find module './types.js' or its corresponding type declarations.
src/commands/plugin/BrowseMarketplace.tsx(26,51): error TS2307: Cannot find module './types.js' or its corresponding type declarations.
src/commands/plugin/DiscoverPlugins.tsx(31,51): error TS2307: Cannot find module './types.js' or its corresponding type declarations.
src/commands/plugin/ManageMarketplaces.tsx(24,32): error TS2307: Cannot find module './types.js' or its corresponding type declarations.
src/commands/plugin/ManagePlugins.tsx(13,89): error TS2307: Cannot find module '../../components/mcp/types.js' or its corresponding type declarations.
src/commands/plugin/ManagePlugins.tsx(50,51): error TS2307: Cannot find module './types.js' or its corresponding type declarations.
src/commands/plugin/ManagePlugins.tsx(52,43): error TS2307: Cannot find module './unifiedTypes.js' or its corresponding type declarations.
src/commands/plugin/ManagePlugins.tsx(241,34): error TS2345: Argument of type 'string' is not assignable to parameter of type 'never'.
src/commands/plugin/ManagePlugins.tsx(244,34): error TS2345: Argument of type 'string' is not assignable to parameter of type 'never'.
src/commands/plugin/ManagePlugins.tsx(260,32): error TS2345: Argument of type 'string' is not assignable to parameter of type 'never'.
src/commands/plugin/ManagePlugins.tsx(263,32): error TS2345: Argument of type 'string' is not assignable to parameter of type 'never'.
src/commands/plugin/ManagePlugins.tsx(279,32): error TS2345: Argument of type 'string' is not assignable to parameter of type 'never'.
src/commands/plugin/ManagePlugins.tsx(282,32): error TS2345: Argument of type 'string' is not assignable to parameter of type 'never'.
src/commands/plugin/ManagePlugins.tsx(299,28): error TS2345: Argument of type 'string[]' is not assignable to parameter of type 'never'.
src/commands/plugin/ManagePlugins.tsx(302,28): error TS2345: Argument of type 'string | Partial<Record<"PreToolUse" | "PostToolUse" | "PostToolUseFailure" | "Notification" | "UserPromptSubmit" | "SessionStart" | "SessionEnd" | "Stop" | "StopFailure" | "SubagentStart" | ... 16 more ... | "FileChanged", { ...; }[]>> | (string | Partial<...>)[]' is not assignable to parameter of type 'never'.
  Type 'string' is not assignable to type 'never'.
src/commands/plugin/ManagePlugins.tsx(308,33): error TS2345: Argument of type 'string[]' is not assignable to parameter of type 'never'.
src/commands/plugin/ManagePlugins.tsx(311,33): error TS2345: Argument of type 'string | Record<string, { command: string; args: string[]; type?: "stdio" | undefined; env?: Record<string, string> | undefined; } | { type: "sse"; url: string; headers?: Record<string, string> | undefined; headersHelper?: string | undefined; oauth?: { ...; } | undefined; } | ... 5 more ... | { ...; }> | (string | R...' is not assignable to parameter of type 'never'.
  Type 'string' is not assignable to type 'never'.
src/commands/plugin/ManagePlugins.tsx(1472,19): error TS2322: Type '{ [x: string]: boolean | string[] | undefined; }' is not assignable to type 'Record<string, boolean | string[]>'.
  'string' index signatures are incompatible.
    Type 'boolean | string[] | undefined' is not assignable to type 'boolean | string[]'.
      Type 'undefined' is not assignable to type 'boolean | string[]'.
src/commands/plugin/PluginSettings.tsx(28,53): error TS2307: Cannot find module './types.js' or its corresponding type declarations.
src/commands/plugin/PluginSettings.tsx(344,11): error TS2322: Type 'undefined' is not assignable to type 'boolean | string[]'.
src/commands/plugin/PluginSettings.tsx(460,28): error TS2345: Argument of type 'string' is not assignable to parameter of type 'SetStateAction<null>'.
src/commands/plugin/PluginSettings.tsx(472,32): error TS2345: Argument of type 'string' is not assignable to parameter of type 'SetStateAction<null>'.
src/commands/plugin/PluginSettings.tsx(476,32): error TS2345: Argument of type 'string' is not assignable to parameter of type 'SetStateAction<null>'.
src/commands/plugin/PluginSettings.tsx(958,159): error TS2322: Type 'Dispatch<SetStateAction<null>>' is not assignable to type '(error: string | null) => void'.
  Types of parameters 'value' and 'error' are incompatible.
    Type 'string | null' is not assignable to type 'SetStateAction<null>'.
      Type 'string' is not assignable to type 'SetStateAction<null>'.
src/commands/plugin/PluginSettings.tsx(958,195): error TS2322: Type 'Dispatch<SetStateAction<null>>' is not assignable to type '(result: string | null) => void'.
  Types of parameters 'value' and 'result' are incompatible.
    Type 'string | null' is not assignable to type 'SetStateAction<null>'.
      Type 'string' is not assignable to type 'SetStateAction<null>'.
src/commands/plugin/PluginSettings.tsx(982,123): error TS2322: Type 'Dispatch<SetStateAction<null>>' is not assignable to type '(error: string | null) => void'.
  Types of parameters 'value' and 'error' are incompatible.
    Type 'string | null' is not assignable to type 'SetStateAction<null>'.
      Type 'string' is not assignable to type 'SetStateAction<null>'.
src/commands/plugin/PluginSettings.tsx(982,159): error TS2322: Type 'Dispatch<SetStateAction<null>>' is not assignable to type '(result: string | null) => void'.
  Types of parameters 'value' and 'result' are incompatible.
    Type 'string | null' is not assignable to type 'SetStateAction<null>'.
      Type 'string' is not assignable to type 'SetStateAction<null>'.
src/commands/plugin/PluginSettings.tsx(982,370): error TS2322: Type 'Dispatch<SetStateAction<null>>' is not assignable to type '(error: string | null) => void'.
  Types of parameters 'value' and 'error' are incompatible.
    Type 'string | null' is not assignable to type 'SetStateAction<null>'.
      Type 'string' is not assignable to type 'SetStateAction<null>'.
src/commands/plugin/PluginSettings.tsx(982,406): error TS2322: Type 'Dispatch<SetStateAction<null>>' is not assignable to type '(result: string | null) => void'.
  Types of parameters 'value' and 'result' are incompatible.
    Type 'string | null' is not assignable to type 'SetStateAction<null>'.
      Type 'string' is not assignable to type 'SetStateAction<null>'.
src/commands/plugin/PluginSettings.tsx(998,92): error TS2322: Type 'Dispatch<SetStateAction<null>>' is not assignable to type '(result: string | null) => void'.
  Types of parameters 'value' and 'result' are incompatible.
    Type 'string | null' is not assignable to type 'SetStateAction<null>'.
      Type 'string' is not assignable to type 'SetStateAction<null>'.
src/commands/plugin/PluginSettings.tsx(1011,117): error TS2322: Type 'Dispatch<SetStateAction<null>>' is not assignable to type '(error: string | null) => void'.
  Types of parameters 'value' and 'error' are incompatible.
    Type 'string | null' is not assignable to type 'SetStateAction<null>'.
      Type 'string' is not assignable to type 'SetStateAction<null>'.
src/commands/plugin/PluginSettings.tsx(1011,137): error TS2322: Type 'Dispatch<SetStateAction<null>>' is not assignable to type '(result: string | null) => void'.
  Types of parameters 'value' and 'result' are incompatible.
    Type 'string | null' is not assignable to type 'SetStateAction<null>'.
      Type 'string' is not assignable to type 'SetStateAction<null>'.
src/commands/plugin/UnifiedInstalledCell.tsx(6,43): error TS2307: Cannot find module './unifiedTypes.js' or its corresponding type declarations.
src/commands/rate-limit-options/rate-limit-options.tsx(158,30): error TS2345: Argument of type 'string | number | bigint | true | ReactElement<unknown, string | JSXElementConstructor<any>> | Iterable<ReactNode> | ReactPortal | Promise<...>' is not assignable to parameter of type 'SetStateAction<null>'.
  Type 'string' is not assignable to type 'SetStateAction<null>'.
src/commands/rate-limit-options/rate-limit-options.tsx(166,32): error TS2345: Argument of type 'string | number | bigint | true | ReactElement<unknown, string | JSXElementConstructor<any>> | Iterable<ReactNode> | ReactPortal | Promise<...>' is not assignable to parameter of type 'SetStateAction<null>'.
  Type 'string' is not assignable to type 'SetStateAction<null>'.
src/commands/tag/tag.tsx(106,20): error TS2345: Argument of type '`${string}-${string}-${string}-${string}-${string}`' is not assignable to parameter of type 'SetStateAction<null>'.
src/commands/terminalSetup/terminalSetup.tsx(122,7): error TS2367: This comparison appears to be unintentional because the types '"external"' and '"ant"' have no overlap.
src/commands/thinkback/thinkback.tsx(32,10): error TS2367: This comparison appears to be unintentional because the types '"external"' and '"ant"' have no overlap.
src/commands/thinkback/thinkback.tsx(35,10): error TS2367: This comparison appears to be unintentional because the types '"external"' and '"ant"' have no overlap.
src/commands/thinkback/thinkback.tsx(428,25): error TS2345: Argument of type 'string' is not assignable to parameter of type 'SetStateAction<null>'.
src/commands/thinkback/thinkback.tsx(457,25): error TS2345: Argument of type 'boolean' is not assignable to parameter of type 'SetStateAction<null>'.
src/commands/ultraplan.tsx(56,40): error TS2367: This comparison appears to be unintentional because the types '"external"' and '"ant"' have no overlap.
src/commands/ultraplan.tsx(466,20): error TS2367: This comparison appears to be unintentional because the types '"external"' and '"ant"' have no overlap.
src/components/agents/AgentsList.test.tsx(75,3): error TS2322: Type '{ agentType: string; whenToUse: string; source: "userSettings" | "projectSettings" | "localSettings" | "flagSettings" | "policySettings" | "plugin" | "built-in"; getSystemPrompt: () => string; }' is not assignable to type 'AgentDefinition'.
  Type '{ agentType: string; whenToUse: string; source: "userSettings" | "projectSettings" | "localSettings" | "flagSettings" | "policySettings" | "plugin" | "built-in"; getSystemPrompt: () => string; }' is not assignable to type 'PluginAgentDefinition'.
    Property 'plugin' is missing in type '{ agentType: string; whenToUse: string; source: "userSettings" | "projectSettings" | "localSettings" | "flagSettings" | "policySettings" | "plugin" | "built-in"; getSystemPrompt: () => string; }' but required in type '{ getSystemPrompt: () => string; source: "plugin"; filename?: string | undefined; plugin: string; }'.
src/components/agents/AgentsList.tsx(57,63): error TS2339: Property 'agentType' does not exist on type 'never'.
src/components/agents/AgentsList.tsx(57,113): error TS2339: Property 'source' does not exist on type 'never'.
src/components/agents/AgentsList.tsx(143,101): error TS2339: Property 'agentType' does not exist on type 'never'.
src/components/agents/AgentsList.tsx(143,143): error TS2339: Property 'source' does not exist on type 'never'.
src/components/agents/AgentsMenu.test.tsx(82,3): error TS2322: Type '{ agentType: string; whenToUse: string; source: "userSettings" | "projectSettings" | "localSettings" | "flagSettings" | "policySettings" | "plugin" | "built-in"; getSystemPrompt: () => string; }' is not assignable to type 'AgentDefinition'.
  Type '{ agentType: string; whenToUse: string; source: "userSettings" | "projectSettings" | "localSettings" | "flagSettings" | "policySettings" | "plugin" | "built-in"; getSystemPrompt: () => string; }' is not assignable to type 'PluginAgentDefinition'.
    Property 'plugin' is missing in type '{ agentType: string; whenToUse: string; source: "userSettings" | "projectSettings" | "localSettings" | "flagSettings" | "policySettings" | "plugin" | "built-in"; getSystemPrompt: () => string; }' but required in type '{ getSystemPrompt: () => string; source: "plugin"; filename?: string | undefined; plugin: string; }'.
src/components/agents/new-agent-creation/CreateAgentWizard.tsx(7,42): error TS2307: Cannot find module '../../wizard/types.js' or its corresponding type declarations.
src/components/agents/new-agent-creation/CreateAgentWizard.tsx(8,38): error TS2307: Cannot find module './types.js' or its corresponding type declarations.
src/components/agents/new-agent-creation/wizard-steps/ColorStep.tsx(12,38): error TS2307: Cannot find module '../types.js' or its corresponding type declarations.
src/components/agents/new-agent-creation/wizard-steps/ConfirmStep.tsx(20,38): error TS2307: Cannot find module '../types.js' or its corresponding type declarations.
src/components/agents/new-agent-creation/wizard-steps/ConfirmStepWrapper.tsx(11,38): error TS2307: Cannot find module '../types.js' or its corresponding type declarations.
src/components/agents/new-agent-creation/wizard-steps/DescriptionStep.tsx(13,38): error TS2307: Cannot find module '../types.js' or its corresponding type declarations.
src/components/agents/new-agent-creation/wizard-steps/DescriptionStep.tsx(65,18): error TS2345: Argument of type '"Description is required"' is not assignable to parameter of type 'SetStateAction<null>'.
src/components/agents/new-agent-creation/wizard-steps/GenerateStep.tsx(15,38): error TS2307: Cannot find module '../types.js' or its corresponding type declarations.
src/components/agents/new-agent-creation/wizard-steps/LocationStep.tsx(13,38): error TS2307: Cannot find module '../types.js' or its corresponding type declarations.
src/components/agents/new-agent-creation/wizard-steps/MemoryStep.tsx(13,38): error TS2307: Cannot find module '../types.js' or its corresponding type declarations.
src/components/agents/new-agent-creation/wizard-steps/MethodStep.tsx(11,38): error TS2307: Cannot find module '../types.js' or its corresponding type declarations.
src/components/agents/new-agent-creation/wizard-steps/ModelStep.tsx(9,38): error TS2307: Cannot find module '../types.js' or its corresponding type declarations.
src/components/agents/new-agent-creation/wizard-steps/PromptStep.tsx(12,38): error TS2307: Cannot find module '../types.js' or its corresponding type declarations.
src/components/agents/new-agent-creation/wizard-steps/PromptStep.tsx(64,18): error TS2345: Argument of type '"System prompt is required"' is not assignable to parameter of type 'SetStateAction<null>'.
src/components/agents/new-agent-creation/wizard-steps/ToolsStep.tsx(10,38): error TS2307: Cannot find module '../types.js' or its corresponding type declarations.
src/components/agents/new-agent-creation/wizard-steps/TypeStep.tsx(13,38): error TS2307: Cannot find module '../types.js' or its corresponding type declarations.
src/components/agents/new-agent-creation/wizard-steps/TypeStep.tsx(44,18): error TS2345: Argument of type 'string' is not assignable to parameter of type 'SetStateAction<null>'.
src/components/agents/ToolSelector.tsx(61,42): error TS2367: This comparison appears to be unintentional because the types '"external"' and '"ant"' have no overlap.
src/components/agents/ToolSelector.tsx(61,65): error TS18047: 'TungstenTool' is possibly 'null'.
src/components/agents/ToolSelector.tsx(254,66): error TS18046: 't_5' is of type 'unknown'.
src/components/agents/ToolSelector.tsx(324,70): error TS18046: 't_8' is of type 'unknown'.
src/components/AutoUpdater.tsx(52,9): error TS2367: This comparison appears to be unintentional because the types '"production"' and '"test"' have no overlap.
src/components/AutoUpdater.tsx(52,36): error TS2367: This comparison appears to be unintentional because the types '"production"' and '"development"' have no overlap.
src/components/AutoUpdaterWrapper.tsx(42,31): error TS2345: Argument of type 'boolean' is not assignable to parameter of type 'SetStateAction<null>'.
src/components/AutoUpdaterWrapper.tsx(43,29): error TS2345: Argument of type 'boolean' is not assignable to parameter of type 'SetStateAction<null>'.
src/components/BridgeDialog.tsx(25,3): error TS2554: Expected 2 arguments, but got 1.
src/components/ContextVisualization.tsx(30,11): error TS2339: Property 'getStats' does not exist on type 'typeof import("d:/OpenClaude/openclaude-cli/src/services/contextCollapse/index")'.
src/components/ContextVisualization.tsx(43,22): error TS2345: Argument of type 'string' is not assignable to parameter of type 'never'.
src/components/ContextVisualization.tsx(46,22): error TS2345: Argument of type 'string' is not assignable to parameter of type 'never'.
src/components/ContextVisualization.tsx(51,11): error TS2322: Type 'Element' is not assignable to type 'null'.
src/components/ContextVisualization.tsx(54,13): error TS2322: Type 'Element' is not assignable to type 'null'.
src/components/CustomSelect/select.tsx(523,40): error TS2345: Argument of type 'unknown' is not assignable to parameter of type 'number'.
src/components/CustomSelect/use-multi-select-state.ts(215,3): error TS2554: Expected 2 arguments, but got 1.
src/components/design-system/ThemeProvider.test.tsx(139,23): error TS2322: Type '(setting: "auto" | "light" | "dark" | "light-daltonized" | "dark-daltonized" | "light-ansi" | "dark-ansi") => void' is not assignable to type '(s: string) => void'.
  Types of parameters 'setting' and 's' are incompatible.
    Type 'string' is not assignable to type '"auto" | "light" | "dark" | "light-daltonized" | "dark-daltonized" | "light-ansi" | "dark-ansi"'.
src/components/design-system/ThemeProvider.tsx(68,19): error TS2307: Cannot find module '../../utils/systemThemeWatcher.js' or its corresponding type declarations.
src/components/DesktopHandoff.tsx(89,20): error TS2345: Argument of type 'string' is not assignable to parameter of type 'SetStateAction<null>'.
src/components/DesktopHandoff.tsx(97,18): error TS2345: Argument of type 'string' is not assignable to parameter of type 'SetStateAction<null>'.
src/components/DevBar.tsx(9,10): error TS2367: This comparison appears to be unintentional because the types '"production"' and '"development"' have no overlap.
src/components/DevBar.tsx(9,44): error TS2367: This comparison appears to be unintentional because the types '"external"' and '"ant"' have no overlap.
src/components/diff/DiffDetailView.tsx(243,133): error TS2322: Type '{ key: any; patch: any; filePath: any; firstLine: any; fileContent: any; dim: boolean; width: number; }' is not assignable to type 'IntrinsicAttributes & object'.
  Property 'patch' does not exist on type 'IntrinsicAttributes & object'.
src/components/diff/DiffDialog.tsx(144,3): error TS2554: Expected 2 arguments, but got 1.
src/components/FeedbackSurvey/FeedbackSurvey.tsx(9,45): error TS2307: Cannot find module './utils.js' or its corresponding type declarations.
src/components/FeedbackSurvey/FeedbackSurveyView.tsx(5,45): error TS2307: Cannot find module './utils.js' or its corresponding type declarations.
src/components/FeedbackSurvey/useFeedbackSurvey.tsx(15,65): error TS2307: Cannot find module './utils.js' or its corresponding type declarations.
src/components/FeedbackSurvey/useMemorySurvey.tsx(16,45): error TS2307: Cannot find module './utils.js' or its corresponding type declarations.
src/components/FeedbackSurvey/useMemorySurvey.tsx(78,9): error TS2367: This comparison appears to be unintentional because the types '"external"' and '"ant"' have no overlap.
src/components/FeedbackSurvey/usePostCompactSurvey.tsx(11,45): error TS2307: Cannot find module './utils.js' or its corresponding type declarations.
src/components/FeedbackSurvey/usePostCompactSurvey.tsx(82,22): error TS2345: Argument of type 'boolean' is not assignable to parameter of type 'SetStateAction<null>'.
src/components/FeedbackSurvey/usePostCompactSurvey.tsx(136,9): error TS2322: Type 'unknown' is not assignable to type 'null'.
src/components/FeedbackSurvey/useSurveyState.tsx(4,45): error TS2307: Cannot find module './utils.js' or its corresponding type declarations.
src/components/FileEditToolDiff.tsx(60,5): error TS2339: Property 'patch' does not exist on type 'unknown'.
src/components/FileEditToolDiff.tsx(61,5): error TS2339: Property 'firstLine' does not exist on type 'unknown'.
src/components/FileEditToolDiff.tsx(62,5): error TS2339: Property 'fileContent' does not exist on type 'unknown'.
src/components/FileEditToolUseRejectedMessage.tsx(106,29): error TS2322: Type '{ code: any; filePath: any; width: number; dim: boolean; }' is not assignable to type 'IntrinsicAttributes & object'.
  Property 'code' does not exist on type 'IntrinsicAttributes & object'.
src/components/FullscreenLayout.tsx(344,67): error TS2339: Property 'text' does not exist on type 'never'.
src/components/FullscreenLayout.tsx(344,95): error TS2339: Property 'scrollTo' does not exist on type 'never'.
src/components/GlobalSearchDialog.tsx(44,3): error TS2554: Expected 2 arguments, but got 1.
src/components/GlobalSearchDialog.tsx(73,25): error TS2339: Property 'abort' does not exist on type 'never'.
src/components/GlobalSearchDialog.tsx(92,54): error TS2339: Property 'file' does not exist on type 'never'.
src/components/GlobalSearchDialog.tsx(93,41): error TS2339: Property 'line' does not exist on type 'never'.
src/components/GlobalSearchDialog.tsx(99,11): error TS2353: Object literal may only specify known properties, and 'file' does not exist in type '(prevState: null) => null'.
src/components/GlobalSearchDialog.tsx(99,25): error TS2339: Property 'file' does not exist on type 'never'.
src/components/GlobalSearchDialog.tsx(100,25): error TS2339: Property 'line' does not exist on type 'never'.
src/components/GlobalSearchDialog.tsx(108,11): error TS2353: Object literal may only specify known properties, and 'file' does not exist in type '(prevState: null) => null'.
src/components/GlobalSearchDialog.tsx(108,25): error TS2339: Property 'file' does not exist on type 'never'.
src/components/GlobalSearchDialog.tsx(109,25): error TS2339: Property 'line' does not exist on type 'never'.
src/components/GlobalSearchDialog.tsx(131,25): error TS2339: Property 'abort' does not exist on type 'never'.
src/components/GlobalSearchDialog.tsx(139,7): error TS2322: Type 'AbortController' is not assignable to type 'null'.
src/components/GlobalSearchDialog.tsx(147,7): error TS2322: Type 'Timeout' is not assignable to type 'null'.
src/components/GlobalSearchDialog.tsx(237,27): error TS2339: Property 'file' does not exist on type 'never'.
src/components/GlobalSearchDialog.tsx(237,48): error TS18047: 'preview' is possibly 'null'.
src/components/GlobalSearchDialog.tsx(237,163): error TS18047: 'preview' is possibly 'null'.
src/components/GlobalSearchDialog.tsx(247,217): error TS2322: Type 'Dispatch<SetStateAction<undefined>>' is not assignable to type '(item: Match | undefined) => void'.
  Types of parameters 'value' and 'item' are incompatible.
    Type 'Match | undefined' is not assignable to type 'SetStateAction<undefined>'.
      Type 'Match' is not assignable to type 'SetStateAction<undefined>'.
        Type 'Match' provides no match for the signature '(prevState: undefined): undefined'.
src/components/GlobalSearchDialog.tsx(279,19): error TS2345: Argument of type '{ file: string; line: number; text: string; }' is not assignable to parameter of type 'never'.
src/components/grove/Grove.tsx(160,24): error TS2345: Argument of type 'GroveConfig | null' is not assignable to parameter of type 'SetStateAction<null>'.
  Type 'GroveConfig' is not assignable to type 'SetStateAction<null>'.
    Type 'GroveConfig' provides no match for the signature '(prevState: null): null'.
src/components/grove/Grove.tsx(162,29): error TS2345: Argument of type 'boolean' is not assignable to parameter of type 'SetStateAction<null>'.
src/components/grove/Grove.tsx(193,29): error TS2339: Property 'notice_is_grace_period' does not exist on type 'never'.
src/components/grove/Grove.tsx(201,41): error TS2339: Property 'notice_is_grace_period' does not exist on type 'never'.
src/components/grove/Grove.tsx(210,41): error TS2339: Property 'notice_is_grace_period' does not exist on type 'never'.
src/components/grove/Grove.tsx(228,25): error TS2339: Property 'notice_is_grace_period' does not exist on type 'never'.
src/components/grove/Grove.tsx(236,29): error TS2339: Property 'domain_excluded' does not exist on type 'never'.
src/components/grove/Grove.tsx(237,23): error TS2339: Property 'domain_excluded' does not exist on type 'never'.
src/components/grove/Grove.tsx(247,25): error TS2339: Property 'domain_excluded' does not exist on type 'never'.
src/components/grove/Grove.tsx(254,30): error TS2339: Property 'notice_is_grace_period' does not exist on type 'never'.
src/components/grove/Grove.tsx(256,24): error TS2339: Property 'notice_is_grace_period' does not exist on type 'never'.
src/components/grove/Grove.tsx(262,26): error TS2339: Property 'notice_is_grace_period' does not exist on type 'never'.
src/components/grove/Grove.tsx(270,30): error TS2339: Property 'notice_is_grace_period' does not exist on type 'never'.
src/components/grove/Grove.tsx(271,73): error TS2339: Property 'notice_is_grace_period' does not exist on type 'never'.
src/components/grove/Grove.tsx(272,26): error TS2339: Property 'notice_is_grace_period' does not exist on type 'never'.
src/components/grove/Grove.tsx(300,30): error TS2339: Property 'notice_is_grace_period' does not exist on type 'never'.
src/components/grove/Grove.tsx(301,24): error TS2339: Property 'notice_is_grace_period' does not exist on type 'never'.
src/components/grove/Grove.tsx(305,26): error TS2339: Property 'notice_is_grace_period' does not exist on type 'never'.
src/components/HighlightedCode.tsx(21,5): error TS2339: Property 'code' does not exist on type '{}'.
src/components/HighlightedCode.tsx(22,5): error TS2339: Property 'filePath' does not exist on type '{}'.
src/components/HighlightedCode.tsx(23,5): error TS2339: Property 'width' does not exist on type '{}'.
src/components/HighlightedCode.tsx(24,5): error TS2339: Property 'dim' does not exist on type '{}'.
src/components/HighlightedCode/Fallback.tsx(147,16): error TS2339: Property 'supportsLanguage' does not exist on type '{}'.
src/components/HighlightedCode/Fallback.tsx(155,30): error TS2345: Argument of type '{}' is not assignable to parameter of type 'CliHighlight'.
  Type '{}' is missing the following properties from type 'CliHighlight': highlight, supportsLanguage
src/components/HighlightedCode/Fallback.tsx(162,34): error TS2345: Argument of type '{}' is not assignable to parameter of type 'CliHighlight'.
  Type '{}' is missing the following properties from type 'CliHighlight': highlight, supportsLanguage
src/components/HistorySearchDialog.tsx(32,3): error TS2554: Expected 2 arguments, but got 1.
src/components/hooks/HooksConfigMenu.tsx(265,40): error TS2769: No overload matches this call.
  Overload 1 of 2, '(o: ArrayLike<unknown> | { [s: string]: unknown; }): unknown[]', gave the following error.
    Argument of type 'unknown' is not assignable to parameter of type 'ArrayLike<unknown> | { [s: string]: unknown; }'.
  Overload 2 of 2, '(o: {}): any[]', gave the following error.
    Argument of type 'unknown' is not assignable to parameter of type '{}'.
src/components/hooks/HooksConfigMenu.tsx(267,23): error TS18046: 'eventCount' is of type 'unknown'.
src/components/LogoPicker.tsx(26,10): error TS2345: Argument of type '([r, g, b]: [any, any, any]) => string' is not assignable to parameter of type '((value: readonly [255, 180, 100] | readonly [240, 140, 80] | readonly [217, 119, 87] | readonly [193, 95, 60] | readonly [160, 75, 55] | readonly [130, 60, 50], index: number, array: readonly (readonly [255, 180, 100] | readonly [240, 140, 80] | readonly [217, 119, 87] | readonly [...] | readonly [...] | readonly [...'.
  Type '([r, g, b]: [any, any, any]) => string' is not assignable to type '(value: readonly [255, 180, 100] | readonly [240, 140, 80] | readonly [217, 119, 87] | readonly [193, 95, 60] | readonly [160, 75, 55] | readonly [130, 60, 50], index: number, array: readonly (readonly [255, 180, 100] | readonly [240, 140, 80] | readonly [217, 119, 87] | readonly [...] | readonly [...] | readonly [....'.
    Types of parameters '__0' and 'value' are incompatible.
      Type 'readonly [255, 180, 100] | readonly [240, 140, 80] | readonly [217, 119, 87] | readonly [193, 95, 60] | readonly [160, 75, 55] | readonly [130, 60, 50]' is not assignable to type '[any, any, any]'.
        The type 'readonly [255, 180, 100]' is 'readonly' and cannot be assigned to the mutable type '[any, any, any]'.
src/components/LogoV2/feedConfigs.tsx(30,9): error TS2367: This comparison appears to be unintentional because the types '"external"' and '"ant"' have no overlap.
src/components/LogoV2/feedConfigs.tsx(48,24): error TS2367: This comparison appears to be unintentional because the types '"external"' and '"ant"' have no overlap.
src/components/LogoV2/feedConfigs.tsx(50,12): error TS2367: This comparison appears to be unintentional because the types '"external"' and '"ant"' have no overlap.
src/components/LogoV2/LogoV2.tsx(230,23): error TS2304: Cannot find name 'GateOverridesWarning'.
src/components/LogoV2/LogoV2.tsx(231,23): error TS2304: Cannot find name 'ExperimentEnrollmentNotice'.
src/components/LogoV2/LogoV2.tsx(324,23): error TS2304: Cannot find name 'GateOverridesWarning'.
src/components/LogoV2/LogoV2.tsx(325,23): error TS2304: Cannot find name 'ExperimentEnrollmentNotice'.
src/components/LogoV2/LogoV2.tsx(507,21): error TS2304: Cannot find name 'GateOverridesWarning'.
src/components/LogoV2/LogoV2.tsx(508,21): error TS2304: Cannot find name 'ExperimentEnrollmentNotice'.
src/components/LogSelector.tsx(308,51): error TS2345: Argument of type 'string' is not assignable to parameter of type 'SetStateAction<null>'.
src/components/LogSelector.tsx(490,76): error TS2339: Property 'query' does not exist on type 'never'.
src/components/LogSelector.tsx(491,46): error TS2339: Property 'results' does not exist on type 'never'.
src/components/LogSelector.tsx(518,57): error TS2339: Property 'results' does not exist on type 'never'.
src/components/LogSelector.tsx(520,35): error TS2339: Property 'results' does not exist on type 'never'.
src/components/LogSelector.tsx(706,35): error TS2339: Property 'value' does not exist on type 'never'.
src/components/LogSelector.tsx(795,38): error TS2339: Property 'abort' does not exist on type 'never'.
src/components/LogSelector.tsx(797,7): error TS2322: Type 'AbortController' is not assignable to type 'null'.
src/components/LogSelector.tsx(826,45): error TS18046: 'error' is of type 'unknown'.
src/components/LogSelector.tsx(873,38): error TS2339: Property 'abort' does not exist on type 'never'.
src/components/LogSelector.tsx(896,15): error TS2353: Object literal may only specify known properties, and 'id' does not exist in type '(prevState: null) => null'.
src/components/LogSelector.tsx(934,7): error TS2322: Type 'string' is not assignable to type 'null'.
src/components/LogSelector.tsx(936,9): error TS2353: Object literal may only specify known properties, and 'id' does not exist in type '(prevState: null) => null'.
src/components/LogSelector.tsx(969,38): error TS2339: Property 'abort' does not exist on type 'never'.
src/components/LogSelector.tsx(1356,244): error TS2339: Property 'id' does not exist on type 'never'.
src/components/LogSelector.tsx(1359,86): error TS2339: Property 'id' does not exist on type 'never'.
src/components/LogSelector.tsx(1386,133): error TS2339: Property 'id' does not exist on type 'never'.
src/components/LogSelector.tsx(1394,27): error TS2339: Property 'id' does not exist on type 'never'.
src/components/Markdown.tsx(139,24): error TS2322: Type '{ children: string; key: any; dimColor: any; }' is not assignable to type 'IntrinsicAttributes & object'.
  Property 'children' does not exist on type 'IntrinsicAttributes & object'.
src/components/mcp/ElicitationDialog.tsx(256,3): error TS2554: Expected 2 arguments, but got 1.
src/components/mcp/ElicitationDialog.tsx(1008,3): error TS2554: Expected 2 arguments, but got 1.
src/components/mcp/index.ts(9,67): error TS2307: Cannot find module './types.js' or its corresponding type declarations.
src/components/mcp/MCPAgentServerMenu.tsx(14,41): error TS2307: Cannot find module './types.js' or its corresponding type declarations.
src/components/mcp/MCPAgentServerMenu.tsx(109,22): error TS2345: Argument of type '{ label: string; value: string; }' is not assignable to parameter of type 'never'.
src/components/mcp/MCPAgentServerMenu.tsx(114,20): error TS2345: Argument of type '{ label: string; value: string; }' is not assignable to parameter of type 'never'.
src/components/mcp/MCPListPanel.tsx(16,53): error TS2307: Cannot find module './types.js' or its corresponding type declarations.
src/components/mcp/MCPListPanel.tsx(408,211): error TS2322: Type 'unknown' is not assignable to type 'Key | null | undefined'.
src/components/mcp/MCPReconnect.tsx(35,22): error TS2345: Argument of type 'string' is not assignable to parameter of type 'SetStateAction<null>'.
src/components/mcp/MCPReconnect.tsx(50,26): error TS2345: Argument of type 'string' is not assignable to parameter of type 'SetStateAction<null>'.
src/components/mcp/MCPReconnect.tsx(59,26): error TS2345: Argument of type 'string' is not assignable to parameter of type 'SetStateAction<null>'.
src/components/mcp/MCPReconnect.tsx(67,20): error TS2345: Argument of type 'string' is not assignable to parameter of type 'SetStateAction<null>'.
src/components/mcp/MCPRemoteServerMenu.tsx(29,72): error TS2307: Cannot find module './types.js' or its corresponding type declarations.
src/components/mcp/MCPRemoteServerMenu.tsx(474,22): error TS2345: Argument of type '{ label: string; value: string; }' is not assignable to parameter of type 'never'.
src/components/mcp/MCPRemoteServerMenu.tsx(480,22): error TS2345: Argument of type '{ label: string; value: string; }' is not assignable to parameter of type 'never'.
src/components/mcp/MCPRemoteServerMenu.tsx(487,24): error TS2345: Argument of type '{ label: string; value: string; }' is not assignable to parameter of type 'never'.
src/components/mcp/MCPRemoteServerMenu.tsx(492,24): error TS2345: Argument of type '{ label: string; value: string; }' is not assignable to parameter of type 'never'.
src/components/mcp/MCPRemoteServerMenu.tsx(499,24): error TS2345: Argument of type '{ label: string; value: string; }' is not assignable to parameter of type 'never'.
src/components/mcp/MCPRemoteServerMenu.tsx(503,24): error TS2345: Argument of type '{ label: string; value: string; }' is not assignable to parameter of type 'never'.
src/components/mcp/MCPRemoteServerMenu.tsx(509,24): error TS2345: Argument of type '{ label: string; value: string; }' is not assignable to parameter of type 'never'.
src/components/mcp/MCPRemoteServerMenu.tsx(517,24): error TS2345: Argument of type '{ label: string; value: string; }' is not assignable to parameter of type 'never'.
src/components/mcp/MCPRemoteServerMenu.tsx(522,22): error TS2345: Argument of type '{ label: string; value: string; }' is not assignable to parameter of type 'never'.
src/components/mcp/MCPRemoteServerMenu.tsx(530,22): error TS2345: Argument of type '{ label: string; value: string; }' is not assignable to parameter of type 'never'.
src/components/mcp/MCPSettings.tsx(15,67): error TS2307: Cannot find module './types.js' or its corresponding type declarations.
src/components/mcp/MCPSettings.tsx(82,13): error TS2322: Type 'boolean' is not assignable to type 'undefined'.
src/components/mcp/MCPStdioServerMenu.tsx(18,38): error TS2307: Cannot find module './types.js' or its corresponding type declarations.
src/components/mcp/MCPStdioServerMenu.tsx(63,22): error TS2345: Argument of type '{ label: string; value: string; }' is not assignable to parameter of type 'never'.
src/components/mcp/MCPStdioServerMenu.tsx(71,22): error TS2345: Argument of type '{ label: string; value: string; }' is not assignable to parameter of type 'never'.
src/components/mcp/MCPStdioServerMenu.tsx(76,20): error TS2345: Argument of type '{ label: string; value: string; }' is not assignable to parameter of type 'never'.
src/components/mcp/MCPStdioServerMenu.tsx(83,22): error TS2345: Argument of type '{ label: string; value: string; }' is not assignable to parameter of type 'never'.
src/components/mcp/MCPToolDetailView.tsx(8,33): error TS2307: Cannot find module './types.js' or its corresponding type declarations.
src/components/mcp/MCPToolListView.tsx(14,33): error TS2307: Cannot find module './types.js' or its corresponding type declarations.
src/components/mcp/MCPToolListView.tsx(66,28): error TS2345: Argument of type '"read-only"' is not assignable to parameter of type 'never'.
src/components/mcp/MCPToolListView.tsx(69,28): error TS2345: Argument of type '"destructive"' is not assignable to parameter of type 'never'.
src/components/mcp/MCPToolListView.tsx(72,28): error TS2345: Argument of type '"open-world"' is not assignable to parameter of type 'never'.
src/components/memory/MemoryFileSelector.tsx(129,24): error TS2345: Argument of type 'any' is not assignable to parameter of type 'never'.
src/components/memory/MemoryFileSelector.tsx(130,31): error TS18047: 'teamMemPaths' is possibly 'null'.
src/components/memory/MemoryFileSelector.tsx(135,42): error TS18047: 'teamMemPaths' is possibly 'null'.
src/components/memory/MemoryFileSelector.tsx(142,26): error TS2345: Argument of type 'any' is not assignable to parameter of type 'never'.
src/components/memory/MemoryFileSelector.tsx(147,28): error TS2345: Argument of type '{ label: string; value: string; description: string; }' is not assignable to parameter of type 'never'.
src/components/memory/MemoryFileSelector.tsx(176,37): error TS2345: Argument of type 'Dispatch<SetStateAction<null>>' is not assignable to parameter of type '(value: number) => void | PromiseLike<void>'.
  Types of parameters 'value' and 'value' are incompatible.
    Type 'number' is not assignable to type 'SetStateAction<null>'.
src/components/memory/MemoryFileSelector.tsx(286,24): error TS2345: Argument of type '(prev: null) => number | null' is not assignable to parameter of type 'SetStateAction<null>'.
  Type 'number | null' is not assignable to type 'null'.
    Type 'number' is not assignable to type 'null'.
src/components/memory/MemoryFileSelector.tsx(386,34): error TS2345: Argument of type '0 | 1' is not assignable to parameter of type 'SetStateAction<null>'.
  Type '0' is not assignable to type 'SetStateAction<null>'.
src/components/MemoryUsageIndicator.tsx(10,7): error TS2367: This comparison appears to be unintentional because the types '"external"' and '"ant"' have no overlap.
src/components/Message.tsx(11,77): error TS2305: Module '"../types/message.js"' has no exported member 'CollapsedReadSearchGroup'.
src/components/Message.tsx(11,135): error TS2305: Module '"../types/message.js"' has no exported member 'GroupedToolUseMessage'.
src/components/Message.tsx(252,81): error TS2307: Cannot find module '../services/compact/snipProjection.js' or its corresponding type declarations.
src/components/Message.tsx(254,13): error TS2339: Property 'isSnipMarkerMessage' does not exist on type 'typeof import("d:/OpenClaude/openclaude-cli/src/services/compact/snipCompact")'.
src/components/Message.tsx(266,37): error TS2307: Cannot find module './messages/SnipBoundaryMessage.js' or its corresponding type declarations.
src/components/Message.tsx(626,48): error TS2769: No overload matches this call.
  Overload 1 of 2, '(Component: FunctionComponent<any>, propsAreEqual?: ((prevProps: Readonly<any>, nextProps: Readonly<any>) => boolean) | undefined): NamedExoticComponent<...>', gave the following error.
    Argument of type '(prev: Props, next: Props) => boolean' is not assignable to parameter of type '(prevProps: Readonly<any>, nextProps: Readonly<any>) => boolean'.
      Types of parameters 'prev' and 'prevProps' are incompatible.
        Type 'Readonly<any>' is missing the following properties from type 'Props': message, lookups, addMargin, tools, and 8 more.
  Overload 2 of 2, '(Component: (t0: any) => any, propsAreEqual?: ((prevProps: Readonly<any>, nextProps: Readonly<any>) => boolean) | undefined): MemoExoticComponent<(t0: any) => any>', gave the following error.
    Argument of type '(prev: Props, next: Props) => boolean' is not assignable to parameter of type '(prevProps: Readonly<any>, nextProps: Readonly<any>) => boolean'.
      Types of parameters 'prev' and 'prevProps' are incompatible.
        Type 'Readonly<any>' is missing the following properties from type 'Props': message, lookups, addMargin, tools, and 8 more.
src/components/messageActions.tsx(8,38): error TS2305: Module '"../types/message.js"' has no exported member 'RenderableMessage'.
src/components/messageActions.tsx(18,60): error TS2366: Function lacks ending return statement and return type does not include 'undefined'.
src/components/messageActions.tsx(409,52): error TS2366: Function lacks ending return statement and return type does not include 'undefined'.
src/components/MessageModel.tsx(5,15): error TS2724: '"../types/message.js"' has no exported member named 'NormalizedMessage'. Did you mean 'NormalizedUserMessage'?
src/components/MessageRow.tsx(7,15): error TS2305: Module '"../types/message.js"' has no exported member 'RenderableMessage'.
src/components/MessageRow.tsx(382,54): error TS2769: No overload matches this call.
  Overload 1 of 2, '(Component: FunctionComponent<any>, propsAreEqual?: ((prevProps: Readonly<any>, nextProps: Readonly<any>) => boolean) | undefined): NamedExoticComponent<...>', gave the following error.
    Argument of type '(prev: Props, next: Props) => boolean' is not assignable to parameter of type '(prevProps: Readonly<any>, nextProps: Readonly<any>) => boolean'.
      Types of parameters 'prev' and 'prevProps' are incompatible.
        Type 'Readonly<any>' is missing the following properties from type 'Props': message, isUserContinuation, hasContentAfter, tools, and 11 more.
  Overload 2 of 2, '(Component: (t0: any) => any, propsAreEqual?: ((prevProps: Readonly<any>, nextProps: Readonly<any>) => boolean) | undefined): MemoExoticComponent<(t0: any) => any>', gave the following error.
    Argument of type '(prev: Props, next: Props) => boolean' is not assignable to parameter of type '(prevProps: Readonly<any>, nextProps: Readonly<any>) => boolean'.
      Types of parameters 'prev' and 'prevProps' are incompatible.
        Type 'Readonly<any>' is missing the following properties from type 'Props': message, isUserContinuation, hasContentAfter, tools, and 11 more.
src/components/Messages.tsx(21,39): error TS2724: '"../types/message.js"' has no exported member named 'NormalizedMessage'. Did you mean 'NormalizedUserMessage'?
src/components/Messages.tsx(21,98): error TS2305: Module '"../types/message.js"' has no exported member 'RenderableMessage'.
src/components/Messages.tsx(58,5): error TS2339: Property 'agentDefinitions' does not exist on type '{}'.
src/components/Messages.tsx(82,134): error TS2307: Cannot find module '../tools/SendUserFileTool/prompt.js' or its corresponding type declarations.
src/components/Messages.tsx(519,23): error TS2345: Argument of type 'any[]' is not assignable to parameter of type 'never[]'.
  Type 'any' is not assignable to type 'never'.
src/components/Messages.tsx(679,73): error TS2322: Type '{ agentDefinitions: AgentDefinitionsResult | undefined; }' is not assignable to type 'IntrinsicAttributes & object'.
  Property 'agentDefinitions' does not exist on type 'IntrinsicAttributes & object'.
src/components/Messages.tsx(779,243): error TS2366: Function lacks ending return statement and return type does not include 'undefined'.
src/components/messages/AssistantToolUseMessage.tsx(340,80): error TS2315: Type 'ProgressMessage' is not generic.
src/components/messages/AttachmentMessage.tsx(117,20): error TS2367: This comparison appears to be unintentional because the types '"external"' and '"ant"' have no overlap.
src/components/messages/AttachmentMessage.tsx(355,23): error TS1360: Type '"structured_output" | "auto_mode" | "edited_text_file" | "edited_image_file" | "opened_file_in_ide" | "todo_reminder" | "task_reminder" | "skill_discovery" | "output_style" | ... 23 more ... | "bagel_console"' does not satisfy the expected type '"structured_output" | "auto_mode" | "edited_text_file" | "edited_image_file" | "opened_file_in_ide" | "todo_reminder" | "task_reminder" | "skill_discovery" | "output_style" | ... 26 more ... | "pen_mode_exit"'.
  Type '"bagel_console"' is not assignable to type '"structured_output" | "auto_mode" | "edited_text_file" | "edited_image_file" | "opened_file_in_ide" | "todo_reminder" | "task_reminder" | "skill_discovery" | "output_style" | ... 26 more ... | "pen_mode_exit"'.
src/components/messages/CollapsedReadSearchContent.tsx(9,15): error TS2305: Module '"../../types/message.js"' has no exported member 'CollapsedReadSearchGroup'.
src/components/messages/CollapsedReadSearchContent.tsx(9,41): error TS2305: Module '"../../types/message.js"' has no exported member 'NormalizedAssistantMessage'.
src/components/messages/GroupedToolUseContent.tsx(4,15): error TS2305: Module '"../../types/message.js"' has no exported member 'GroupedToolUseMessage'.
src/components/messages/nullRenderingAttachments.ts(2,24): error TS2724: '"../../types/message.js"' has no exported member named 'NormalizedMessage'. Did you mean 'NormalizedUserMessage'?
src/components/messages/nullRenderingAttachments.ts(43,3): error TS2322: Type '"pen_mode_enter"' is not assignable to type '"file" | "directory" | "structured_output" | "auto_mode" | "queued_command" | "diagnostics" | "hook_blocking_error" | "hook_error_during_execution" | "compact_file_reference" | ... 50 more ... | "bagel_console"'.
src/components/messages/nullRenderingAttachments.ts(44,3): error TS2820: Type '"pen_mode_exit"' is not assignable to type '"file" | "directory" | "structured_output" | "auto_mode" | "queued_command" | "diagnostics" | "hook_blocking_error" | "hook_error_during_execution" | "compact_file_reference" | ... 50 more ... | "bagel_console"'. Did you mean '"plan_mode_exit"'?
src/components/messages/nullRenderingAttachments.ts(53,7): error TS2322: Type 'Set<"structured_output" | "auto_mode" | "edited_text_file" | "edited_image_file" | "opened_file_in_ide" | "todo_reminder" | "task_reminder" | "output_style" | "plan_mode" | ... 24 more ... | "pen_mode_exit">' is not assignable to type 'ReadonlySet<"file" | "directory" | "structured_output" | "auto_mode" | "queued_command" | "diagnostics" | "hook_blocking_error" | "hook_error_during_execution" | "compact_file_reference" | ... 50 more ... | "bagel_console">'.
  Types of property 'forEach' are incompatible.
    Type '(callbackfn: (value: "structured_output" | "auto_mode" | "edited_text_file" | "edited_image_file" | "opened_file_in_ide" | "todo_reminder" | "task_reminder" | "output_style" | "plan_mode" | ... 24 more ... | "pen_mode_exit", value2: "structured_output" | ... 32 more ... | "pen_mode_exit", set: Set<...>) => void, thi...' is not assignable to type '(callbackfn: (value: "file" | "directory" | "structured_output" | "auto_mode" | "queued_command" | "diagnostics" | "hook_blocking_error" | "hook_error_during_execution" | "compact_file_reference" | ... 50 more ... | "bagel_console", value2: "file" | ... 58 more ... | "bagel_console", set: ReadonlySet<...>) => void, ...'.
      Types of parameters 'callbackfn' and 'callbackfn' are incompatible.
        Types of parameters 'value' and 'value' are incompatible.
          Type '"structured_output" | "auto_mode" | "edited_text_file" | "edited_image_file" | "opened_file_in_ide" | "todo_reminder" | "task_reminder" | "output_style" | "plan_mode" | "plan_mode_reentry" | ... 23 more ... | "pen_mode_exit"' is not assignable to type '"file" | "directory" | "structured_output" | "auto_mode" | "queued_command" | "diagnostics" | "hook_blocking_error" | "hook_error_during_execution" | "compact_file_reference" | ... 50 more ... | "bagel_console"'.
            Type '"pen_mode_enter"' is not assignable to type '"file" | "directory" | "structured_output" | "auto_mode" | "queued_command" | "diagnostics" | "hook_blocking_error" | "hook_error_during_execution" | "compact_file_reference" | ... 50 more ... | "bagel_console"'.
src/components/messages/SystemTextMessage.tsx(19,30): error TS2305: Module '"../../types/message.js"' has no exported member 'SystemStopHookSummaryMessage'.
src/components/messages/SystemTextMessage.tsx(19,60): error TS2305: Module '"../../types/message.js"' has no exported member 'SystemBridgeStatusMessage'.
src/components/messages/SystemTextMessage.tsx(19,87): error TS2305: Module '"../../types/message.js"' has no exported member 'SystemTurnDurationMessage'.
src/components/messages/SystemTextMessage.tsx(19,114): error TS2305: Module '"../../types/message.js"' has no exported member 'SystemThinkingMessage'.
src/components/messages/SystemTextMessage.tsx(19,137): error TS2305: Module '"../../types/message.js"' has no exported member 'SystemMemorySavedMessage'.
src/components/messages/SystemTextMessage.tsx(281,35): error TS2304: Cannot find name 'HOOK_TIMING_DISPLAY_THRESHOLD_MS'.
src/components/messages/SystemTextMessage.tsx(606,31): error TS18047: 'teamMemSaved' is possibly 'null'.
src/components/messages/teamMemCollapsed.tsx(4,15): error TS2305: Module '"../../types/message.js"' has no exported member 'CollapsedReadSearchGroup'.
src/components/messages/teamMemCollapsed.tsx(47,20): error TS2345: Argument of type 'any' is not assignable to parameter of type 'never'.
src/components/messages/teamMemCollapsed.tsx(68,18): error TS2345: Argument of type 'any' is not assignable to parameter of type 'never'.
src/components/messages/teamMemCollapsed.tsx(81,20): error TS2345: Argument of type 'any' is not assignable to parameter of type 'never'.
src/components/messages/teamMemCollapsed.tsx(92,18): error TS2345: Argument of type 'any' is not assignable to parameter of type 'never'.
src/components/messages/teamMemCollapsed.tsx(105,20): error TS2345: Argument of type 'any' is not assignable to parameter of type 'never'.
src/components/messages/teamMemCollapsed.tsx(126,18): error TS2345: Argument of type 'any' is not assignable to parameter of type 'never'.
src/components/messages/teamMemSaved.ts(1,15): error TS2305: Module '"../../types/message.js"' has no exported member 'SystemMemorySavedMessage'.
src/components/messages/UserTextMessage.tsx(104,31): error TS2307: Cannot find module './UserGitHubWebhookMessage.js' or its corresponding type declarations.
src/components/messages/UserTextMessage.tsx(225,31): error TS2307: Cannot find module './UserCrossSessionMessage.js' or its corresponding type declarations.
src/components/MessageSelector.tsx(14,24): error TS2305: Module '"../types/message.js"' has no exported member 'PartialCompactDirection'.
src/components/MessageSelector.tsx(122,9): error TS2367: This comparison appears to be unintentional because the types '"external"' and '"ant"' have no overlap.
src/components/MessageTimestamp.tsx(5,15): error TS2724: '"../types/message.js"' has no exported member named 'NormalizedMessage'. Did you mean 'NormalizedUserMessage'?
src/components/NativeAutoUpdater.tsx(77,9): error TS2367: This comparison appears to be unintentional because the types '"production"' and '"test"' have no overlap.
src/components/NativeAutoUpdater.tsx(77,36): error TS2367: This comparison appears to be unintentional because the types '"production"' and '"development"' have no overlap.
src/components/NativeAutoUpdater.tsx(187,27): error TS2367: This comparison appears to be unintentional because the types '"external"' and '"ant"' have no overlap.
src/components/NotebookEditToolUseRejectedMessage.tsx(73,95): error TS2322: Type '{ code: any; filePath: string; dim: boolean; }' is not assignable to type 'IntrinsicAttributes & object'.
  Property 'code' does not exist on type 'IntrinsicAttributes & object'.
src/components/Passes/Passes.tsx(12,70): error TS2307: Cannot find module '../../services/oauth/types.js' or its corresponding type declarations.
src/components/permissions/AskUserQuestionPermissionRequest/AskUserQuestionPermissionRequest.tsx(186,22): error TS2345: Argument of type '{ id: number; type: string; content: any; mediaType: any; filename: any; dimensions: any; }' is not assignable to parameter of type 'PastedContent'.
  Types of property 'type' are incompatible.
    Type 'string' is not assignable to type '"text" | "image"'.
src/components/permissions/AskUserQuestionPermissionRequest/AskUserQuestionPermissionRequest.tsx(187,18): error TS2345: Argument of type '{ id: number; type: string; content: any; mediaType: any; filename: any; dimensions: any; }' is not assignable to parameter of type 'PastedContent'.
  Types of property 'type' are incompatible.
    Type 'string' is not assignable to type '"text" | "image"'.
src/components/permissions/ComputerUseApproval/ComputerUseApproval.tsx(2,37): error TS2307: Cannot find module '@ant/computer-use-mcp/sentinelApps' or its corresponding type declarations.
src/components/permissions/ComputerUseApproval/ComputerUseApproval.tsx(3,64): error TS2307: Cannot find module '@ant/computer-use-mcp/types' or its corresponding type declarations.
src/components/permissions/ComputerUseApproval/ComputerUseApproval.tsx(4,37): error TS2307: Cannot find module '@ant/computer-use-mcp/types' or its corresponding type declarations.
src/components/permissions/FileWritePermissionRequest/FileWriteToolDiff.tsx(65,78): error TS2322: Type '{ key: any; patch: any; dim: boolean; filePath: any; firstLine: any; fileContent: any; width: number; }' is not assignable to type 'IntrinsicAttributes & object'.
  Property 'patch' does not exist on type 'IntrinsicAttributes & object'.
src/components/permissions/FileWritePermissionRequest/FileWriteToolDiff.tsx(65,219): error TS2322: Type '{ code: any; filePath: any; }' is not assignable to type 'IntrinsicAttributes & object'.
  Property 'code' does not exist on type 'IntrinsicAttributes & object'.
src/components/permissions/NotebookEditPermissionRequest/NotebookEditToolDiff.tsx(6,56): error TS2307: Cannot find module '../../../types/notebook.js' or its corresponding type declarations.
src/components/permissions/NotebookEditPermissionRequest/NotebookEditToolDiff.tsx(87,26): error TS2339: Property 'cells' does not exist on type '{}'.
src/components/permissions/NotebookEditPermissionRequest/NotebookEditToolDiff.tsx(88,39): error TS2339: Property 'cells' does not exist on type '{}'.
src/components/permissions/NotebookEditPermissionRequest/NotebookEditToolDiff.tsx(111,35): error TS2339: Property 'cells' does not exist on type '{}'.
src/components/permissions/NotebookEditPermissionRequest/NotebookEditToolDiff.tsx(209,96): error TS2322: Type '{ code: any; filePath: any; }' is not assignable to type 'IntrinsicAttributes & object'.
  Property 'code' does not exist on type 'IntrinsicAttributes & object'.
src/components/permissions/NotebookEditPermissionRequest/NotebookEditToolDiff.tsx(209,235): error TS2322: Type '{ code: any; filePath: any; }' is not assignable to type 'IntrinsicAttributes & object'.
  Property 'code' does not exist on type 'IntrinsicAttributes & object'.
src/components/permissions/NotebookEditPermissionRequest/NotebookEditToolDiff.tsx(209,396): error TS2322: Type '{ key: any; patch: any; dim: boolean; width: any; filePath: any; firstLine: any; fileContent: any; }' is not assignable to type 'IntrinsicAttributes & object'.
  Property 'patch' does not exist on type 'IntrinsicAttributes & object'.
src/components/permissions/NotebookEditPermissionRequest/NotebookEditToolDiff.tsx(209,559): error TS2322: Type '{ code: any; filePath: any; }' is not assignable to type 'IntrinsicAttributes & object'.
  Property 'code' does not exist on type 'IntrinsicAttributes & object'.
src/components/permissions/PermissionDecisionDebugInfo.tsx(63,23): error TS2488: Type 'unknown' must have a '[Symbol.iterator]()' method that returns an iterator.
src/components/permissions/PermissionExplanation.tsx(110,22): error TS2345: Argument of type 'Promise<PermissionExplanation | null>' is not assignable to parameter of type 'SetStateAction<null>'.
  Type 'Promise<PermissionExplanation | null>' provides no match for the signature '(prevState: null): null'.
src/components/permissions/PermissionExplanation.tsx(173,28): error TS2339: Property 'explanation' does not exist on type '{}'.
src/components/permissions/PermissionExplanation.tsx(174,29): error TS2339: Property 'explanation' does not exist on type '{}'.
src/components/permissions/PermissionExplanation.tsx(175,24): error TS2339: Property 'explanation' does not exist on type '{}'.
src/components/permissions/PermissionExplanation.tsx(181,28): error TS2339: Property 'reasoning' does not exist on type '{}'.
src/components/permissions/PermissionExplanation.tsx(182,48): error TS2339: Property 'reasoning' does not exist on type '{}'.
src/components/permissions/PermissionExplanation.tsx(183,24): error TS2339: Property 'reasoning' does not exist on type '{}'.
src/components/permissions/PermissionExplanation.tsx(189,28): error TS2339: Property 'riskLevel' does not exist on type '{}'.
src/components/permissions/PermissionExplanation.tsx(190,35): error TS2339: Property 'riskLevel' does not exist on type '{}'.
src/components/permissions/PermissionExplanation.tsx(191,24): error TS2339: Property 'riskLevel' does not exist on type '{}'.
src/components/permissions/PermissionExplanation.tsx(197,28): error TS2339: Property 'riskLevel' does not exist on type '{}'.
src/components/permissions/PermissionExplanation.tsx(198,35): error TS2339: Property 'riskLevel' does not exist on type '{}'.
src/components/permissions/PermissionExplanation.tsx(199,24): error TS2339: Property 'riskLevel' does not exist on type '{}'.
src/components/permissions/PermissionExplanation.tsx(214,29): error TS2339: Property 'risk' does not exist on type '{}'.
src/components/permissions/PermissionExplanation.tsx(215,30): error TS2339: Property 'risk' does not exist on type '{}'.
src/components/permissions/PermissionExplanation.tsx(216,25): error TS2339: Property 'risk' does not exist on type '{}'.
src/components/permissions/PermissionRequest.tsx(37,139): error TS2307: Cannot find module '../../tools/ReviewArtifactTool/ReviewArtifactTool.js' or its corresponding type declarations.
src/components/permissions/PermissionRequest.tsx(38,168): error TS2307: Cannot find module './ReviewArtifactPermissionRequest/ReviewArtifactPermissionRequest.js' or its corresponding type declarations.
src/components/permissions/PermissionRequest.tsx(39,122): error TS2307: Cannot find module '../../tools/WorkflowTool/WorkflowTool.js' or its corresponding type declarations.
src/components/permissions/PermissionRequest.tsx(40,148): error TS2307: Cannot find module '../../tools/WorkflowTool/WorkflowPermissionRequest.js' or its corresponding type declarations.
src/components/permissions/rules/AddWorkspaceDirectory.tsx(210,18): error TS2345: Argument of type 'string' is not assignable to parameter of type 'SetStateAction<null>'.
src/components/permissions/rules/PermissionRuleList.tsx(30,29): error TS2307: Cannot find module '../../ui/option.js' or its corresponding type declarations.
src/components/permissions/rules/PermissionRuleList.tsx(618,22): error TS2345: Argument of type '{ label: string; value: string; }' is not assignable to parameter of type 'never'.
src/components/permissions/rules/PermissionRuleList.tsx(641,24): error TS2345: Argument of type '{ label: string; value: unknown; }' is not assignable to parameter of type 'never'.
src/components/permissions/rules/PermissionRuleList.tsx(754,9): error TS2353: Object literal may only specify known properties, and 'ruleValue' does not exist in type '(prevState: null) => null'.
src/components/permissions/rules/PermissionRuleList.tsx(843,72): error TS2538: Type 'unknown' cannot be used as an index type.
src/components/permissions/rules/PermissionRuleList.tsx(893,40): error TS2339: Property 'ruleBehavior' does not exist on type 'never'.
src/components/permissions/rules/PermissionRuleList.tsx(918,64): error TS2339: Property 'ruleBehavior' does not exist on type 'never'.
src/components/permissions/rules/PermissionRuleList.tsx(918,137): error TS2339: Property 'ruleValue' does not exist on type 'never'.
src/components/permissions/rules/PermissionRuleList.tsx(962,33): error TS2339: Property 'ruleValue' does not exist on type 'never'.
src/components/permissions/rules/PermissionRuleList.tsx(963,28): error TS2339: Property 'ruleValue' does not exist on type 'never'.
src/components/permissions/rules/PermissionRuleList.tsx(964,29): error TS2339: Property 'ruleValue' does not exist on type 'never'.
src/components/permissions/rules/PermissionRuleList.tsx(983,102): error TS2339: Property 'ruleBehavior' does not exist on type 'never'.
src/components/permissions/rules/PermissionRuleList.tsx(984,144): error TS2339: Property 'ruleBehavior' does not exist on type 'never'.
src/components/permissions/rules/PermissionRuleList.tsx(988,29): error TS2339: Property 'ruleBehavior' does not exist on type 'never'.
src/components/permissions/rules/PermissionRuleList.tsx(1005,77): error TS2345: Argument of type '{ type: "addDirectories"; directories: any[]; destination: string; }' is not assignable to parameter of type 'PermissionUpdate'.
  Type '{ type: "addDirectories"; directories: any[]; destination: string; }' is not assignable to type '{ type: "addDirectories"; destination: PermissionUpdateDestination; directories: string[]; }'.
    Types of property 'destination' are incompatible.
      Type 'string' is not assignable to type 'PermissionUpdateDestination'.
src/components/permissions/rules/PermissionRuleList.tsx(1011,35): error TS2345: Argument of type '{ type: "addDirectories"; directories: any[]; destination: string; }' is not assignable to parameter of type 'PermissionUpdate'.
  Type '{ type: "addDirectories"; directories: any[]; destination: string; }' is not assignable to type '{ type: "addDirectories"; destination: PermissionUpdateDestination; directories: string[]; }'.
    Types of property 'destination' are incompatible.
      Type 'string' is not assignable to type 'PermissionUpdateDestination'.
src/components/permissions/SedEditPermissionRequest/SedEditPermissionRequest.tsx(103,5): error TS2339: Property 'oldContent' does not exist on type 'unknown'.
src/components/permissions/SedEditPermissionRequest/SedEditPermissionRequest.tsx(104,5): error TS2339: Property 'fileExists' does not exist on type 'unknown'.
src/components/PromptInput/PromptInput.tsx(308,47): error TS2367: This comparison appears to be unintentional because the types '"external"' and '"ant"' have no overlap.
src/components/PromptInput/PromptInput.tsx(309,29): error TS2367: This comparison appears to be unintentional because the types '"external"' and '"ant"' have no overlap.
src/components/PromptInput/PromptInput.tsx(405,95): error TS2367: This comparison appears to be unintentional because the types '"external"' and '"ant"' have no overlap.
src/components/PromptInput/PromptInput.tsx(457,76): error TS18046: 't' is of type 'unknown'.
src/components/PromptInput/PromptInput.tsx(470,75): error TS18046: 't' is of type 'unknown'.
src/components/PromptInput/PromptInput.tsx(474,55): error TS2367: This comparison appears to be unintentional because the types '"external"' and '"ant"' have no overlap.
src/components/PromptInput/PromptInput.tsx(583,45): error TS18046: 't' is of type 'unknown'.
src/components/PromptInput/PromptInput.tsx(584,19): error TS2339: Property 'color' does not exist on type '{}'.
src/components/PromptInput/PromptInput.tsx(585,62): error TS2339: Property 'color' does not exist on type '{}'.
src/components/PromptInput/PromptInput.tsx(1819,28): error TS2367: This comparison appears to be unintentional because the types '"external"' and '"ant"' have no overlap.
src/components/PromptInput/PromptInput.tsx(1827,28): error TS2367: This comparison appears to be unintentional because the types '"external"' and '"ant"' have no overlap.
src/components/PromptInput/PromptInput.tsx(1890,15): error TS2367: This comparison appears to be unintentional because the types '"external"' and '"ant"' have no overlap.
src/components/PromptInput/PromptInputFooter.tsx(146,12): error TS2367: This comparison appears to be unintentional because the types '"external"' and '"ant"' have no overlap.
src/components/PromptInput/PromptInputFooter.tsx(150,8): error TS2367: This comparison appears to be unintentional because the types '"external"' and '"ant"' have no overlap.
src/components/PromptInput/PromptInputFooterLeftSide.tsx(88,29): error TS2345: Argument of type 'number' is not assignable to parameter of type 'SetStateAction<null>'.
src/components/PromptInput/PromptInputFooterLeftSide.tsx(263,45): error TS2367: This comparison appears to be unintentional because the types '"external"' and '"ant"' have no overlap.
src/components/PromptInput/PromptInputFooterLeftSide.tsx(277,100): error TS2367: This comparison appears to be unintentional because the types '"external"' and '"ant"' have no overlap.
src/components/PromptInput/PromptInputFooterLeftSide.tsx(316,151): error TS18046: 't_0' is of type 'unknown'.
src/components/PromptInput/PromptInputFooterLeftSide.tsx(341,108): error TS18046: 't_1' is of type 'unknown'.
src/components/PromptInput/PromptInputFooterLeftSide.tsx(368,7): error TS2367: This comparison appears to be unintentional because the types '"external"' and '"ant"' have no overlap.
src/components/PromptInput/PromptInputFooterLeftSide.tsx(368,50): error TS2304: Cannot find name 'TungstenPill'.
src/components/PromptInput/PromptInputFooterLeftSide.tsx(371,69): error TS18046: 't_2' is of type 'unknown'.
src/components/PromptInput/PromptInputFooterLeftSide.tsx(371,107): error TS18046: 't_2' is of type 'unknown'.
src/components/PromptInput/PromptInputFooterLeftSide.tsx(372,65): error TS18046: 't_3' is of type 'unknown'.
src/components/PromptInput/PromptInputFooterLeftSide.tsx(372,95): error TS18046: 't_3' is of type 'unknown'.
src/components/PromptInput/PromptInputFooterLeftSide.tsx(402,31): error TS2367: This comparison appears to be unintentional because the types '"external"' and '"ant"' have no overlap.
src/components/PromptInput/SandboxPromptFooterHint.tsx(30,11): error TS2322: Type 'Timeout' is not assignable to type 'null'.
src/components/QuickOpenDialog.tsx(34,3): error TS2554: Expected 2 arguments, but got 1.
src/components/QuickOpenDialog.tsx(106,11): error TS2353: Object literal may only specify known properties, and 'path' does not exist in type '(prevState: null) => null'.
src/components/QuickOpenDialog.tsx(114,11): error TS2353: Object literal may only specify known properties, and 'path' does not exist in type '(prevState: null) => null'.
src/components/QuickOpenDialog.tsx(200,100): error TS2339: Property 'path' does not exist on type 'never'.
src/components/QuickOpenDialog.tsx(200,158): error TS2339: Property 'content' does not exist on type 'never'.
src/components/RemoteEnvironmentDialog.tsx(56,34): error TS2345: Argument of type 'EnvironmentResource | null' is not assignable to parameter of type 'SetStateAction<null>'.
  Type 'EnvironmentResource' is not assignable to type 'SetStateAction<null>'.
    Type 'EnvironmentResource' provides no match for the signature '(prevState: null): null'.
src/components/RemoteEnvironmentDialog.tsx(57,40): error TS2345: Argument of type '"userSettings" | "projectSettings" | "localSettings" | "flagSettings" | "policySettings" | null' is not assignable to parameter of type 'SetStateAction<null>'.
  Type '"userSettings"' is not assignable to type 'SetStateAction<null>'.
src/components/RemoteEnvironmentDialog.tsx(58,27): error TS2345: Argument of type 'null' is not assignable to parameter of type 'SetStateAction<string>'.
src/components/RemoteEnvironmentDialog.tsx(66,20): error TS2345: Argument of type 'string' is not assignable to parameter of type 'SetStateAction<null>'.
src/components/RemoteEnvironmentDialog.tsx(67,27): error TS2345: Argument of type 'null' is not assignable to parameter of type 'SetStateAction<string>'.
src/components/SessionPreview.tsx(34,31): error TS2345: Argument of type 'Dispatch<SetStateAction<null>>' is not assignable to parameter of type '(value: LogOption) => void | PromiseLike<void>'.
  Types of parameters 'value' and 'value' are incompatible.
    Type 'LogOption' is not assignable to type 'SetStateAction<null>'.
      Type 'LogOption' provides no match for the signature '(prevState: null): null'.
src/components/Settings/CodexUsage.tsx(193,12): error TS2741: Property 'kind' is missing in type '{ key: string; label: string; value: string; }' but required in type '{ kind: "text"; label: string; value: string; }'.
src/components/Settings/Config.tsx(434,7): error TS2367: This comparison appears to be unintentional because the types '"external"' and '"ant"' have no overlap.
src/components/Settings/MiniMaxUsage.tsx(231,12): error TS2741: Property 'kind' is missing in type '{ key: string; label: string; value: string; }' but required in type '{ kind: "text"; label: string; value: string; }'.
src/components/SkillImprovementSurvey.tsx(8,45): error TS2307: Cannot find module './FeedbackSurvey/utils.js' or its corresponding type declarations.
src/components/skills/SkillsMenu.tsx(85,7): error TS18046: 'group' is of type 'unknown'.
src/components/Spinner.tsx(222,7): error TS2367: This comparison appears to be unintentional because the types '"external"' and '"ant"' have no overlap.
src/components/Spinner.tsx(222,31): error TS2304: Cannot find name 'apiMetricsRef'.
src/components/Spinner.tsx(222,57): error TS2304: Cannot find name 'apiMetricsRef'.
src/components/Spinner.tsx(223,16): error TS2304: Cannot find name 'computeTtftText'.
src/components/Spinner.tsx(223,32): error TS2304: Cannot find name 'apiMetricsRef'.
src/components/Spinner/GlimmerMessage.tsx(7,34): error TS2307: Cannot find module './types.js' or its corresponding type declarations.
src/components/Spinner/index.ts(5,34): error TS2307: Cannot find module './types.js' or its corresponding type declarations.
src/components/Spinner/SpinnerAnimationRow.tsx(15,34): error TS2307: Cannot find module './types.js' or its corresponding type declarations.
src/components/Spinner/useShimmerAnimation.ts(4,34): error TS2307: Cannot find module './types.js' or its corresponding type declarations.
src/components/Spinner/utils.ts(2,47): error TS2307: Cannot find module './types.js' or its corresponding type declarations.
src/components/StartupScreen.palettes.test.ts(27,40): error TS2769: No overload matches this call.
  Overload 1 of 2, '(expected: ("forest" | "ocean" | "sunset" | "monochrome")[]): void', gave the following error.
    Argument of type 'string[]' is not assignable to parameter of type '("forest" | "ocean" | "sunset" | "monochrome")[]'.
      Type 'string' is not assignable to type '"forest" | "ocean" | "sunset" | "monochrome"'.
  Overload 2 of 2, '(expected: NoInfer<("forest" | "ocean" | "sunset" | "monochrome")[]>): void', gave the following error.
    Argument of type 'string[]' is not assignable to parameter of type '("forest" | "ocean" | "sunset" | "monochrome")[]'.
      Type 'string' is not assignable to type '"forest" | "ocean" | "sunset" | "monochrome"'.
src/components/StartupScreen.test.ts(62,41): error TS2339: Property 'model' does not exist on type 'GlobalConfig'.
src/components/Stats.tsx(3,36): error TS2307: Cannot find module 'asciichart' or its corresponding type declarations.
src/components/Stats.tsx(152,40): error TS2345: Argument of type 'string' is not assignable to parameter of type 'StatsDateRange'.
src/components/Stats.tsx(179,46): error TS18046: 'allTimeResult' is of type 'unknown'.
src/components/Stats.tsx(179,81): error TS18046: 'allTimeResult' is of type 'unknown'.
src/components/Stats.tsx(179,135): error TS18046: 'allTimeResult' is of type 'unknown'.
src/components/Stats.tsx(179,170): error TS18046: 'allTimeResult' is of type 'unknown'.
src/components/Stats.tsx(180,24): error TS18046: 'allTimeResult' is of type 'unknown'.
src/components/Stats.tsx(180,59): error TS18046: 'allTimeResult' is of type 'unknown'.
src/components/Stats.tsx(216,39): error TS2345: Argument of type 'string' is not assignable to parameter of type 'StatsDateRange'.
src/components/Stats.tsx(219,40): error TS2345: Argument of type 'string' is not assignable to parameter of type '"Overview" | "Models"'.
src/components/Stats.tsx(231,7): error TS18046: 'allTimeResult' is of type 'unknown'.
src/components/Stats.tsx(233,19): error TS18046: 'allTimeResult' is of type 'unknown'.
src/components/Stats.tsx(234,74): error TS18046: 'allTimeResult' is of type 'unknown'.
src/components/Stats.tsx(235,15): error TS18046: 'allTimeResult' is of type 'unknown'.
src/components/Stats.tsx(242,7): error TS18046: 'allTimeResult' is of type 'unknown'.
src/components/Stats.tsx(264,94): error TS2322: Type 'string' is not assignable to type 'StatsDateRange'.
src/components/Stats.tsx(515,8): error TS2367: This comparison appears to be unintentional because the types '"external"' and '"ant"' have no overlap.
src/components/Stats.tsx(1154,7): error TS2367: This comparison appears to be unintentional because the types '"external"' and '"ant"' have no overlap.
src/components/StatusLine.tsx(16,45): error TS2307: Cannot find module '../types/statusLine.js' or its corresponding type declarations.
src/components/StatusNotices.tsx(70,7): error TS2345: Argument of type 'Tools' is not assignable to parameter of type 'Tool[]'.
  The type 'Tools' is 'readonly' and cannot be assigned to the mutable type 'Tool[]'.
src/components/StructuredDiff.tsx(98,5): error TS2339: Property 'patch' does not exist on type '{}'.
src/components/StructuredDiff.tsx(99,5): error TS2339: Property 'dim' does not exist on type '{}'.
src/components/StructuredDiff.tsx(100,5): error TS2339: Property 'filePath' does not exist on type '{}'.
src/components/StructuredDiff.tsx(101,5): error TS2339: Property 'firstLine' does not exist on type '{}'.
src/components/StructuredDiff.tsx(102,5): error TS2339: Property 'fileContent' does not exist on type '{}'.
src/components/StructuredDiff.tsx(103,5): error TS2339: Property 'width' does not exist on type '{}'.
src/components/StructuredDiff.tsx(104,5): error TS2339: Property 'skipHighlighting' does not exist on type '{}'.
src/components/StructuredDiffList.tsx(25,25): error TS2322: Type '{ patch: StructuredPatchHunk; dim: boolean; width: number; filePath: string; firstLine: string | null; fileContent: string | undefined; }' is not assignable to type 'IntrinsicAttributes & object'.
  Property 'patch' does not exist on type 'IntrinsicAttributes & object'.
src/components/TaskListV2.tsx(98,11): error TS18046: 'teammate' is of type 'unknown'.
src/components/TaskListV2.tsx(99,55): error TS18046: 'teammate' is of type 'unknown'.
src/components/TaskListV2.tsx(101,26): error TS18046: 'teammate' is of type 'unknown'.
src/components/tasks/BackgroundTasksDialog.tsx(19,45): error TS2307: Cannot find module 'src/tasks/LocalWorkflowTask/LocalWorkflowTask.js' or its corresponding type declarations.
src/components/tasks/BackgroundTasksDialog.tsx(110,115): error TS2307: Cannot find module './WorkflowDetailDialog.js' or its corresponding type declarations.
src/components/tasks/BackgroundTasksDialog.tsx(111,135): error TS2307: Cannot find module 'src/tasks/LocalWorkflowTask/LocalWorkflowTask.js' or its corresponding type declarations.
src/components/tasks/BackgroundTasksDialog.tsx(119,42): error TS2339: Property 'killMonitorMcp' does not exist on type 'typeof import("d:/OpenClaude/openclaude-cli/src/tasks/MonitorMcpTask/MonitorMcpTask")'.
src/components/tasks/BackgroundTasksDialog.tsx(120,115): error TS2307: Cannot find module './MonitorMcpDetailDialog.js' or its corresponding type declarations.
src/components/tasks/BackgroundTasksDialog.tsx(169,3): error TS2554: Expected 2 arguments, but got 1.
src/components/tasks/BackgroundTasksDialog.tsx(493,49): error TS2366: Function lacks ending return statement and return type does not include 'undefined'.
src/components/tasks/RemoteSessionDetailDialog.tsx(114,53): error TS2339: Property 'name' does not exist on type 'never'.
src/components/tasks/RemoteSessionDetailDialog.tsx(114,69): error TS2339: Property 'input' does not exist on type 'never'.
src/components/tasks/ShellDetailDialog.tsx(311,5): error TS2339: Property 'content' does not exist on type 'unknown'.
src/components/tasks/ShellDetailDialog.tsx(312,5): error TS2339: Property 'bytesTotal' does not exist on type 'unknown'.
src/components/tasks/ShellDetailDialog.tsx(331,19): error TS2345: Argument of type 'any' is not assignable to parameter of type 'never'.
src/components/tasks/taskStatusUtils.tsx(99,33): error TS2367: This comparison appears to be unintentional because the types '"external"' and '"ant"' have no overlap.
src/components/teams/TeamsDialog.tsx(55,3): error TS2554: Expected 2 arguments, but got 1.
src/components/TeleportError.tsx(40,25): error TS2345: Argument of type '"needsLogin"' is not assignable to parameter of type 'SetStateAction<null>'.
src/components/TeleportError.tsx(43,27): error TS2345: Argument of type '"needsGitStash"' is not assignable to parameter of type 'SetStateAction<null>'.
src/components/TeleportRepoMismatchDialog.tsx(44,23): error TS2345: Argument of type 'string' is not assignable to parameter of type 'SetStateAction<null>'.
src/components/TextInput.tsx(72,17): error TS18046: 'audioLevels' is of type 'unknown'.
src/components/TextInput.tsx(72,42): error TS18046: 'audioLevels' is of type 'unknown'.
src/components/TextInput.tsx(72,54): error TS18046: 'audioLevels' is of type 'unknown'.
src/components/ThinkingToggle.tsx(101,32): error TS2345: Argument of type 'boolean' is not assignable to parameter of type 'SetStateAction<null>'.
src/components/TokenWarning.tsx(34,5): error TS2339: Property 'getStats' does not exist on type 'typeof import("d:/OpenClaude/openclaude-cli/src/services/contextCollapse/index")'.
src/components/TokenWarning.tsx(35,5): error TS2339: Property 'subscribe' does not exist on type 'typeof import("d:/OpenClaude/openclaude-cli/src/services/contextCollapse/index")'.
src/components/TokenWarning.tsx(51,10): error TS18046: 'snapshot' is of type 'unknown'.
src/components/ui/TreeSelect.tsx(177,7): error TS2554: Expected 3 arguments, but got 2.
src/components/VirtualMessageList.tsx(10,15): error TS2305: Module '"../types/message.js"' has no exported member 'RenderableMessage'.
src/components/wizard/index.ts(5,8): error TS2307: Cannot find module './types.js' or its corresponding type declarations.
src/components/wizard/useWizard.ts(2,41): error TS2307: Cannot find module './types.js' or its corresponding type declarations.
src/components/wizard/WizardProvider.tsx(4,62): error TS2307: Cannot find module './types.js' or its corresponding type declarations.
src/components/wizard/WizardProvider.tsx(22,35): error TS2304: Cannot find name 'T'.
src/components/WorkflowMultiselectDialog.tsx(3,31): error TS2307: Cannot find module '../commands/install-github-app/types.js' or its corresponding type declarations.
src/constants/prompts.ts(69,73): error TS2307: Cannot find module '../services/compact/cachedMCConfig.js' or its corresponding type declarations.
src/constants/prompts.ts(91,73): error TS2307: Cannot find module '../tools/DiscoverSkillsTool/prompt.js' or its corresponding type declarations.
src/constants/prompts.ts(97,74): error TS2307: Cannot find module '../services/skillSearch/featureCheck.js' or its corresponding type declarations.
src/constants/prompts.ts(133,10): error TS2304: Cannot find name 'getAntModelOverrideConfig'.
src/context/promptOverlayContext.tsx(52,31): error TS2322: Type 'Dispatch<SetStateAction<null>>' is not assignable to type 'Setter<PromptOverlayData>'.
  Types of parameters 'value' and 'd' are incompatible.
    Type 'PromptOverlayData | null' is not assignable to type 'SetStateAction<null>'.
      Type 'PromptOverlayData' is not assignable to type 'SetStateAction<null>'.
        Type 'PromptOverlayData' provides no match for the signature '(prevState: null): null'.
src/context/promptOverlayContext.tsx(52,74): error TS2322: Type 'Dispatch<SetStateAction<null>>' is not assignable to type 'Setter<ReactNode>'.
  Types of parameters 'value' and 'd' are incompatible.
    Type 'ReactNode' is not assignable to type 'SetStateAction<null>'.
      Type 'undefined' is not assignable to type 'SetStateAction<null>'.
src/dialogLaunchers.tsx(10,39): error TS2307: Cannot find module './assistant/sessionDiscovery.js' or its corresponding type declarations.
src/dialogLaunchers.tsx(37,92): error TS2322: Type '{ agentType: string; scope: AgentMemoryScope; snapshotTimestamp: string; onComplete: (result: "replace" | "merge" | "keep") => void; onCancel: () => void; }' is not assignable to type 'IntrinsicAttributes'.
  Property 'agentType' does not exist on type 'IntrinsicAttributes'.
src/dialogLaunchers.tsx(75,5): error TS2339: Property 'NewInstallWizard' does not exist on type 'typeof import("d:/OpenClaude/openclaude-cli/src/commands/assistant/assistant")'.
src/dialogLaunchers.tsx(76,5): error TS2339: Property 'computeDefaultInstallDir' does not exist on type 'typeof import("d:/OpenClaude/openclaude-cli/src/commands/assistant/assistant")'.
src/entrypoints/agentSdkTypes.ts(24,31): error TS2307: Cannot find module './sdk/settingsTypes.generated.js' or its corresponding type declarations.
src/entrypoints/agentSdkTypes.ts(52,3): error TS2305: Module '"./sdk/runtimeTypes.js"' has no exported member 'AnyZodRawShape'.
src/entrypoints/agentSdkTypes.ts(53,3): error TS2305: Module '"./sdk/runtimeTypes.js"' has no exported member 'ForkSessionOptions'.
src/entrypoints/agentSdkTypes.ts(54,3): error TS2305: Module '"./sdk/runtimeTypes.js"' has no exported member 'ForkSessionResult'.
src/entrypoints/agentSdkTypes.ts(55,3): error TS2305: Module '"./sdk/runtimeTypes.js"' has no exported member 'GetSessionInfoOptions'.
src/entrypoints/agentSdkTypes.ts(56,3): error TS2305: Module '"./sdk/runtimeTypes.js"' has no exported member 'GetSessionMessagesOptions'.
src/entrypoints/agentSdkTypes.ts(57,3): error TS2305: Module '"./sdk/runtimeTypes.js"' has no exported member 'InferShape'.
src/entrypoints/agentSdkTypes.ts(58,3): error TS2305: Module '"./sdk/runtimeTypes.js"' has no exported member 'InternalOptions'.
src/entrypoints/agentSdkTypes.ts(59,3): error TS2305: Module '"./sdk/runtimeTypes.js"' has no exported member 'InternalQuery'.
src/entrypoints/agentSdkTypes.ts(60,3): error TS2305: Module '"./sdk/runtimeTypes.js"' has no exported member 'ListSessionsOptions'.
src/entrypoints/agentSdkTypes.ts(61,3): error TS2305: Module '"./sdk/runtimeTypes.js"' has no exported member 'Options'.
src/entrypoints/agentSdkTypes.ts(62,3): error TS2305: Module '"./sdk/runtimeTypes.js"' has no exported member 'Query'.
src/entrypoints/agentSdkTypes.ts(63,3): error TS2305: Module '"./sdk/runtimeTypes.js"' has no exported member 'SDKSession'.
src/entrypoints/agentSdkTypes.ts(64,3): error TS2305: Module '"./sdk/runtimeTypes.js"' has no exported member 'SDKSessionOptions'.
src/entrypoints/agentSdkTypes.ts(65,3): error TS2305: Module '"./sdk/runtimeTypes.js"' has no exported member 'SdkMcpToolDefinition'.
src/entrypoints/agentSdkTypes.ts(66,3): error TS2305: Module '"./sdk/runtimeTypes.js"' has no exported member 'SessionMessage'.
src/entrypoints/agentSdkTypes.ts(67,3): error TS2305: Module '"./sdk/runtimeTypes.js"' has no exported member 'SessionMutationOptions'.
src/entrypoints/cli.tsx(22,5): error TS2578: Unused '@ts-expect-error' directive.
src/entrypoints/cli.tsx(252,22): error TS2307: Cannot find module '../daemon/workerRegistry.js' or its corresponding type declarations.
src/entrypoints/cli.tsx(326,22): error TS2307: Cannot find module '../daemon/main.js' or its corresponding type declarations.
src/entrypoints/cli.tsx(340,29): error TS2307: Cannot find module '../cli/bg.js' or its corresponding type declarations.
src/entrypoints/cli.tsx(365,22): error TS2307: Cannot find module '../cli/handlers/templateJobs.js' or its corresponding type declarations.
src/entrypoints/cli.tsx(379,22): error TS2307: Cannot find module '../environment-runner/main.js' or its corresponding type declarations.
src/entrypoints/cli.tsx(391,22): error TS2307: Cannot find module '../self-hosted-runner/main.js' or its corresponding type declarations.
src/entrypoints/mcp.ts(102,38): error TS2345: Argument of type 'Tools' is not assignable to parameter of type 'Tool[]'.
  The type 'Tools' is 'readonly' and cannot be assigned to the mutable type 'Tool[]'.
src/entrypoints/mcp.ts(141,38): error TS2345: Argument of type 'Tools' is not assignable to parameter of type 'Tool[]'.
  The type 'Tools' is 'readonly' and cannot be assigned to the mutable type 'Tool[]'.
src/entrypoints/sdk/coreTypes.ts(22,39): error TS2307: Cannot find module './sdkUtilityTypes.js' or its corresponding type declarations.
src/grpc/server.ts(130,49): error TS2353: Object literal may only specify known properties, and 'reason' does not exist in type 'PermissionDenyDecision | PromiseLike<PermissionDecision<Record<string, unknown>>>'.
src/grpc/server.ts(151,63): error TS18046: 'msg.event.delta' is of type 'unknown'.
src/grpc/server.ts(154,27): error TS18046: 'msg.event.delta' is of type 'unknown'.
src/grpc/server.ts(157,29): error TS18046: 'msg.event.delta' is of type 'unknown'.
src/grpc/server.ts(164,23): error TS18046: 'block' is of type 'unknown'.
src/grpc/server.ts(166,32): error TS18046: 'block' is of type 'unknown'.
src/grpc/server.ts(167,35): error TS18046: 'block' is of type 'unknown'.
src/grpc/server.ts(168,46): error TS18046: 'block' is of type 'unknown'.
src/grpc/server.ts(169,35): error TS18046: 'block' is of type 'unknown'.
src/grpc/server.ts(173,53): error TS18046: 'block' is of type 'unknown'.
src/grpc/server.ts(173,75): error TS18046: 'block' is of type 'unknown'.
src/grpc/server.ts(174,38): error TS18046: 'block' is of type 'unknown'.
src/grpc/server.ts(176,35): error TS18046: 'block' is of type 'unknown'.
src/grpc/server.ts(202,38): error TS2345: Argument of type 'string | undefined' is not assignable to parameter of type 'string'.
  Type 'undefined' is not assignable to type 'string'.
src/hooks/fileSuggestions.ts(15,49): error TS2307: Cannot find module '../types/fileSuggestion.js' or its corresponding type declarations.
src/hooks/notifs/useCanSwitchToExistingSubscription.tsx(14,26): error TS2345: Argument of type '() => Promise<{ key: string; jsx: Element; priority: string; } | null>' is not assignable to parameter of type '() => Result | Promise<Result>'.
  Type 'Promise<{ key: string; jsx: Element; priority: string; } | null>' is not assignable to type 'Result | Promise<Result>'.
    Type 'Promise<{ key: string; jsx: Element; priority: string; } | null>' is not assignable to type 'Promise<Result>'.
      Type '{ key: string; jsx: Element; priority: string; } | null' is not assignable to type 'Result'.
        Type '{ key: string; jsx: JSX.Element; priority: string; }' is not assignable to type 'Result'.
          Type '{ key: string; jsx: JSX.Element; priority: string; }' is not assignable to type 'JSXNotification'.
            Type '{ key: string; jsx: JSX.Element; priority: string; }' is not assignable to type 'BaseNotification'.
              Types of property 'priority' are incompatible.
                Type 'string' is not assignable to type 'Priority'.
src/hooks/notifs/useDeprecationWarningNotification.tsx(21,9): error TS2322: Type 'string' is not assignable to type 'null'.
src/hooks/notifs/useInstallMessages.tsx(4,26): error TS2345: Argument of type '() => Promise<{ key: string; text: any; priority: string; color: string; }[]>' is not assignable to parameter of type '() => Result | Promise<Result>'.
  Type 'Promise<{ key: string; text: any; priority: string; color: string; }[]>' is not assignable to type 'Result | Promise<Result>'.
    Type 'Promise<{ key: string; text: any; priority: string; color: string; }[]>' is not assignable to type 'Promise<Result>'.
      Type '{ key: string; text: any; priority: string; color: string; }[]' is not assignable to type 'Result'.
        Type '{ key: string; text: any; priority: string; color: string; }[]' is not assignable to type 'Notification[]'.
          Type '{ key: string; text: any; priority: string; color: string; }' is not assignable to type 'Notification'.
            Type '{ key: string; text: any; priority: string; color: string; }' is not assignable to type 'TextNotification'.
              Type '{ key: string; text: any; priority: string; color: string; }' is not assignable to type 'BaseNotification'.
                Types of property 'priority' are incompatible.
                  Type 'string' is not assignable to type 'Priority'.
src/hooks/notifs/useModelMigrationNotifications.tsx(44,19): error TS2345: Argument of type 'Notification' is not assignable to parameter of type 'never'.
  Type 'TextNotification' is not assignable to type 'never'.
src/hooks/notifs/useNpmDeprecationNotification.tsx(7,26): error TS2345: Argument of type '() => Promise<{ timeoutMs: number; key: string; text: string; color: string; priority: string; } | null>' is not assignable to parameter of type '() => Result | Promise<Result>'.
  Type 'Promise<{ timeoutMs: number; key: string; text: string; color: string; priority: string; } | null>' is not assignable to type 'Result | Promise<Result>'.
    Type 'Promise<{ timeoutMs: number; key: string; text: string; color: string; priority: string; } | null>' is not assignable to type 'Promise<Result>'.
      Type '{ timeoutMs: number; key: string; text: string; color: string; priority: string; } | null' is not assignable to type 'Result'.
        Type '{ timeoutMs: number; key: string; text: string; color: string; priority: string; }' is not assignable to type 'Result'.
          Type '{ timeoutMs: number; key: string; text: string; color: string; priority: string; }' is not assignable to type 'TextNotification'.
            Type '{ timeoutMs: number; key: string; text: string; color: string; priority: string; }' is not assignable to type 'BaseNotification'.
              Types of property 'priority' are incompatible.
                Type 'string' is not assignable to type 'Priority'.
src/hooks/useApiKeyVerification.test.tsx(97,3): error TS2578: Unused '@ts-expect-error' directive.
src/hooks/useApiKeyVerification.test.tsx(99,5): error TS2307: Cannot find module './useApiKeyVerification.ts?switch-to-third-party' or its corresponding type declarations.
src/hooks/useAssistantHistory.ts(19,24): error TS2305: Module '"../types/message.js"' has no exported member 'SystemInformationalMessage'.
src/hooks/useAssistantHistory.ts(53,33): error TS2345: Argument of type 'Message' is not assignable to parameter of type 'SDKMessage'.
  Type 'Message' is not assignable to type '{ type: "assistant"; message: Record<string, unknown> & { role: "assistant"; content: unknown[]; }; parent_tool_use_id: string | null; error?: "unknown" | "authentication_failed" | "billing_error" | ... 4 more ... | undefined; uuid: string; session_id: string; } | ... 22 more ... | { ...; }'.
    Type 'Message' is not assignable to type '{ type: "tool_progress"; tool_use_id: string; tool_name: string; parent_tool_use_id: string | null; elapsed_time_seconds: number; task_id?: string | undefined; uuid: string; session_id: string; }'.
      Types of property 'type' are incompatible.
        Type 'string | undefined' is not assignable to type '"tool_progress"'.
          Type 'undefined' is not assignable to type '"tool_progress"'.
src/hooks/useCancelRequest.ts(17,34): error TS2307: Cannot find module '../components/Spinner/types.js' or its corresponding type declarations.
src/hooks/useCanUseTool.tsx(136,23): error TS18046: 'raceResult' is of type 'unknown'.
src/hooks/useCanUseTool.tsx(136,55): error TS18046: 'raceResult' is of type 'unknown'.
src/hooks/useCanUseTool.tsx(136,84): error TS18046: 'raceResult' is of type 'unknown'.
src/hooks/useCanUseTool.tsx(140,41): error TS18046: 'raceResult' is of type 'unknown'.
src/hooks/useCanUseTool.tsx(154,61): error TS18046: 'raceResult' is of type 'unknown'.
src/hooks/useChromeExtensionNotification.tsx(17,26): error TS2345: Argument of type '() => Promise<{ key: string; jsx: Element; priority: string; timeoutMs: number; text?: undefined; } | { key: string; text: string; priority: string; jsx?: undefined; timeoutMs?: undefined; } | null>' is not assignable to parameter of type '() => Result | Promise<Result>'.
  Type 'Promise<{ key: string; jsx: Element; priority: string; timeoutMs: number; text?: undefined; } | { key: string; text: string; priority: string; jsx?: undefined; timeoutMs?: undefined; } | null>' is not assignable to type 'Result | Promise<Result>'.
    Type 'Promise<{ key: string; jsx: Element; priority: string; timeoutMs: number; text?: undefined; } | { key: string; text: string; priority: string; jsx?: undefined; timeoutMs?: undefined; } | null>' is not assignable to type 'Promise<Result>'.
      Type '{ key: string; jsx: Element; priority: string; timeoutMs: number; text?: undefined; } | { key: string; text: string; priority: string; jsx?: undefined; timeoutMs?: undefined; } | null' is not assignable to type 'Result'.
        Type '{ key: string; jsx: JSX.Element; priority: string; timeoutMs: number; text?: undefined; }' is not assignable to type 'Result'.
          Type '{ key: string; jsx: JSX.Element; priority: string; timeoutMs: number; text?: undefined; }' is not assignable to type 'JSXNotification'.
            Type '{ key: string; jsx: JSX.Element; priority: string; timeoutMs: number; text?: undefined; }' is not assignable to type 'BaseNotification'.
              Types of property 'priority' are incompatible.
                Type 'string' is not assignable to type 'Priority'.
src/hooks/useLspPluginRecommendation.tsx(72,27): error TS2345: Argument of type 'any' is not assignable to parameter of type 'never'.
src/hooks/useMainLoopModel.ts(26,39): error TS2554: Expected 0 arguments, but got 1.
src/hooks/useOfficialMarketplaceNotification.tsx(20,17): error TS2345: Argument of type '{ key: string; jsx: JSX.Element; priority: string; timeoutMs: number; }' is not assignable to parameter of type 'never'.
src/hooks/useOfficialMarketplaceNotification.tsx(29,17): error TS2345: Argument of type '{ key: string; jsx: JSX.Element; priority: string; timeoutMs: number; }' is not assignable to parameter of type 'never'.
src/hooks/useOfficialMarketplaceNotification.tsx(38,19): error TS2345: Argument of type '{ key: string; jsx: JSX.Element; priority: string; timeoutMs: number; }' is not assignable to parameter of type 'never'.
src/hooks/useRemoteSession.ts(4,34): error TS2307: Cannot find module '../components/Spinner/types.js' or its corresponding type declarations.
src/hooks/useRemoteSession.ts(162,54): error TS18046: 'b' is of type 'unknown'.
src/hooks/useRemoteSession.ts(254,19): error TS18046: 'block' is of type 'unknown'.
src/hooks/useRemoteSession.ts(255,32): error TS18046: 'block' is of type 'unknown'.
src/hooks/useReplBridge.tsx(169,30): error TS2307: Cannot find module '../assistant/index.js' or its corresponding type declarations.
src/hooks/useReplBridge.tsx(198,79): error TS2307: Cannot find module '../bridge/webhookSanitizer.js' or its corresponding type declarations.
src/hooks/useSkillImprovementSurvey.ts(2,45): error TS2307: Cannot find module '../components/FeedbackSurvey/utils.js' or its corresponding type declarations.
src/hooks/useSkillsChange.ts(59,31): error TS2554: Expected 0 arguments, but got 1.
src/hooks/useSSHSession.ts(23,33): error TS2307: Cannot find module '../ssh/createSSHSession.js' or its corresponding type declarations.
src/hooks/useSSHSession.ts(24,40): error TS2307: Cannot find module '../ssh/SSHSessionManager.js' or its corresponding type declarations.
src/hooks/useTeleportResume.tsx(45,18): error TS2345: Argument of type '{ message: string; formattedMessage: string | undefined; isOperationError: boolean; }' is not assignable to parameter of type 'SetStateAction<null>'.
  Type '{ message: string; formattedMessage: string | undefined; isOperationError: boolean; }' provides no match for the signature '(prevState: null): null'.
src/hooks/useTypeahead.tsx(495,9): error TS2367: This comparison appears to be unintentional because the types '"production"' and '"test"' have no overlap.
src/hooks/useVoiceIntegration.tsx(264,72): error TS18046: 'voiceInterimTranscript' is of type 'unknown'.
src/hooks/useVoiceIntegration.tsx(273,63): error TS18046: 'voiceInterimTranscript' is of type 'unknown'.
src/hooks/useVoiceIntegration.tsx(331,9): error TS18046: 'voiceInterimTranscript' is of type 'unknown'.
src/hooks/useVoiceIntegration.tsx(333,74): error TS18046: 'voiceInterimTranscript' is of type 'unknown'.
src/hooks/useVoiceIntegration.tsx(335,25): error TS18046: 'voiceInterimTranscript' is of type 'unknown'.
src/ink/Ansi.tsx(35,5): error TS2339: Property 'children' does not exist on type '{}'.
src/ink/Ansi.tsx(36,5): error TS2339: Property 'dimColor' does not exist on type '{}'.
src/ink/components/Box.tsx(186,10): error TS2339: Property 'ink-box' does not exist on type 'JSX.IntrinsicElements'.
src/ink/components/Box.tsx(186,320): error TS2339: Property 'ink-box' does not exist on type 'JSX.IntrinsicElements'.
src/ink/components/Button.tsx(102,9): error TS2322: Type 'Timeout' is not assignable to type 'null'.
src/ink/components/Link.tsx(22,18): error TS2339: Property 'ink-link' does not exist on type 'JSX.IntrinsicElements'.
src/ink/components/Link.tsx(22,48): error TS2339: Property 'ink-link' does not exist on type 'JSX.IntrinsicElements'.
src/ink/components/Newline.tsx(31,10): error TS2339: Property 'ink-text' does not exist on type 'JSX.IntrinsicElements'.
src/ink/components/Newline.tsx(31,24): error TS2339: Property 'ink-text' does not exist on type 'JSX.IntrinsicElements'.
src/ink/components/RawAnsi.tsx(47,10): error TS2339: Property 'ink-raw-ansi' does not exist on type 'JSX.IntrinsicElements'.
src/ink/components/ScrollBox.tsx(217,10): error TS2339: Property 'ink-box' does not exist on type 'JSX.IntrinsicElements'.
src/ink/components/ScrollBox.tsx(234,5): error TS2339: Property 'ink-box' does not exist on type 'JSX.IntrinsicElements'.
src/ink/components/Text.tsx(244,11): error TS2339: Property 'ink-text' does not exist on type 'JSX.IntrinsicElements'.
src/ink/components/Text.tsx(244,67): error TS2339: Property 'ink-text' does not exist on type 'JSX.IntrinsicElements'.
src/ink/events/event-handlers.ts(4,33): error TS2307: Cannot find module './paste-event.js' or its corresponding type declarations.
src/ink/events/event-handlers.ts(5,34): error TS2307: Cannot find module './resize-event.js' or its corresponding type declarations.
src/ink/frame.ts(1,29): error TS2307: Cannot find module './cursor.js' or its corresponding type declarations.
src/ink/ink.tsx(273,5): error TS2578: Unused '@ts-expect-error' directive.
src/ink/ink.tsx(296,9): error TS2367: This comparison appears to be unintentional because the types '"production"' and '"development"' have no overlap.
src/ink/ink.tsx(820,5): error TS2578: Unused '@ts-expect-error' directive.
src/ink/ink.tsx(1479,5): error TS2578: Unused '@ts-expect-error' directive.
src/ink/ink.tsx(1481,5): error TS2578: Unused '@ts-expect-error' directive.
src/ink/ink.tsx(1547,5): error TS2578: Unused '@ts-expect-error' directive.
src/ink/ink.tsx(1549,5): error TS2578: Unused '@ts-expect-error' directive.
src/ink/ink.tsx(1645,60): error TS2345: Argument of type '((err?: Error | undefined) => void) | undefined' is not assignable to parameter of type '((err?: Error | null | undefined) => void) | undefined'.
  Type '(err?: Error | undefined) => void' is not assignable to type '(err?: Error | null | undefined) => void'.
    Types of parameters 'err' and 'err' are incompatible.
      Type 'Error | null | undefined' is not assignable to type 'Error | undefined'.
        Type 'null' is not assignable to type 'Error | undefined'.
src/ink/log-update.test.ts(46,31): error TS2345: Argument of type '{ char: string; styleId: number; width: CellWidth.Narrow; }' is not assignable to parameter of type 'Cell'.
  Property 'hyperlink' is missing in type '{ char: string; styleId: number; width: CellWidth.Narrow; }' but required in type 'Cell'.
src/ink/render-node-to-output.ts(395,5): error TS2367: This comparison appears to be unintentional because the types '"ink-root" | "ink-box" | "ink-text" | "ink-virtual-text" | "ink-link" | "ink-progress" | "ink-raw-ansi"' and '"#text"' have no overlap.
src/ink/render-to-screen.ts(69,5): error TS2578: Unused '@ts-expect-error' directive.
src/ink/render-to-screen.ts(85,3): error TS2578: Unused '@ts-expect-error' directive.
src/ink/render-to-screen.ts(87,3): error TS2578: Unused '@ts-expect-error' directive.
src/ink/render-to-screen.ts(120,3): error TS2578: Unused '@ts-expect-error' directive.
src/ink/render-to-screen.ts(122,3): error TS2578: Unused '@ts-expect-error' directive.
src/ink/termio/osc.test.ts(42,56): error TS2493: Tuple type '[]' of length '0' has no element at index '0'.
src/ink/termio/osc.test.ts(80,50): error TS2493: Tuple type '[]' of length '0' has no element at index '0'.
src/ink/termio/osc.test.ts(94,26): error TS2493: Tuple type '[]' of length '0' has no element at index '2'.
src/ink/termio/osc.test.ts(97,26): error TS2493: Tuple type '[]' of length '0' has no element at index '2'.
src/ink/termio/osc.test.ts(98,26): error TS2493: Tuple type '[]' of length '0' has no element at index '2'.
src/ink/termio/osc.test.ts(103,26): error TS2493: Tuple type '[]' of length '0' has no element at index '1'.
src/ink/termio/osc.test.ts(104,7): error TS2769: No overload matches this call.
  Overload 1 of 2, '(expected: undefined): void', gave the following error.
    Argument of type 'string' is not assignable to parameter of type 'undefined'.
  Overload 2 of 2, '(expected: undefined): void', gave the following error.
    Argument of type 'string' is not assignable to parameter of type 'undefined'.
src/ink/termio/osc.test.ts(151,50): error TS2493: Tuple type '[]' of length '0' has no element at index '0'.
src/ink/termio/osc.test.ts(162,50): error TS2493: Tuple type '[]' of length '0' has no element at index '0'.
src/integrations/discoveryService.ts(104,3): error TS2322: Type '(readonly [string, string])[]' is not assignable to type '[string, string][]'.
  The type 'readonly [string, string]' is 'readonly' and cannot be assigned to the mutable type '[string, string]'.
src/integrations/gateways/opencode.test.ts(410,14): error TS18048: 'entry.label' is possibly 'undefined'.
src/integrations/gateways/opencode.test.ts(417,14): error TS18048: 'entry.label' is possibly 'undefined'.
src/interactiveHelpers.tsx(107,7): error TS2367: This comparison appears to be unintentional because the types '"production"' and '"test"' have no overlap.
src/main.tsx(84,94): error TS2307: Cannot find module './assistant/index.js' or its corresponding type declarations.
src/main.tsx(85,88): error TS2307: Cannot find module './assistant/gate.js' or its corresponding type declarations.
src/main.tsx(266,5): error TS2367: This comparison appears to be unintentional because the types '"external"' and '"ant"' have no overlap.
src/main.tsx(340,9): error TS2367: This comparison appears to be unintentional because the types '"external"' and '"ant"' have no overlap.
src/main.tsx(432,7): error TS2367: This comparison appears to be unintentional because the types '"external"' and '"ant"' have no overlap.
src/main.tsx(433,17): error TS2307: Cannot find module './utils/eventLoopStallDetector.js' or its corresponding type declarations.
src/main.tsx(555,24): error TS2307: Cannot find module './server/parseConnectUrl.js' or its corresponding type declarations.
src/main.tsx(1066,25): error TS2367: This comparison appears to be unintentional because the types '"external"' and '"ant"' have no overlap.
src/main.tsx(1070,9): error TS2367: This comparison appears to be unintentional because the types '"external"' and '"ant"' have no overlap.
src/main.tsx(1466,84): error TS2367: This comparison appears to be unintentional because the types '"external"' and '"ant"' have no overlap.
src/main.tsx(1702,9): error TS2367: This comparison appears to be unintentional because the types '"external"' and '"ant"' have no overlap.
src/main.tsx(1952,9): error TS2367: This comparison appears to be unintentional because the types '"external"' and '"ant"' have no overlap.
src/main.tsx(2100,17): error TS2367: This comparison appears to be unintentional because the types '"external"' and '"ant"' have no overlap.
src/main.tsx(2164,11): error TS2367: This comparison appears to be unintentional because the types '"external"' and '"ant"' have no overlap.
src/main.tsx(2206,13): error TS2339: Property 'buildMergePrompt' does not exist on type 'typeof import("d:/OpenClaude/openclaude-cli/src/components/agents/SnapshotUpdateDialog")'.
src/main.tsx(2760,13): error TS2367: This comparison appears to be unintentional because the types '"external"' and '"ant"' have no overlap.
src/main.tsx(2761,23): error TS2307: Cannot find module './utils/sdkHeapDumpMonitor.js' or its corresponding type declarations.
src/main.tsx(3004,36): error TS2367: This comparison appears to be unintentional because the types '"external"' and '"ant"' have no overlap.
src/main.tsx(3004,66): error TS2307: Cannot find module './utils/sessionDataUploader.js' or its corresponding type declarations.
src/main.tsx(3145,24): error TS2307: Cannot find module './ssh/createSSHSession.js' or its corresponding type declarations.
src/main.tsx(3181,75): error TS18046: 'err' is of type 'unknown'.
src/main.tsx(3208,24): error TS2307: Cannot find module './assistant/sessionDiscovery.js' or its corresponding type declarations.
src/main.tsx(3271,61): error TS2345: Argument of type 'string | undefined' is not assignable to parameter of type 'string'.
  Type 'undefined' is not assignable to type 'string'.
src/main.tsx(3272,80): error TS18048: 'targetSessionId' is possibly 'undefined'.
src/main.tsx(3523,11): error TS2367: This comparison appears to be unintentional because the types '"external"' and '"ant"' have no overlap.
src/main.tsx(3529,28): error TS2307: Cannot find module './utils/ccshareResume.js' or its corresponding type declarations.
src/main.tsx(3754,7): error TS2367: This comparison appears to be unintentional because the types '"external"' and '"ant"' have no overlap.
src/main.tsx(3915,24): error TS2307: Cannot find module './server/server.js' or its corresponding type declarations.
src/main.tsx(3918,24): error TS2307: Cannot find module './server/sessionManager.js' or its corresponding type declarations.
src/main.tsx(3921,24): error TS2307: Cannot find module './server/backends/dangerousBackend.js' or its corresponding type declarations.
src/main.tsx(3924,24): error TS2307: Cannot find module './server/serverBanner.js' or its corresponding type declarations.
src/main.tsx(3927,24): error TS2307: Cannot find module './server/serverLog.js' or its corresponding type declarations.
src/main.tsx(3932,24): error TS2307: Cannot find module './server/lockfile.js' or its corresponding type declarations.
src/main.tsx(4004,24): error TS2307: Cannot find module './server/parseConnectUrl.js' or its corresponding type declarations.
src/main.tsx(4030,24): error TS2307: Cannot find module './server/connectHeadless.js' or its corresponding type declarations.
src/main.tsx(4339,7): error TS2367: This comparison appears to be unintentional because the types '"external"' and '"ant"' have no overlap.
src/main.tsx(4343,24): error TS2307: Cannot find module 'src/cli/up.js' or its corresponding type declarations.
src/main.tsx(4350,7): error TS2367: This comparison appears to be unintentional because the types '"external"' and '"ant"' have no overlap.
src/main.tsx(4358,24): error TS2307: Cannot find module 'src/cli/rollback.js' or its corresponding type declarations.
src/main.tsx(4374,7): error TS2367: This comparison appears to be unintentional because the types '"external"' and '"ant"' have no overlap.
src/main.tsx(4384,24): error TS2307: Cannot find module './cli/handlers/ant.js' or its corresponding type declarations.
src/main.tsx(4392,24): error TS2307: Cannot find module './cli/handlers/ant.js' or its corresponding type declarations.
src/main.tsx(4405,24): error TS2307: Cannot find module './cli/handlers/ant.js' or its corresponding type declarations.
src/main.tsx(4408,9): error TS2367: This comparison appears to be unintentional because the types '"external"' and '"ant"' have no overlap.
src/main.tsx(4416,26): error TS2307: Cannot find module './cli/handlers/ant.js' or its corresponding type declarations.
src/main.tsx(4426,26): error TS2307: Cannot find module './cli/handlers/ant.js' or its corresponding type declarations.
src/main.tsx(4434,26): error TS2307: Cannot find module './cli/handlers/ant.js' or its corresponding type declarations.
src/main.tsx(4447,26): error TS2307: Cannot find module './cli/handlers/ant.js' or its corresponding type declarations.
src/main.tsx(4455,26): error TS2307: Cannot find module './cli/handlers/ant.js' or its corresponding type declarations.
src/main.tsx(4468,24): error TS2307: Cannot find module './cli/handlers/ant.js' or its corresponding type declarations.
src/main.tsx(4567,11): error TS2367: This comparison appears to be unintentional because the types '"external"' and '"ant"' have no overlap.
src/memdir/findRelevantMemories.ts(69,61): error TS2307: Cannot find module './memoryShapeTelemetry.js' or its corresponding type declarations.
src/query.ts(17,72): error TS2307: Cannot find module './services/compact/reactiveCompact.js' or its corresponding type declarations.
src/query.ts(35,3): error TS2305: Module '"./types/message.js"' has no exported member 'RequestStartEvent'.
src/query.ts(36,3): error TS2305: Module '"./types/message.js"' has no exported member 'StreamEvent'.
src/query.ts(37,3): error TS2305: Module '"./types/message.js"' has no exported member 'ToolUseSummaryMessage'.
src/query.ts(39,3): error TS2305: Module '"./types/message.js"' has no exported member 'TombstoneMessage'.
src/query.ts(68,69): error TS2307: Cannot find module './services/skillSearch/prefetch.js' or its corresponding type declarations.
src/query.ts(71,55): error TS2307: Cannot find module './jobs/classifier.js' or its corresponding type declarations.
src/query.ts(129,57): error TS2307: Cannot find module './utils/taskSummary.js' or its corresponding type declarations.
src/query.ts(475,38): error TS2339: Property 'snipCompactIfNeeded' does not exist on type 'typeof import("d:/OpenClaude/openclaude-cli/src/services/compact/snipCompact")'.
src/query.ts(513,52): error TS2339: Property 'applyCollapsesIfNeeded' does not exist on type 'typeof import("d:/OpenClaude/openclaude-cli/src/services/contextCollapse/index")'.
src/query.ts(956,34): error TS2339: Property 'isWithheldPromptTooLong' does not exist on type 'typeof import("d:/OpenClaude/openclaude-cli/src/services/contextCollapse/index")'.
src/query.ts(1264,43): error TS2339: Property 'recoverFromOverflow' does not exist on type 'typeof import("d:/OpenClaude/openclaude-cli/src/services/contextCollapse/index")'.
src/query.ts(1507,29): error TS2322: Type '"provider_fallback_retry"' is not assignable to type '"collapse_drain_retry" | "reactive_compact_retry" | "max_output_tokens_escalate" | "max_output_tokens_recovery" | "tool_failure_recovery" | "stop_hook_blocking" | "token_budget_continuation" | "verification_completion_gate" | "continuation_nudge" | "next_turn"'.
src/query.ts(1795,24): error TS2304: Cannot find name 'assistantMessage'.
src/query.ts(1814,29): error TS2304: Cannot find name 'assistantMessage'.
src/query/chaos.test.ts(9,8): error TS6059: File 'd:/OpenClaude/test/fixtures/failures/apiErrors.ts' is not under 'rootDir' 'd:/OpenClaude/openclaude-cli/src'. 'rootDir' is expected to contain all source files.
  The file is in the program because:
    Imported via '../../../test/fixtures/failures/apiErrors.js' from file 'd:/OpenClaude/openclaude-cli/src/query/chaos.test.ts'
    Imported via './apiErrors.js' from file 'd:/OpenClaude/test/fixtures/failures/toolErrors.ts'
src/query/chaos.test.ts(52,21): error TS2322: Type '{ type: string; id: string; name: string; input: Record<string, unknown>; caller: "user" | "assistant"; }' is not assignable to type 'ToolUseBlock'.
  Types of property 'caller' are incompatible.
    Type 'string' is not assignable to type 'DirectCaller | ServerToolCaller | ServerToolCaller20260120'.
      Type 'string' is not assignable to type 'DirectCaller | ServerToolCaller | ServerToolCaller20260120'.
src/query/chaos.test.ts(61,21): error TS2322: Type '{ type: string; id: string; name: string; input: Record<string, unknown>; caller: "user" | "assistant"; }' is not assignable to type 'ToolUseBlock'.
  Types of property 'caller' are incompatible.
    Type 'string' is not assignable to type 'DirectCaller | ServerToolCaller | ServerToolCaller20260120'.
      Type 'string' is not assignable to type 'DirectCaller | ServerToolCaller | ServerToolCaller20260120'.
src/query/chaos.test.ts(70,21): error TS2322: Type '{ type: string; id: string; name: string; input: Record<string, unknown>; caller: "user" | "assistant"; }' is not assignable to type 'ToolUseBlock'.
  Types of property 'caller' are incompatible.
    Type 'string' is not assignable to type 'DirectCaller | ServerToolCaller | ServerToolCaller20260120'.
      Type 'string' is not assignable to type 'DirectCaller | ServerToolCaller | ServerToolCaller20260120'.
src/query/chaos.test.ts(86,21): error TS2322: Type '{ type: string; id: string; name: string; input: Record<string, unknown>; caller: "user" | "assistant"; }' is not assignable to type 'ToolUseBlock'.
  Types of property 'caller' are incompatible.
    Type 'string' is not assignable to type 'DirectCaller | ServerToolCaller | ServerToolCaller20260120'.
      Type 'string' is not assignable to type 'DirectCaller | ServerToolCaller | ServerToolCaller20260120'.
src/query/chaos.test.ts(97,21): error TS2322: Type '{ type: string; id: string; name: string; input: Record<string, unknown>; caller: "user" | "assistant"; }' is not assignable to type 'ToolUseBlock'.
  Types of property 'caller' are incompatible.
    Type 'string' is not assignable to type 'DirectCaller | ServerToolCaller | ServerToolCaller20260120'.
      Type 'string' is not assignable to type 'DirectCaller | ServerToolCaller | ServerToolCaller20260120'.
src/query/chaos.test.ts(108,21): error TS2322: Type '{ type: string; id: string; name: string; input: Record<string, unknown>; caller: "user" | "assistant"; }' is not assignable to type 'ToolUseBlock'.
  Types of property 'caller' are incompatible.
    Type 'string' is not assignable to type 'DirectCaller | ServerToolCaller | ServerToolCaller20260120'.
      Type 'string' is not assignable to type 'DirectCaller | ServerToolCaller | ServerToolCaller20260120'.
src/query/chaos.test.ts(119,21): error TS2322: Type '{ type: string; id: string; name: string; input: Record<string, unknown>; caller: "user" | "assistant"; }' is not assignable to type 'ToolUseBlock'.
  Types of property 'caller' are incompatible.
    Type 'string' is not assignable to type 'DirectCaller | ServerToolCaller | ServerToolCaller20260120'.
      Type 'string' is not assignable to type 'DirectCaller | ServerToolCaller | ServerToolCaller20260120'.
src/query/chaos.test.ts(135,21): error TS2322: Type '{ type: string; id: string; name: string; input: Record<string, unknown>; caller: "user" | "assistant"; }' is not assignable to type 'ToolUseBlock'.
  Types of property 'caller' are incompatible.
    Type 'string' is not assignable to type 'DirectCaller | ServerToolCaller | ServerToolCaller20260120'.
      Type 'string' is not assignable to type 'DirectCaller | ServerToolCaller | ServerToolCaller20260120'.
src/query/chaos.test.ts(146,21): error TS2322: Type '{ type: string; id: string; name: string; input: Record<string, unknown>; caller: "user" | "assistant"; }' is not assignable to type 'ToolUseBlock'.
  Types of property 'caller' are incompatible.
    Type 'string' is not assignable to type 'DirectCaller | ServerToolCaller | ServerToolCaller20260120'.
      Type 'string' is not assignable to type 'DirectCaller | ServerToolCaller | ServerToolCaller20260120'.
src/query/chaos.test.ts(157,21): error TS2322: Type '{ type: string; id: string; name: string; input: Record<string, unknown>; caller: "user" | "assistant"; }' is not assignable to type 'ToolUseBlock'.
  Types of property 'caller' are incompatible.
    Type 'string' is not assignable to type 'DirectCaller | ServerToolCaller | ServerToolCaller20260120'.
      Type 'string' is not assignable to type 'DirectCaller | ServerToolCaller | ServerToolCaller20260120'.
src/query/chaos.test.ts(168,21): error TS2322: Type '{ type: string; id: string; name: string; input: Record<string, unknown>; caller: "user" | "assistant"; }' is not assignable to type 'ToolUseBlock'.
  Types of property 'caller' are incompatible.
    Type 'string' is not assignable to type 'DirectCaller | ServerToolCaller | ServerToolCaller20260120'.
      Type 'string' is not assignable to type 'DirectCaller | ServerToolCaller | ServerToolCaller20260120'.
src/query/chaos.test.ts(179,21): error TS2322: Type '{ type: string; id: string; name: string; input: Record<string, unknown>; caller: "user" | "assistant"; }' is not assignable to type 'ToolUseBlock'.
  Types of property 'caller' are incompatible.
    Type 'string' is not assignable to type 'DirectCaller | ServerToolCaller | ServerToolCaller20260120'.
      Type 'string' is not assignable to type 'DirectCaller | ServerToolCaller | ServerToolCaller20260120'.
src/query/stopHooks.ts(13,3): error TS2305: Module '"../types/message.js"' has no exported member 'RequestStartEvent'.
src/query/stopHooks.ts(14,3): error TS2305: Module '"../types/message.js"' has no exported member 'StopHookInfo'.
src/query/stopHooks.ts(15,3): error TS2305: Module '"../types/message.js"' has no exported member 'StreamEvent'.
src/query/stopHooks.ts(16,3): error TS2305: Module '"../types/message.js"' has no exported member 'TombstoneMessage'.
src/query/stopHooks.ts(17,3): error TS2305: Module '"../types/message.js"' has no exported member 'ToolUseSummaryMessage'.
src/query/stopHooks.ts(46,56): error TS2307: Cannot find module '../jobs/classifier.js' or its corresponding type declarations.
src/query/stopHooks.ts(262,29): error TS2345: Argument of type 'any' is not assignable to parameter of type 'never'.
src/query/toolFailureLoopGuard.test.ts(4,37): error TS6059: File 'd:/OpenClaude/test/fixtures/failures/toolErrors.ts' is not under 'rootDir' 'd:/OpenClaude/openclaude-cli/src'. 'rootDir' is expected to contain all source files.
src/QueryEngine.ts(129,71): error TS2307: Cannot find module './services/compact/snipProjection.js' or its corresponding type declarations.
src/QueryEngine.ts(300,76): error TS2349: This expression is not callable.
  Type '{}' has no call signatures.
src/QueryEngine.ts(1092,42): error TS2339: Property 'type' does not exist on type '{}'.
src/QueryEngine.ts(1152,22): error TS2339: Property 'type' does not exist on type '{}'.
src/QueryEngine.ts(1153,45): error TS2339: Property 'text' does not exist on type '{}'.
src/QueryEngine.ts(1155,34): error TS2339: Property 'text' does not exist on type '{}'.
src/QueryEngine.ts(1243,5): error TS2322: Type 'unknown[]' is not assignable to type 'AgentDefinition[]'.
  Type 'unknown' is not assignable to type 'AgentDefinition'.
src/QueryEngine.ts(1429,32): error TS2339: Property 'snipCompactIfNeeded' does not exist on type 'typeof import("d:/OpenClaude/openclaude-cli/src/services/compact/snipCompact")'.
src/remote/RemoteSessionManager.ts(3,3): error TS2724: '"../entrypoints/sdk/controlTypes.js"' has no exported member named 'SDKControlCancelRequest'. Did you mean 'SDKControlRequest'?
src/remote/sdkMessageAdapter.ts(14,3): error TS2305: Module '"../types/message.js"' has no exported member 'StreamEvent'.
src/remote/sdkMessageAdapter.ts(184,53): error TS18046: 'b' is of type 'unknown'.
src/remote/sdkMessageAdapter.ts(189,13): error TS2322: Type 'unknown[]' is not assignable to type 'string | ContentBlockParam[]'.
  Type 'unknown[]' is not assignable to type 'ContentBlockParam[]'.
    Type 'unknown' is not assignable to type 'ContentBlockParam'.
src/remote/sdkMessageAdapter.ts(204,15): error TS2322: Type 'string | unknown[]' is not assignable to type 'string | ContentBlockParam[]'.
  Type 'unknown[]' is not assignable to type 'string | ContentBlockParam[]'.
    Type 'unknown[]' is not assignable to type 'ContentBlockParam[]'.
      Type 'unknown' is not assignable to type 'ContentBlockParam'.
src/remote/SessionsWebSocket.ts(5,3): error TS2724: '"../entrypoints/sdk/controlTypes.js"' has no exported member named 'SDKControlCancelRequest'. Did you mean 'SDKControlRequest'?
src/remote/SessionsWebSocket.ts(7,3): error TS2724: '"../entrypoints/sdk/controlTypes.js"' has no exported member named 'SDKControlRequestInner'. Did you mean 'SDKControlRequest'?
src/remote/SessionsWebSocket.ts(219,143): error TS2339: Property 'type' does not exist on type 'never'.
src/screens/Doctor.tsx(65,8): error TS18046: 'distTags' is of type 'unknown'.
src/screens/Doctor.tsx(76,16): error TS18046: 'distTags' is of type 'unknown'.
src/screens/Doctor.tsx(77,10): error TS18046: 'distTags' is of type 'unknown'.
src/screens/Doctor.tsx(77,54): error TS18046: 'distTags' is of type 'unknown'.
src/screens/Doctor.tsx(78,12): error TS18046: 'distTags' is of type 'unknown'.
src/screens/Doctor.tsx(84,16): error TS18046: 'distTags' is of type 'unknown'.
src/screens/Doctor.tsx(85,35): error TS18046: 'distTags' is of type 'unknown'.
src/screens/Doctor.tsx(86,12): error TS18046: 'distTags' is of type 'unknown'.
src/screens/Doctor.tsx(163,34): error TS2345: Argument of type 'Dispatch<SetStateAction<null>>' is not assignable to parameter of type '(value: DiagnosticInfo) => void | PromiseLike<void>'.
  Types of parameters 'value' and 'value' are incompatible.
    Type 'DiagnosticInfo' is not assignable to type 'SetStateAction<null>'.
      Type 'DiagnosticInfo' provides no match for the signature '(prevState: null): null'.
src/screens/Doctor.tsx(181,22): error TS2345: Argument of type '{ activeAgents: any; userAgentsDir: string; projectAgentsDir: string; userDirExists: boolean; projectDirExists: boolean; failedFiles: any; }' is not assignable to parameter of type 'SetStateAction<null>'.
  Type '{ activeAgents: any; userAgentsDir: string; projectAgentsDir: string; userDirExists: boolean; projectDirExists: boolean; failedFiles: any; }' provides no match for the signature '(prevState: null): null'.
src/screens/Doctor.tsx(182,53): error TS2345: Argument of type 'Tools' is not assignable to parameter of type 'Tool[]'.
  The type 'Tools' is 'readonly' and cannot be assigned to the mutable type 'Tool[]'.
src/screens/Doctor.tsx(187,28): error TS2345: Argument of type 'ContextWarnings' is not assignable to parameter of type 'SetStateAction<null>'.
  Type 'ContextWarnings' provides no match for the signature '(prevState: null): null'.
src/screens/Doctor.tsx(193,13): error TS2353: Object literal may only specify known properties, and 'enabled' does not exist in type '(prevState: null) => null'.
src/screens/Doctor.tsx(200,13): error TS2353: Object literal may only specify known properties, and 'enabled' does not exist in type '(prevState: null) => null'.
src/screens/Doctor.tsx(271,28): error TS2339: Property 'installationType' does not exist on type 'never'.
src/screens/Doctor.tsx(271,69): error TS2339: Property 'version' does not exist on type 'never'.
src/screens/Doctor.tsx(272,50): error TS2339: Property 'installationType' does not exist on type 'never'.
src/screens/Doctor.tsx(272,81): error TS2339: Property 'version' does not exist on type 'never'.
src/screens/Doctor.tsx(273,24): error TS2339: Property 'installationType' does not exist on type 'never'.
src/screens/Doctor.tsx(274,24): error TS2339: Property 'version' does not exist on type 'never'.
src/screens/Doctor.tsx(280,28): error TS2339: Property 'packageManager' does not exist on type 'never'.
src/screens/Doctor.tsx(281,22): error TS2339: Property 'packageManager' does not exist on type 'never'.
src/screens/Doctor.tsx(281,77): error TS2339: Property 'packageManager' does not exist on type 'never'.
src/screens/Doctor.tsx(282,24): error TS2339: Property 'packageManager' does not exist on type 'never'.
src/screens/Doctor.tsx(288,28): error TS2339: Property 'installationPath' does not exist on type 'never'.
src/screens/Doctor.tsx(289,37): error TS2339: Property 'installationPath' does not exist on type 'never'.
src/screens/Doctor.tsx(290,24): error TS2339: Property 'installationPath' does not exist on type 'never'.
src/screens/Doctor.tsx(296,28): error TS2339: Property 'invokedBinary' does not exist on type 'never'.
src/screens/Doctor.tsx(297,40): error TS2339: Property 'invokedBinary' does not exist on type 'never'.
src/screens/Doctor.tsx(298,24): error TS2339: Property 'invokedBinary' does not exist on type 'never'.
src/screens/Doctor.tsx(304,28): error TS2339: Property 'configInstallMethod' does not exist on type 'never'.
src/screens/Doctor.tsx(305,54): error TS2339: Property 'configInstallMethod' does not exist on type 'never'.
src/screens/Doctor.tsx(306,24): error TS2339: Property 'configInstallMethod' does not exist on type 'never'.
src/screens/Doctor.tsx(311,26): error TS2339: Property 'ripgrepStatus' does not exist on type 'never'.
src/screens/Doctor.tsx(312,26): error TS2339: Property 'ripgrepStatus' does not exist on type 'never'.
src/screens/Doctor.tsx(312,85): error TS2339: Property 'ripgrepStatus' does not exist on type 'never'.
src/screens/Doctor.tsx(312,142): error TS2339: Property 'ripgrepStatus' does not exist on type 'never'.
src/screens/Doctor.tsx(323,28): error TS2339: Property 'recommendation' does not exist on type 'never'.
src/screens/Doctor.tsx(324,22): error TS2339: Property 'recommendation' does not exist on type 'never'.
src/screens/Doctor.tsx(324,100): error TS2339: Property 'recommendation' does not exist on type 'never'.
src/screens/Doctor.tsx(324,171): error TS2339: Property 'recommendation' does not exist on type 'never'.
src/screens/Doctor.tsx(325,24): error TS2339: Property 'recommendation' does not exist on type 'never'.
src/screens/Doctor.tsx(331,28): error TS2339: Property 'multipleInstallations' does not exist on type 'never'.
src/screens/Doctor.tsx(332,22): error TS2339: Property 'multipleInstallations' does not exist on type 'never'.
src/screens/Doctor.tsx(332,146): error TS2339: Property 'multipleInstallations' does not exist on type 'never'.
src/screens/Doctor.tsx(333,24): error TS2339: Property 'multipleInstallations' does not exist on type 'never'.
src/screens/Doctor.tsx(339,28): error TS2339: Property 'warnings' does not exist on type 'never'.
src/screens/Doctor.tsx(340,22): error TS2339: Property 'warnings' does not exist on type 'never'.
src/screens/Doctor.tsx(340,67): error TS2339: Property 'warnings' does not exist on type 'never'.
src/screens/Doctor.tsx(341,24): error TS2339: Property 'warnings' does not exist on type 'never'.
src/screens/Doctor.tsx(378,26): error TS2339: Property 'packageManager' does not exist on type 'never'.
src/screens/Doctor.tsx(378,85): error TS2339: Property 'autoUpdates' does not exist on type 'never'.
src/screens/Doctor.tsx(388,28): error TS2339: Property 'hasUpdatePermissions' does not exist on type 'never'.
src/screens/Doctor.tsx(389,22): error TS2339: Property 'hasUpdatePermissions' does not exist on type 'never'.
src/screens/Doctor.tsx(389,99): error TS2339: Property 'hasUpdatePermissions' does not exist on type 'never'.
src/screens/Doctor.tsx(390,24): error TS2339: Property 'hasUpdatePermissions' does not exist on type 'never'.
src/screens/Doctor.tsx(439,28): error TS2339: Property 'enabled' does not exist on type 'never'.
src/screens/Doctor.tsx(439,122): error TS2339: Property 'staleLocksCleaned' does not exist on type 'never'.
src/screens/Doctor.tsx(439,196): error TS2339: Property 'staleLocksCleaned' does not exist on type 'never'.
src/screens/Doctor.tsx(439,253): error TS2339: Property 'locks' does not exist on type 'never'.
src/screens/Doctor.tsx(439,347): error TS2339: Property 'locks' does not exist on type 'never'.
src/screens/Doctor.tsx(447,22): error TS2339: Property 'failedFiles' does not exist on type 'never'.
src/screens/Doctor.tsx(447,47): error TS2339: Property 'failedFiles' does not exist on type 'never'.
src/screens/Doctor.tsx(447,207): error TS2339: Property 'failedFiles' does not exist on type 'never'.
src/screens/Doctor.tsx(447,259): error TS2339: Property 'failedFiles' does not exist on type 'never'.
src/screens/Doctor.tsx(463,28): error TS2339: Property 'unreachableRulesWarning' does not exist on type 'never'.
src/screens/Doctor.tsx(463,225): error TS2339: Property 'unreachableRulesWarning' does not exist on type 'never'.
src/screens/Doctor.tsx(463,288): error TS2339: Property 'unreachableRulesWarning' does not exist on type 'never'.
src/screens/Doctor.tsx(473,73): error TS2339: Property 'claudeMdWarning' does not exist on type 'never'.
src/screens/Doctor.tsx(473,108): error TS2339: Property 'agentWarning' does not exist on type 'never'.
src/screens/Doctor.tsx(473,140): error TS2339: Property 'mcpWarning' does not exist on type 'never'.
src/screens/Doctor.tsx(473,247): error TS2339: Property 'claudeMdWarning' does not exist on type 'never'.
src/screens/Doctor.tsx(473,337): error TS2339: Property 'claudeMdWarning' does not exist on type 'never'.
src/screens/Doctor.tsx(473,419): error TS2339: Property 'claudeMdWarning' does not exist on type 'never'.
src/screens/Doctor.tsx(473,477): error TS2339: Property 'agentWarning' does not exist on type 'never'.
src/screens/Doctor.tsx(473,564): error TS2339: Property 'agentWarning' does not exist on type 'never'.
src/screens/Doctor.tsx(473,654): error TS2339: Property 'agentWarning' does not exist on type 'never'.
src/screens/Doctor.tsx(473,709): error TS2339: Property 'mcpWarning' does not exist on type 'never'.
src/screens/Doctor.tsx(473,794): error TS2339: Property 'mcpWarning' does not exist on type 'never'.
src/screens/Doctor.tsx(473,877): error TS2339: Property 'mcpWarning' does not exist on type 'never'.
src/screens/REPL.tsx(66,33): error TS2307: Cannot find module '../ssh/createSSHSession.js' or its corresponding type declarations.
src/screens/REPL.tsx(108,46): error TS2307: Cannot find module '../components/FeedbackSurvey/useFrustrationDetection.js' or its corresponding type declarations.
src/screens/REPL.tsx(108,131): error TS2367: This comparison appears to be unintentional because the types '"external"' and '"ant"' have no overlap.
src/screens/REPL.tsx(114,51): error TS2307: Cannot find module '../hooks/notifs/useAntOrgWarningNotification.js' or its corresponding type declarations.
src/screens/REPL.tsx(114,133): error TS2367: This comparison appears to be unintentional because the types '"external"' and '"ant"' have no overlap.
src/screens/REPL.tsx(149,88): error TS2305: Module '"../types/message.js"' has no exported member 'PartialCompactDirection'.
src/screens/REPL.tsx(230,31): error TS2367: This comparison appears to be unintentional because the types '"external"' and '"ant"' have no overlap.
src/screens/REPL.tsx(231,34): error TS2367: This comparison appears to be unintentional because the types '"external"' and '"ant"' have no overlap.
src/screens/REPL.tsx(232,31): error TS2367: This comparison appears to be unintentional because the types '"external"' and '"ant"' have no overlap.
src/screens/REPL.tsx(284,132): error TS2307: Cannot find module '../tools/WebBrowserTool/WebBrowserPanel.js' or its corresponding type declarations.
src/screens/REPL.tsx(624,42): error TS2367: This comparison appears to be unintentional because the types '"external"' and '"ant"' have no overlap.
src/screens/REPL.tsx(802,9): error TS2367: This comparison appears to be unintentional because the types '"external"' and '"ant"' have no overlap.
src/screens/REPL.tsx(1085,9): error TS2367: This comparison appears to be unintentional because the types '"external"' and '"ant"' have no overlap.
src/screens/REPL.tsx(2138,7): error TS2322: Type 'boolean | undefined' is not assignable to type 'boolean'.
  Type 'undefined' is not assignable to type 'boolean'.
src/screens/REPL.tsx(2152,9): error TS2367: This comparison appears to be unintentional because the types '"external"' and '"ant"' have no overlap.
src/screens/REPL.tsx(2155,9): error TS2367: This comparison appears to be unintentional because the types '"external"' and '"ant"' have no overlap.
src/screens/REPL.tsx(2591,28): error TS2367: This comparison appears to be unintentional because the types '"external"' and '"ant"' have no overlap.
src/screens/REPL.tsx(2961,9): error TS2367: This comparison appears to be unintentional because the types '"external"' and '"ant"' have no overlap.
src/screens/REPL.tsx(3096,13): error TS2367: This comparison appears to be unintentional because the types '"external"' and '"ant"' have no overlap.
src/screens/REPL.tsx(3252,80): error TS2367: This comparison appears to be unintentional because the types '"external"' and '"ant"' have no overlap.
src/screens/REPL.tsx(3862,114): error TS2339: Property 'resetContextCollapse' does not exist on type 'typeof import("d:/OpenClaude/openclaude-cli/src/services/contextCollapse/index")'.
src/screens/REPL.tsx(4236,7): error TS2367: This comparison appears to be unintentional because the types '"external"' and '"ant"' have no overlap.
src/screens/REPL.tsx(4316,52): error TS2315: Type 'ProgressMessage' is not generic.
src/screens/REPL.tsx(4345,9): error TS2367: This comparison appears to be unintentional because the types '"external"' and '"ant"' have no overlap.
src/screens/REPL.tsx(4754,10): error TS2367: This comparison appears to be unintentional because the types '"external"' and '"ant"' have no overlap.
src/screens/REPL.tsx(4754,35): error TS2604: JSX element type 'TungstenLiveMonitor' does not have any construct or call signatures.
src/screens/REPL.tsx(4754,35): error TS2786: 'TungstenLiveMonitor' cannot be used as a JSX component.
  Its type 'null' is not a valid JSX element type.
src/screens/REPL.tsx(4757,122): error TS2322: Type '{ mode: any; spinnerTip: any; responseLengthRef: RefObject<number>; apiMetricsRef: RefObject<{ ttftMs: number; firstTokenTime: number; lastTokenTime: number; responseLengthBaseline: number; endResponseLength: number; }[]>; ... 9 more ...; leaderIsIdle: boolean; }' is not assignable to type 'IntrinsicAttributes & Props'.
  Property 'apiMetricsRef' does not exist on type 'IntrinsicAttributes & Props'.
src/screens/REPL.tsx(4978,12): error TS2367: This comparison appears to be unintentional because the types '"external"' and '"ant"' have no overlap.
src/screens/REPL.tsx(4988,12): error TS2367: This comparison appears to be unintentional because the types '"external"' and '"ant"' have no overlap.
src/screens/REPL.tsx(5021,107): error TS2304: Cannot find name 'UltraplanChoiceDialog'.
src/screens/REPL.tsx(5023,107): error TS2304: Cannot find name 'UltraplanLaunchDialog'.
src/screens/REPL.tsx(5053,18): error TS2304: Cannot find name 'launchUltraplan'.
src/screens/REPL.tsx(5071,14): error TS2367: This comparison appears to be unintentional because the types '"external"' and '"ant"' have no overlap.
src/screens/REPL.tsx(5105,185): error TS2349: This expression is not callable.
  Type '{}' has no call signatures.
src/screens/REPL.tsx(5165,12): error TS2367: This comparison appears to be unintentional because the types '"external"' and '"ant"' have no overlap.
src/screens/ResumeConversation.tsx(275,77): error TS2307: Cannot find module '../services/contextCollapse/persist.js' or its corresponding type declarations.
src/services/api/claude.ts(49,3): error TS2305: Module '"../../types/message.js"' has no exported member 'StreamEvent'.
src/services/api/claude.ts(981,23): error TS2345: Argument of type 'BetaTextBlockParam | BetaImageBlockParam | BetaRequestDocumentBlock | BetaSearchResultBlockParam | BetaToolReferenceBlockParam' is not assignable to parameter of type 'BetaContentBlockParam'.
  Type 'BetaToolReferenceBlockParam' is not assignable to type 'BetaContentBlockParam'.
    Property 'content' is missing in type 'BetaToolReferenceBlockParam' but required in type 'BetaCompactionBlockParam'.
src/services/api/claude.ts(1004,39): error TS2345: Argument of type 'BetaTextBlockParam | BetaImageBlockParam | BetaRequestDocumentBlock | BetaSearchResultBlockParam | BetaToolReferenceBlockParam' is not assignable to parameter of type 'BetaContentBlockParam'.
  Type 'BetaToolReferenceBlockParam' is not assignable to type 'BetaContentBlockParam'.
    Property 'content' is missing in type 'BetaToolReferenceBlockParam' but required in type 'BetaCompactionBlockParam'.
src/services/api/claude.ts(1211,36): error TS2339: Property 'CACHE_EDITING_BETA_HEADER' does not exist on type 'typeof import("d:/OpenClaude/openclaude-cli/src/constants/betas")'.
src/services/api/claude.ts(1217,146): error TS2339: Property 'supportedModels' does not exist on type 'never'.
src/services/api/claude.ts(1291,9): error TS2304: Cannot find name 'getContextWindowForModel'.
src/services/api/claude.ts(1291,34): error TS2304: Cannot find name 'model'.
src/services/api/claude.ts(1291,41): error TS2304: Cannot find name 'getSdkBetas'.
src/services/api/claude.ts(1291,58): error TS2304: Cannot find name 'COMPACT_MAX_OUTPUT_TOKENS'.
src/services/api/claude.ts(1769,9): error TS2322: Type '"low" | "medium" | "high" | "max" | "xhigh" | null | undefined' is not assignable to type 'EffortLevel | null | undefined'.
  Type '"xhigh"' is not assignable to type 'EffortLevel | null | undefined'. Did you mean '"high"'?
src/services/api/claude.ts(2149,34): error TS2339: Property 'signature' does not exist on type 'ConnectorTextBlock'.
src/services/api/client.ts(408,11): error TS2322: Type '{ logger?: Logger | undefined; skipAuth?: true | undefined; awsRegion: string; fetch?: Fetch | undefined; defaultHeaders: { [key: string]: string; }; maxRetries: number; timeout: number; dangerouslyAllowBrowser: boolean; fetchOptions: ClientOptions["fetchOptions"]; }' is not assignable to type 'Omit<ClientOptions, "authToken" | "apiKey"> & { apiKey?: string | undefined; awsSecretKey?: string | null | undefined; awsAccessKey?: string | null | undefined; awsRegion?: string | undefined; awsSessionToken?: string | ... 1 more ... | undefined; skipAuth?: boolean | undefined; providerChainResolver?: (() => Promis...'.
  Property 'awsSecretKey' is missing in type '{ logger?: Logger | undefined; skipAuth?: true | undefined; awsRegion: string; fetch?: Fetch | undefined; defaultHeaders: { [key: string]: string; }; maxRetries: number; timeout: number; dangerouslyAllowBrowser: boolean; fetchOptions: ClientOptions["fetchOptions"]; }' but required in type 'SecretOnly'.
src/services/api/client.ts(429,9): error TS2322: Type 'string' is not assignable to type 'null | undefined'.
src/services/api/codexOAuth.test.ts(209,24): error TS2352: Conversion of type 'Mock<() => Promise<Response>>' to type 'typeof fetch' may be a mistake because neither type sufficiently overlaps with the other. If this was intentional, convert the expression to 'unknown' first.
  Property 'preconnect' is missing in type 'Mock<() => Promise<Response>>' but required in type 'typeof fetch'.
src/services/api/codexOAuth.test.ts(225,7): error TS2322: Type '(callbackPath: string) => FakeAuthCodeListenerInstance' is not assignable to type '(callbackPath: string) => CodexOAuthListener'.
  Call signature return types 'FakeAuthCodeListenerInstance' and 'CodexOAuthListener' are incompatible.
    The types of 'handleSuccessRedirect' are incompatible between these types.
      Type '(scopes: string[], customHandler?: ((res: FakeServerResponse, scopes: string[]) => void) | undefined) => void' is not assignable to type '(scopes: string[], customHandler?: ((res: ServerResponse<IncomingMessage>, scopes: string[]) => void) | undefined) => void'.
        Types of parameters 'customHandler' and 'customHandler' are incompatible.
          Types of parameters 'res' and 'res' are incompatible.
            Type 'FakeServerResponse' is missing the following properties from type 'ServerResponse<IncomingMessage>': statusCode, statusMessage, strictContentLength, assignSocket, and 58 more.
src/services/api/codexOAuth.test.ts(265,24): error TS2352: Conversion of type 'Mock<(_input: any, init: any) => Promise<Response>>' to type 'typeof fetch' may be a mistake because neither type sufficiently overlaps with the other. If this was intentional, convert the expression to 'unknown' first.
  Property 'preconnect' is missing in type 'Mock<(_input: any, init: any) => Promise<Response>>' but required in type 'typeof fetch'.
src/services/api/codexOAuth.test.ts(292,7): error TS2322: Type '(callbackPath: string) => FakeAuthCodeListenerInstance' is not assignable to type '(callbackPath: string) => CodexOAuthListener'.
  Call signature return types 'FakeAuthCodeListenerInstance' and 'CodexOAuthListener' are incompatible.
    The types of 'handleSuccessRedirect' are incompatible between these types.
      Type '(scopes: string[], customHandler?: ((res: FakeServerResponse, scopes: string[]) => void) | undefined) => void' is not assignable to type '(scopes: string[], customHandler?: ((res: ServerResponse<IncomingMessage>, scopes: string[]) => void) | undefined) => void'.
        Types of parameters 'customHandler' and 'customHandler' are incompatible.
          Types of parameters 'res' and 'res' are incompatible.
            Type 'FakeServerResponse' is missing the following properties from type 'ServerResponse<IncomingMessage>': statusCode, statusMessage, strictContentLength, assignSocket, and 58 more.
src/services/api/codexShim.ts(678,7): error TS18048: 'reader' is possibly 'undefined'.
src/services/api/codexShim.ts(683,19): error TS2345: Argument of type 'ReadableStreamDefaultReadResult<Uint8Array<ArrayBuffer>>' is not assignable to parameter of type 'ReadableStreamReadResult<Uint8Array<ArrayBufferLike>> | PromiseLike<ReadableStreamReadResult<Uint8Array<ArrayBufferLike>>>'.
  Type 'ReadableStreamDefaultReadDoneResult' is not assignable to type 'ReadableStreamReadResult<Uint8Array<ArrayBufferLike>> | PromiseLike<ReadableStreamReadResult<Uint8Array<ArrayBufferLike>>>'.
    Type 'ReadableStreamDefaultReadDoneResult' is not assignable to type 'ReadableStreamReadDoneResult<Uint8Array<ArrayBufferLike>> | PromiseLike<ReadableStreamReadResult<Uint8Array<ArrayBufferLike>>>'.
      Type 'ReadableStreamDefaultReadDoneResult' is not assignable to type 'ReadableStreamReadDoneResult<Uint8Array<ArrayBufferLike>>'.
        Property 'value' is optional in type 'ReadableStreamDefaultReadDoneResult' but required in type 'ReadableStreamReadDoneResult<Uint8Array<ArrayBufferLike>>'.
src/services/api/compressToolHistory.test.ts(148,3): error TS2322: Type 'AnyMessage[]' is not assignable to type 'T[]'.
  Type 'AnyMessage' is not assignable to type 'T'.
    'T' could be instantiated with an arbitrary type which could be unrelated to 'AnyMessage'.
src/services/api/compressToolHistory.test.ts(148,30): error TS2345: Argument of type 'T[]' is not assignable to parameter of type 'AnyMessage[]'.
  Type 'T' is not assignable to type 'AnyMessage'.
src/services/api/emptyUsage.ts(1,39): error TS2307: Cannot find module '../../entrypoints/sdk/sdkUtilityTypes.js' or its corresponding type declarations.
src/services/api/errors.ts(820,108): error TS2339: Property 'FEEDBACK_CHANNEL' does not exist on type '{ VERSION: string; DISPLAY_VERSION: string; BUILD_TIME: string; ISSUES_EXPLAINER: string; PACKAGE_URL: string; NATIVE_PACKAGE_URL: string | undefined; }'.
src/services/api/errors.ts(895,63): error TS2339: Property 'FEEDBACK_CHANNEL' does not exist on type '{ VERSION: string; DISPLAY_VERSION: string; BUILD_TIME: string; ISSUES_EXPLAINER: string; PACKAGE_URL: string; NATIVE_PACKAGE_URL: string | undefined; }'.
src/services/api/errors.ts(896,45): error TS2339: Property 'FEEDBACK_CHANNEL' does not exist on type '{ VERSION: string; DISPLAY_VERSION: string; BUILD_TIME: string; ISSUES_EXPLAINER: string; PACKAGE_URL: string; NATIVE_PACKAGE_URL: string | undefined; }'.
src/services/api/fetchWithProxyRetry.test.ts(83,22): error TS2352: Conversion of type '() => Promise<never>' to type 'typeof fetch' may be a mistake because neither type sufficiently overlaps with the other. If this was intentional, convert the expression to 'unknown' first.
  Property 'preconnect' is missing in type '() => Promise<never>' but required in type 'typeof fetch'.
src/services/api/logging.ts(25,39): error TS2307: Cannot find module '../../entrypoints/sdk/sdkUtilityTypes.js' or its corresponding type declarations.
src/services/api/openaiShim.diagnostics.test.ts(51,22): error TS2352: Conversion of type 'Mock<() => Promise<never>>' to type 'typeof fetch' may be a mistake because neither type sufficiently overlaps with the other. If this was intentional, convert the expression to 'unknown' first.
  Property 'preconnect' is missing in type 'Mock<() => Promise<never>>' but required in type 'typeof fetch'.
src/services/api/openaiShim.diagnostics.test.ts(73,19): error TS2493: Tuple type '[]' of length '0' has no element at index '0'.
src/services/api/openaiShim.diagnostics.test.ts(73,43): error TS2493: Tuple type '[]' of length '0' has no element at index '0'.
src/services/api/openaiShim.diagnostics.test.ts(73,46): error TS2339: Property 'includes' does not exist on type 'never'.
src/services/api/openaiShim.diagnostics.test.ts(77,32): error TS2493: Tuple type '[]' of length '0' has no element at index '0'.
src/services/api/openaiShim.diagnostics.test.ts(78,32): error TS2493: Tuple type '[]' of length '0' has no element at index '0'.
src/services/api/openaiShim.diagnostics.test.ts(79,25): error TS2493: Tuple type '[]' of length '0' has no element at index '1'.
src/services/api/openaiShim.diagnostics.test.ts(79,37): error TS2769: No overload matches this call.
  Overload 1 of 2, '(expected: undefined): void', gave the following error.
    Argument of type '{ level: string; }' is not assignable to parameter of type 'undefined'.
  Overload 2 of 2, '(expected: undefined): void', gave the following error.
    Argument of type '{ level: string; }' is not assignable to parameter of type 'undefined'.
src/services/api/openaiShim.diagnostics.test.ts(98,22): error TS2352: Conversion of type 'Mock<() => Promise<never>>' to type 'typeof fetch' may be a mistake because neither type sufficiently overlaps with the other. If this was intentional, convert the expression to 'unknown' first.
  Property 'preconnect' is missing in type 'Mock<() => Promise<never>>' but required in type 'typeof fetch'.
src/services/api/openaiShim.diagnostics.test.ts(120,19): error TS2493: Tuple type '[]' of length '0' has no element at index '0'.
src/services/api/openaiShim.diagnostics.test.ts(120,43): error TS2493: Tuple type '[]' of length '0' has no element at index '0'.
src/services/api/openaiShim.diagnostics.test.ts(120,46): error TS2339: Property 'includes' does not exist on type 'never'.
src/services/api/openaiShim.diagnostics.test.ts(124,41): error TS2493: Tuple type '[]' of length '0' has no element at index '0'.
src/services/api/openaiShim.diagnostics.test.ts(141,22): error TS2352: Conversion of type 'Mock<(input: string | Request) => Promise<Response>>' to type 'typeof fetch' may be a mistake because neither type sufficiently overlaps with the other. If this was intentional, convert the expression to 'unknown' first.
  Property 'preconnect' is missing in type 'Mock<(input: string | Request) => Promise<Response>>' but required in type 'typeof fetch'.
src/services/api/openaiShim.diagnostics.test.ts(195,19): error TS2493: Tuple type '[]' of length '0' has no element at index '0'.
src/services/api/openaiShim.diagnostics.test.ts(196,10): error TS2493: Tuple type '[]' of length '0' has no element at index '0'.
src/services/api/openaiShim.diagnostics.test.ts(196,13): error TS2339: Property 'includes' does not exist on type 'never'.
src/services/api/openaiShim.diagnostics.test.ts(200,40): error TS2493: Tuple type '[]' of length '0' has no element at index '0'.
src/services/api/openaiShim.diagnostics.test.ts(219,22): error TS2352: Conversion of type 'Mock<() => Promise<Response>>' to type 'typeof fetch' may be a mistake because neither type sufficiently overlaps with the other. If this was intentional, convert the expression to 'unknown' first.
  Property 'preconnect' is missing in type 'Mock<() => Promise<Response>>' but required in type 'typeof fetch'.
src/services/api/openaiShim.diagnostics.test.ts(289,19): error TS2493: Tuple type '[]' of length '0' has no element at index '0'.
src/services/api/openaiShim.diagnostics.test.ts(290,10): error TS2493: Tuple type '[]' of length '0' has no element at index '0'.
src/services/api/openaiShim.diagnostics.test.ts(290,13): error TS2339: Property 'includes' does not exist on type 'never'.
src/services/api/openaiShim.diagnostics.test.ts(294,24): error TS2493: Tuple type '[]' of length '0' has no element at index '1'.
src/services/api/openaiShim.diagnostics.test.ts(294,36): error TS2769: No overload matches this call.
  Overload 1 of 2, '(expected: undefined): void', gave the following error.
    Argument of type '{ level: string; }' is not assignable to parameter of type 'undefined'.
  Overload 2 of 2, '(expected: undefined): void', gave the following error.
    Argument of type '{ level: string; }' is not assignable to parameter of type 'undefined'.
src/services/api/openaiShim.test.ts(1903,38): error TS2769: No overload matches this call.
  Overload 1 of 2, '(expected: null): void', gave the following error.
    Argument of type '"Bearer gemini-access-token"' is not assignable to parameter of type 'null'.
  Overload 2 of 2, '(expected: null): void', gave the following error.
    Argument of type '"Bearer gemini-access-token"' is not assignable to parameter of type 'null'.
src/services/api/openaiShim.test.ts(1904,32): error TS2769: No overload matches this call.
  Overload 1 of 2, '(expected: null): void', gave the following error.
    Argument of type '"gemini-project"' is not assignable to parameter of type 'null'.
  Overload 2 of 2, '(expected: null): void', gave the following error.
    Argument of type '"gemini-project"' is not assignable to parameter of type 'null'.
src/services/api/openaiShim.test.ts(1958,38): error TS2769: No overload matches this call.
  Overload 1 of 2, '(expected: null): void', gave the following error.
    Argument of type '"Bearer nvidia-live-key"' is not assignable to parameter of type 'null'.
  Overload 2 of 2, '(expected: null): void', gave the following error.
    Argument of type '"Bearer nvidia-live-key"' is not assignable to parameter of type 'null'.
src/services/api/openaiShim.test.ts(4029,22): error TS2352: Conversion of type '() => Promise<Response>' to type 'typeof fetch' may be a mistake because neither type sufficiently overlaps with the other. If this was intentional, convert the expression to 'unknown' first.
  Property 'preconnect' is missing in type '() => Promise<Response>' but required in type 'typeof fetch'.
src/services/api/openaiShim.test.ts(4161,22): error TS2352: Conversion of type '() => Promise<Response>' to type 'typeof fetch' may be a mistake because neither type sufficiently overlaps with the other. If this was intentional, convert the expression to 'unknown' first.
  Property 'preconnect' is missing in type '() => Promise<Response>' but required in type 'typeof fetch'.
src/services/api/openaiShim.test.ts(4219,22): error TS2352: Conversion of type '() => Promise<Response>' to type 'typeof fetch' may be a mistake because neither type sufficiently overlaps with the other. If this was intentional, convert the expression to 'unknown' first.
  Property 'preconnect' is missing in type '() => Promise<Response>' but required in type 'typeof fetch'.
src/services/api/openaiShim.test.ts(4307,22): error TS2352: Conversion of type '() => Promise<Response>' to type 'typeof fetch' may be a mistake because neither type sufficiently overlaps with the other. If this was intentional, convert the expression to 'unknown' first.
  Property 'preconnect' is missing in type '() => Promise<Response>' but required in type 'typeof fetch'.
src/services/api/openaiShim.test.ts(4371,22): error TS2352: Conversion of type '() => Promise<never>' to type 'typeof fetch' may be a mistake because neither type sufficiently overlaps with the other. If this was intentional, convert the expression to 'unknown' first.
  Property 'preconnect' is missing in type '() => Promise<never>' but required in type 'typeof fetch'.
src/services/api/openaiShim.test.ts(4406,22): error TS2352: Conversion of type '() => Promise<never>' to type 'typeof fetch' may be a mistake because neither type sufficiently overlaps with the other. If this was intentional, convert the expression to 'unknown' first.
  Property 'preconnect' is missing in type '() => Promise<never>' but required in type 'typeof fetch'.
src/services/api/openaiShim.test.ts(4441,22): error TS2352: Conversion of type '() => Promise<never>' to type 'typeof fetch' may be a mistake because neither type sufficiently overlaps with the other. If this was intentional, convert the expression to 'unknown' first.
  Property 'preconnect' is missing in type '() => Promise<never>' but required in type 'typeof fetch'.
src/services/api/openaiShim.test.ts(4473,22): error TS2352: Conversion of type '() => Promise<never>' to type 'typeof fetch' may be a mistake because neither type sufficiently overlaps with the other. If this was intentional, convert the expression to 'unknown' first.
  Property 'preconnect' is missing in type '() => Promise<never>' but required in type 'typeof fetch'.
src/services/api/openaiShim.test.ts(4498,22): error TS2352: Conversion of type '() => Promise<Response>' to type 'typeof fetch' may be a mistake because neither type sufficiently overlaps with the other. If this was intentional, convert the expression to 'unknown' first.
  Property 'preconnect' is missing in type '() => Promise<Response>' but required in type 'typeof fetch'.
src/services/api/openaiShim.ts(1115,18): error TS2322: Type 'Promise<ReadableStreamDefaultReadResult<Uint8Array<ArrayBuffer>>>' is not assignable to type 'Promise<ReadableStreamReadResult<Uint8Array<ArrayBufferLike>>>'.
  Type 'ReadableStreamDefaultReadResult<Uint8Array<ArrayBuffer>>' is not assignable to type 'ReadableStreamReadResult<Uint8Array<ArrayBufferLike>>'.
    Type 'ReadableStreamDefaultReadDoneResult' is not assignable to type 'ReadableStreamReadResult<Uint8Array<ArrayBufferLike>>'.
      Type 'ReadableStreamDefaultReadDoneResult' is not assignable to type 'ReadableStreamReadDoneResult<Uint8Array<ArrayBufferLike>>'.
        Property 'value' is optional in type 'ReadableStreamDefaultReadDoneResult' but required in type 'ReadableStreamReadDoneResult<Uint8Array<ArrayBufferLike>>'.
src/services/api/openaiShim.ts(1115,25): error TS18048: 'reader' is possibly 'undefined'.
src/services/api/openaiShim.ts(1119,7): error TS18048: 'reader' is possibly 'undefined'.
src/services/api/openaiShim.ts(1120,75): error TS2345: Argument of type 'ReadableStreamDefaultReadResult<Uint8Array<ArrayBuffer>>' is not assignable to parameter of type 'ReadableStreamReadResult<Uint8Array<ArrayBufferLike>> | PromiseLike<ReadableStreamReadResult<Uint8Array<ArrayBufferLike>>>'.
  Type 'ReadableStreamDefaultReadDoneResult' is not assignable to type 'ReadableStreamReadResult<Uint8Array<ArrayBufferLike>> | PromiseLike<ReadableStreamReadResult<Uint8Array<ArrayBufferLike>>>'.
    Type 'ReadableStreamDefaultReadDoneResult' is not assignable to type 'ReadableStreamReadDoneResult<Uint8Array<ArrayBufferLike>> | PromiseLike<ReadableStreamReadResult<Uint8Array<ArrayBufferLike>>>'.
      Type 'ReadableStreamDefaultReadDoneResult' is not assignable to type 'ReadableStreamReadDoneResult<Uint8Array<ArrayBufferLike>>'.
        Property 'value' is optional in type 'ReadableStreamDefaultReadDoneResult' but required in type 'ReadableStreamReadDoneResult<Uint8Array<ArrayBufferLike>>'.
src/services/api/openaiShim.ts(1182,18): error TS2322: Type 'Promise<ReadableStreamDefaultReadResult<Uint8Array<ArrayBuffer>>>' is not assignable to type 'Promise<ReadableStreamReadResult<Uint8Array<ArrayBufferLike>>>'.
  Type 'ReadableStreamDefaultReadResult<Uint8Array<ArrayBuffer>>' is not assignable to type 'ReadableStreamReadResult<Uint8Array<ArrayBufferLike>>'.
    Type 'ReadableStreamDefaultReadDoneResult' is not assignable to type 'ReadableStreamReadResult<Uint8Array<ArrayBufferLike>>'.
      Type 'ReadableStreamDefaultReadDoneResult' is not assignable to type 'ReadableStreamReadDoneResult<Uint8Array<ArrayBufferLike>>'.
        Property 'value' is optional in type 'ReadableStreamDefaultReadDoneResult' but required in type 'ReadableStreamReadDoneResult<Uint8Array<ArrayBufferLike>>'.
src/services/api/openaiShim.ts(1182,25): error TS18048: 'reader' is possibly 'undefined'.
src/services/api/openaiShim.ts(1186,7): error TS18048: 'reader' is possibly 'undefined'.
src/services/api/openaiShim.ts(1187,75): error TS2345: Argument of type 'ReadableStreamDefaultReadResult<Uint8Array<ArrayBuffer>>' is not assignable to parameter of type 'ReadableStreamReadResult<Uint8Array<ArrayBufferLike>> | PromiseLike<ReadableStreamReadResult<Uint8Array<ArrayBufferLike>>>'.
  Type 'ReadableStreamDefaultReadDoneResult' is not assignable to type 'ReadableStreamReadResult<Uint8Array<ArrayBufferLike>> | PromiseLike<ReadableStreamReadResult<Uint8Array<ArrayBufferLike>>>'.
    Type 'ReadableStreamDefaultReadDoneResult' is not assignable to type 'ReadableStreamReadDoneResult<Uint8Array<ArrayBufferLike>> | PromiseLike<ReadableStreamReadResult<Uint8Array<ArrayBufferLike>>>'.
      Type 'ReadableStreamDefaultReadDoneResult' is not assignable to type 'ReadableStreamReadDoneResult<Uint8Array<ArrayBufferLike>>'.
        Property 'value' is optional in type 'ReadableStreamDefaultReadDoneResult' but required in type 'ReadableStreamReadDoneResult<Uint8Array<ArrayBufferLike>>'.
src/services/api/openaiShim.ts(1420,7): error TS18048: 'reader' is possibly 'undefined'.
src/services/api/openaiShim.ts(1425,19): error TS2345: Argument of type 'ReadableStreamDefaultReadResult<Uint8Array<ArrayBuffer>>' is not assignable to parameter of type 'ReadableStreamReadResult<Uint8Array<ArrayBufferLike>> | PromiseLike<ReadableStreamReadResult<Uint8Array<ArrayBufferLike>>>'.
  Type 'ReadableStreamDefaultReadDoneResult' is not assignable to type 'ReadableStreamReadResult<Uint8Array<ArrayBufferLike>> | PromiseLike<ReadableStreamReadResult<Uint8Array<ArrayBufferLike>>>'.
    Type 'ReadableStreamDefaultReadDoneResult' is not assignable to type 'ReadableStreamReadDoneResult<Uint8Array<ArrayBufferLike>> | PromiseLike<ReadableStreamReadResult<Uint8Array<ArrayBufferLike>>>'.
      Type 'ReadableStreamDefaultReadDoneResult' is not assignable to type 'ReadableStreamReadDoneResult<Uint8Array<ArrayBufferLike>>'.
        Property 'value' is optional in type 'ReadableStreamDefaultReadDoneResult' but required in type 'ReadableStreamReadDoneResult<Uint8Array<ArrayBufferLike>>'.
src/services/api/openaiShim.ts(2906,11): error TS18048: 'response' is possibly 'undefined'.
src/services/api/openaiShim.ts(2914,27): error TS18048: 'response' is possibly 'undefined'.
src/services/api/openaiShim.ts(2924,9): error TS2322: Type 'Response | undefined' is not assignable to type 'Response'.
  Type 'undefined' is not assignable to type 'Response'.
src/services/api/openaiShim.ts(2929,9): error TS18048: 'response' is possibly 'undefined'.
src/services/api/openaiShim.ts(2932,15): error TS18048: 'response' is possibly 'undefined'.
src/services/api/openaiShim.ts(2942,31): error TS18048: 'response' is possibly 'undefined'.
src/services/api/openaiShim.ts(2944,21): error TS18048: 'response' is possibly 'undefined'.
src/services/api/openaiShim.ts(2944,68): error TS2345: Argument of type 'Response | undefined' is not assignable to parameter of type 'Response'.
  Type 'undefined' is not assignable to type 'Response'.
src/services/api/openaiShim.ts(2948,23): error TS18048: 'response' is possibly 'undefined'.
src/services/api/openaiShim.ts(2965,15): error TS2454: Variable 'responsesResponse' is used before being assigned.
src/services/api/openaiShim.ts(2966,20): error TS2454: Variable 'responsesResponse' is used before being assigned.
src/services/api/openaiShim.ts(2968,44): error TS2454: Variable 'responsesResponse' is used before being assigned.
src/services/api/openaiShim.ts(2970,21): error TS2454: Variable 'responsesResponse' is used before being assigned.
src/services/api/openaiShim.ts(2976,13): error TS2454: Variable 'responsesResponse' is used before being assigned.
src/services/api/openaiShim.ts(2979,13): error TS2454: Variable 'responsesResponse' is used before being assigned.
src/services/api/openaiShim.ts(2988,17): error TS18048: 'response' is possibly 'undefined'.
src/services/api/openaiShim.ts(2996,19): error TS18048: 'response' is possibly 'undefined'.
src/services/api/openaiShim.ts(3050,9): error TS18048: 'response' is possibly 'undefined'.
src/services/api/openaiShim.ts(3053,9): error TS18048: 'response' is possibly 'undefined'.
src/services/api/providerConfig.codexSecureStorage.test.ts(38,5): error TS2578: Unused '@ts-expect-error' directive.
src/services/api/providerConfig.codexSecureStorage.test.ts(40,7): error TS2307: Cannot find module './providerConfig.js?codex-secure-storage' or its corresponding type declarations.
src/services/api/providerConfig.codexSecureStorage.test.ts(60,5): error TS2578: Unused '@ts-expect-error' directive.
src/services/api/providerConfig.codexSecureStorage.test.ts(62,7): error TS2307: Cannot find module './providerConfig.js?codex-env-precedence' or its corresponding type declarations.
src/services/api/providerConfig.codexSecureStorage.test.ts(83,5): error TS2578: Unused '@ts-expect-error' directive.
src/services/api/providerConfig.codexSecureStorage.test.ts(85,7): error TS2307: Cannot find module './providerConfig.js?codex-env-nested-account' or its corresponding type declarations.
src/services/api/providerConfig.codexSecureStorage.test.ts(124,7): error TS2578: Unused '@ts-expect-error' directive.
src/services/api/providerConfig.codexSecureStorage.test.ts(126,9): error TS2307: Cannot find module './providerConfig.js?codex-auth-json-nested-account' or its corresponding type declarations.
src/services/api/providerConfig.codexSecureStorage.test.ts(152,5): error TS2578: Unused '@ts-expect-error' directive.
src/services/api/providerConfig.codexSecureStorage.test.ts(154,7): error TS2307: Cannot find module './providerConfig.js?codex-secure-storage-no-auth-io' or its corresponding type declarations.
src/services/api/providerConfig.codexSecureStorage.test.ts(192,5): error TS2578: Unused '@ts-expect-error' directive.
src/services/api/providerConfig.codexSecureStorage.test.ts(194,7): error TS2307: Cannot find module './providerConfig.js?codex-refresh-cooldown-fallback' or its corresponding type declarations.
src/services/api/providerConfig.codexSecureStorage.test.ts(232,5): error TS2578: Unused '@ts-expect-error' directive.
src/services/api/providerConfig.codexSecureStorage.test.ts(234,7): error TS2307: Cannot find module './providerConfig.js?codex-refresh-cooldown-account-id-fallback' or its corresponding type declarations.
src/services/api/providerConfig.envDiagnostics.test.ts(66,19): error TS2493: Tuple type '[]' of length '0' has no element at index '0'.
src/services/api/providerConfig.envDiagnostics.test.ts(67,10): error TS2493: Tuple type '[]' of length '0' has no element at index '0'.
src/services/api/providerConfig.envDiagnostics.test.ts(67,13): error TS2339: Property 'includes' does not exist on type 'never'.
src/services/api/providerConfig.envDiagnostics.test.ts(68,10): error TS2493: Tuple type '[]' of length '0' has no element at index '0'.
src/services/api/providerConfig.envDiagnostics.test.ts(68,13): error TS2339: Property 'includes' does not exist on type 'never'.
src/services/api/providerConfig.envDiagnostics.test.ts(72,24): error TS2493: Tuple type '[]' of length '0' has no element at index '1'.
src/services/api/providerConfig.envDiagnostics.test.ts(72,36): error TS2769: No overload matches this call.
  Overload 1 of 2, '(expected: undefined): void', gave the following error.
    Argument of type '{ level: string; }' is not assignable to parameter of type 'undefined'.
  Overload 2 of 2, '(expected: undefined): void', gave the following error.
    Argument of type '{ level: string; }' is not assignable to parameter of type 'undefined'.
src/services/api/providerConfig.envDiagnostics.test.ts(95,19): error TS2493: Tuple type '[]' of length '0' has no element at index '0'.
src/services/api/providerConfig.envDiagnostics.test.ts(96,10): error TS2493: Tuple type '[]' of length '0' has no element at index '0'.
src/services/api/providerConfig.envDiagnostics.test.ts(96,13): error TS2339: Property 'includes' does not exist on type 'never'.
src/services/api/providerConfig.envDiagnostics.test.ts(97,10): error TS2493: Tuple type '[]' of length '0' has no element at index '0'.
src/services/api/providerConfig.envDiagnostics.test.ts(97,13): error TS2339: Property 'includes' does not exist on type 'never'.
src/services/api/providerConfig.runtimeCodexCredentials.test.ts(102,3): error TS2578: Unused '@ts-expect-error' directive.
src/services/api/providerConfig.runtimeCodexCredentials.test.ts(104,5): error TS2307: Cannot find module './providerConfig.js?runtime-no-sync-secure-storage' or its corresponding type declarations.
src/services/api/referral.ts(18,8): error TS2307: Cannot find module '../oauth/types.js' or its corresponding type declarations.
src/services/autoDream/autoDream.ts(244,29): error TS2345: Argument of type 'any' is not assignable to parameter of type 'never'.
src/services/compact/compact.ts(7,76): error TS2307: Cannot find module '../sessionTranscript/sessionTranscript.js' or its corresponding type declarations.
src/services/compact/compact.ts(32,3): error TS2305: Module '"../../types/message.js"' has no exported member 'PartialCompactDirection'.
src/services/compact/compact.ts(33,3): error TS2305: Module '"../../types/message.js"' has no exported member 'SystemCompactBoundaryMessage'.
src/services/compact/microCompact.ts(56,54): error TS2694: Namespace '"d:/OpenClaude/openclaude-cli/src/services/compact/cachedMicrocompact"' has no exported member 'CachedMCState'.
src/services/compact/microCompact.ts(58,39): error TS2694: Namespace '"d:/OpenClaude/openclaude-cli/src/services/compact/cachedMicrocompact"' has no exported member 'CacheEditsBlock'.
src/services/compact/microCompact.ts(70,67): error TS2694: Namespace '"d:/OpenClaude/openclaude-cli/src/services/compact/cachedMicrocompact"' has no exported member 'CachedMCState'.
src/services/compact/microCompact.ts(72,36): error TS2339: Property 'createCachedMCState' does not exist on type 'typeof import("d:/OpenClaude/openclaude-cli/src/services/compact/cachedMicrocompact")'.
src/services/compact/microCompact.ts(88,39): error TS2694: Namespace '"d:/OpenClaude/openclaude-cli/src/services/compact/cachedMicrocompact"' has no exported member 'CacheEditsBlock'.
src/services/compact/microCompact.ts(99,74): error TS2694: Namespace '"d:/OpenClaude/openclaude-cli/src/services/compact/cachedMicrocompact"' has no exported member 'PinnedCacheEdits'.
src/services/compact/microCompact.ts(112,44): error TS2694: Namespace '"d:/OpenClaude/openclaude-cli/src/services/compact/cachedMicrocompact"' has no exported member 'CacheEditsBlock'.
src/services/compact/microCompact.ts(125,20): error TS2339: Property 'markToolsSentToAPI' does not exist on type 'typeof import("d:/OpenClaude/openclaude-cli/src/services/compact/cachedMicrocompact")'.
src/services/compact/microCompact.ts(131,20): error TS2339: Property 'resetCachedMCState' does not exist on type 'typeof import("d:/OpenClaude/openclaude-cli/src/services/compact/cachedMicrocompact")'.
src/services/compact/microCompact.ts(323,15): error TS2339: Property 'registerToolResult' does not exist on type 'typeof import("d:/OpenClaude/openclaude-cli/src/services/compact/cachedMicrocompact")'.
src/services/compact/microCompact.ts(327,11): error TS2339: Property 'registerToolMessage' does not exist on type 'typeof import("d:/OpenClaude/openclaude-cli/src/services/compact/cachedMicrocompact")'.
src/services/compact/microCompact.ts(331,29): error TS2339: Property 'getToolResultsToDelete' does not exist on type 'typeof import("d:/OpenClaude/openclaude-cli/src/services/compact/cachedMicrocompact")'.
src/services/compact/microCompact.ts(335,28): error TS2339: Property 'createCacheEditsBlock' does not exist on type 'typeof import("d:/OpenClaude/openclaude-cli/src/services/compact/cachedMicrocompact")'.
src/services/compact/microCompact.ts(353,18): error TS18047: 'config' is possibly 'null'.
src/services/compact/microCompact.ts(354,19): error TS18047: 'config' is possibly 'null'.
src/services/compact/postCompactCleanup.ts(46,9): error TS2339: Property 'resetContextCollapse' does not exist on type 'typeof import("d:/OpenClaude/openclaude-cli/src/services/contextCollapse/index")'.
src/services/compact/postCompactCleanup.ts(70,17): error TS2307: Cannot find module '../../utils/attributionHooks.js' or its corresponding type declarations.
src/services/compact/prompt.ts(2,15): error TS2305: Module '"../../types/message.js"' has no exported member 'PartialCompactDirection'.
src/services/compact/prompt.ts(8,61): error TS2307: Cannot find module '../../proactive/index.js' or its corresponding type declarations.
src/services/extractMemories/extractMemories.ts(41,3): error TS2305: Module '"../../types/message.js"' has no exported member 'SystemLocalCommandMessage'.
src/services/extractMemories/extractMemories.ts(495,31): error TS2345: Argument of type 'SystemMemorySavedMessage' is not assignable to parameter of type 'never'.
src/services/lsp/config.ts(7,44): error TS2307: Cannot find module './types.js' or its corresponding type declarations.
src/services/lsp/LSPServerInstance.ts(10,60): error TS2307: Cannot find module './types.js' or its corresponding type declarations.
src/services/lsp/LSPServerManager.ts(11,44): error TS2307: Cannot find module './types.js' or its corresponding type declarations.
src/services/mcp/auth.ts(270,59): error TS2345: Argument of type 'AbortSignal | null | undefined' is not assignable to parameter of type 'AbortSignal | undefined'.
  Type 'null' is not assignable to type 'AbortSignal | undefined'.
src/services/mcp/auth.ts(2095,18): error TS2551: Property 'resourceMetadata' does not exist on type '{ authorizationServerUrl: string; resourceMetadataUrl?: string | undefined; }'. Did you mean 'resourceMetadataUrl'?
src/services/mcp/auth.ts(2097,18): error TS2339: Property 'authorizationServerMetadata' does not exist on type '{ authorizationServerUrl: string; resourceMetadataUrl?: string | undefined; }'.
src/services/mcp/client.ts(932,11): error TS2307: Cannot find module '@ant/claude-for-chrome-mcp' or its corresponding type declarations.
src/services/mcp/client.ts(940,15): error TS18048: 'inProcessServer' is possibly 'undefined'.
src/services/mcp/client.ts(959,15): error TS18048: 'inProcessServer' is possibly 'undefined'.
src/services/mcp/doctor.test.ts(31,5): error TS2322: Type '(name: string, config: ScopedMcpServerConfig) => Promise<{ name: string; type: "connected"; capabilities: {}; config: ScopedMcpServerConfig; cleanup: () => Promise<...>; }>' is not assignable to type '((name: string, serverRef: ScopedMcpServerConfig, serverStats?: { totalServers: number; stdioCount: number; sseCount: number; httpCount: number; sseIdeCount: number; wsIdeCount: number; } | undefined) => Promise<...>) & MemoizedFunction'.
  Type '(name: string, config: ScopedMcpServerConfig) => Promise<{ name: string; type: "connected"; capabilities: {}; config: ScopedMcpServerConfig; cleanup: () => Promise<...>; }>' is not assignable to type '(name: string, serverRef: ScopedMcpServerConfig, serverStats?: { totalServers: number; stdioCount: number; sseCount: number; httpCount: number; sseIdeCount: number; wsIdeCount: number; }) => Promise<MCPServerConnection>'.
    Type 'Promise<{ name: string; type: "connected"; capabilities: {}; config: ScopedMcpServerConfig; cleanup: () => Promise<void>; }>' is not assignable to type 'Promise<MCPServerConnection>'.
      Type '{ name: string; type: "connected"; capabilities: {}; config: ScopedMcpServerConfig; cleanup: () => Promise<void>; }' is not assignable to type 'MCPServerConnection'.
        Property 'client' is missing in type '{ name: string; type: "connected"; capabilities: {}; config: ScopedMcpServerConfig; cleanup: () => Promise<void>; }' but required in type 'ConnectedMCPServer'.
src/services/mcp/doctor.test.ts(146,5): error TS2322: Type '(scope: "user" | "project" | "local" | "enterprise") => { servers: { filesystem?: undefined; }; errors: { file: string; path: string; message: string; suggestion: string; mcpErrorMetadata: { ...; }; }[]; } | { ...; }' is not assignable to type '(scope: "user" | "project" | "local" | "enterprise") => { servers: Record<string, ScopedMcpServerConfig>; errors: ValidationError[]; }'.
  Type '{ servers: { filesystem?: undefined; }; errors: { file: string; path: string; message: string; suggestion: string; mcpErrorMetadata: { scope: "project"; severity: "fatal"; }; }[]; } | { servers: { filesystem: { ...; }; }; errors: never[]; }' is not assignable to type '{ servers: Record<string, ScopedMcpServerConfig>; errors: ValidationError[]; }'.
    Type '{ servers: { filesystem?: undefined; }; errors: { file: string; path: string; message: string; suggestion: string; mcpErrorMetadata: { scope: "project"; severity: "fatal"; }; }[]; }' is not assignable to type '{ servers: Record<string, ScopedMcpServerConfig>; errors: ValidationError[]; }'.
      Types of property 'servers' are incompatible.
        Type '{ filesystem?: undefined; }' is not assignable to type 'Record<string, ScopedMcpServerConfig>'.
          Property 'filesystem' is incompatible with index signature.
            Type 'undefined' is not assignable to type 'ScopedMcpServerConfig'.
src/services/mcp/doctor.test.ts(187,5): error TS2322: Type '(scope: "user" | "project" | "local" | "enterprise") => { servers: { filesystem: { type: "stdio"; command: string; args: never[]; scope: "user" | "project" | "local" | "enterprise"; }; }; errors: never[]; } | { ...; }' is not assignable to type '(scope: "user" | "project" | "local" | "enterprise") => { servers: Record<string, ScopedMcpServerConfig>; errors: ValidationError[]; }'.
  Type '{ servers: { filesystem: { type: "stdio"; command: string; args: never[]; scope: "user" | "project" | "local" | "enterprise"; }; }; errors: never[]; } | { servers: { filesystem?: undefined; }; errors: never[]; }' is not assignable to type '{ servers: Record<string, ScopedMcpServerConfig>; errors: ValidationError[]; }'.
    Type '{ servers: { filesystem?: undefined; }; errors: never[]; }' is not assignable to type '{ servers: Record<string, ScopedMcpServerConfig>; errors: ValidationError[]; }'.
      Types of property 'servers' are incompatible.
        Type '{ filesystem?: undefined; }' is not assignable to type 'Record<string, ScopedMcpServerConfig>'.
          Property 'filesystem' is incompatible with index signature.
            Type 'undefined' is not assignable to type 'ScopedMcpServerConfig'.
src/services/mcp/doctor.test.ts(213,5): error TS2322: Type '(scope: "user" | "project" | "local" | "enterprise") => { servers: { sentry: { type: "stdio"; command: string; args: never[]; scope: "user" | "project" | "local" | "enterprise"; }; }; errors: never[]; } | { ...; }' is not assignable to type '(scope: "user" | "project" | "local" | "enterprise") => { servers: Record<string, ScopedMcpServerConfig>; errors: ValidationError[]; }'.
  Type '{ servers: { sentry: { type: "stdio"; command: string; args: never[]; scope: "user" | "project" | "local" | "enterprise"; }; }; errors: never[]; } | { servers: { sentry?: undefined; }; errors: never[]; }' is not assignable to type '{ servers: Record<string, ScopedMcpServerConfig>; errors: ValidationError[]; }'.
    Type '{ servers: { sentry?: undefined; }; errors: never[]; }' is not assignable to type '{ servers: Record<string, ScopedMcpServerConfig>; errors: ValidationError[]; }'.
      Types of property 'servers' are incompatible.
        Type '{ sentry?: undefined; }' is not assignable to type 'Record<string, ScopedMcpServerConfig>'.
          Property 'sentry' is incompatible with index signature.
            Type 'undefined' is not assignable to type 'ScopedMcpServerConfig'.
src/services/mcp/doctor.test.ts(239,5): error TS2322: Type '(scope: "user" | "project" | "local" | "enterprise") => { servers: { github: { type: "stdio"; command: string; args: never[]; scope: "user" | "project" | "local" | "enterprise"; }; }; errors: never[]; } | { ...; }' is not assignable to type '(scope: "user" | "project" | "local" | "enterprise") => { servers: Record<string, ScopedMcpServerConfig>; errors: ValidationError[]; }'.
  Type '{ servers: { github: { type: "stdio"; command: string; args: never[]; scope: "user" | "project" | "local" | "enterprise"; }; }; errors: never[]; } | { servers: { github?: undefined; }; errors: never[]; }' is not assignable to type '{ servers: Record<string, ScopedMcpServerConfig>; errors: ValidationError[]; }'.
    Type '{ servers: { github?: undefined; }; errors: never[]; }' is not assignable to type '{ servers: Record<string, ScopedMcpServerConfig>; errors: ValidationError[]; }'.
      Types of property 'servers' are incompatible.
        Type '{ github?: undefined; }' is not assignable to type 'Record<string, ScopedMcpServerConfig>'.
          Property 'github' is incompatible with index signature.
            Type 'undefined' is not assignable to type 'ScopedMcpServerConfig'.
src/services/mcp/doctor.test.ts(244,5): error TS2322: Type '(name: string, config: ScopedMcpServerConfig) => Promise<{ name: string; type: "failed"; config: ScopedMcpServerConfig; error: string; }>' is not assignable to type '((name: string, serverRef: ScopedMcpServerConfig, serverStats?: { totalServers: number; stdioCount: number; sseCount: number; httpCount: number; sseIdeCount: number; wsIdeCount: number; } | undefined) => Promise<...>) & MemoizedFunction'.
  Type '(name: string, config: ScopedMcpServerConfig) => Promise<{ name: string; type: "failed"; config: ScopedMcpServerConfig; error: string; }>' is not assignable to type 'MemoizedFunction'.
src/services/mcp/doctor.test.ts(278,5): error TS2322: Type '(scope: "user" | "project" | "local" | "enterprise") => { servers: { linear: { type: "stdio"; command: string; args: never[]; scope: "user" | "project" | "local" | "enterprise"; }; }; errors: never[]; } | { ...; }' is not assignable to type '(scope: "user" | "project" | "local" | "enterprise") => { servers: Record<string, ScopedMcpServerConfig>; errors: ValidationError[]; }'.
  Type '{ servers: { linear: { type: "stdio"; command: string; args: never[]; scope: "user" | "project" | "local" | "enterprise"; }; }; errors: never[]; } | { servers: { linear?: undefined; }; errors: never[]; }' is not assignable to type '{ servers: Record<string, ScopedMcpServerConfig>; errors: ValidationError[]; }'.
    Type '{ servers: { linear?: undefined; }; errors: never[]; }' is not assignable to type '{ servers: Record<string, ScopedMcpServerConfig>; errors: ValidationError[]; }'.
      Types of property 'servers' are incompatible.
        Type '{ linear?: undefined; }' is not assignable to type 'Record<string, ScopedMcpServerConfig>'.
          Property 'linear' is incompatible with index signature.
            Type 'undefined' is not assignable to type 'ScopedMcpServerConfig'.
src/services/mcp/doctor.test.ts(282,5): error TS2322: Type '(name: string, config: ScopedMcpServerConfig) => Promise<{ name: string; type: "connected"; capabilities: {}; config: ScopedMcpServerConfig; cleanup: () => Promise<...>; }>' is not assignable to type '((name: string, serverRef: ScopedMcpServerConfig, serverStats?: { totalServers: number; stdioCount: number; sseCount: number; httpCount: number; sseIdeCount: number; wsIdeCount: number; } | undefined) => Promise<...>) & MemoizedFunction'.
  Type '(name: string, config: ScopedMcpServerConfig) => Promise<{ name: string; type: "connected"; capabilities: {}; config: ScopedMcpServerConfig; cleanup: () => Promise<...>; }>' is not assignable to type '(name: string, serverRef: ScopedMcpServerConfig, serverStats?: { totalServers: number; stdioCount: number; sseCount: number; httpCount: number; sseIdeCount: number; wsIdeCount: number; }) => Promise<MCPServerConnection>'.
    Type 'Promise<{ name: string; type: "connected"; capabilities: {}; config: ScopedMcpServerConfig; cleanup: () => Promise<void>; }>' is not assignable to type 'Promise<MCPServerConnection>'.
      Type '{ name: string; type: "connected"; capabilities: {}; config: ScopedMcpServerConfig; cleanup: () => Promise<void>; }' is not assignable to type 'MCPServerConnection'.
        Property 'client' is missing in type '{ name: string; type: "connected"; capabilities: {}; config: ScopedMcpServerConfig; cleanup: () => Promise<void>; }' but required in type 'ConnectedMCPServer'.
src/services/mcp/doctor.test.ts(327,5): error TS2322: Type '(scope: "user" | "project" | "local" | "enterprise") => { servers: { filesystem?: undefined; }; errors: { file: string; path: string; message: string; suggestion: string; mcpErrorMetadata: { ...; }; }[]; } | { ...; }' is not assignable to type '(scope: "user" | "project" | "local" | "enterprise") => { servers: Record<string, ScopedMcpServerConfig>; errors: ValidationError[]; }'.
  Type '{ servers: { filesystem?: undefined; }; errors: { file: string; path: string; message: string; suggestion: string; mcpErrorMetadata: { scope: "project"; severity: "fatal"; }; }[]; } | { servers: { filesystem: { ...; }; }; errors: never[]; }' is not assignable to type '{ servers: Record<string, ScopedMcpServerConfig>; errors: ValidationError[]; }'.
    Type '{ servers: { filesystem?: undefined; }; errors: { file: string; path: string; message: string; suggestion: string; mcpErrorMetadata: { scope: "project"; severity: "fatal"; }; }[]; }' is not assignable to type '{ servers: Record<string, ScopedMcpServerConfig>; errors: ValidationError[]; }'.
      Types of property 'servers' are incompatible.
        Type '{ filesystem?: undefined; }' is not assignable to type 'Record<string, ScopedMcpServerConfig>'.
          Property 'filesystem' is incompatible with index signature.
            Type 'undefined' is not assignable to type 'ScopedMcpServerConfig'.
src/services/mcp/doctor.test.ts(424,5): error TS2322: Type '(scope: "user" | "project" | "local" | "enterprise") => { servers: { github: { type: "stdio"; command: string; args: never[]; scope: "user" | "project" | "local" | "enterprise"; }; }; errors: never[]; } | { ...; }' is not assignable to type '(scope: "user" | "project" | "local" | "enterprise") => { servers: Record<string, ScopedMcpServerConfig>; errors: ValidationError[]; }'.
  Type '{ servers: { github: { type: "stdio"; command: string; args: never[]; scope: "user" | "project" | "local" | "enterprise"; }; }; errors: never[]; } | { servers: { github?: undefined; }; errors: never[]; }' is not assignable to type '{ servers: Record<string, ScopedMcpServerConfig>; errors: ValidationError[]; }'.
    Type '{ servers: { github?: undefined; }; errors: never[]; }' is not assignable to type '{ servers: Record<string, ScopedMcpServerConfig>; errors: ValidationError[]; }'.
      Types of property 'servers' are incompatible.
        Type '{ github?: undefined; }' is not assignable to type 'Record<string, ScopedMcpServerConfig>'.
          Property 'github' is incompatible with index signature.
            Type 'undefined' is not assignable to type 'ScopedMcpServerConfig'.
src/services/mcp/doctor.test.ts(428,5): error TS2322: Type '(name: string, config: ScopedMcpServerConfig) => Promise<{ name: string; type: "failed"; config: ScopedMcpServerConfig; error: string; }>' is not assignable to type '((name: string, serverRef: ScopedMcpServerConfig, serverStats?: { totalServers: number; stdioCount: number; sseCount: number; httpCount: number; sseIdeCount: number; wsIdeCount: number; } | undefined) => Promise<...>) & MemoizedFunction'.
  Type '(name: string, config: ScopedMcpServerConfig) => Promise<{ name: string; type: "failed"; config: ScopedMcpServerConfig; error: string; }>' is not assignable to type 'MemoizedFunction'.
src/services/mcp/doctor.test.ts(455,5): error TS2322: Type '(scope: "user" | "project" | "local" | "enterprise") => { servers: { sentry: { type: "stdio"; command: string; args: never[]; scope: "user" | "project" | "local" | "enterprise"; }; }; errors: never[]; } | { ...; }' is not assignable to type '(scope: "user" | "project" | "local" | "enterprise") => { servers: Record<string, ScopedMcpServerConfig>; errors: ValidationError[]; }'.
  Type '{ servers: { sentry: { type: "stdio"; command: string; args: never[]; scope: "user" | "project" | "local" | "enterprise"; }; }; errors: never[]; } | { servers: { sentry?: undefined; }; errors: never[]; }' is not assignable to type '{ servers: Record<string, ScopedMcpServerConfig>; errors: ValidationError[]; }'.
    Type '{ servers: { sentry?: undefined; }; errors: never[]; }' is not assignable to type '{ servers: Record<string, ScopedMcpServerConfig>; errors: ValidationError[]; }'.
      Types of property 'servers' are incompatible.
        Type '{ sentry?: undefined; }' is not assignable to type 'Record<string, ScopedMcpServerConfig>'.
          Property 'sentry' is incompatible with index signature.
            Type 'undefined' is not assignable to type 'ScopedMcpServerConfig'.
src/services/mcp/doctor.test.ts(459,5): error TS2322: Type '(name: string, config: ScopedMcpServerConfig) => Promise<{ name: string; type: "needs-auth"; config: ScopedMcpServerConfig; }>' is not assignable to type '((name: string, serverRef: ScopedMcpServerConfig, serverStats?: { totalServers: number; stdioCount: number; sseCount: number; httpCount: number; sseIdeCount: number; wsIdeCount: number; } | undefined) => Promise<...>) & MemoizedFunction'.
  Type '(name: string, config: ScopedMcpServerConfig) => Promise<{ name: string; type: "needs-auth"; config: ScopedMcpServerConfig; }>' is not assignable to type 'MemoizedFunction'.
src/services/mcp/doctor.test.ts(506,5): error TS2322: Type '(scope: "user" | "project" | "local" | "enterprise") => { servers: { github: { type: "stdio"; command: string; args: never[]; scope: "user" | "project" | "local" | "enterprise"; }; }; errors: never[]; } | { ...; }' is not assignable to type '(scope: "user" | "project" | "local" | "enterprise") => { servers: Record<string, ScopedMcpServerConfig>; errors: ValidationError[]; }'.
  Type '{ servers: { github: { type: "stdio"; command: string; args: never[]; scope: "user" | "project" | "local" | "enterprise"; }; }; errors: never[]; } | { servers: { github?: undefined; }; errors: never[]; }' is not assignable to type '{ servers: Record<string, ScopedMcpServerConfig>; errors: ValidationError[]; }'.
    Type '{ servers: { github?: undefined; }; errors: never[]; }' is not assignable to type '{ servers: Record<string, ScopedMcpServerConfig>; errors: ValidationError[]; }'.
      Types of property 'servers' are incompatible.
        Type '{ github?: undefined; }' is not assignable to type 'Record<string, ScopedMcpServerConfig>'.
          Property 'github' is incompatible with index signature.
            Type 'undefined' is not assignable to type 'ScopedMcpServerConfig'.
src/services/mcp/doctor.test.ts(510,5): error TS2322: Type '(name: string, config: ScopedMcpServerConfig) => Promise<{ name: string; type: "connected"; capabilities: {}; config: ScopedMcpServerConfig; cleanup: () => Promise<...>; }>' is not assignable to type '((name: string, serverRef: ScopedMcpServerConfig, serverStats?: { totalServers: number; stdioCount: number; sseCount: number; httpCount: number; sseIdeCount: number; wsIdeCount: number; } | undefined) => Promise<...>) & MemoizedFunction'.
  Type '(name: string, config: ScopedMcpServerConfig) => Promise<{ name: string; type: "connected"; capabilities: {}; config: ScopedMcpServerConfig; cleanup: () => Promise<...>; }>' is not assignable to type '(name: string, serverRef: ScopedMcpServerConfig, serverStats?: { totalServers: number; stdioCount: number; sseCount: number; httpCount: number; sseIdeCount: number; wsIdeCount: number; }) => Promise<MCPServerConnection>'.
    Type 'Promise<{ name: string; type: "connected"; capabilities: {}; config: ScopedMcpServerConfig; cleanup: () => Promise<void>; }>' is not assignable to type 'Promise<MCPServerConnection>'.
      Type '{ name: string; type: "connected"; capabilities: {}; config: ScopedMcpServerConfig; cleanup: () => Promise<void>; }' is not assignable to type 'MCPServerConnection'.
        Property 'client' is missing in type '{ name: string; type: "connected"; capabilities: {}; config: ScopedMcpServerConfig; cleanup: () => Promise<void>; }' but required in type 'ConnectedMCPServer'.
src/services/mcp/doctor.ts(215,66): error TS2339: Property 'command' does not exist on type '({ command: string; args: string[]; type?: "stdio" | undefined; env?: Record<string, string> | undefined; } & { scope: "user" | "project" | "local" | "dynamic" | "enterprise" | "claudeai" | "managed"; pluginSource?: string | undefined; }) | ({ ...; } & { ...; }) | ({ ...; } & { ...; })'.
  Property 'command' does not exist on type '{ type: "sse-ide"; url: string; ideName: string; ideRunningInWindows?: boolean | undefined; } & { scope: "user" | "project" | "local" | "dynamic" | "enterprise" | "claudeai" | "managed"; pluginSource?: string | undefined; }'.
src/services/mcp/doctor.ts(215,99): error TS2339: Property 'args' does not exist on type '({ command: string; args: string[]; type?: "stdio" | undefined; env?: Record<string, string> | undefined; } & { scope: "user" | "project" | "local" | "dynamic" | "enterprise" | "claudeai" | "managed"; pluginSource?: string | undefined; }) | ({ ...; } & { ...; }) | ({ ...; } & { ...; })'.
  Property 'args' does not exist on type '{ type: "sse-ide"; url: string; ideName: string; ideRunningInWindows?: boolean | undefined; } & { scope: "user" | "project" | "local" | "dynamic" | "enterprise" | "claudeai" | "managed"; pluginSource?: string | undefined; }'.
src/services/mcp/headersHelper.ts(51,152): error TS2339: Property 'FEEDBACK_CHANNEL' does not exist on type '{ VERSION: string; DISPLAY_VERSION: string; BUILD_TIME: string; ISSUES_EXPLAINER: string; PACKAGE_URL: string; NATIVE_PACKAGE_URL: string | undefined; }'.
src/services/mcp/headersHelper.ts(62,7): error TS2353: Object literal may only specify known properties, and 'shell' does not exist in type 'ExecFileWithCwdOptions'.
src/services/mcp/useManageMCPConnections.ts(29,65): error TS2307: Cannot find module '../skillSearch/localSearch.js' or its corresponding type declarations.
src/services/mcp/utils.ts(5,41): error TS2307: Cannot find module '../../components/mcp/types.js' or its corresponding type declarations.
src/services/mcp/xaa.ts(45,59): error TS2345: Argument of type 'AbortSignal | null | undefined' is not assignable to parameter of type 'AbortSignal | undefined'.
  Type 'null' is not assignable to type 'AbortSignal | undefined'.
src/services/mcp/xaaIdpLogin.ts(107,23): error TS2339: Property 'mcpXaaIdp' does not exist on type 'SecureStorageData'.
src/services/mcp/xaaIdpLogin.ts(123,5): error TS2353: Object literal may only specify known properties, and 'mcpXaaIdp' does not exist in type 'SecureStorageData'.
src/services/mcp/xaaIdpLogin.ts(124,19): error TS2339: Property 'mcpXaaIdp' does not exist on type 'SecureStorageData'.
src/services/mcp/xaaIdpLogin.ts(152,18): error TS2339: Property 'mcpXaaIdp' does not exist on type 'SecureStorageData'.
src/services/mcp/xaaIdpLogin.ts(153,19): error TS2339: Property 'mcpXaaIdp' does not exist on type 'SecureStorageData'.
src/services/mcp/xaaIdpLogin.ts(172,5): error TS2353: Object literal may only specify known properties, and 'mcpXaaIdpConfig' does not exist in type 'SecureStorageData'.
src/services/mcp/xaaIdpLogin.ts(173,19): error TS2339: Property 'mcpXaaIdpConfig' does not exist on type 'SecureStorageData'.
src/services/mcp/xaaIdpLogin.ts(185,16): error TS2339: Property 'mcpXaaIdpConfig' does not exist on type 'SecureStorageData'.
src/services/mcp/xaaIdpLogin.ts(196,18): error TS2339: Property 'mcpXaaIdpConfig' does not exist on type 'SecureStorageData'.
src/services/mcp/xaaIdpLogin.ts(197,19): error TS2339: Property 'mcpXaaIdpConfig' does not exist on type 'SecureStorageData'.
src/services/mcp/xaaIdpLogin.ts(385,26): error TS2339: Property 'code' does not exist on type '{ type: "code"; code: string; } | { type: "state_mismatch"; }'.
  Property 'code' does not exist on type '{ type: "state_mismatch"; }'.
src/services/mcp/xaaIdpLogin.ts(484,61): error TS2345: Argument of type 'AbortSignal | null | undefined' is not assignable to parameter of type 'AbortSignal | undefined'.
  Type 'null' is not assignable to type 'AbortSignal | undefined'.
src/services/notifier.ts(138,32): error TS2307: Cannot find module 'plist' or its corresponding type declarations.
src/services/oauth/client.ts(32,8): error TS2307: Cannot find module './types.js' or its corresponding type declarations.
src/services/oauth/getOauthProfile.ts(3,43): error TS2307: Cannot find module 'src/services/oauth/types.js' or its corresponding type declarations.
src/services/oauth/index.ts(12,8): error TS2307: Cannot find module './types.js' or its corresponding type declarations.
src/services/plugins/pluginOperations.ts(513,5): error TS2322: Type 'Record<string, boolean | string[] | undefined>' is not assignable to type 'Record<string, boolean | string[]>'.
  'string' index signatures are incompatible.
    Type 'boolean | string[] | undefined' is not assignable to type 'boolean | string[]'.
      Type 'undefined' is not assignable to type 'boolean | string[]'.
src/services/PromptSuggestion/speculation.ts(288,16): error TS2345: Argument of type 'string' is not assignable to parameter of type 'never'.
src/services/PromptSuggestion/speculation.ts(291,16): error TS2345: Argument of type 'string' is not assignable to parameter of type 'never'.
src/services/PromptSuggestion/speculation.ts(295,16): error TS2345: Argument of type 'string' is not assignable to parameter of type 'never'.
src/services/tokenEstimation.ts(557,48): error TS2345: Argument of type 'string | (TextBlockParam | ImageBlockParam | DocumentBlockParam | SearchResultBlockParam | ToolReferenceBlockParam)[] | undefined' is not assignable to parameter of type 'string | ContentBlockParam[] | ContentBlock[] | undefined'.
  Type '(TextBlockParam | ImageBlockParam | DocumentBlockParam | SearchResultBlockParam | ToolReferenceBlockParam)[]' is not assignable to type 'string | ContentBlockParam[] | ContentBlock[] | undefined'.
    Type '(TextBlockParam | ImageBlockParam | DocumentBlockParam | SearchResultBlockParam | ToolReferenceBlockParam)[]' is not assignable to type 'ContentBlockParam[]'.
      Type 'TextBlockParam | ImageBlockParam | DocumentBlockParam | SearchResultBlockParam | ToolReferenceBlockParam' is not assignable to type 'ContentBlockParam'.
        Type 'ToolReferenceBlockParam' is not assignable to type 'ContentBlockParam'.
          Property 'file_id' is missing in type 'ToolReferenceBlockParam' but required in type 'ContainerUploadBlockParam'.
src/services/tools/toolExecution.ts(59,3): error TS2305: Module '"../../types/message.js"' has no exported member 'StopHookInfo'.
src/services/tools/toolExecution.ts(679,48): error TS2315: Type 'ProgressMessage' is not generic.
src/services/tools/toolExecution.ts(890,34): error TS2345: Argument of type 'MessageUpdateLazy<any>' is not assignable to parameter of type 'never'.
src/services/tools/toolExecution.ts(921,32): error TS2345: Argument of type 'MessageUpdateLazy<any>' is not assignable to parameter of type 'never'.
src/services/tools/toolExecution.ts(928,32): error TS2345: Argument of type '{ message: any; }' is not assignable to parameter of type 'never'.
src/services/tools/toolExecution.ts(951,30): error TS2345: Argument of type '{ message: SystemStopHookSummaryMessage; }' is not assignable to parameter of type 'never'.
src/services/tools/toolExecution.ts(1038,28): error TS2345: Argument of type '{ message: any; }' is not assignable to parameter of type 'never'.
src/services/tools/toolExecution.ts(1115,28): error TS2345: Argument of type '{ message: any; }' is not assignable to parameter of type 'never'.
src/services/tools/toolExecution.ts(1144,32): error TS2345: Argument of type '{ message: any; }' is not assignable to parameter of type 'never'.
src/services/tools/toolExecution.ts(1276,30): error TS2345: Argument of type '{ message: any; }' is not assignable to parameter of type 'never'.
src/services/tools/toolExecution.ts(1435,30): error TS2345: Argument of type '{ message: any; contextModifier: { toolUseID: string; modifyContext: (context: ToolUseContext) => ToolUseContext; } | undefined; }' is not assignable to parameter of type 'never'.
src/services/tools/toolExecution.ts(1478,26): error TS2345: Argument of type 'MessageUpdateLazy<any>' is not assignable to parameter of type 'never'.
src/services/tools/toolExecution.ts(1494,32): error TS2345: Argument of type 'MessageUpdateLazy<any>' is not assignable to parameter of type 'never'.
src/services/tools/toolExecution.ts(1527,32): error TS2345: Argument of type '{ message: SystemStopHookSummaryMessage; }' is not assignable to parameter of type 'never'.
src/services/tools/toolExecution.ts(1547,32): error TS2345: Argument of type '{ message: any; }' is not assignable to parameter of type 'never'.
src/services/tools/toolExecution.ts(1552,30): error TS2345: Argument of type '{ message: any; }' is not assignable to parameter of type 'never'.
src/services/tools/toolExecution.ts(1655,27): error TS2315: Type 'ProgressMessage' is not generic.
src/services/tools/toolHooks.test.ts(8,25): error TS2352: Conversion of type '{ name: string; inputSchema: ZodObject<{}, $strip>; checkPermissions(): Promise<{ behavior: "passthrough"; message: string; }>; }' to type 'Tool<Record<string, unknown>>' may be a mistake because neither type sufficiently overlaps with the other. If this was intentional, convert the expression to 'unknown' first.
  Type '{ name: string; inputSchema: ZodObject<{}, $strip>; checkPermissions(): Promise<{ behavior: "passthrough"; message: string; }>; }' is missing the following properties from type 'Tool<Record<string, unknown>>': call, description, isConcurrencySafe, isEnabled, and 7 more.
src/services/tools/toolHooks.test.ts(17,11): error TS2344: Type 'Record<string, unknown>' does not satisfy the constraint 'AnyObject'.
  Type 'Record<string, unknown>' is missing the following properties from type 'ZodType<{ [key: string]: unknown; }, unknown, $ZodTypeInternals<{ [key: string]: unknown; }, unknown>>': def, type, _def, _output, and 32 more.
src/services/tools/toolHooks.test.ts(19,18): error TS2352: Conversion of type '{ name: string; inputSchema: ZodObject<{}, $strip>; checkPermissions(): Promise<{ behavior: "deny"; message: string; }>; }' to type 'Tool<Record<string, unknown>>' may be a mistake because neither type sufficiently overlaps with the other. If this was intentional, convert the expression to 'unknown' first.
  Type '{ name: string; inputSchema: ZodObject<{}, $strip>; checkPermissions(): Promise<{ behavior: "deny"; message: string; }>; }' is missing the following properties from type 'Tool<Record<string, unknown>>': call, description, isConcurrencySafe, isEnabled, and 7 more.
src/services/tools/toolHooks.test.ts(28,11): error TS2344: Type 'Record<string, unknown>' does not satisfy the constraint 'AnyObject'.
  Type 'Record<string, unknown>' is missing the following properties from type 'ZodType<{ [key: string]: unknown; }, unknown, $ZodTypeInternals<{ [key: string]: unknown; }, unknown>>': def, type, _def, _output, and 32 more.
src/services/tools/toolHooks.test.ts(30,33): error TS2352: Conversion of type '{ name: string; inputSchema: ZodObject<{}, $strip>; checkPermissions(): Promise<{ behavior: "ask"; message: string; updatedInput: { normalized: boolean; }; }>; }' to type 'Tool<Record<string, unknown>>' may be a mistake because neither type sufficiently overlaps with the other. If this was intentional, convert the expression to 'unknown' first.
  Type '{ name: string; inputSchema: ZodObject<{}, $strip>; checkPermissions(): Promise<{ behavior: "ask"; message: string; updatedInput: { normalized: boolean; }; }>; }' is missing the following properties from type 'Tool<Record<string, unknown>>': call, description, isConcurrencySafe, isEnabled, and 7 more.
src/services/tools/toolHooks.test.ts(40,11): error TS2344: Type 'Record<string, unknown>' does not satisfy the constraint 'AnyObject'.
  Type 'Record<string, unknown>' is missing the following properties from type 'ZodType<{ [key: string]: unknown; }, unknown, $ZodTypeInternals<{ [key: string]: unknown; }, unknown>>': def, type, _def, _output, and 32 more.
src/services/tools/toolHooks.test.ts(70,7): error TS2345: Argument of type 'Tool<Record<string, unknown>>' is not assignable to parameter of type 'Tool'.
  Type 'Record<string, unknown>' is missing the following properties from type 'ZodType<{ [key: string]: unknown; }, unknown, $ZodTypeInternals<{ [key: string]: unknown; }, unknown>>': def, type, _def, _output, and 32 more.
src/services/tools/toolHooks.test.ts(102,7): error TS2345: Argument of type 'Tool<Record<string, unknown>>' is not assignable to parameter of type 'Tool'.
  Type 'Record<string, unknown>' is missing the following properties from type 'ZodType<{ [key: string]: unknown; }, unknown, $ZodTypeInternals<{ [key: string]: unknown; }, unknown>>': def, type, _def, _output, and 32 more.
src/services/tools/toolHooks.test.ts(128,7): error TS2345: Argument of type 'Tool<Record<string, unknown>>' is not assignable to parameter of type 'Tool'.
  Type 'Record<string, unknown>' is missing the following properties from type 'ZodType<{ [key: string]: unknown; }, unknown, $ZodTypeInternals<{ [key: string]: unknown; }, unknown>>': def, type, _def, _output, and 32 more.
src/services/tools/toolHooks.ts(46,43): error TS2315: Type 'ProgressMessage' is not generic.
src/services/tools/toolHooks.ts(228,47): error TS2339: Property 'cwd' does not exist on type '{ commands: Command[]; debug: boolean; mainLoopModel: string; tools: Tools; verbose: boolean; thinkingConfig: ThinkingConfig; mcpClients: MCPServerConnection[]; ... 8 more ...; providerOverride?: { ...; } | undefined; }'.
src/services/tools/toolHooks.ts(274,41): error TS2315: Type 'ProgressMessage' is not generic.
src/services/tools/toolHooks.ts(503,33): error TS2339: Property 'updatedInput' does not exist on type 'PermissionDecision<Record<string, unknown>>'.
  Property 'updatedInput' does not exist on type 'PermissionDenyDecision'.
src/services/tools/toolHooks.ts(534,29): error TS2315: Type 'ProgressMessage' is not generic.
src/services/vcr.ts(12,3): error TS2305: Module '"../types/message.js"' has no exported member 'StreamEvent'.
src/services/voice.ts(20,32): error TS2307: Cannot find module 'audio-capture-napi' or its corresponding type declarations.
src/services/voice.ts(27,30): error TS2307: Cannot find module 'audio-capture-napi' or its corresponding type declarations.
src/setup.ts(96,30): error TS2307: Cannot find module './utils/udsMessaging.js' or its corresponding type declarations.
src/setup.ts(299,9): error TS2339: Property 'initContextCollapse' does not exist on type 'typeof import("d:/OpenClaude/openclaude-cli/src/services/contextCollapse/index")'.
src/setup.ts(342,21): error TS2307: Cannot find module './utils/attributionHooks.js' or its corresponding type declarations.
src/skills/bundled/claudeApiContent.ts(4,29): error TS2307: Cannot find module './claude-api/csharp/claude-api.md' or its corresponding type declarations.
src/skills/bundled/claudeApiContent.ts(5,26): error TS2307: Cannot find module './claude-api/curl/examples.md' or its corresponding type declarations.
src/skills/bundled/claudeApiContent.ts(6,25): error TS2307: Cannot find module './claude-api/go/claude-api.md' or its corresponding type declarations.
src/skills/bundled/claudeApiContent.ts(7,27): error TS2307: Cannot find module './claude-api/java/claude-api.md' or its corresponding type declarations.
src/skills/bundled/claudeApiContent.ts(8,26): error TS2307: Cannot find module './claude-api/php/claude-api.md' or its corresponding type declarations.
src/skills/bundled/claudeApiContent.ts(9,36): error TS2307: Cannot find module './claude-api/python/agent-sdk/patterns.md' or its corresponding type declarations.
src/skills/bundled/claudeApiContent.ts(10,34): error TS2307: Cannot find module './claude-api/python/agent-sdk/README.md' or its corresponding type declarations.
src/skills/bundled/claudeApiContent.ts(11,36): error TS2307: Cannot find module './claude-api/python/claude-api/batches.md' or its corresponding type declarations.
src/skills/bundled/claudeApiContent.ts(12,37): error TS2307: Cannot find module './claude-api/python/claude-api/files-api.md' or its corresponding type declarations.
src/skills/bundled/claudeApiContent.ts(13,35): error TS2307: Cannot find module './claude-api/python/claude-api/README.md' or its corresponding type declarations.
src/skills/bundled/claudeApiContent.ts(14,38): error TS2307: Cannot find module './claude-api/python/claude-api/streaming.md' or its corresponding type declarations.
src/skills/bundled/claudeApiContent.ts(15,36): error TS2307: Cannot find module './claude-api/python/claude-api/tool-use.md' or its corresponding type declarations.
src/skills/bundled/claudeApiContent.ts(16,27): error TS2307: Cannot find module './claude-api/ruby/claude-api.md' or its corresponding type declarations.
src/skills/bundled/claudeApiContent.ts(17,25): error TS2307: Cannot find module './claude-api/SKILL.md' or its corresponding type declarations.
src/skills/bundled/claudeApiContent.ts(18,30): error TS2307: Cannot find module './claude-api/shared/error-codes.md' or its corresponding type declarations.
src/skills/bundled/claudeApiContent.ts(19,31): error TS2307: Cannot find module './claude-api/shared/live-sources.md' or its corresponding type declarations.
src/skills/bundled/claudeApiContent.ts(20,26): error TS2307: Cannot find module './claude-api/shared/models.md' or its corresponding type declarations.
src/skills/bundled/claudeApiContent.ts(21,33): error TS2307: Cannot find module './claude-api/shared/prompt-caching.md' or its corresponding type declarations.
src/skills/bundled/claudeApiContent.ts(22,35): error TS2307: Cannot find module './claude-api/shared/tool-use-concepts.md' or its corresponding type declarations.
src/skills/bundled/claudeApiContent.ts(23,40): error TS2307: Cannot find module './claude-api/typescript/agent-sdk/patterns.md' or its corresponding type declarations.
src/skills/bundled/claudeApiContent.ts(24,38): error TS2307: Cannot find module './claude-api/typescript/agent-sdk/README.md' or its corresponding type declarations.
src/skills/bundled/claudeApiContent.ts(25,40): error TS2307: Cannot find module './claude-api/typescript/claude-api/batches.md' or its corresponding type declarations.
src/skills/bundled/claudeApiContent.ts(26,41): error TS2307: Cannot find module './claude-api/typescript/claude-api/files-api.md' or its corresponding type declarations.
src/skills/bundled/claudeApiContent.ts(27,39): error TS2307: Cannot find module './claude-api/typescript/claude-api/README.md' or its corresponding type declarations.
src/skills/bundled/claudeApiContent.ts(28,42): error TS2307: Cannot find module './claude-api/typescript/claude-api/streaming.md' or its corresponding type declarations.
src/skills/bundled/claudeApiContent.ts(29,40): error TS2307: Cannot find module './claude-api/typescript/claude-api/tool-use.md' or its corresponding type declarations.
src/skills/bundled/claudeInChrome.ts(1,31): error TS2307: Cannot find module '@ant/claude-for-chrome-mcp' or its corresponding type declarations.
src/skills/bundled/curatedPowerSkills.test.ts(30,31): error TS2339: Property 'getPromptForCommand' does not exist on type 'Command'.
  Property 'getPromptForCommand' does not exist on type 'CommandBase & LocalCommand'.
src/skills/bundled/curatedPowerSkills.test.ts(45,31): error TS2339: Property 'getPromptForCommand' does not exist on type 'Command'.
  Property 'getPromptForCommand' does not exist on type 'CommandBase & LocalCommand'.
src/skills/bundled/curatedPowerSkills.test.ts(60,31): error TS2339: Property 'getPromptForCommand' does not exist on type 'Command'.
  Property 'getPromptForCommand' does not exist on type 'CommandBase & LocalCommand'.
src/skills/bundled/curatedPowerSkills.test.ts(80,28): error TS2339: Property 'getPromptForCommand' does not exist on type 'Command'.
  Property 'getPromptForCommand' does not exist on type 'CommandBase & LocalCommand'.
src/skills/bundled/curatedPowerSkills.test.ts(85,27): error TS2339: Property 'getPromptForCommand' does not exist on type 'Command'.
  Property 'getPromptForCommand' does not exist on type 'CommandBase & LocalCommand'.
src/skills/bundled/loop.test.ts(17,31): error TS2339: Property 'getPromptForCommand' does not exist on type 'Command'.
  Property 'getPromptForCommand' does not exist on type 'CommandBase & LocalCommand'.
src/skills/bundled/loop.test.ts(31,31): error TS2339: Property 'getPromptForCommand' does not exist on type 'Command'.
  Property 'getPromptForCommand' does not exist on type 'CommandBase & LocalCommand'.
src/skills/bundled/loop.test.ts(44,31): error TS2339: Property 'getPromptForCommand' does not exist on type 'Command'.
  Property 'getPromptForCommand' does not exist on type 'CommandBase & LocalCommand'.
src/skills/bundled/loop.test.ts(59,31): error TS2339: Property 'getPromptForCommand' does not exist on type 'Command'.
  Property 'getPromptForCommand' does not exist on type 'CommandBase & LocalCommand'.
src/skills/bundled/loop.test.ts(72,31): error TS2339: Property 'getPromptForCommand' does not exist on type 'Command'.
  Property 'getPromptForCommand' does not exist on type 'CommandBase & LocalCommand'.
src/skills/bundled/loop.test.ts(84,31): error TS2339: Property 'getPromptForCommand' does not exist on type 'Command'.
  Property 'getPromptForCommand' does not exist on type 'CommandBase & LocalCommand'.
src/skills/bundled/loop.test.ts(96,31): error TS2339: Property 'getPromptForCommand' does not exist on type 'Command'.
  Property 'getPromptForCommand' does not exist on type 'CommandBase & LocalCommand'.
src/skills/bundled/loop.test.ts(107,31): error TS2339: Property 'getPromptForCommand' does not exist on type 'Command'.
  Property 'getPromptForCommand' does not exist on type 'CommandBase & LocalCommand'.
src/skills/bundled/loop.test.ts(119,31): error TS2339: Property 'getPromptForCommand' does not exist on type 'Command'.
  Property 'getPromptForCommand' does not exist on type 'CommandBase & LocalCommand'.
src/skills/bundled/updateConfig.test.ts(17,31): error TS2339: Property 'getPromptForCommand' does not exist on type 'Command'.
  Property 'getPromptForCommand' does not exist on type 'CommandBase & LocalCommand'.
src/skills/bundled/verifyContent.ts(4,19): error TS2307: Cannot find module './verify/examples/cli.md' or its corresponding type declarations.
src/skills/bundled/verifyContent.ts(5,22): error TS2307: Cannot find module './verify/examples/server.md' or its corresponding type declarations.
src/skills/bundled/verifyContent.ts(6,21): error TS2307: Cannot find module './verify/SKILL.md' or its corresponding type declarations.
src/skills/mcpSkills.test.ts(94,25): error TS2339: Property 'hooks' does not exist on type 'Command'.
  Property 'hooks' does not exist on type 'CommandBase & LocalCommand'.
src/skills/mcpSkills.test.ts(102,25): error TS2339: Property 'allowedTools' does not exist on type 'Command'.
  Property 'allowedTools' does not exist on type 'CommandBase & LocalCommand'.
src/tasks/RemoteAgentTask/RemoteAgentTask.tsx(213,41): error TS2345: Argument of type 'unknown[]' is not assignable to parameter of type 'readonly { readonly type: string; }[]'.
  Type 'unknown' is not assignable to type '{ readonly type: string; }'.
src/tasks/RemoteAgentTask/RemoteAgentTask.tsx(268,41): error TS2345: Argument of type 'unknown[]' is not assignable to parameter of type 'readonly { readonly type: string; }[]'.
  Type 'unknown' is not assignable to type '{ readonly type: string; }'.
src/tasks/RemoteAgentTask/RemoteAgentTask.tsx(281,123): error TS2345: Argument of type 'unknown[]' is not assignable to parameter of type 'readonly { readonly type: string; }[]'.
  Type 'unknown' is not assignable to type '{ readonly type: string; }'.
src/tasks/RemoteAgentTask/RemoteAgentTask.tsx(309,41): error TS2345: Argument of type 'unknown[]' is not assignable to parameter of type 'readonly { readonly type: string; }[]'.
  Type 'unknown' is not assignable to type '{ readonly type: string; }'.
src/tasks/RemoteAgentTask/RemoteAgentTask.tsx(366,139): error TS18046: 'block' is of type 'unknown'.
src/tasks/RemoteAgentTask/RemoteAgentTask.tsx(366,168): error TS18046: 'block' is of type 'unknown'.
src/tasks/RemoteAgentTask/RemoteAgentTask.tsx(370,88): error TS18046: 'block' is of type 'unknown'.
src/tasks/RemoteAgentTask/RemoteAgentTask.tsx(370,117): error TS18046: 'block' is of type 'unknown'.
src/tasks/RemoteAgentTask/RemoteAgentTask.tsx(571,56): error TS18046: 'block' is of type 'unknown'.
src/tasks/RemoteAgentTask/RemoteAgentTask.tsx(571,102): error TS18046: 'block' is of type 'unknown'.
src/tasks/types.ts(8,45): error TS2307: Cannot find module './LocalWorkflowTask/LocalWorkflowTask.js' or its corresponding type declarations.
src/Tool.ts(37,3): error TS2305: Module '"./types/message.js"' has no exported member 'SystemLocalCommandMessage'.
src/Tool.ts(50,3): error TS2305: Module '"./types/tools.js"' has no exported member 'AgentToolProgress'.
src/Tool.ts(51,3): error TS2305: Module '"./types/tools.js"' has no exported member 'BashProgress'.
src/Tool.ts(52,3): error TS2305: Module '"./types/tools.js"' has no exported member 'MCPProgress'.
src/Tool.ts(53,3): error TS2305: Module '"./types/tools.js"' has no exported member 'REPLToolProgress'.
src/Tool.ts(54,3): error TS2305: Module '"./types/tools.js"' has no exported member 'SkillToolProgress'.
src/Tool.ts(55,3): error TS2305: Module '"./types/tools.js"' has no exported member 'TaskOutputProgress'.
src/Tool.ts(56,3): error TS2305: Module '"./types/tools.js"' has no exported member 'ToolProgressData'.
src/Tool.ts(57,3): error TS2305: Module '"./types/tools.js"' has no exported member 'WebSearchProgress'.
src/Tool.ts(329,4): error TS2315: Type 'ProgressMessage' is not generic.
src/Tool.ts(331,19): error TS2315: Type 'ProgressMessage' is not generic.
src/Tool.ts(583,33): error TS2315: Type 'ProgressMessage' is not generic.
src/Tool.ts(641,33): error TS2315: Type 'ProgressMessage' is not generic.
src/Tool.ts(665,35): error TS2315: Type 'ProgressMessage' is not generic.
src/Tool.ts(677,35): error TS2315: Type 'ProgressMessage' is not generic.
src/Tool.ts(699,25): error TS2315: Type 'ProgressMessage' is not generic.
src/tools/AgentTool/AgentTool.tsx(64,122): error TS2307: Cannot find module '../../proactive/index.js' or its corresponding type declarations.
src/tools/AgentTool/AgentTool.tsx(104,17): error TS2367: This comparison appears to be unintentional because the types '"external"' and '"ant"' have no overlap.
src/tools/AgentTool/AgentTool.tsx(104,115): error TS2367: This comparison appears to be unintentional because the types '"external"' and '"ant"' have no overlap.
src/tools/AgentTool/AgentTool.tsx(197,15): error TS2305: Module '"../../types/tools.js"' has no exported member 'AgentToolProgress'.
src/tools/AgentTool/AgentTool.tsx(470,9): error TS2367: This comparison appears to be unintentional because the types '"external"' and '"ant"' have no overlap.
src/tools/AgentTool/AgentTool.tsx(537,117): error TS2349: This expression is not callable.
  Type '{}' has no call signatures.
src/tools/AgentTool/AgentTool.tsx(538,127): error TS2345: Argument of type 'unknown[]' is not assignable to parameter of type 'string[]'.
  Type 'unknown' is not assignable to type 'string'.
src/tools/AgentTool/AgentTool.tsx(550,117): error TS2349: This expression is not callable.
  Type '{}' has no call signatures.
src/tools/AgentTool/AgentTool.tsx(560,17): error TS2367: This comparison appears to be unintentional because the types '"external"' and '"ant"' have no overlap.
src/tools/AgentTool/AgentTool.tsx(569,108): error TS2345: Argument of type 'unknown[]' is not assignable to parameter of type 'string[]'.
  Type 'unknown' is not assignable to type 'string'.
src/tools/AgentTool/AgentTool.tsx(1337,9): error TS2367: This comparison appears to be unintentional because the types '"external"' and '"ant"' have no overlap.
src/tools/AgentTool/loadAgentsDir.test.ts(122,19): error TS2554: Expected 1 arguments, but got 0.
src/tools/AgentTool/resumeAgent.ts(127,69): error TS2349: This expression is not callable.
  Type '{}' has no call signatures.
src/tools/AgentTool/resumeAgent.ts(132,9): error TS2345: Argument of type 'unknown[]' is not assignable to parameter of type 'string[]'.
  Type 'unknown' is not assignable to type 'string'.
src/tools/AgentTool/runAgent.ts(36,3): error TS2305: Module '"../../types/message.js"' has no exported member 'RequestStartEvent'.
src/tools/AgentTool/runAgent.ts(37,3): error TS2305: Module '"../../types/message.js"' has no exported member 'StreamEvent'.
src/tools/AgentTool/runAgent.ts(38,3): error TS2305: Module '"../../types/message.js"' has no exported member 'SystemCompactBoundaryMessage'.
src/tools/AgentTool/runAgent.ts(39,3): error TS2305: Module '"../../types/message.js"' has no exported member 'TombstoneMessage'.
src/tools/AgentTool/runAgent.ts(40,3): error TS2305: Module '"../../types/message.js"' has no exported member 'ToolUseSummaryMessage'.
src/tools/AgentTool/runAgent.ts(527,65): error TS2349: This expression is not callable.
  Type '{}' has no call signatures.
src/tools/AgentTool/runAgent.ts(537,11): error TS2345: Argument of type 'unknown[]' is not assignable to parameter of type 'string[]'.
  Type 'unknown' is not assignable to type 'string'.
src/tools/AgentTool/UI.tsx(20,15): error TS2305: Module '"../../types/tools.js"' has no exported member 'AgentToolProgress'.
src/tools/AgentTool/UI.tsx(54,47): error TS2315: Type 'ProgressMessage' is not generic.
src/tools/AgentTool/UI.tsx(91,12): error TS2315: Type 'ProgressMessage' is not generic.
src/tools/AgentTool/UI.tsx(99,44): error TS2315: Type 'ProgressMessage' is not generic.
src/tools/AgentTool/UI.tsx(101,7): error TS2367: This comparison appears to be unintentional because the types '"external"' and '"ant"' have no overlap.
src/tools/AgentTool/UI.tsx(102,38): error TS2315: Type 'ProgressMessage' is not generic.
src/tools/AgentTool/UI.tsx(127,51): error TS2315: Type 'ProgressMessage' is not generic.
src/tools/AgentTool/UI.tsx(241,21): error TS2315: Type 'ProgressMessage' is not generic.
src/tools/AgentTool/UI.tsx(314,83): error TS2315: Type 'ProgressMessage' is not generic.
src/tools/AgentTool/UI.tsx(394,8): error TS2367: This comparison appears to be unintentional because the types '"external"' and '"ant"' have no overlap.
src/tools/AgentTool/UI.tsx(451,64): error TS2315: Type 'ProgressMessage' is not generic.
src/tools/AgentTool/UI.tsx(485,69): error TS2315: Type 'ProgressMessage' is not generic.
src/tools/AgentTool/UI.tsx(548,64): error TS2315: Type 'ProgressMessage' is not generic.
src/tools/AgentTool/UI.tsx(591,31): error TS2315: Type 'ProgressMessage' is not generic.
src/tools/AgentTool/UI.tsx(600,8): error TS2367: This comparison appears to be unintentional because the types '"external"' and '"ant"' have no overlap.
src/tools/AgentTool/UI.tsx(619,31): error TS2315: Type 'ProgressMessage' is not generic.
src/tools/AgentTool/UI.tsx(633,48): error TS2315: Type 'ProgressMessage' is not generic.
src/tools/AgentTool/UI.tsx(644,67): error TS2315: Type 'ProgressMessage' is not generic.
src/tools/AgentTool/UI.tsx(660,21): error TS2315: Type 'ProgressMessage' is not generic.
src/tools/AgentTool/UI.tsx(794,55): error TS2315: Type 'ProgressMessage' is not generic.
src/tools/AgentTool/UI.tsx(837,66): error TS2315: Type 'ProgressMessage' is not generic.
src/tools/BashTool/bashPermissions.test.ts(80,17): error TS2339: Property 'message' does not exist on type 'PermissionResult'.
  Property 'message' does not exist on type 'PermissionAllowDecision<{ [key: string]: unknown; }>'.
src/tools/BashTool/bashPermissions.test.ts(81,17): error TS2339: Property 'message' does not exist on type 'PermissionResult'.
  Property 'message' does not exist on type 'PermissionAllowDecision<{ [key: string]: unknown; }>'.
src/tools/BashTool/BashTool.tsx(306,15): error TS2305: Module '"../../types/tools.js"' has no exported member 'BashProgress'.
src/tools/BashTool/BashTool.tsx(307,15): error TS2305: Module '"../../types/tools.js"' has no exported member 'BashProgress'.
src/tools/BashTool/prompt.ts(214,28): error TS2345: Argument of type 'string' is not assignable to parameter of type 'never'.
src/tools/BashTool/prompt.ts(217,28): error TS2345: Argument of type 'string' is not assignable to parameter of type 'never'.
src/tools/BashTool/prompt.ts(221,7): error TS2345: Argument of type 'string' is not assignable to parameter of type 'never'.
src/tools/BashTool/UI.tsx(131,74): error TS2315: Type 'ProgressMessage' is not generic.
src/tools/BashTool/UI.tsx(159,83): error TS2315: Type 'ProgressMessage' is not generic.
src/tools/BashTool/UI.tsx(180,31): error TS2315: Type 'ProgressMessage' is not generic.
src/tools/BashTool/utils.test.ts(183,41): error TS2345: Argument of type '{ type: "image"; data: string; mimeType: string; }[]' is not assignable to parameter of type 'ContentBlockParam[]'.
  Type '{ type: "image"; data: string; mimeType: string; }' is not assignable to type 'ContentBlockParam'.
    Property 'source' is missing in type '{ type: "image"; data: string; mimeType: string; }' but required in type 'ImageBlockParam'.
src/tools/BashTool/utils.test.ts(193,41): error TS2345: Argument of type '({ type: "text"; text: string; data?: undefined; mimeType?: undefined; } | { type: "image"; data: string; mimeType: string; text?: undefined; })[]' is not assignable to parameter of type 'ContentBlockParam[]'.
  Type '{ type: "text"; text: string; data?: undefined; mimeType?: undefined; } | { type: "image"; data: string; mimeType: string; text?: undefined; }' is not assignable to type 'ContentBlockParam'.
    Type '{ type: "image"; data: string; mimeType: string; text?: undefined; }' is not assignable to type 'ContentBlockParam'.
      Property 'source' is missing in type '{ type: "image"; data: string; mimeType: string; text?: undefined; }' but required in type 'ImageBlockParam'.
src/tools/BriefTool/BriefTool.ts(97,11): error TS2554: Expected 2 arguments, but got 3.
src/tools/EnterPlanModeTool/UI.tsx(13,87): error TS2315: Type 'ProgressMessage' is not generic.
src/tools/EnterWorktreeTool/UI.tsx(10,86): error TS2315: Type 'ProgressMessage' is not generic.
src/tools/ExitPlanModeTool/UI.tsx(17,86): error TS2315: Type 'ProgressMessage' is not generic.
src/tools/ExitWorktreeTool/UI.tsx(10,86): error TS2315: Type 'ProgressMessage' is not generic.
src/tools/FileEditTool/UI.tsx(222,5): error TS2339: Property 'patch' does not exist on type 'unknown'.
src/tools/FileEditTool/UI.tsx(223,5): error TS2339: Property 'firstLine' does not exist on type 'unknown'.
src/tools/FileEditTool/UI.tsx(224,5): error TS2339: Property 'fileContent' does not exist on type 'unknown'.
src/tools/FileReadTool/FileReadTool.ts(1164,13): error TS2352: Conversion of type '{ default: typeof sharp; cache(options?: boolean | CacheOptions | undefined): CacheResult; concurrency(concurrency?: number | undefined): number; ... 12 more ...; bool: BoolEnum; }' to type '{ default?: { default: typeof sharp; cache(options?: boolean | CacheOptions | undefined): CacheResult; concurrency(concurrency?: number | undefined): number; ... 12 more ...; bool: BoolEnum; } | undefined; }' may be a mistake because neither type sufficiently overlaps with the other. If this was intentional, convert the expression to 'unknown' first.
  Types of property 'default' are incompatible.
    Property 'default' is missing in type 'typeof sharp' but required in type '{ default: typeof sharp; cache(options?: boolean | CacheOptions | undefined): CacheResult; concurrency(concurrency?: number | undefined): number; ... 12 more ...; bool: BoolEnum; }'.
src/tools/FileReadTool/FileReadTool.ts(1169,38): error TS2349: This expression is not callable.
  Type '{ default: typeof sharp; cache(options?: boolean | CacheOptions | undefined): CacheResult; concurrency(concurrency?: number | undefined): number; ... 12 more ...; bool: BoolEnum; }' has no call signatures.
src/tools/FileReadTool/imageProcessor.ts(57,43): error TS2307: Cannot find module 'image-processor-napi' or its corresponding type declarations.
src/tools/FileWriteTool/UI.tsx(98,55): error TS2322: Type '{ code: any; filePath: any; width: number; }' is not assignable to type 'IntrinsicAttributes & object'.
  Property 'code' does not exist on type 'IntrinsicAttributes & object'.
src/tools/FileWriteTool/UI.tsx(282,7): error TS18046: 'data' is of type 'unknown'.
src/tools/FileWriteTool/UI.tsx(285,7): error TS18046: 'data' is of type 'unknown'.
src/tools/FileWriteTool/UI.tsx(296,16): error TS18046: 'data' is of type 'unknown'.
src/tools/FileWriteTool/UI.tsx(296,44): error TS18046: 'data' is of type 'unknown'.
src/tools/FileWriteTool/UI.tsx(297,89): error TS18046: 'data' is of type 'unknown'.
src/tools/FileWriteTool/UI.tsx(297,136): error TS18046: 'data' is of type 'unknown'.
src/tools/FileWriteTool/UI.tsx(298,12): error TS18046: 'data' is of type 'unknown'.
src/tools/FileWriteTool/UI.tsx(299,12): error TS18046: 'data' is of type 'unknown'.
src/tools/FileWriteTool/UI.tsx(368,41): error TS2315: Type 'ProgressMessage' is not generic.
src/tools/GrepTool/UI.tsx(172,41): error TS2315: Type 'ProgressMessage' is not generic.
src/tools/ListMcpResourcesTool/UI.tsx(14,86): error TS2315: Type 'ProgressMessage' is not generic.
src/tools/MCPTool/MCPTool.test.ts(11,26): error TS2722: Cannot invoke an object which is possibly 'undefined'.
src/tools/MCPTool/MCPTool.test.ts(11,26): error TS18048: 'tool.validateInput' is possibly 'undefined'.
src/tools/MCPTool/MCPTool.test.ts(27,25): error TS2722: Cannot invoke an object which is possibly 'undefined'.
src/tools/MCPTool/MCPTool.test.ts(27,25): error TS18048: 'tool.validateInput' is possibly 'undefined'.
src/tools/MCPTool/MCPTool.test.ts(31,27): error TS2722: Cannot invoke an object which is possibly 'undefined'.
src/tools/MCPTool/MCPTool.test.ts(31,27): error TS18048: 'tool.validateInput' is possibly 'undefined'.
src/tools/MCPTool/MCPTool.test.ts(46,26): error TS2722: Cannot invoke an object which is possibly 'undefined'.
src/tools/MCPTool/MCPTool.test.ts(46,26): error TS18048: 'tool.validateInput' is possibly 'undefined'.
src/tools/MCPTool/MCPTool.test.ts(55,26): error TS2722: Cannot invoke an object which is possibly 'undefined'.
src/tools/MCPTool/MCPTool.test.ts(55,26): error TS18048: 'tool.validateInput' is possibly 'undefined'.
src/tools/MCPTool/MCPTool.test.ts(65,26): error TS2722: Cannot invoke an object which is possibly 'undefined'.
src/tools/MCPTool/MCPTool.test.ts(65,26): error TS18048: 'tool.validateInput' is possibly 'undefined'.
src/tools/MCPTool/MCPTool.test.ts(87,36): error TS2769: No overload matches this call.
  Overload 1 of 2, '(expected: string | (TextBlockParam | ImageBlockParam | DocumentBlockParam | SearchResultBlockParam | ToolReferenceBlockParam)[] | undefined): void', gave the following error.
    Argument of type '{ type: string; text: string; }[]' is not assignable to parameter of type 'string | (TextBlockParam | ImageBlockParam | DocumentBlockParam | SearchResultBlockParam | ToolReferenceBlockParam)[] | undefined'.
      Type '{ type: string; text: string; }[]' is not assignable to type '(TextBlockParam | ImageBlockParam | DocumentBlockParam | SearchResultBlockParam | ToolReferenceBlockParam)[]'.
        Type '{ type: string; text: string; }' is not assignable to type 'TextBlockParam | ImageBlockParam | DocumentBlockParam | SearchResultBlockParam | ToolReferenceBlockParam'.
          Type '{ type: string; text: string; }' is not assignable to type 'TextBlockParam'.
            Types of property 'type' are incompatible.
              Type 'string' is not assignable to type '"text"'.
  Overload 2 of 2, '(expected: NoInfer<string | (TextBlockParam | ImageBlockParam | DocumentBlockParam | SearchResultBlockParam | ToolReferenceBlockParam)[] | undefined>): void', gave the following error.
    Argument of type '{ type: string; text: string; }[]' is not assignable to parameter of type 'string | (TextBlockParam | ImageBlockParam | DocumentBlockParam | SearchResultBlockParam | ToolReferenceBlockParam)[] | undefined'.
      Type '{ type: string; text: string; }[]' is not assignable to type '(TextBlockParam | ImageBlockParam | DocumentBlockParam | SearchResultBlockParam | ToolReferenceBlockParam)[]'.
        Type '{ type: string; text: string; }' is not assignable to type 'TextBlockParam | ImageBlockParam | DocumentBlockParam | SearchResultBlockParam | ToolReferenceBlockParam'.
          Type '{ type: string; text: string; }' is not assignable to type 'TextBlockParam'.
            Types of property 'type' are incompatible.
              Type 'string' is not assignable to type '"text"'.
src/tools/MCPTool/MCPTool.test.ts(109,12): error TS2722: Cannot invoke an object which is possibly 'undefined'.
src/tools/MCPTool/MCPTool.test.ts(113,12): error TS2722: Cannot invoke an object which is possibly 'undefined'.
src/tools/MCPTool/MCPTool.test.ts(117,12): error TS2722: Cannot invoke an object which is possibly 'undefined'.
src/tools/MCPTool/MCPTool.test.ts(121,12): error TS2722: Cannot invoke an object which is possibly 'undefined'.
src/tools/MCPTool/MCPTool.test.ts(125,12): error TS2722: Cannot invoke an object which is possibly 'undefined'.
src/tools/MCPTool/MCPTool.test.ts(129,12): error TS2722: Cannot invoke an object which is possibly 'undefined'.
src/tools/MCPTool/MCPTool.test.ts(130,12): error TS2722: Cannot invoke an object which is possibly 'undefined'.
src/tools/MCPTool/MCPTool.ts(39,15): error TS2305: Module '"../../types/tools.js"' has no exported member 'MCPProgress'.
src/tools/MCPTool/MCPTool.ts(119,3): error TS2322: Type '(output: MCPToolResult, _progressMessagesForMessage: any[], { verbose, input }: { verbose: boolean; input?: unknown; }) => ReactNode' is not assignable to type '(content: string | { type: string; text?: string | undefined; }[], progressMessagesForMessage: any[], options: { style?: "condensed" | undefined; theme: "light" | "dark" | "light-daltonized" | "dark-daltonized" | "light-ansi" | "dark-ansi"; ... 4 more ...; input?: unknown; }) => ReactNode'.
  Types of parameters 'output' and 'content' are incompatible.
    Type 'string | { type: string; text?: string | undefined; }[]' is not assignable to type 'MCPToolResult'.
      Type '{ type: string; text?: string | undefined; }[]' is not assignable to type 'MCPToolResult'.
        Type '{ type: string; text?: string | undefined; }[]' is not assignable to type 'ContentBlockParam[]'.
          Type '{ type: string; text?: string | undefined; }' is not assignable to type 'ContentBlockParam'.
            Type '{ type: string; text?: string | undefined; }' is not assignable to type 'TextBlockParam'.
              Types of property 'text' are incompatible.
                Type 'string | undefined' is not assignable to type 'string'.
                  Type 'undefined' is not assignable to type 'string'.
src/tools/MCPTool/MCPTool.ts(136,3): error TS2322: Type '(content: string | { type: string; text?: string | undefined; }[], toolUseID: string) => { tool_use_id: string; type: "tool_result"; content: string | { type: string; text?: string | undefined; }[]; }' is not assignable to type '(content: any, toolUseID: string) => ToolResultBlockParam'.
  Call signature return types '{ tool_use_id: string; type: "tool_result"; content: string | { type: string; text?: string | undefined; }[]; }' and 'ToolResultBlockParam' are incompatible.
    The types of 'content' are incompatible between these types.
      Type 'string | { type: string; text?: string | undefined; }[]' is not assignable to type 'string | (TextBlockParam | ImageBlockParam | DocumentBlockParam | SearchResultBlockParam | ToolReferenceBlockParam)[] | undefined'.
        Type '{ type: string; text?: string | undefined; }[]' is not assignable to type 'string | (TextBlockParam | ImageBlockParam | DocumentBlockParam | SearchResultBlockParam | ToolReferenceBlockParam)[] | undefined'.
          Type '{ type: string; text?: string | undefined; }[]' is not assignable to type '(TextBlockParam | ImageBlockParam | DocumentBlockParam | SearchResultBlockParam | ToolReferenceBlockParam)[]'.
            Type '{ type: string; text?: string | undefined; }' is not assignable to type 'TextBlockParam | ImageBlockParam | DocumentBlockParam | SearchResultBlockParam | ToolReferenceBlockParam'.
              Type '{ type: string; text?: string | undefined; }' is not assignable to type 'TextBlockParam'.
                Types of property 'text' are incompatible.
                  Type 'string | undefined' is not assignable to type 'string'.
                    Type 'undefined' is not assignable to type 'string'.
src/tools/MCPTool/MCPTool.ts(136,3): error TS2322: Type '(content: string | { type: string; text?: string | undefined; }[], toolUseID: string) => { tool_use_id: string; type: "tool_result"; content: string | { type: string; text?: string | undefined; }[]; }' is not assignable to type '(content: string | { type: string; text?: string | undefined; }[], toolUseID: string) => ToolResultBlockParam'.
  Call signature return types '{ tool_use_id: string; type: "tool_result"; content: string | { type: string; text?: string | undefined; }[]; }' and 'ToolResultBlockParam' are incompatible.
    The types of 'content' are incompatible between these types.
      Type 'string | { type: string; text?: string | undefined; }[]' is not assignable to type 'string | (TextBlockParam | ImageBlockParam | DocumentBlockParam | SearchResultBlockParam | ToolReferenceBlockParam)[] | undefined'.
        Type '{ type: string; text?: string | undefined; }[]' is not assignable to type 'string | (TextBlockParam | ImageBlockParam | DocumentBlockParam | SearchResultBlockParam | ToolReferenceBlockParam)[] | undefined'.
          Type '{ type: string; text?: string | undefined; }[]' is not assignable to type '(TextBlockParam | ImageBlockParam | DocumentBlockParam | SearchResultBlockParam | ToolReferenceBlockParam)[]'.
            Type '{ type: string; text?: string | undefined; }' is not assignable to type 'TextBlockParam | ImageBlockParam | DocumentBlockParam | SearchResultBlockParam | ToolReferenceBlockParam'.
              Type '{ type: string; text?: string | undefined; }' is not assignable to type 'TextBlockParam'.
                Types of property 'text' are incompatible.
                  Type 'string | undefined' is not assignable to type 'string'.
                    Type 'undefined' is not assignable to type 'string'.
src/tools/MCPTool/UI.tsx(13,15): error TS2305: Module '"../../types/tools.js"' has no exported member 'MCPProgress'.
src/tools/MCPTool/UI.tsx(57,74): error TS2315: Type 'ProgressMessage' is not generic.
src/tools/MCPTool/UI.tsx(91,102): error TS2315: Type 'ProgressMessage' is not generic.
src/tools/NotebookEditTool/NotebookEditTool.ts(9,52): error TS2307: Cannot find module '../../types/notebook.js' or its corresponding type declarations.
src/tools/NotebookEditTool/NotebookEditTool.ts(386,11): error TS2322: Type 'string' is not assignable to type 'undefined'.
src/tools/NotebookEditTool/NotebookEditTool.ts(388,11): error TS2322: Type 'string | undefined' is not assignable to type 'undefined'.
  Type 'string' is not assignable to type 'undefined'.
src/tools/NotebookEditTool/UI.tsx(88,28): error TS2322: Type '{ code: string; filePath: string; }' is not assignable to type 'IntrinsicAttributes & object'.
  Property 'code' does not exist on type 'IntrinsicAttributes & object'.
src/tools/PowerShellTool/PowerShellTool.tsx(266,15): error TS2724: '"../../types/tools.js"' has no exported member named 'PowerShellProgress'. Did you mean 'ShellProgress'?
src/tools/PowerShellTool/PowerShellTool.tsx(267,15): error TS2724: '"../../types/tools.js"' has no exported member named 'PowerShellProgress'. Did you mean 'ShellProgress'?
src/tools/PowerShellTool/UI.tsx(13,15): error TS2724: '"../../types/tools.js"' has no exported member named 'PowerShellProgress'. Did you mean 'ShellProgress'?
src/tools/PowerShellTool/UI.tsx(51,74): error TS2315: Type 'ProgressMessage' is not generic.
src/tools/PowerShellTool/UI.tsx(79,83): error TS2315: Type 'ProgressMessage' is not generic.
src/tools/PowerShellTool/UI.tsx(127,31): error TS2315: Type 'ProgressMessage' is not generic.
src/tools/ReadMcpResourceTool/UI.tsx(19,86): error TS2315: Type 'ProgressMessage' is not generic.
src/tools/ScheduleCronTool/prompt.ts(39,5): error TS2554: Expected 2 arguments, but got 3.
src/tools/ScheduleCronTool/prompt.ts(56,5): error TS2554: Expected 2 arguments, but got 3.
src/tools/SendMessageTool/SendMessageTool.ts(759,70): error TS2307: Cannot find module '../../bridge/peerSessions.js' or its corresponding type declarations.
src/tools/SendMessageTool/SendMessageTool.ts(778,66): error TS2307: Cannot find module '../../utils/udsClient.js' or its corresponding type declarations.
src/tools/SkillTool/SkillTool.ts(97,15): error TS2305: Module '"../../types/tools.js"' has no exported member 'SkillToolProgress'.
src/tools/SkillTool/SkillTool.ts(99,15): error TS2305: Module '"../../types/tools.js"' has no exported member 'SkillToolProgress'.
src/tools/SkillTool/SkillTool.ts(110,86): error TS2307: Cannot find module '../../services/skillSearch/remoteSkillState.js' or its corresponding type declarations.
src/tools/SkillTool/SkillTool.ts(111,87): error TS2307: Cannot find module '../../services/skillSearch/remoteSkillLoader.js' or its corresponding type declarations.
src/tools/SkillTool/SkillTool.ts(112,79): error TS2307: Cannot find module '../../services/skillSearch/telemetry.js' or its corresponding type declarations.
src/tools/SkillTool/SkillTool.ts(113,82): error TS2307: Cannot find module '../../services/skillSearch/featureCheck.js' or its corresponding type declarations.
src/tools/SkillTool/UI.tsx(65,64): error TS2315: Type 'ProgressMessage' is not generic.
src/tools/SkillTool/UI.tsx(102,31): error TS2315: Type 'ProgressMessage' is not generic.
src/tools/SkillTool/UI.tsx(119,31): error TS2315: Type 'ProgressMessage' is not generic.
src/tools/SyntheticOutputTool/SyntheticOutputTool.test.ts(45,42): error TS2554: Expected 4-5 arguments, but got 2.
src/tools/SyntheticOutputTool/SyntheticOutputTool.test.ts(49,23): error TS2339: Property 'structured_output' does not exist on type 'ToolResult<unknown>'.
src/tools/SyntheticOutputTool/SyntheticOutputTool.test.ts(58,42): error TS2554: Expected 4-5 arguments, but got 2.
src/tools/SyntheticOutputTool/SyntheticOutputTool.test.ts(62,23): error TS2339: Property 'structured_output' does not exist on type 'ToolResult<unknown>'.
src/tools/SyntheticOutputTool/SyntheticOutputTool.test.ts(70,42): error TS2554: Expected 4-5 arguments, but got 2.
src/tools/SyntheticOutputTool/SyntheticOutputTool.test.ts(74,23): error TS2339: Property 'structured_output' does not exist on type 'ToolResult<unknown>'.
src/tools/SyntheticOutputTool/SyntheticOutputTool.test.ts(81,19): error TS2554: Expected 4-5 arguments, but got 2.
src/tools/TaskOutputTool/TaskOutputTool.tsx(57,15): error TS2305: Module '"../../types/tools.js"' has no exported member 'TaskOutputProgress'.
src/tools/TaskOutputTool/TaskOutputTool.tsx(164,12): error TS2367: This comparison appears to be unintentional because the types '"external"' and '"ant"' have no overlap.
src/tools/TaskStopTool/UI.tsx(28,7): error TS2367: This comparison appears to be unintentional because the types '"external"' and '"ant"' have no overlap.
src/tools/testing/TestingPermissionTool.tsx(28,12): error TS2367: This comparison appears to be unintentional because the types '"production"' and '"test"' have no overlap.
src/tools/ToolSearchTool/prompt.ts(17,65): error TS2307: Cannot find module '../SendUserFileTool/prompt.js' or its corresponding type declarations.
src/tools/WebFetchTool/UI.tsx(39,41): error TS2315: Type 'ProgressMessage' is not generic.
src/tools/WebFetchTool/utils.ts(339,61): error TS2339: Property 'entries' does not exist on type 'Headers'.
src/tools/WebFetchTool/utils.ts(506,27): error TS2345: Argument of type 'string | number | boolean | string[] | AxiosHeaders' is not assignable to parameter of type 'string'.
  Type 'number' is not assignable to type 'string'.
src/tools/WebFetchTool/utils.ts(508,58): error TS2345: Argument of type 'string | number | boolean | string[] | AxiosHeaders' is not assignable to parameter of type 'string | undefined'.
  Type 'number' is not assignable to type 'string'.
src/tools/WebFetchTool/utils.ts(520,19): error TS2339: Property 'includes' does not exist on type 'string | number | boolean | string[] | AxiosHeaders'.
  Property 'includes' does not exist on type 'number'.
src/tools/WebFetchTool/utils.ts(539,5): error TS2322: Type 'string | number | boolean | string[] | AxiosHeaders' is not assignable to type 'string'.
  Type 'number' is not assignable to type 'string'.
src/tools/WebSearchTool/providers/firecrawl.ts(30,28): error TS2345: Argument of type '(r: { url: string; title?: string; description?: string; }) => { title: string; url: string; description: string | undefined; }' is not assignable to parameter of type '(value: Document | SearchResultWeb, index: number, array: (Document | SearchResultWeb)[]) => { title: string; url: string; description: string | undefined; }'.
  Types of parameters 'r' and 'value' are incompatible.
    Type 'Document | SearchResultWeb' is not assignable to type '{ url: string; title?: string | undefined; description?: string | undefined; }'.
      Property 'url' is missing in type 'Document' but required in type '{ url: string; title?: string | undefined; description?: string | undefined; }'.
src/tools/WebSearchTool/UI.tsx(55,64): error TS2315: Type 'ProgressMessage' is not generic.
src/tools/WebSearchTool/WebSearchTool.ts(87,15): error TS2305: Module '"../../types/tools.js"' has no exported member 'WebSearchProgress'.
src/tools/WebSearchTool/WebSearchTool.ts(89,15): error TS2305: Module '"../../types/tools.js"' has no exported member 'WebSearchProgress'.
src/tools/WebSearchTool/WebSearchTool.ts(248,22): error TS2339: Property 'url' does not exist on type '{}'.
src/tools/WebSearchTool/WebSearchTool.ts(248,50): error TS2339: Property 'url' does not exist on type '{}'.
src/tools/WebSearchTool/WebSearchTool.ts(249,24): error TS2339: Property 'url' does not exist on type '{}'.
src/tools/WebSearchTool/WebSearchTool.ts(251,21): error TS2339: Property 'title' does not exist on type '{}'.
src/tools/WebSearchTool/WebSearchTool.ts(251,50): error TS2339: Property 'title' does not exist on type '{}'.
src/tools/WebSearchTool/WebSearchTool.ts(252,18): error TS2339: Property 'title' does not exist on type '{}'.
src/tools/WebSearchTool/WebSearchTool.ts(253,18): error TS2339: Property 'url' does not exist on type '{}'.
src/tools/WebSearchTool/WebSearchTool.ts(254,17): error TS2339: Property 'url' does not exist on type '{}'.
src/types/hooks.ts(199,3): error TS2344: Type 'false' does not satisfy the constraint 'true'.
src/types/logs.ts(6,44): error TS2307: Cannot find module './messageQueueTypes.js' or its corresponding type declarations.
src/types/plugin.ts(1,38): error TS2307: Cannot find module '../services/lsp/types.js' or its corresponding type declarations.
src/types/textInputTypes.ts(10,33): error TS2305: Module '"./message.js"' has no exported member 'MessageOrigin'.
src/upstreamproxy/relay.ts(266,31): error TS2345: Argument of type 'string | NonSharedBuffer' is not assignable to parameter of type 'Buffer<ArrayBufferLike>'.
  Type 'string' is not assignable to type 'Buffer<ArrayBufferLike>'.
src/utils/analyzeContext.ts(46,3): error TS2305: Module '"../types/message.js"' has no exported member 'NormalizedAssistantMessage'.
src/utils/api.ts(563,5): error TS2322: Type 'number | undefined' is not assignable to type 'number'.
  Type 'undefined' is not assignable to type 'number'.
src/utils/apiPreconnect.test.ts(37,24): error TS2352: Conversion of type 'Mock<() => Promise<Response>>' to type 'typeof fetch' may be a mistake because neither type sufficiently overlaps with the other. If this was intentional, convert the expression to 'unknown' first.
  Property 'preconnect' is missing in type 'Mock<() => Promise<Response>>' but required in type 'typeof fetch'.
src/utils/apiPreconnect.test.ts(47,24): error TS2352: Conversion of type 'Mock<() => Promise<Response>>' to type 'typeof fetch' may be a mistake because neither type sufficiently overlaps with the other. If this was intentional, convert the expression to 'unknown' first.
  Property 'preconnect' is missing in type 'Mock<() => Promise<Response>>' but required in type 'typeof fetch'.
src/utils/apiPreconnect.test.ts(57,24): error TS2352: Conversion of type 'Mock<() => Promise<Response>>' to type 'typeof fetch' may be a mistake because neither type sufficiently overlaps with the other. If this was intentional, convert the expression to 'unknown' first.
  Property 'preconnect' is missing in type 'Mock<() => Promise<Response>>' but required in type 'typeof fetch'.
src/utils/apiPreconnect.test.ts(93,24): error TS2352: Conversion of type 'Mock<() => Promise<Response>>' to type 'typeof fetch' may be a mistake because neither type sufficiently overlaps with the other. If this was intentional, convert the expression to 'unknown' first.
  Property 'preconnect' is missing in type 'Mock<() => Promise<Response>>' but required in type 'typeof fetch'.
src/utils/attachments.ts(58,3): error TS2305: Module '"src/types/message.js"' has no exported member 'MessageOrigin'.
src/utils/attachments.ts(88,38): error TS2307: Cannot find module '../services/skillSearch/signals.js' or its corresponding type declarations.
src/utils/attachments.ts(98,77): error TS2307: Cannot find module '../services/skillSearch/featureCheck.js' or its corresponding type declarations.
src/utils/attachments.ts(100,73): error TS2307: Cannot find module '../services/skillSearch/prefetch.js' or its corresponding type declarations.
src/utils/attachments.ts(207,85): error TS2307: Cannot find module '../services/sessionTranscript/sessionTranscript.js' or its corresponding type declarations.
src/utils/attachments.ts(999,3): error TS2322: Type '{}[]' is not assignable to type 'Attachment[]'.
  Type '{}' is not assignable to type 'Attachment'.
src/utils/attachments.ts(3991,11): error TS2339: Property 'isSnipRuntimeEnabled' does not exist on type 'typeof import("d:/OpenClaude/openclaude-cli/src/services/compact/snipCompact")'.
src/utils/attachments.ts(3991,33): error TS2339: Property 'shouldNudgeForSnips' does not exist on type 'typeof import("d:/OpenClaude/openclaude-cli/src/services/compact/snipCompact")'.
src/utils/attribution.ts(450,46): error TS2307: Cannot find module './attributionTrailer.js' or its corresponding type declarations.
src/utils/auth.ts(28,52): error TS2307: Cannot find module '../services/oauth/types.js' or its corresponding type declarations.
src/utils/auth.ts(571,120): error TS2339: Property 'FEEDBACK_CHANNEL' does not exist on type '{ VERSION: string; DISPLAY_VERSION: string; BUILD_TIME: string; ISSUES_EXPLAINER: string; PACKAGE_URL: string; NATIVE_PACKAGE_URL: string | undefined; }'.
src/utils/auth.ts(646,122): error TS2339: Property 'FEEDBACK_CHANNEL' does not exist on type '{ VERSION: string; DISPLAY_VERSION: string; BUILD_TIME: string; ISSUES_EXPLAINER: string; PACKAGE_URL: string; NATIVE_PACKAGE_URL: string | undefined; }'.
src/utils/auth.ts(743,127): error TS2339: Property 'FEEDBACK_CHANNEL' does not exist on type '{ VERSION: string; DISPLAY_VERSION: string; BUILD_TIME: string; ISSUES_EXPLAINER: string; PACKAGE_URL: string; NATIVE_PACKAGE_URL: string | undefined; }'.
src/utils/auth.ts(910,122): error TS2339: Property 'FEEDBACK_CHANNEL' does not exist on type '{ VERSION: string; DISPLAY_VERSION: string; BUILD_TIME: string; ISSUES_EXPLAINER: string; PACKAGE_URL: string; NATIVE_PACKAGE_URL: string | undefined; }'.
src/utils/auth.ts(1236,39): error TS2339: Property 'claudeAiOauth' does not exist on type 'SecureStorageData'.
src/utils/auth.ts(1238,17): error TS2339: Property 'claudeAiOauth' does not exist on type 'SecureStorageData'.
src/utils/auth.ts(1310,36): error TS2339: Property 'claudeAiOauth' does not exist on type 'SecureStorageData'.
src/utils/auth.ts(1434,36): error TS2339: Property 'claudeAiOauth' does not exist on type 'SecureStorageData'.
src/utils/autoRunIssue.tsx(84,7): error TS2367: This comparison appears to be unintentional because the types '"external"' and '"ant"' have no overlap.
src/utils/autoRunIssue.tsx(103,7): error TS2367: This comparison appears to be unintentional because the types '"external"' and '"ant"' have no overlap.
src/utils/autoUpdater.ts(301,5): error TS2322: Type '{ stdout: string; stderr: string; code: number; error?: string | undefined; }' is not assignable to type 'null'.
src/utils/autoUpdater.ts(305,5): error TS2322: Type '{ stdout: string; stderr: string; code: number; error?: string | undefined; }' is not assignable to type 'null'.
src/utils/autoUpdater.ts(311,7): error TS18047: 'prefixResult' is possibly 'null'.
src/utils/autoUpdater.ts(315,10): error TS18047: 'prefixResult' is possibly 'null'.
src/utils/aws.ts(52,5): error TS2307: Cannot find module '@aws-sdk/client-sts' or its corresponding type declarations.
src/utils/betas.ts(241,22): error TS2345: Argument of type '"claude-code-20250219"' is not assignable to parameter of type 'never'.
src/utils/betas.ts(247,26): error TS2345: Argument of type '"cli-internal-2026-02-09"' is not assignable to parameter of type 'never'.
src/utils/betas.ts(252,22): error TS2345: Argument of type '"oauth-2025-04-20"' is not assignable to parameter of type 'never'.
src/utils/betas.ts(255,22): error TS2345: Argument of type '"context-1m-2025-08-07"' is not assignable to parameter of type 'never'.
src/utils/betas.ts(261,22): error TS2345: Argument of type '"interleaved-thinking-2025-05-14"' is not assignable to parameter of type 'never'.
src/utils/betas.ts(276,22): error TS2345: Argument of type '"redact-thinking-2026-02-12"' is not assignable to parameter of type 'never'.
src/utils/betas.ts(297,22): error TS2345: Argument of type '"summarize-connector-text-2026-03-13"' is not assignable to parameter of type 'never'.
src/utils/betas.ts(311,22): error TS2345: Argument of type '"context-management-2025-06-27"' is not assignable to parameter of type 'never'.
src/utils/betas.ts(331,22): error TS2345: Argument of type '"structured-outputs-2025-12-15"' is not assignable to parameter of type 'never'.
src/utils/betas.ts(342,22): error TS2345: Argument of type '"token-efficient-tools-2026-03-28"' is not assignable to parameter of type 'never'.
src/utils/betas.ts(347,22): error TS2345: Argument of type '"web-search-2025-03-05"' is not assignable to parameter of type 'never'.
src/utils/betas.ts(351,22): error TS2345: Argument of type '"web-search-2025-03-05"' is not assignable to parameter of type 'never'.
src/utils/betas.ts(356,22): error TS2345: Argument of type '"prompt-caching-scope-2026-01-05"' is not assignable to parameter of type 'never'.
src/utils/betas.ts(363,7): error TS2345: Argument of type 'string' is not assignable to parameter of type 'never'.
src/utils/claudeInChrome/mcpServer.ts(6,8): error TS2307: Cannot find module '@ant/claude-for-chrome-mcp' or its corresponding type declarations.
src/utils/claudeInChrome/setup.ts(1,31): error TS2307: Cannot find module '@ant/claude-for-chrome-mcp' or its corresponding type declarations.
src/utils/claudeInChrome/setupPortable.ts(166,7): error TS2322: Type 'Dirent<string>[]' is not assignable to type 'never[]'.
  Type 'Dirent<string>' is not assignable to type 'never'.
src/utils/claudeInChrome/setupPortable.ts(176,30): error TS2339: Property 'isDirectory' does not exist on type 'never'.
src/utils/claudeInChrome/setupPortable.ts(178,24): error TS2339: Property 'name' does not exist on type 'never'.
src/utils/claudeInChrome/setupPortable.ts(178,52): error TS2339: Property 'name' does not exist on type 'never'.
src/utils/claudeInChrome/setupPortable.ts(180,27): error TS2339: Property 'name' does not exist on type 'never'.
src/utils/cleanup.ts(465,34): error TS2307: Cannot find module 'cacache' or its corresponding type declarations.
src/utils/codexCredentials.test.ts(88,5): error TS2578: Unused '@ts-expect-error' directive.
src/utils/codexCredentials.test.ts(90,7): error TS2307: Cannot find module './codexCredentials.js?save-bare-mode' or its corresponding type declarations.
src/utils/codexCredentials.test.ts(126,5): error TS2578: Unused '@ts-expect-error' directive.
src/utils/codexCredentials.test.ts(128,7): error TS2307: Cannot find module './codexCredentials.js?save-plaintext-fallback' or its corresponding type declarations.
src/utils/codexCredentials.test.ts(192,5): error TS2578: Unused '@ts-expect-error' directive.
src/utils/codexCredentials.test.ts(194,7): error TS2307: Cannot find module './codexCredentials.js?save-scoped-plaintext-fallback' or its corresponding type declarations.
src/utils/codexCredentials.test.ts(252,5): error TS2578: Unused '@ts-expect-error' directive.
src/utils/codexCredentials.test.ts(254,7): error TS2307: Cannot find module './codexCredentials.js?save-fail-closed-shadowed-fallback' or its corresponding type declarations.
src/utils/codexCredentials.test.ts(296,5): error TS2578: Unused '@ts-expect-error' directive.
src/utils/codexCredentials.test.ts(298,7): error TS2307: Cannot find module './codexCredentials.js?save-fail-closed-stale-native-delete' or its corresponding type declarations.
src/utils/codexCredentials.test.ts(350,5): error TS2578: Unused '@ts-expect-error' directive.
src/utils/codexCredentials.test.ts(352,7): error TS2307: Cannot find module './codexCredentials.js?save-native-success-plaintext-cleanup-fails' or its corresponding type declarations.
src/utils/codexCredentials.test.ts(387,5): error TS2578: Unused '@ts-expect-error' directive.
src/utils/codexCredentials.test.ts(389,7): error TS2307: Cannot find module './codexCredentials.js?save-incomplete' or its corresponding type declarations.
src/utils/codexCredentials.test.ts(483,5): error TS2578: Unused '@ts-expect-error' directive.
src/utils/codexCredentials.test.ts(485,20): error TS2307: Cannot find module './codexCredentials.js?refresh-success' or its corresponding type declarations.
src/utils/codexCredentials.test.ts(544,5): error TS2578: Unused '@ts-expect-error' directive.
src/utils/codexCredentials.test.ts(546,20): error TS2307: Cannot find module './codexCredentials.js?refresh-cooldown' or its corresponding type declarations.
src/utils/codexCredentials.test.ts(631,5): error TS2578: Unused '@ts-expect-error' directive.
src/utils/codexCredentials.test.ts(633,20): error TS2307: Cannot find module './codexCredentials.js?refresh-drop-stale-api-key' or its corresponding type declarations.
src/utils/codexCredentials.test.ts(728,5): error TS2578: Unused '@ts-expect-error' directive.
src/utils/codexCredentials.test.ts(730,7): error TS2307: Cannot find module './codexCredentials.js?refresh-dedupe' or its corresponding type declarations.
src/utils/codexCredentials.test.ts(771,5): error TS2578: Unused '@ts-expect-error' directive.
src/utils/codexCredentials.test.ts(773,7): error TS2307: Cannot find module './codexCredentials.js?preserve-profile-id' or its corresponding type declarations.
src/utils/codexCredentials.test.ts(808,5): error TS2578: Unused '@ts-expect-error' directive.
src/utils/codexCredentials.test.ts(812,22): error TS2307: Cannot find module './codexCredentials.js?attach-profile-id' or its corresponding type declarations.
src/utils/codexCredentials.test.ts(855,5): error TS2578: Unused '@ts-expect-error' directive.
src/utils/codexCredentials.test.ts(857,7): error TS2307: Cannot find module './codexCredentials.js?clear-scoped-plaintext-fallback' or its corresponding type declarations.
src/utils/codexCredentials.test.ts(900,5): error TS2578: Unused '@ts-expect-error' directive.
src/utils/codexCredentials.test.ts(902,7): error TS2307: Cannot find module './codexCredentials.js?refresh-async-read' or its corresponding type declarations.
src/utils/codexCredentials.test.ts(958,5): error TS2578: Unused '@ts-expect-error' directive.
src/utils/codexCredentials.test.ts(960,7): error TS2307: Cannot find module './codexCredentials.js?refresh-memory-cooldown' or its corresponding type declarations.
src/utils/collapseBackgroundBashNotifications.ts(9,3): error TS2305: Module '"../types/message.js"' has no exported member 'RenderableMessage'.
src/utils/collapseHookSummaries.ts(2,3): error TS2305: Module '"../types/message.js"' has no exported member 'RenderableMessage'.
src/utils/collapseHookSummaries.ts(3,3): error TS2305: Module '"../types/message.js"' has no exported member 'SystemStopHookSummaryMessage'.
src/utils/collapseReadSearch.ts(18,3): error TS2305: Module '"../types/message.js"' has no exported member 'CollapsedReadSearchGroup'.
src/utils/collapseReadSearch.ts(19,3): error TS2305: Module '"../types/message.js"' has no exported member 'CollapsibleMessage'.
src/utils/collapseReadSearch.ts(20,3): error TS2305: Module '"../types/message.js"' has no exported member 'RenderableMessage'.
src/utils/collapseReadSearch.ts(21,3): error TS2305: Module '"../types/message.js"' has no exported member 'StopHookInfo'.
src/utils/collapseReadSearch.ts(22,3): error TS2305: Module '"../types/message.js"' has no exported member 'SystemStopHookSummaryMessage'.
src/utils/collapseReadSearch.ts(39,63): error TS2307: Cannot find module '../tools/SnipTool/prompt.js' or its corresponding type declarations.
src/utils/collapseTeammateShutdowns.ts(1,34): error TS2305: Module '"../types/message.js"' has no exported member 'RenderableMessage'.
src/utils/computerUse/drainRunLoop.ts(73,5): error TS2322: Type 'number' is not assignable to type 'Timeout'.
src/utils/computerUse/executor.ts(38,8): error TS2307: Cannot find module '@ant/computer-use-mcp' or its corresponding type declarations.
src/utils/computerUse/executor.ts(40,52): error TS2307: Cannot find module '@ant/computer-use-mcp' or its corresponding type declarations.
src/utils/computerUse/gates.ts(1,49): error TS2307: Cannot find module '@ant/computer-use-mcp/types' or its corresponding type declarations.
src/utils/computerUse/hostAdapter.ts(4,8): error TS2307: Cannot find module '@ant/computer-use-mcp/types' or its corresponding type declarations.
src/utils/computerUse/inputLoader.ts(4,8): error TS2307: Cannot find module '@ant/computer-use-input' or its corresponding type declarations.
src/utils/computerUse/mcpServer.ts(4,8): error TS2307: Cannot find module '@ant/computer-use-mcp' or its corresponding type declarations.
src/utils/computerUse/setup.ts(1,39): error TS2307: Cannot find module '@ant/computer-use-mcp' or its corresponding type declarations.
src/utils/computerUse/swiftLoader.ts(1,37): error TS2307: Cannot find module '@ant/computer-use-swift' or its corresponding type declarations.
src/utils/computerUse/wrapper.tsx(19,186): error TS2307: Cannot find module '@ant/computer-use-mcp' or its corresponding type declarations.
src/utils/computerUse/wrapper.tsx(90,81): error TS18048: 'prevApps' is possibly 'undefined'.
src/utils/computerUse/wrapper.tsx(122,44): error TS18048: 'cu' is possibly 'undefined'.
src/utils/computerUse/wrapper.tsx(122,71): error TS18048: 'cu' is possibly 'undefined'.
src/utils/config.ts(14,8): error TS2307: Cannot find module '../services/oauth/types.js' or its corresponding type declarations.
src/utils/context.ts(137,22): error TS2304: Cannot find name 'resolveAntModel'.
src/utils/context.ts(202,22): error TS2304: Cannot find name 'resolveAntModel'.
src/utils/conversationRecovery.ts(17,3): error TS2724: '"../types/message.js"' has no exported member named 'NormalizedMessage'. Did you mean 'NormalizedUserMessage'?
src/utils/conversationRecovery.ts(76,71): error TS2307: Cannot find module '../tools/SendUserFileTool/prompt.js' or its corresponding type declarations.
src/utils/conversationRecovery.ts(292,7): error TS2322: Type 'LegacyAPIProvider' is not assignable to type '"firstParty" | "bedrock" | "vertex" | "foundry" | "github" | "codex" | "mistral" | "gemini" | "minimax" | "openai" | "nvidia-nim" | undefined'.
  Type '"xai"' is not assignable to type '"firstParty" | "bedrock" | "vertex" | "foundry" | "github" | "codex" | "mistral" | "gemini" | "minimax" | "openai" | "nvidia-nim" | undefined'.
src/utils/conversationRecovery.ts(597,56): error TS2307: Cannot find module './udsClient.js' or its corresponding type declarations.
src/utils/cronJitterConfig.ts(71,5): error TS2554: Expected 2 arguments, but got 3.
src/utils/deepLink/protocolHandler.ts(95,46): error TS2307: Cannot find module 'url-handler-napi' or its corresponding type declarations.
src/utils/dxt/helpers.ts(1,35): error TS2307: Cannot find module '@anthropic-ai/mcpb' or its corresponding type declarations.
src/utils/dxt/helpers.ts(16,47): error TS2307: Cannot find module '@anthropic-ai/mcpb' or its corresponding type declarations.
src/utils/dxt/helpers.ts(23,47): error TS2339: Property 'join' does not exist on type '{}'.
src/utils/effort.ts(73,42): error TS2304: Cannot find name 'resolveAntModel'.
src/utils/effort.ts(161,7): error TS2367: This comparison appears to be unintentional because the types 'number | undefined' and 'string' have no overlap.
src/utils/effort.ts(351,20): error TS2304: Cannot find name 'getAntModelOverrideConfig'.
src/utils/effort.ts(358,22): error TS2304: Cannot find name 'resolveAntModel'.
src/utils/env.ts(104,61): error TS2345: Argument of type '"npm"' is not assignable to parameter of type 'never'.
src/utils/env.ts(105,62): error TS2345: Argument of type '"yarn"' is not assignable to parameter of type 'never'.
src/utils/env.ts(106,62): error TS2345: Argument of type '"pnpm"' is not assignable to parameter of type 'never'.
src/utils/env.ts(114,54): error TS2345: Argument of type '"bun"' is not assignable to parameter of type 'never'.
src/utils/env.ts(115,55): error TS2345: Argument of type '"deno"' is not assignable to parameter of type 'never'.
src/utils/env.ts(116,55): error TS2345: Argument of type '"node"' is not assignable to parameter of type 'never'.
src/utils/envUtils.ts(332,7): error TS2551: Property 'checkProtectedNamespace' does not exist on type 'typeof import("d:/OpenClaude/openclaude-cli/src/utils/protectedNamespace")'. Did you mean 'isProtectedNamespace'?
src/utils/execFileNoThrowPortable.ts(72,20): error TS2769: No overload matches this call.
  Overload 1 of 4, '(templateString_0: TemplateStringsArray, ...templateString: TemplateExpression[]): SyncResult<{}>', gave the following error.
    Argument of type 'string' is not assignable to parameter of type 'TemplateStringsArray'.
  Overload 2 of 4, '(file: string | URL, arguments?: readonly string[] | undefined, options?: {} | undefined): SyncResult<{}>', gave the following error.
    Object literal may only specify known properties, and 'env' does not exist in type 'readonly string[]'.
  Overload 3 of 4, '(file: string | URL, options?: SyncOptions | undefined): SyncResult<SyncOptions>', gave the following error.
    Type '"pipe" | "ignore" | "inherit" | "overlapped" | readonly [StdinOptionCommon<false, false>, StdoutStderrOptionCommon<false, false>, StdoutStderrOptionCommon<...>, ...StdioExtraOptionCommon<...>[]]' is not assignable to type 'StdioOptionsProperty<true>'.
      Type '"overlapped"' is not assignable to type 'StdioOptionsProperty<true>'.
src/utils/filePersistence/outputsScanner.ts(69,5): error TS2322: Type 'Dirent<string>[]' is not assignable to type 'Dirent<NonSharedBuffer>[]'.
  Type 'Dirent<string>' is not assignable to type 'Dirent<NonSharedBuffer>'.
    Type 'string' is not assignable to type 'NonSharedBuffer'.
src/utils/filePersistence/outputsScanner.ts(87,44): error TS2345: Argument of type 'NonSharedBuffer' is not assignable to parameter of type 'string'.
src/utils/githubModelsCredentials.hydrate.test.ts(56,7): error TS2307: Cannot find module './githubModelsCredentials.js?hydrate=sets-token' or its corresponding type declarations.
src/utils/githubModelsCredentials.hydrate.test.ts(59,43): error TS2769: No overload matches this call.
  Overload 1 of 2, '(expected: undefined): void', gave the following error.
    Argument of type '"stored-secret"' is not assignable to parameter of type 'undefined'.
  Overload 2 of 2, '(expected: undefined): void', gave the following error.
    Argument of type '"stored-secret"' is not assignable to parameter of type 'undefined'.
src/utils/githubModelsCredentials.hydrate.test.ts(77,7): error TS2307: Cannot find module './githubModelsCredentials.js?hydrate=preserve-existing' or its corresponding type declarations.
src/utils/githubModelsCredentials.refresh.test.ts(84,38): error TS2339: Property 'startsWith' does not exist on type 'never'.
src/utils/githubModelsCredentials.refresh.test.ts(132,38): error TS2339: Property 'startsWith' does not exist on type 'never'.
src/utils/githubModelsCredentials.test.ts(28,7): error TS2307: Cannot find module './githubModelsCredentials.js?read-bare-mode' or its corresponding type declarations.
src/utils/githubModelsCredentials.test.ts(39,7): error TS2307: Cannot find module './githubModelsCredentials.js?save-bare-mode' or its corresponding type declarations.
src/utils/githubModelsCredentials.test.ts(50,7): error TS2307: Cannot find module './githubModelsCredentials.js?clear-bare-mode' or its corresponding type declarations.
src/utils/groupToolUses.ts(5,3): error TS2305: Module '"../types/message.js"' has no exported member 'GroupedToolUseMessage'.
src/utils/groupToolUses.ts(6,3): error TS2305: Module '"../types/message.js"' has no exported member 'NormalizedAssistantMessage'.
src/utils/groupToolUses.ts(7,3): error TS2724: '"../types/message.js"' has no exported member named 'NormalizedMessage'. Did you mean 'NormalizedUserMessage'?
src/utils/groupToolUses.ts(10,3): error TS2305: Module '"../types/message.js"' has no exported member 'RenderableMessage'.
src/utils/groupToolUses.ts(37,11): error TS2339: Property 'type' does not exist on type 'never'.
src/utils/groupToolUses.ts(37,39): error TS2339: Property 'message' does not exist on type 'never'.
src/utils/groupToolUses.ts(38,25): error TS2339: Property 'message' does not exist on type 'never'.
src/utils/groupToolUses.ts(40,22): error TS2339: Property 'message' does not exist on type 'never'.
src/utils/groupToolUses.ts(94,37): error TS2345: Argument of type 'NormalizedAssistantMessage<BetaToolUseBlock>' is not assignable to parameter of type 'never'.
src/utils/groupToolUses.ts(107,13): error TS2339: Property 'type' does not exist on type 'never'.
src/utils/groupToolUses.ts(108,33): error TS2339: Property 'message' does not exist on type 'never'.
src/utils/groupToolUses.ts(164,13): error TS2339: Property 'type' does not exist on type 'never'.
src/utils/groupToolUses.ts(165,31): error TS2339: Property 'message' does not exist on type 'never'.
src/utils/handlePromptSubmit.ts(6,34): error TS2307: Cannot find module '../components/Spinner/types.js' or its corresponding type declarations.
src/utils/hooks.ts(111,45): error TS2307: Cannot find module '../types/statusLine.js' or its corresponding type declarations.
src/utils/hooks.ts(113,49): error TS2307: Cannot find module '../types/fileSuggestion.js' or its corresponding type declarations.
src/utils/hooks.ts(564,14): error TS2322: Type '{ continue?: boolean | undefined; suppressOutput?: boolean | undefined; stopReason?: string | undefined; decision?: "approve" | "block" | undefined; reason?: string | undefined; systemMessage?: string | undefined; hookSpecificOutput?: { ...; } | ... 14 more ... | undefined; } | { ...; }' is not assignable to type 'HookJSONOutput'.
  Type '{ continue?: boolean | undefined; suppressOutput?: boolean | undefined; stopReason?: string | undefined; decision?: "approve" | "block" | undefined; reason?: string | undefined; systemMessage?: string | undefined; hookSpecificOutput?: { ...; } | ... 14 more ... | undefined; }' is not assignable to type 'HookJSONOutput'.
    Type '{ continue?: boolean | undefined; suppressOutput?: boolean | undefined; stopReason?: string | undefined; decision?: "approve" | "block" | undefined; reason?: string | undefined; systemMessage?: string | undefined; hookSpecificOutput?: { ...; } | ... 14 more ... | undefined; }' is not assignable to type '{ continue?: boolean | undefined; suppressOutput?: boolean | undefined; stopReason?: string | undefined; decision?: "approve" | "block" | undefined; systemMessage?: string | undefined; reason?: string | undefined; hookSpecificOutput?: { ...; } | ... 14 more ... | undefined; }'.
      Types of property 'hookSpecificOutput' are incompatible.
        Type '{ hookEventName: "PreToolUse"; permissionDecision?: "allow" | "deny" | "ask" | undefined; permissionDecisionReason?: string | undefined; updatedInput?: Record<string, unknown> | undefined; additionalContext?: string | undefined; } | ... 14 more ... | undefined' is not assignable to type '{ hookEventName: "PreToolUse"; permissionDecision?: "allow" | "deny" | "ask" | undefined; permissionDecisionReason?: string | undefined; updatedInput?: Record<string, unknown> | undefined; additionalContext?: string | undefined; } | ... 14 more ... | undefined'. Two different types with this name exist, but they are unrelated.
          Type '{ hookEventName: "PermissionRequest"; decision: { behavior: "allow"; updatedInput?: Record<string, unknown> | undefined; updatedPermissions?: ({ type: "addRules"; rules: { toolName: string; ruleContent?: string | undefined; }[]; behavior: "allow" | ... 1 more ... | "ask"; destination: "userSettings" | ... 3 more ......' is not assignable to type '{ hookEventName: "PreToolUse"; permissionDecision?: "allow" | "deny" | "ask" | undefined; permissionDecisionReason?: string | undefined; updatedInput?: Record<string, unknown> | undefined; additionalContext?: string | undefined; } | ... 14 more ... | undefined'.
            Type '{ hookEventName: "PermissionRequest"; decision: { behavior: "allow"; updatedInput?: Record<string, unknown> | undefined; updatedPermissions?: ({ type: "addRules"; rules: { toolName: string; ruleContent?: string | undefined; }[]; behavior: "allow" | ... 1 more ... | "ask"; destination: "userSettings" | ... 3 more ......' is not assignable to type '{ hookEventName: "PermissionRequest"; decision: { behavior: "allow"; updatedInput?: Record<string, unknown> | undefined; updatedPermissions?: { type: "addRules"; rules: { toolName: string; ruleContent?: string | undefined; }[]; behavior: "allow" | ... 1 more ... | "ask"; destination: "userSettings" | ... 3 more ... ...'.
              Types of property 'decision' are incompatible.
                Type '{ behavior: "allow"; updatedInput?: Record<string, unknown> | undefined; updatedPermissions?: ({ type: "addRules"; rules: { toolName: string; ruleContent?: string | undefined; }[]; behavior: "allow" | ... 1 more ... | "ask"; destination: "userSettings" | ... 3 more ... | "cliArg"; } | ... 4 more ... | { ...; })[] | ...' is not assignable to type '{ behavior: "allow"; updatedInput?: Record<string, unknown> | undefined; updatedPermissions?: { type: "addRules"; rules: { toolName: string; ruleContent?: string | undefined; }[]; behavior: "allow" | ... 1 more ... | "ask"; destination: "userSettings" | ... 3 more ... | "cliArg"; } | ... 5 more ... | undefined; } | ...'.
                  Type '{ behavior: "allow"; updatedInput?: Record<string, unknown> | undefined; updatedPermissions?: ({ type: "addRules"; rules: { toolName: string; ruleContent?: string | undefined; }[]; behavior: "allow" | ... 1 more ... | "ask"; destination: "userSettings" | ... 3 more ... | "cliArg"; } | ... 4 more ... | { ...; })[] | ...' is not assignable to type '{ behavior: "allow"; updatedInput?: Record<string, unknown> | undefined; updatedPermissions?: { type: "addRules"; rules: { toolName: string; ruleContent?: string | undefined; }[]; behavior: "allow" | ... 1 more ... | "ask"; destination: "userSettings" | ... 3 more ... | "cliArg"; } | ... 5 more ... | undefined; } | ...'.
                    Type '{ behavior: "allow"; updatedInput?: Record<string, unknown> | undefined; updatedPermissions?: ({ type: "addRules"; rules: { toolName: string; ruleContent?: string | undefined; }[]; behavior: "allow" | ... 1 more ... | "ask"; destination: "userSettings" | ... 3 more ... | "cliArg"; } | ... 4 more ... | { ...; })[] | ...' is not assignable to type '{ behavior: "allow"; updatedInput?: Record<string, unknown> | undefined; updatedPermissions?: { type: "addRules"; rules: { toolName: string; ruleContent?: string | undefined; }[]; behavior: "allow" | ... 1 more ... | "ask"; destination: "userSettings" | ... 3 more ... | "cliArg"; } | ... 5 more ... | undefined; }'.
                      Types of property 'updatedPermissions' are incompatible.
                        Type '({ type: "addRules"; rules: { toolName: string; ruleContent?: string | undefined; }[]; behavior: "allow" | "deny" | "ask"; destination: "userSettings" | "projectSettings" | "localSettings" | "session" | "cliArg"; } | ... 4 more ... | { ...; })[] | undefined' is not assignable to type '{ type: "addRules"; rules: { toolName: string; ruleContent?: string | undefined; }[]; behavior: "allow" | "deny" | "ask"; destination: "userSettings" | "projectSettings" | "localSettings" | "session" | "cliArg"; } | ... 5 more ... | undefined'.
                          Type '({ type: "addRules"; rules: { toolName: string; ruleContent?: string | undefined; }[]; behavior: "allow" | "deny" | "ask"; destination: "userSettings" | "projectSettings" | "localSettings" | "session" | "cliArg"; } | ... 4 more ... | { ...; })[]' is not assignable to type '{ type: "addRules"; rules: { toolName: string; ruleContent?: string | undefined; }[]; behavior: "allow" | "deny" | "ask"; destination: "userSettings" | "projectSettings" | "localSettings" | "session" | "cliArg"; } | ... 5 more ... | undefined'.
                            Type '({ type: "addRules"; rules: { toolName: string; ruleContent?: string | undefined; }[]; behavior: "allow" | "deny" | "ask"; destination: "userSettings" | "projectSettings" | "localSettings" | "session" | "cliArg"; } | ... 4 more ... | { ...; })[]' is not assignable to type '{ type: "removeDirectories"; directories: string[]; destination: "userSettings" | "projectSettings" | "localSettings" | "session" | "cliArg"; }[]'.
                              Type '{ type: "addRules"; rules: { toolName: string; ruleContent?: string | undefined; }[]; behavior: "allow" | "deny" | "ask"; destination: "userSettings" | "projectSettings" | "localSettings" | "session" | "cliArg"; } | ... 4 more ... | { ...; }' is not assignable to type '{ type: "removeDirectories"; directories: string[]; destination: "userSettings" | "projectSettings" | "localSettings" | "session" | "cliArg"; }'.
                                Property 'directories' is missing in type '{ type: "addRules"; rules: { toolName: string; ruleContent?: string | undefined; }[]; behavior: "allow" | "deny" | "ask"; destination: "userSettings" | "projectSettings" | "localSettings" | "session" | "cliArg"; }' but required in type '{ type: "removeDirectories"; directories: string[]; destination: "userSettings" | "projectSettings" | "localSettings" | "session" | "cliArg"; }'.
src/utils/hooks.ts(640,16): error TS2322: Type '{ continue?: boolean | undefined; suppressOutput?: boolean | undefined; stopReason?: string | undefined; decision?: "approve" | "block" | undefined; reason?: string | undefined; systemMessage?: string | undefined; hookSpecificOutput?: { ...; } | ... 14 more ... | undefined; } | { ...; }' is not assignable to type 'HookJSONOutput | undefined'.
  Type '{ continue?: boolean | undefined; suppressOutput?: boolean | undefined; stopReason?: string | undefined; decision?: "approve" | "block" | undefined; reason?: string | undefined; systemMessage?: string | undefined; hookSpecificOutput?: { ...; } | ... 14 more ... | undefined; }' is not assignable to type 'HookJSONOutput | undefined'.
    Type '{ continue?: boolean | undefined; suppressOutput?: boolean | undefined; stopReason?: string | undefined; decision?: "approve" | "block" | undefined; reason?: string | undefined; systemMessage?: string | undefined; hookSpecificOutput?: { ...; } | ... 14 more ... | undefined; }' is not assignable to type '{ continue?: boolean | undefined; suppressOutput?: boolean | undefined; stopReason?: string | undefined; decision?: "approve" | "block" | undefined; systemMessage?: string | undefined; reason?: string | undefined; hookSpecificOutput?: { ...; } | ... 14 more ... | undefined; }'.
      Types of property 'hookSpecificOutput' are incompatible.
        Type '{ hookEventName: "PreToolUse"; permissionDecision?: "allow" | "deny" | "ask" | undefined; permissionDecisionReason?: string | undefined; updatedInput?: Record<string, unknown> | undefined; additionalContext?: string | undefined; } | ... 14 more ... | undefined' is not assignable to type '{ hookEventName: "PreToolUse"; permissionDecision?: "allow" | "deny" | "ask" | undefined; permissionDecisionReason?: string | undefined; updatedInput?: Record<string, unknown> | undefined; additionalContext?: string | undefined; } | ... 14 more ... | undefined'. Two different types with this name exist, but they are unrelated.
          Type '{ hookEventName: "PermissionRequest"; decision: { behavior: "allow"; updatedInput?: Record<string, unknown> | undefined; updatedPermissions?: ({ type: "addRules"; rules: { toolName: string; ruleContent?: string | undefined; }[]; behavior: "allow" | ... 1 more ... | "ask"; destination: "userSettings" | ... 3 more ......' is not assignable to type '{ hookEventName: "PreToolUse"; permissionDecision?: "allow" | "deny" | "ask" | undefined; permissionDecisionReason?: string | undefined; updatedInput?: Record<string, unknown> | undefined; additionalContext?: string | undefined; } | ... 14 more ... | undefined'.
            Type '{ hookEventName: "PermissionRequest"; decision: { behavior: "allow"; updatedInput?: Record<string, unknown> | undefined; updatedPermissions?: ({ type: "addRules"; rules: { toolName: string; ruleContent?: string | undefined; }[]; behavior: "allow" | ... 1 more ... | "ask"; destination: "userSettings" | ... 3 more ......' is not assignable to type '{ hookEventName: "PermissionRequest"; decision: { behavior: "allow"; updatedInput?: Record<string, unknown> | undefined; updatedPermissions?: { type: "addRules"; rules: { toolName: string; ruleContent?: string | undefined; }[]; behavior: "allow" | ... 1 more ... | "ask"; destination: "userSettings" | ... 3 more ... ...'.
              Types of property 'decision' are incompatible.
                Type '{ behavior: "allow"; updatedInput?: Record<string, unknown> | undefined; updatedPermissions?: ({ type: "addRules"; rules: { toolName: string; ruleContent?: string | undefined; }[]; behavior: "allow" | ... 1 more ... | "ask"; destination: "userSettings" | ... 3 more ... | "cliArg"; } | ... 4 more ... | { ...; })[] | ...' is not assignable to type '{ behavior: "allow"; updatedInput?: Record<string, unknown> | undefined; updatedPermissions?: { type: "addRules"; rules: { toolName: string; ruleContent?: string | undefined; }[]; behavior: "allow" | ... 1 more ... | "ask"; destination: "userSettings" | ... 3 more ... | "cliArg"; } | ... 5 more ... | undefined; } | ...'.
                  Type '{ behavior: "allow"; updatedInput?: Record<string, unknown> | undefined; updatedPermissions?: ({ type: "addRules"; rules: { toolName: string; ruleContent?: string | undefined; }[]; behavior: "allow" | ... 1 more ... | "ask"; destination: "userSettings" | ... 3 more ... | "cliArg"; } | ... 4 more ... | { ...; })[] | ...' is not assignable to type '{ behavior: "allow"; updatedInput?: Record<string, unknown> | undefined; updatedPermissions?: { type: "addRules"; rules: { toolName: string; ruleContent?: string | undefined; }[]; behavior: "allow" | ... 1 more ... | "ask"; destination: "userSettings" | ... 3 more ... | "cliArg"; } | ... 5 more ... | undefined; } | ...'.
                    Type '{ behavior: "allow"; updatedInput?: Record<string, unknown> | undefined; updatedPermissions?: ({ type: "addRules"; rules: { toolName: string; ruleContent?: string | undefined; }[]; behavior: "allow" | ... 1 more ... | "ask"; destination: "userSettings" | ... 3 more ... | "cliArg"; } | ... 4 more ... | { ...; })[] | ...' is not assignable to type '{ behavior: "allow"; updatedInput?: Record<string, unknown> | undefined; updatedPermissions?: { type: "addRules"; rules: { toolName: string; ruleContent?: string | undefined; }[]; behavior: "allow" | ... 1 more ... | "ask"; destination: "userSettings" | ... 3 more ... | "cliArg"; } | ... 5 more ... | undefined; }'.
                      Types of property 'updatedPermissions' are incompatible.
                        Type '({ type: "addRules"; rules: { toolName: string; ruleContent?: string | undefined; }[]; behavior: "allow" | "deny" | "ask"; destination: "userSettings" | "projectSettings" | "localSettings" | "session" | "cliArg"; } | ... 4 more ... | { ...; })[] | undefined' is not assignable to type '{ type: "addRules"; rules: { toolName: string; ruleContent?: string | undefined; }[]; behavior: "allow" | "deny" | "ask"; destination: "userSettings" | "projectSettings" | "localSettings" | "session" | "cliArg"; } | ... 5 more ... | undefined'.
                          Type '({ type: "addRules"; rules: { toolName: string; ruleContent?: string | undefined; }[]; behavior: "allow" | "deny" | "ask"; destination: "userSettings" | "projectSettings" | "localSettings" | "session" | "cliArg"; } | ... 4 more ... | { ...; })[]' is not assignable to type '{ type: "addRules"; rules: { toolName: string; ruleContent?: string | undefined; }[]; behavior: "allow" | "deny" | "ask"; destination: "userSettings" | "projectSettings" | "localSettings" | "session" | "cliArg"; } | ... 5 more ... | undefined'.
                            Type '({ type: "addRules"; rules: { toolName: string; ruleContent?: string | undefined; }[]; behavior: "allow" | "deny" | "ask"; destination: "userSettings" | "projectSettings" | "localSettings" | "session" | "cliArg"; } | ... 4 more ... | { ...; })[]' is not assignable to type '{ type: "removeDirectories"; directories: string[]; destination: "userSettings" | "projectSettings" | "localSettings" | "session" | "cliArg"; }[]'.
                              Type '{ type: "addRules"; rules: { toolName: string; ruleContent?: string | undefined; }[]; behavior: "allow" | "deny" | "ask"; destination: "userSettings" | "projectSettings" | "localSettings" | "session" | "cliArg"; } | ... 4 more ... | { ...; }' is not assignable to type '{ type: "removeDirectories"; directories: string[]; destination: "userSettings" | "projectSettings" | "localSettings" | "session" | "cliArg"; }'.
                                Property 'directories' is missing in type '{ type: "addRules"; rules: { toolName: string; ruleContent?: string | undefined; }[]; behavior: "allow" | "deny" | "ask"; destination: "userSettings" | "projectSettings" | "localSettings" | "session" | "cliArg"; }' but required in type '{ type: "removeDirectories"; directories: string[]; destination: "userSettings" | "projectSettings" | "localSettings" | "session" | "cliArg"; }'.
src/utils/hooks.ts(835,11): error TS2322: Type '{ behavior: "allow"; updatedInput?: Record<string, unknown> | undefined; updatedPermissions?: { type: "addRules"; rules: { toolName: string; ruleContent?: string | undefined; }[]; behavior: "allow" | ... 1 more ... | "ask"; destination: "userSettings" | ... 3 more ... | "cliArg"; } | ... 5 more ... | undefined; } | ...' is not assignable to type 'PermissionRequestResult | undefined'.
  Type '{ behavior: "allow"; updatedInput?: Record<string, unknown> | undefined; updatedPermissions?: { type: "addRules"; rules: { toolName: string; ruleContent?: string | undefined; }[]; behavior: "allow" | ... 1 more ... | "ask"; destination: "userSettings" | ... 3 more ... | "cliArg"; } | ... 5 more ... | undefined; }' is not assignable to type 'PermissionRequestResult | undefined'.
    Type '{ behavior: "allow"; updatedInput?: Record<string, unknown> | undefined; updatedPermissions?: { type: "addRules"; rules: { toolName: string; ruleContent?: string | undefined; }[]; behavior: "allow" | ... 1 more ... | "ask"; destination: "userSettings" | ... 3 more ... | "cliArg"; } | ... 5 more ... | undefined; }' is not assignable to type '{ behavior: "allow"; updatedInput?: Record<string, unknown> | undefined; updatedPermissions?: PermissionUpdate[] | undefined; }'.
      Types of property 'updatedPermissions' are incompatible.
        Type '{ type: "addRules"; rules: { toolName: string; ruleContent?: string | undefined; }[]; behavior: "allow" | "deny" | "ask"; destination: "userSettings" | "projectSettings" | "localSettings" | "session" | "cliArg"; } | ... 5 more ... | undefined' is not assignable to type 'PermissionUpdate[] | undefined'.
          Type '{ type: "addRules"; rules: { toolName: string; ruleContent?: string | undefined; }[]; behavior: "allow" | "deny" | "ask"; destination: "userSettings" | "projectSettings" | "localSettings" | "session" | "cliArg"; }' is missing the following properties from type 'PermissionUpdate[]': length, pop, push, concat, and 35 more.
src/utils/hooks.ts(2276,5): error TS2554: Expected 0 arguments, but got 4.
src/utils/hooks.ts(3154,15): error TS2554: Expected 0 arguments, but got 2.
src/utils/hooks.ts(4414,5): error TS2322: Type 'PermissionUpdate[] | undefined' is not assignable to type '{ type: "addRules"; rules: { toolName: string; ruleContent?: string | undefined; }[]; behavior: "allow" | "deny" | "ask"; destination: "userSettings" | "projectSettings" | "localSettings" | "session" | "cliArg"; } | ... 5 more ... | undefined'.
  Type 'PermissionUpdate[]' is not assignable to type '{ type: "addRules"; rules: { toolName: string; ruleContent?: string | undefined; }[]; behavior: "allow" | "deny" | "ask"; destination: "userSettings" | "projectSettings" | "localSettings" | "session" | "cliArg"; } | ... 5 more ... | undefined'.
    Type 'PermissionUpdate[]' is not assignable to type '{ type: "removeDirectories"; directories: string[]; destination: "userSettings" | "projectSettings" | "localSettings" | "session" | "cliArg"; }[]'.
      Type 'PermissionUpdate' is not assignable to type '{ type: "removeDirectories"; directories: string[]; destination: "userSettings" | "projectSettings" | "localSettings" | "session" | "cliArg"; }'.
        Property 'directories' is missing in type '{ type: "addRules"; rules: { toolName: string; ruleContent?: string | undefined; }[]; behavior: "allow" | "deny" | "ask"; destination: "userSettings" | "projectSettings" | "localSettings" | "session" | "cliArg"; }' but required in type '{ type: "removeDirectories"; directories: string[]; destination: "userSettings" | "projectSettings" | "localSettings" | "session" | "cliArg"; }'.
src/utils/hooks.ts(4652,31): error TS2345: Argument of type '{ continue?: boolean | undefined; suppressOutput?: boolean | undefined; stopReason?: string | undefined; decision?: "approve" | "block" | undefined; reason?: string | undefined; systemMessage?: string | undefined; hookSpecificOutput?: { ...; } | ... 14 more ... | undefined; } | { ...; }' is not assignable to parameter of type 'HookJSONOutput'.
  Type '{ continue?: boolean | undefined; suppressOutput?: boolean | undefined; stopReason?: string | undefined; decision?: "approve" | "block" | undefined; reason?: string | undefined; systemMessage?: string | undefined; hookSpecificOutput?: { ...; } | ... 14 more ... | undefined; }' is not assignable to type 'HookJSONOutput'.
    Type '{ continue?: boolean | undefined; suppressOutput?: boolean | undefined; stopReason?: string | undefined; decision?: "approve" | "block" | undefined; reason?: string | undefined; systemMessage?: string | undefined; hookSpecificOutput?: { ...; } | ... 14 more ... | undefined; }' is not assignable to type '{ continue?: boolean | undefined; suppressOutput?: boolean | undefined; stopReason?: string | undefined; decision?: "approve" | "block" | undefined; systemMessage?: string | undefined; reason?: string | undefined; hookSpecificOutput?: { ...; } | ... 14 more ... | undefined; }'.
      Types of property 'hookSpecificOutput' are incompatible.
        Type '{ hookEventName: "PreToolUse"; permissionDecision?: "allow" | "deny" | "ask" | undefined; permissionDecisionReason?: string | undefined; updatedInput?: Record<string, unknown> | undefined; additionalContext?: string | undefined; } | ... 14 more ... | undefined' is not assignable to type '{ hookEventName: "PreToolUse"; permissionDecision?: "allow" | "deny" | "ask" | undefined; permissionDecisionReason?: string | undefined; updatedInput?: Record<string, unknown> | undefined; additionalContext?: string | undefined; } | ... 14 more ... | undefined'. Two different types with this name exist, but they are unrelated.
          Type '{ hookEventName: "PermissionRequest"; decision: { behavior: "allow"; updatedInput?: Record<string, unknown> | undefined; updatedPermissions?: ({ type: "addRules"; rules: { toolName: string; ruleContent?: string | undefined; }[]; behavior: "allow" | ... 1 more ... | "ask"; destination: "userSettings" | ... 3 more ......' is not assignable to type '{ hookEventName: "PreToolUse"; permissionDecision?: "allow" | "deny" | "ask" | undefined; permissionDecisionReason?: string | undefined; updatedInput?: Record<string, unknown> | undefined; additionalContext?: string | undefined; } | ... 14 more ... | undefined'.
            Type '{ hookEventName: "PermissionRequest"; decision: { behavior: "allow"; updatedInput?: Record<string, unknown> | undefined; updatedPermissions?: ({ type: "addRules"; rules: { toolName: string; ruleContent?: string | undefined; }[]; behavior: "allow" | ... 1 more ... | "ask"; destination: "userSettings" | ... 3 more ......' is not assignable to type '{ hookEventName: "PermissionRequest"; decision: { behavior: "allow"; updatedInput?: Record<string, unknown> | undefined; updatedPermissions?: { type: "addRules"; rules: { toolName: string; ruleContent?: string | undefined; }[]; behavior: "allow" | ... 1 more ... | "ask"; destination: "userSettings" | ... 3 more ... ...'.
              Types of property 'decision' are incompatible.
                Type '{ behavior: "allow"; updatedInput?: Record<string, unknown> | undefined; updatedPermissions?: ({ type: "addRules"; rules: { toolName: string; ruleContent?: string | undefined; }[]; behavior: "allow" | ... 1 more ... | "ask"; destination: "userSettings" | ... 3 more ... | "cliArg"; } | ... 4 more ... | { ...; })[] | ...' is not assignable to type '{ behavior: "allow"; updatedInput?: Record<string, unknown> | undefined; updatedPermissions?: { type: "addRules"; rules: { toolName: string; ruleContent?: string | undefined; }[]; behavior: "allow" | ... 1 more ... | "ask"; destination: "userSettings" | ... 3 more ... | "cliArg"; } | ... 5 more ... | undefined; } | ...'.
                  Type '{ behavior: "allow"; updatedInput?: Record<string, unknown> | undefined; updatedPermissions?: ({ type: "addRules"; rules: { toolName: string; ruleContent?: string | undefined; }[]; behavior: "allow" | ... 1 more ... | "ask"; destination: "userSettings" | ... 3 more ... | "cliArg"; } | ... 4 more ... | { ...; })[] | ...' is not assignable to type '{ behavior: "allow"; updatedInput?: Record<string, unknown> | undefined; updatedPermissions?: { type: "addRules"; rules: { toolName: string; ruleContent?: string | undefined; }[]; behavior: "allow" | ... 1 more ... | "ask"; destination: "userSettings" | ... 3 more ... | "cliArg"; } | ... 5 more ... | undefined; } | ...'.
                    Type '{ behavior: "allow"; updatedInput?: Record<string, unknown> | undefined; updatedPermissions?: ({ type: "addRules"; rules: { toolName: string; ruleContent?: string | undefined; }[]; behavior: "allow" | ... 1 more ... | "ask"; destination: "userSettings" | ... 3 more ... | "cliArg"; } | ... 4 more ... | { ...; })[] | ...' is not assignable to type '{ behavior: "allow"; updatedInput?: Record<string, unknown> | undefined; updatedPermissions?: { type: "addRules"; rules: { toolName: string; ruleContent?: string | undefined; }[]; behavior: "allow" | ... 1 more ... | "ask"; destination: "userSettings" | ... 3 more ... | "cliArg"; } | ... 5 more ... | undefined; }'.
                      Types of property 'updatedPermissions' are incompatible.
                        Type '({ type: "addRules"; rules: { toolName: string; ruleContent?: string | undefined; }[]; behavior: "allow" | "deny" | "ask"; destination: "userSettings" | "projectSettings" | "localSettings" | "session" | "cliArg"; } | ... 4 more ... | { ...; })[] | undefined' is not assignable to type '{ type: "addRules"; rules: { toolName: string; ruleContent?: string | undefined; }[]; behavior: "allow" | "deny" | "ask"; destination: "userSettings" | "projectSettings" | "localSettings" | "session" | "cliArg"; } | ... 5 more ... | undefined'.
                          Type '({ type: "addRules"; rules: { toolName: string; ruleContent?: string | undefined; }[]; behavior: "allow" | "deny" | "ask"; destination: "userSettings" | "projectSettings" | "localSettings" | "session" | "cliArg"; } | ... 4 more ... | { ...; })[]' is not assignable to type '{ type: "addRules"; rules: { toolName: string; ruleContent?: string | undefined; }[]; behavior: "allow" | "deny" | "ask"; destination: "userSettings" | "projectSettings" | "localSettings" | "session" | "cliArg"; } | ... 5 more ... | undefined'.
                            Type '({ type: "addRules"; rules: { toolName: string; ruleContent?: string | undefined; }[]; behavior: "allow" | "deny" | "ask"; destination: "userSettings" | "projectSettings" | "localSettings" | "session" | "cliArg"; } | ... 4 more ... | { ...; })[]' is not assignable to type '{ type: "removeDirectories"; directories: string[]; destination: "userSettings" | "projectSettings" | "localSettings" | "session" | "cliArg"; }[]'.
                              Type '{ type: "addRules"; rules: { toolName: string; ruleContent?: string | undefined; }[]; behavior: "allow" | "deny" | "ask"; destination: "userSettings" | "projectSettings" | "localSettings" | "session" | "cliArg"; } | ... 4 more ... | { ...; }' is not assignable to type '{ type: "removeDirectories"; directories: string[]; destination: "userSettings" | "projectSettings" | "localSettings" | "session" | "cliArg"; }'.
                                Property 'directories' is missing in type '{ type: "addRules"; rules: { toolName: string; ruleContent?: string | undefined; }[]; behavior: "allow" | "deny" | "ask"; destination: "userSettings" | "projectSettings" | "localSettings" | "session" | "cliArg"; }' but required in type '{ type: "removeDirectories"; directories: string[]; destination: "userSettings" | "projectSettings" | "localSettings" | "session" | "cliArg"; }'.
src/utils/hooks.ts(4655,31): error TS2345: Argument of type '{ continue?: boolean | undefined; suppressOutput?: boolean | undefined; stopReason?: string | undefined; decision?: "approve" | "block" | undefined; reason?: string | undefined; systemMessage?: string | undefined; hookSpecificOutput?: { ...; } | ... 14 more ... | undefined; }' is not assignable to parameter of type 'HookJSONOutput'.
  Type '{ continue?: boolean | undefined; suppressOutput?: boolean | undefined; stopReason?: string | undefined; decision?: "approve" | "block" | undefined; reason?: string | undefined; systemMessage?: string | undefined; hookSpecificOutput?: { ...; } | ... 14 more ... | undefined; }' is not assignable to type '{ continue?: boolean | undefined; suppressOutput?: boolean | undefined; stopReason?: string | undefined; decision?: "approve" | "block" | undefined; systemMessage?: string | undefined; reason?: string | undefined; hookSpecificOutput?: { ...; } | ... 14 more ... | undefined; }'.
    Types of property 'hookSpecificOutput' are incompatible.
      Type '{ hookEventName: "PreToolUse"; permissionDecision?: "allow" | "deny" | "ask" | undefined; permissionDecisionReason?: string | undefined; updatedInput?: Record<string, unknown> | undefined; additionalContext?: string | undefined; } | ... 14 more ... | undefined' is not assignable to type '{ hookEventName: "PreToolUse"; permissionDecision?: "allow" | "deny" | "ask" | undefined; permissionDecisionReason?: string | undefined; updatedInput?: Record<string, unknown> | undefined; additionalContext?: string | undefined; } | ... 14 more ... | undefined'. Two different types with this name exist, but they are unrelated.
        Type '{ hookEventName: "PermissionRequest"; decision: { behavior: "allow"; updatedInput?: Record<string, unknown> | undefined; updatedPermissions?: ({ type: "addRules"; rules: { toolName: string; ruleContent?: string | undefined; }[]; behavior: "allow" | ... 1 more ... | "ask"; destination: "userSettings" | ... 3 more ......' is not assignable to type '{ hookEventName: "PreToolUse"; permissionDecision?: "allow" | "deny" | "ask" | undefined; permissionDecisionReason?: string | undefined; updatedInput?: Record<string, unknown> | undefined; additionalContext?: string | undefined; } | ... 14 more ... | undefined'.
          Type '{ hookEventName: "PermissionRequest"; decision: { behavior: "allow"; updatedInput?: Record<string, unknown> | undefined; updatedPermissions?: ({ type: "addRules"; rules: { toolName: string; ruleContent?: string | undefined; }[]; behavior: "allow" | ... 1 more ... | "ask"; destination: "userSettings" | ... 3 more ......' is not assignable to type '{ hookEventName: "PermissionRequest"; decision: { behavior: "allow"; updatedInput?: Record<string, unknown> | undefined; updatedPermissions?: { type: "addRules"; rules: { toolName: string; ruleContent?: string | undefined; }[]; behavior: "allow" | ... 1 more ... | "ask"; destination: "userSettings" | ... 3 more ... ...'.
            Types of property 'decision' are incompatible.
              Type '{ behavior: "allow"; updatedInput?: Record<string, unknown> | undefined; updatedPermissions?: ({ type: "addRules"; rules: { toolName: string; ruleContent?: string | undefined; }[]; behavior: "allow" | ... 1 more ... | "ask"; destination: "userSettings" | ... 3 more ... | "cliArg"; } | ... 4 more ... | { ...; })[] | ...' is not assignable to type '{ behavior: "allow"; updatedInput?: Record<string, unknown> | undefined; updatedPermissions?: { type: "addRules"; rules: { toolName: string; ruleContent?: string | undefined; }[]; behavior: "allow" | ... 1 more ... | "ask"; destination: "userSettings" | ... 3 more ... | "cliArg"; } | ... 5 more ... | undefined; } | ...'.
                Type '{ behavior: "allow"; updatedInput?: Record<string, unknown> | undefined; updatedPermissions?: ({ type: "addRules"; rules: { toolName: string; ruleContent?: string | undefined; }[]; behavior: "allow" | ... 1 more ... | "ask"; destination: "userSettings" | ... 3 more ... | "cliArg"; } | ... 4 more ... | { ...; })[] | ...' is not assignable to type '{ behavior: "allow"; updatedInput?: Record<string, unknown> | undefined; updatedPermissions?: { type: "addRules"; rules: { toolName: string; ruleContent?: string | undefined; }[]; behavior: "allow" | ... 1 more ... | "ask"; destination: "userSettings" | ... 3 more ... | "cliArg"; } | ... 5 more ... | undefined; } | ...'.
                  Type '{ behavior: "allow"; updatedInput?: Record<string, unknown> | undefined; updatedPermissions?: ({ type: "addRules"; rules: { toolName: string; ruleContent?: string | undefined; }[]; behavior: "allow" | ... 1 more ... | "ask"; destination: "userSettings" | ... 3 more ... | "cliArg"; } | ... 4 more ... | { ...; })[] | ...' is not assignable to type '{ behavior: "allow"; updatedInput?: Record<string, unknown> | undefined; updatedPermissions?: { type: "addRules"; rules: { toolName: string; ruleContent?: string | undefined; }[]; behavior: "allow" | ... 1 more ... | "ask"; destination: "userSettings" | ... 3 more ... | "cliArg"; } | ... 5 more ... | undefined; }'.
                    Types of property 'updatedPermissions' are incompatible.
                      Type '({ type: "addRules"; rules: { toolName: string; ruleContent?: string | undefined; }[]; behavior: "allow" | "deny" | "ask"; destination: "userSettings" | "projectSettings" | "localSettings" | "session" | "cliArg"; } | ... 4 more ... | { ...; })[] | undefined' is not assignable to type '{ type: "addRules"; rules: { toolName: string; ruleContent?: string | undefined; }[]; behavior: "allow" | "deny" | "ask"; destination: "userSettings" | "projectSettings" | "localSettings" | "session" | "cliArg"; } | ... 5 more ... | undefined'.
                        Type '({ type: "addRules"; rules: { toolName: string; ruleContent?: string | undefined; }[]; behavior: "allow" | "deny" | "ask"; destination: "userSettings" | "projectSettings" | "localSettings" | "session" | "cliArg"; } | ... 4 more ... | { ...; })[]' is not assignable to type '{ type: "addRules"; rules: { toolName: string; ruleContent?: string | undefined; }[]; behavior: "allow" | "deny" | "ask"; destination: "userSettings" | "projectSettings" | "localSettings" | "session" | "cliArg"; } | ... 5 more ... | undefined'.
                          Type '({ type: "addRules"; rules: { toolName: string; ruleContent?: string | undefined; }[]; behavior: "allow" | "deny" | "ask"; destination: "userSettings" | "projectSettings" | "localSettings" | "session" | "cliArg"; } | ... 4 more ... | { ...; })[]' is not assignable to type '{ type: "removeDirectories"; directories: string[]; destination: "userSettings" | "projectSettings" | "localSettings" | "session" | "cliArg"; }[]'.
                            Type '{ type: "addRules"; rules: { toolName: string; ruleContent?: string | undefined; }[]; behavior: "allow" | "deny" | "ask"; destination: "userSettings" | "projectSettings" | "localSettings" | "session" | "cliArg"; } | ... 4 more ... | { ...; }' is not assignable to type '{ type: "removeDirectories"; directories: string[]; destination: "userSettings" | "projectSettings" | "localSettings" | "session" | "cliArg"; }'.
                              Property 'directories' is missing in type '{ type: "addRules"; rules: { toolName: string; ruleContent?: string | undefined; }[]; behavior: "allow" | "deny" | "ask"; destination: "userSettings" | "projectSettings" | "localSettings" | "session" | "cliArg"; }' but required in type '{ type: "removeDirectories"; directories: string[]; destination: "userSettings" | "projectSettings" | "localSettings" | "session" | "cliArg"; }'.
src/utils/hooks/hooksSettings.ts(155,53): error TS2345: Argument of type '{ [x: string]: unknown; skipAutoPermissionPrompt?: unknown; useAutoModeDuringPlan?: unknown; autoMode?: unknown; defaultView?: unknown; assistant?: unknown; assistantName?: unknown; voiceEnabled?: unknown; minSleepDurationMs?: unknown; maxSleepDurationMs?: unknown; classifierPermissionsEnabled?: unknown; ... 84 more...' is not assignable to parameter of type '{ [x: string]: unknown; skipAutoPermissionPrompt?: unknown; useAutoModeDuringPlan?: unknown; autoMode?: unknown; defaultView?: unknown; assistant?: unknown; assistantName?: unknown; voiceEnabled?: unknown; minSleepDurationMs?: unknown; maxSleepDurationMs?: unknown; classifierPermissionsEnabled?: unknown; ... 84 more...'.
  Type 'null' is not assignable to type '{ [x: string]: unknown; skipAutoPermissionPrompt?: unknown; useAutoModeDuringPlan?: unknown; autoMode?: unknown; defaultView?: unknown; assistant?: unknown; assistantName?: unknown; voiceEnabled?: unknown; minSleepDurationMs?: unknown; maxSleepDurationMs?: unknown; classifierPermissionsEnabled?: unknown; ... 84 more...'.
src/utils/imagePaste.ts(132,48): error TS2307: Cannot find module 'image-processor-napi' or its corresponding type declarations.
src/utils/imagePaste.ts(161,48): error TS2307: Cannot find module 'image-processor-napi' or its corresponding type declarations.
src/utils/incrementalTokenCounter.test.ts(23,9): error TS2353: Object literal may only specify known properties, and 'maxCacheSize' does not exist in type 'IncrementalCounterConfig'.
src/utils/incrementalTokenCounter.test.ts(166,53): error TS2353: Object literal may only specify known properties, and 'maxCacheSize' does not exist in type 'IncrementalCounterConfig'.
src/utils/incrementalTokenCounter.test.ts(210,30): error TS2353: Object literal may only specify known properties, and 'maxCacheSize' does not exist in type 'Partial<IncrementalCounterConfig>'.
src/utils/knowledgeGraph.stress.test.ts(173,21): error TS2345: Argument of type 'Promise<Entity>' is not assignable to parameter of type 'never'.
src/utils/knowledgeGraph.ts(208,9): error TS2322: Type 'AnyOrama' is not assignable to type 'Orama<any> | null'.
  Type 'AnyOrama' is not assignable to type 'Orama<any>'.
    Type 'AnyOrama' is not assignable to type 'Internals<any, Index, DocumentsStore, Sorter, AnyPinningStore>'.
      Types of property 'index' are incompatible.
        Type 'IIndex<AnyIndexStore>' is not assignable to type 'IIndex<Index>'.
          Type 'AnyIndexStore' is missing the following properties from type 'Index': sharedInternalDocumentStore, indexes, searchableProperties, searchablePropertiesWithTypes, and 4 more.
src/utils/knowledgeGraph.ts(270,44): error TS2345: Argument of type 'Buffer<ArrayBufferLike>' is not assignable to parameter of type 'string'.
src/utils/log.ts(234,5): error TS2322: Type 'Dirent<string>[]' is not assignable to type 'Dirent<NonSharedBuffer>[]'.
  Type 'Dirent<string>' is not assignable to type 'Dirent<NonSharedBuffer>'.
    Type 'string' is not assignable to type 'NonSharedBuffer'.
src/utils/log.ts(241,35): error TS2345: Argument of type 'NonSharedBuffer' is not assignable to parameter of type 'string'.
src/utils/logoV2Utils.ts(172,27): error TS2345: Argument of type 'string' is not assignable to parameter of type 'never'.
src/utils/logoV2Utils.ts(319,29): error TS2339: Property 'VERSION_CHANGELOG' does not exist on type '{ VERSION: string; DISPLAY_VERSION: string; BUILD_TIME: string; ISSUES_EXPLAINER: string; PACKAGE_URL: string; NATIVE_PACKAGE_URL: string | undefined; }'.
src/utils/messageFilters.ts(58,13): error TS2339: Property 'type' does not exist on type 'never'.
src/utils/messageFilters.ts(59,13): error TS2339: Property 'type' does not exist on type 'never'.
src/utils/messageFilters.ts(60,13): error TS2339: Property 'type' does not exist on type 'never'.
src/utils/messageFilters.ts(61,13): error TS2339: Property 'type' does not exist on type 'never'.
src/utils/messageFilters.ts(61,36): error TS2339: Property 'isMeta' does not exist on type 'never'.
src/utils/messageFilters.ts(64,13): error TS2339: Property 'type' does not exist on type 'never'.
src/utils/messageFilters.ts(65,27): error TS2339: Property 'message' does not exist on type 'never'.
src/utils/messageFilters.ts(74,13): error TS2339: Property 'type' does not exist on type 'never'.
src/utils/messageQueueManager.ts(9,8): error TS2307: Cannot find module '../types/messageQueueTypes.js' or its corresponding type declarations.
src/utils/messageQueueManager.ts(343,53): error TS2769: No overload matches this call.
  Overload 1 of 2, '(iterable?: Iterable<PromptInputMode> | null | undefined): Set<PromptInputMode>', gave the following error.
    Argument of type 'string[]' is not assignable to parameter of type 'Iterable<PromptInputMode>'.
      The types returned by '[Symbol.iterator]().next(...)' are incompatible between these types.
        Type 'IteratorResult<string, undefined>' is not assignable to type 'IteratorResult<PromptInputMode, any>'.
          Type 'IteratorYieldResult<string>' is not assignable to type 'IteratorResult<PromptInputMode, any>'.
            Type 'IteratorYieldResult<string>' is not assignable to type 'IteratorYieldResult<PromptInputMode>'.
              Type 'string' is not assignable to type 'PromptInputMode'.
  Overload 2 of 2, '(values?: readonly PromptInputMode[] | null | undefined): Set<PromptInputMode>', gave the following error.
    Argument of type 'string[]' is not assignable to parameter of type 'readonly PromptInputMode[]'.
      Type 'string' is not assignable to type 'PromptInputMode'.
src/utils/messageQueueManager.ts(345,3): error TS1360: Type 'string[]' does not satisfy the expected type '"task-notification"'.
src/utils/messages.ts(46,3): error TS2305: Module '"../types/message.js"' has no exported member 'MessageOrigin'.
src/utils/messages.ts(47,3): error TS2305: Module '"../types/message.js"' has no exported member 'NormalizedAssistantMessage'.
src/utils/messages.ts(48,3): error TS2724: '"../types/message.js"' has no exported member named 'NormalizedMessage'. Did you mean 'NormalizedUserMessage'?
src/utils/messages.ts(50,3): error TS2305: Module '"../types/message.js"' has no exported member 'PartialCompactDirection'.
src/utils/messages.ts(52,3): error TS2305: Module '"../types/message.js"' has no exported member 'RequestStartEvent'.
src/utils/messages.ts(53,3): error TS2305: Module '"../types/message.js"' has no exported member 'StopHookInfo'.
src/utils/messages.ts(54,3): error TS2305: Module '"../types/message.js"' has no exported member 'StreamEvent'.
src/utils/messages.ts(55,3): error TS2305: Module '"../types/message.js"' has no exported member 'SystemAgentsKilledMessage'.
src/utils/messages.ts(57,3): error TS2724: '"../types/message.js"' has no exported member named 'SystemApiMetricsMessage'. Did you mean 'SystemAPIErrorMessage'?
src/utils/messages.ts(58,3): error TS2305: Module '"../types/message.js"' has no exported member 'SystemAwaySummaryMessage'.
src/utils/messages.ts(59,3): error TS2305: Module '"../types/message.js"' has no exported member 'SystemBridgeStatusMessage'.
src/utils/messages.ts(60,3): error TS2305: Module '"../types/message.js"' has no exported member 'SystemCompactBoundaryMessage'.
src/utils/messages.ts(61,3): error TS2305: Module '"../types/message.js"' has no exported member 'SystemInformationalMessage'.
src/utils/messages.ts(62,3): error TS2305: Module '"../types/message.js"' has no exported member 'SystemLocalCommandMessage'.
src/utils/messages.ts(63,3): error TS2305: Module '"../types/message.js"' has no exported member 'SystemMemorySavedMessage'.
src/utils/messages.ts(65,3): error TS2724: '"../types/message.js"' has no exported member named 'SystemMessageLevel'. Did you mean 'SystemMessage'?
src/utils/messages.ts(66,3): error TS2305: Module '"../types/message.js"' has no exported member 'SystemMicrocompactBoundaryMessage'.
src/utils/messages.ts(67,3): error TS2305: Module '"../types/message.js"' has no exported member 'SystemPermissionRetryMessage'.
src/utils/messages.ts(68,3): error TS2305: Module '"../types/message.js"' has no exported member 'SystemScheduledTaskFireMessage'.
src/utils/messages.ts(69,3): error TS2305: Module '"../types/message.js"' has no exported member 'SystemStopHookSummaryMessage'.
src/utils/messages.ts(70,3): error TS2305: Module '"../types/message.js"' has no exported member 'SystemTurnDurationMessage'.
src/utils/messages.ts(71,3): error TS2305: Module '"../types/message.js"' has no exported member 'TombstoneMessage'.
src/utils/messages.ts(72,3): error TS2305: Module '"../types/message.js"' has no exported member 'ToolUseSummaryMessage'.
src/utils/messages.ts(619,5): error TS2315: Type 'ProgressMessage' is not generic.
src/utils/messages.ts(910,15): error TS2339: Property 'attachment' does not exist on type 'never'.
src/utils/messages.ts(912,33): error TS2339: Property 'attachment' does not exist on type 'never'.
src/utils/messages.ts(927,15): error TS2339: Property 'type' does not exist on type 'never'.
src/utils/messages.ts(928,15): error TS2339: Property 'message' does not exist on type 'never'.
src/utils/messages.ts(930,33): error TS2339: Property 'message' does not exist on type 'never'.
src/utils/messages.ts(946,15): error TS2339: Property 'attachment' does not exist on type 'never'.
src/utils/messages.ts(948,33): error TS2339: Property 'attachment' does not exist on type 'never'.
src/utils/messages.ts(994,16): error TS2339: Property 'attachment' does not exist on type 'never'.
src/utils/messages.ts(995,17): error TS2339: Property 'attachment' does not exist on type 'never'.
src/utils/messages.ts(1002,15): error TS2339: Property 'type' does not exist on type 'never'.
src/utils/messages.ts(1003,15): error TS2339: Property 'message' does not exist on type 'never'.
src/utils/messages.ts(1010,17): error TS2339: Property 'type' does not exist on type 'never'.
src/utils/messages.ts(1010,46): error TS2339: Property 'subtype' does not exist on type 'never'.
src/utils/messages.ts(1038,15): error TS2315: Type 'AttachmentMessage' is not generic.
src/utils/messages.ts(1077,19): error TS2315: Type 'AttachmentMessage' is not generic.
src/utils/messages.ts(2364,13): error TS2339: Property 'isSnipRuntimeEnabled' does not exist on type 'typeof import("d:/OpenClaude/openclaude-cli/src/services/compact/snipCompact")'.
src/utils/messages.ts(2434,13): error TS2339: Property 'isSnipRuntimeEnabled' does not exist on type 'typeof import("d:/OpenClaude/openclaude-cli/src/services/compact/snipCompact")'.
src/utils/messages.ts(2777,59): error TS2366: Function lacks ending return statement and return type does not include 'undefined'.
src/utils/messages.ts(4168,17): error TS2339: Property 'SNIP_NUDGE_TEXT' does not exist on type 'typeof import("d:/OpenClaude/openclaude-cli/src/services/compact/snipCompact")'.
src/utils/messages.ts(4669,73): error TS2307: Cannot find module '../services/compact/snipProjection.js' or its corresponding type declarations.
src/utils/messages/mappers.ts(18,3): error TS2305: Module '"src/types/message.js"' has no exported member 'CompactMetadata'.
src/utils/model/bedrock.ts(12,12): error TS2307: Cannot find module '@aws-sdk/client-bedrock' or its corresponding type declarations.
src/utils/model/bedrock.ts(26,26): error TS2345: Argument of type 'any' is not assignable to parameter of type 'never'.
src/utils/model/bedrock.ts(34,34): error TS2339: Property 'inferenceProfileId' does not exist on type 'never'.
src/utils/model/bedrock.ts(35,31): error TS2339: Property 'inferenceProfileId' does not exist on type 'never'.
src/utils/model/bedrock.ts(51,42): error TS2307: Cannot find module '@aws-sdk/client-bedrock' or its corresponding type declarations.
src/utils/model/bedrock.ts(85,7): error TS18046: 'clientConfig' is of type 'unknown'.
src/utils/model/bedrock.ts(147,14): error TS2307: Cannot find module '@aws-sdk/client-bedrock' or its corresponding type declarations.
src/utils/model/deprecation.ts(36,5): error TS2741: Property 'xai' is missing in type '{ firstParty: string; bedrock: string; vertex: string; foundry: string; openai: null; gemini: null; github: null; codex: null; 'nvidia-nim': null; minimax: null; 'xiaomi-mimo': null; mistral: null; }' but required in type 'Record<LegacyAPIProvider, string | null>'.
src/utils/model/deprecation.ts(53,5): error TS2741: Property 'xai' is missing in type '{ firstParty: string; bedrock: string; vertex: string; foundry: string; openai: null; gemini: null; github: null; codex: null; 'nvidia-nim': null; minimax: null; 'xiaomi-mimo': null; mistral: null; }' but required in type 'Record<LegacyAPIProvider, string | null>'.
src/utils/model/deprecation.ts(70,5): error TS2741: Property 'xai' is missing in type '{ firstParty: string; bedrock: null; vertex: null; foundry: null; openai: null; gemini: null; github: null; codex: null; 'nvidia-nim': null; minimax: null; 'xiaomi-mimo': null; mistral: null; }' but required in type 'Record<LegacyAPIProvider, string | null>'.
src/utils/model/model.github.test.ts(19,41): error TS2339: Property 'model' does not exist on type 'GlobalConfig'.
src/utils/model/model.openai-shim-providers.test.ts(60,38): error TS2339: Property 'model' does not exist on type 'GlobalConfig'.
src/utils/model/model.ts(408,7): error TS2304: Cannot find name 'getAntModelOverrideConfig'.
src/utils/model/model.ts(694,22): error TS2304: Cannot find name 'resolveAntModel'.
src/utils/model/model.ts(792,22): error TS2304: Cannot find name 'resolveAntModel'.
src/utils/model/openaiContextWindows.ts(43,32): error TS2339: Property 'length' does not exist on type 'string | number'.
  Property 'length' does not exist on type 'number'.
src/utils/multiTurnContext.test.ts(89,40): error TS2769: No overload matches this call.
  Overload 1 of 2, '(expected: undefined): void', gave the following error.
    Argument of type '"value"' is not assignable to parameter of type 'undefined'.
  Overload 2 of 2, '(expected: undefined): void', gave the following error.
    Argument of type '"value"' is not assignable to parameter of type 'undefined'.
src/utils/notebook.ts(15,8): error TS2307: Cannot find module '../types/notebook.js' or its corresponding type declarations.
src/utils/notebook.ts(122,19): error TS2345: Argument of type 'string' is not assignable to parameter of type 'never'.
src/utils/notebook.ts(125,19): error TS2345: Argument of type 'string' is not assignable to parameter of type 'never'.
src/utils/permissions/bypassPermissionsKillswitch.test.ts(85,7): error TS2345: Argument of type '(update: (prev: { toolPermissionContext: never; }) => unknown) => void' is not assignable to parameter of type '(f: (prev: AppState) => AppState) => void'.
  Types of parameters 'update' and 'f' are incompatible.
    Types of parameters 'prev' and 'prev' are incompatible.
      Type '{ toolPermissionContext: never; }' is not assignable to type 'AppState'.
        Type '{ toolPermissionContext: never; }' is missing the following properties from type '{ readonly settings: { readonly [x: string]: unknown; readonly skipAutoPermissionPrompt?: unknown; readonly useAutoModeDuringPlan?: unknown; readonly autoMode?: unknown; readonly defaultView?: unknown; readonly assistant?: unknown; readonly assistantName?: unknown; ... 88 more ...; readonly gcpAuthRefresh?: string |...': settings, verbose, mainLoopModel, mainLoopModelForSession, and 25 more.
src/utils/permissions/bypassPermissionsKillswitch.test.ts(90,7): error TS2345: Argument of type '(update: (prev: { toolPermissionContext: never; }) => unknown) => void' is not assignable to parameter of type '(f: (prev: AppState) => AppState) => void'.
  Types of parameters 'update' and 'f' are incompatible.
    Types of parameters 'prev' and 'prev' are incompatible.
      Type '{ toolPermissionContext: never; }' is not assignable to type 'AppState'.
        Type '{ toolPermissionContext: never; }' is missing the following properties from type '{ readonly settings: { readonly [x: string]: unknown; readonly skipAutoPermissionPrompt?: unknown; readonly useAutoModeDuringPlan?: unknown; readonly autoMode?: unknown; readonly defaultView?: unknown; readonly assistant?: unknown; readonly assistantName?: unknown; ... 88 more ...; readonly gcpAuthRefresh?: string |...': settings, verbose, mainLoopModel, mainLoopModelForSession, and 25 more.
src/utils/permissions/classifierDecision.ts(29,77): error TS2307: Cannot find module '../../tools/TerminalCaptureTool/prompt.js' or its corresponding type declarations.
src/utils/permissions/classifierDecision.ts(34,84): error TS2307: Cannot find module '../../tools/OverflowTestTool/OverflowTestTool.js' or its corresponding type declarations.
src/utils/permissions/classifierDecision.ts(40,86): error TS2307: Cannot find module '../../tools/VerifyPlanExecutionTool/constants.js' or its corresponding type declarations.
src/utils/permissions/dangerousModePromptFlow.test.tsx(94,9): error TS2322: Type '({ mode, onAccept, }: { mode?: "bypassPermissions" | "fullAccess" | undefined; onAccept: () => void; }) => null' is not assignable to type '({ mode, onAccept, onDecline, onCancel, }: Props) => Element'.
  Type 'null' is not assignable to type 'Element'.
src/utils/permissions/dangerousModePromptFlow.test.tsx(123,9): error TS2322: Type '({ mode, onAccept, }: { mode?: "bypassPermissions" | "fullAccess" | undefined; onAccept: () => void; }) => null' is not assignable to type '({ mode, onAccept, onDecline, onCancel, }: Props) => Element'.
  Type 'null' is not assignable to type 'Element'.
src/utils/permissions/dangerousModePromptFlow.tsx(43,7): error TS2322: Type 'DangerousPermissionMode | null' is not assignable to type '"bypassPermissions" | "fullAccess" | undefined'.
  Type 'null' is not assignable to type '"bypassPermissions" | "fullAccess" | undefined'.
src/utils/permissions/filesystem.test.ts(15,11): error TS2344: Type '{ file_path: string; }' does not satisfy the constraint 'AnyObject'.
  Type '{ file_path: string; }' is missing the following properties from type 'ZodType<{ [key: string]: unknown; }, unknown, $ZodTypeInternals<{ [key: string]: unknown; }, unknown>>': def, type, _def, _output, and 32 more.
src/utils/permissions/filesystem.test.ts(47,7): error TS2345: Argument of type 'Tool<{ file_path: string; }>' is not assignable to parameter of type 'Tool<AnyObject>'.
  Type '{ file_path: string; }' is missing the following properties from type 'ZodType<{ [key: string]: unknown; }, unknown, $ZodTypeInternals<{ [key: string]: unknown; }, unknown>>': def, type, _def, _output, and 32 more.
src/utils/permissions/filesystem.test.ts(61,7): error TS2345: Argument of type 'Tool<{ file_path: string; }>' is not assignable to parameter of type 'Tool<AnyObject>'.
  Type '{ file_path: string; }' is missing the following properties from type 'ZodType<{ [key: string]: unknown; }, unknown, $ZodTypeInternals<{ [key: string]: unknown; }, unknown>>': def, type, _def, _output, and 32 more.
src/utils/permissions/filesystem.test.ts(75,7): error TS2345: Argument of type 'Tool<{ file_path: string; }>' is not assignable to parameter of type 'Tool<AnyObject>'.
  Type '{ file_path: string; }' is missing the following properties from type 'ZodType<{ [key: string]: unknown; }, unknown, $ZodTypeInternals<{ [key: string]: unknown; }, unknown>>': def, type, _def, _output, and 32 more.
src/utils/permissions/filesystem.test.ts(86,7): error TS2345: Argument of type 'Tool<{ file_path: string; }>' is not assignable to parameter of type 'Tool<AnyObject>'.
  Type '{ file_path: string; }' is missing the following properties from type 'ZodType<{ [key: string]: unknown; }, unknown, $ZodTypeInternals<{ [key: string]: unknown; }, unknown>>': def, type, _def, _output, and 32 more.
src/utils/permissions/filesystem.test.ts(98,7): error TS2345: Argument of type 'Tool<{ file_path: string; }>' is not assignable to parameter of type 'Tool<AnyObject>'.
  Type '{ file_path: string; }' is missing the following properties from type 'ZodType<{ [key: string]: unknown; }, unknown, $ZodTypeInternals<{ [key: string]: unknown; }, unknown>>': def, type, _def, _output, and 32 more.
src/utils/permissions/filesystem.ts(708,45): error TS2349: This expression is not callable.
  Type '{}' has no call signatures.
src/utils/permissions/permissions.test.ts(6,25): error TS2352: Conversion of type '{ name: string; inputSchema: ZodObject<{}, $strip>; checkPermissions(): Promise<{ behavior: "ask"; message: string; decisionReason: { type: "safetyCheck"; reason: string; classifierApprovable: false; }; }>; }' to type 'Tool<Record<string, never>>' may be a mistake because neither type sufficiently overlaps with the other. If this was intentional, convert the expression to 'unknown' first.
  Type '{ name: string; inputSchema: ZodObject<{}, $strip>; checkPermissions(): Promise<{ behavior: "ask"; message: string; decisionReason: { type: "safetyCheck"; reason: string; classifierApprovable: false; }; }>; }' is missing the following properties from type 'Tool<Record<string, never>>': call, description, isConcurrencySafe, isEnabled, and 7 more.
src/utils/permissions/permissions.test.ts(20,11): error TS2344: Type 'Record<string, never>' does not satisfy the constraint 'AnyObject'.
  Type 'Record<string, never>' is missing the following properties from type 'ZodType<{ [key: string]: unknown; }, unknown, $ZodTypeInternals<{ [key: string]: unknown; }, unknown>>': def, type, _def, _output, and 32 more.
src/utils/permissions/permissions.test.ts(22,29): error TS2352: Conversion of type '{ name: string; inputSchema: ZodObject<{}, $strip>; requiresUserInteraction(): true; checkPermissions(): Promise<{ behavior: "ask"; message: string; }>; }' to type 'Tool<Record<string, never>>' may be a mistake because neither type sufficiently overlaps with the other. If this was intentional, convert the expression to 'unknown' first.
  Type '{ name: string; inputSchema: ZodObject<{}, $strip>; requiresUserInteraction(): true; checkPermissions(): Promise<{ behavior: "ask"; message: string; }>; }' is missing the following properties from type 'Tool<Record<string, never>>': call, description, isConcurrencySafe, isEnabled, and 7 more.
src/utils/permissions/permissions.test.ts(34,11): error TS2344: Type 'Record<string, never>' does not satisfy the constraint 'AnyObject'.
  Type 'Record<string, never>' is missing the following properties from type 'ZodType<{ [key: string]: unknown; }, unknown, $ZodTypeInternals<{ [key: string]: unknown; }, unknown>>': def, type, _def, _output, and 32 more.
src/utils/permissions/permissions.test.ts(36,26): error TS2352: Conversion of type '{ name: string; inputSchema: ZodObject<{}, $strip>; checkPermissions(): Promise<{ behavior: "passthrough"; message: string; }>; }' to type 'Tool<Record<string, never>>' may be a mistake because neither type sufficiently overlaps with the other. If this was intentional, convert the expression to 'unknown' first.
  Type '{ name: string; inputSchema: ZodObject<{}, $strip>; checkPermissions(): Promise<{ behavior: "passthrough"; message: string; }>; }' is missing the following properties from type 'Tool<Record<string, never>>': call, description, isConcurrencySafe, isEnabled, and 7 more.
src/utils/permissions/permissions.test.ts(45,11): error TS2344: Type 'Record<string, never>' does not satisfy the constraint 'AnyObject'.
  Type 'Record<string, never>' is missing the following properties from type 'ZodType<{ [key: string]: unknown; }, unknown, $ZodTypeInternals<{ [key: string]: unknown; }, unknown>>': def, type, _def, _output, and 32 more.
src/utils/permissions/permissions.test.ts(47,24): error TS2352: Conversion of type '{ name: string; inputSchema: ZodObject<{}, $strip>; checkPermissions(): Promise<{ behavior: "ask"; message: string; decisionReason: { type: "rule"; rule: { ruleBehavior: "ask"; }; }; }>; }' to type 'Tool<Record<string, never>>' may be a mistake because neither type sufficiently overlaps with the other. If this was intentional, convert the expression to 'unknown' first.
  Type '{ name: string; inputSchema: ZodObject<{}, $strip>; checkPermissions(): Promise<{ behavior: "ask"; message: string; decisionReason: { type: "rule"; rule: { ruleBehavior: "ask"; }; }; }>; }' is missing the following properties from type 'Tool<Record<string, never>>': call, description, isConcurrencySafe, isEnabled, and 7 more.
src/utils/permissions/permissions.test.ts(62,11): error TS2344: Type 'Record<string, never>' does not satisfy the constraint 'AnyObject'.
  Type 'Record<string, never>' is missing the following properties from type 'ZodType<{ [key: string]: unknown; }, unknown, $ZodTypeInternals<{ [key: string]: unknown; }, unknown>>': def, type, _def, _output, and 32 more.
src/utils/permissions/permissions.test.ts(64,18): error TS2352: Conversion of type '{ name: string; inputSchema: ZodObject<{}, $strip>; checkPermissions(): Promise<{ behavior: "deny"; message: string; }>; }' to type 'Tool<Record<string, never>>' may be a mistake because neither type sufficiently overlaps with the other. If this was intentional, convert the expression to 'unknown' first.
  Type '{ name: string; inputSchema: ZodObject<{}, $strip>; checkPermissions(): Promise<{ behavior: "deny"; message: string; }>; }' is missing the following properties from type 'Tool<Record<string, never>>': call, description, isConcurrencySafe, isEnabled, and 7 more.
src/utils/permissions/permissions.test.ts(73,11): error TS2344: Type 'Record<string, never>' does not satisfy the constraint 'AnyObject'.
  Type 'Record<string, never>' is missing the following properties from type 'ZodType<{ [key: string]: unknown; }, unknown, $ZodTypeInternals<{ [key: string]: unknown; }, unknown>>': def, type, _def, _output, and 32 more.
src/utils/permissions/permissions.test.ts(101,7): error TS2345: Argument of type 'Tool<Record<string, never>>' is not assignable to parameter of type 'Tool'.
  Type 'Record<string, never>' is missing the following properties from type 'ZodType<{ [key: string]: unknown; }, unknown, $ZodTypeInternals<{ [key: string]: unknown; }, unknown>>': def, type, _def, _output, and 32 more.
src/utils/permissions/permissions.test.ts(114,7): error TS2345: Argument of type 'Tool<Record<string, never>>' is not assignable to parameter of type 'Tool'.
  Type 'Record<string, never>' is missing the following properties from type 'ZodType<{ [key: string]: unknown; }, unknown, $ZodTypeInternals<{ [key: string]: unknown; }, unknown>>': def, type, _def, _output, and 32 more.
src/utils/permissions/permissions.test.ts(130,7): error TS2345: Argument of type 'Tool<Record<string, never>>' is not assignable to parameter of type 'Tool'.
  Type 'Record<string, never>' is missing the following properties from type 'ZodType<{ [key: string]: unknown; }, unknown, $ZodTypeInternals<{ [key: string]: unknown; }, unknown>>': def, type, _def, _output, and 32 more.
src/utils/permissions/permissions.test.ts(148,7): error TS2345: Argument of type 'Tool<Record<string, never>>' is not assignable to parameter of type 'Tool'.
  Type 'Record<string, never>' is missing the following properties from type 'ZodType<{ [key: string]: unknown; }, unknown, $ZodTypeInternals<{ [key: string]: unknown; }, unknown>>': def, type, _def, _output, and 32 more.
src/utils/permissions/permissions.test.ts(156,19): error TS2339: Property 'message' does not exist on type 'PermissionDecision<Record<string, unknown>>'.
  Property 'message' does not exist on type 'PermissionAllowDecision<Record<string, unknown>>'.
src/utils/permissions/permissions.test.ts(161,7): error TS2345: Argument of type 'Tool<Record<string, never>>' is not assignable to parameter of type 'Tool'.
  Type 'Record<string, never>' is missing the following properties from type 'ZodType<{ [key: string]: unknown; }, unknown, $ZodTypeInternals<{ [key: string]: unknown; }, unknown>>': def, type, _def, _output, and 32 more.
src/utils/permissions/permissions.test.ts(177,7): error TS2345: Argument of type 'Tool<Record<string, never>>' is not assignable to parameter of type 'Tool'.
  Type 'Record<string, never>' is missing the following properties from type 'ZodType<{ [key: string]: unknown; }, unknown, $ZodTypeInternals<{ [key: string]: unknown; }, unknown>>': def, type, _def, _output, and 32 more.
src/utils/permissions/permissions.test.ts(185,19): error TS2339: Property 'message' does not exist on type 'PermissionDecision<Record<string, unknown>>'.
  Property 'message' does not exist on type 'PermissionAllowDecision<Record<string, unknown>>'.
src/utils/permissions/permissions.ts(440,15): error TS2345: Argument of type 'PermissionUpdate[] | undefined' is not assignable to parameter of type 'PermissionUpdate[]'.
  Type 'undefined' is not assignable to type 'PermissionUpdate[]'.
src/utils/permissions/permissions.ts(865,15): error TS2554: Expected 2 arguments, but got 3.
src/utils/permissions/permissions.ts(1171,5): error TS2367: This comparison appears to be unintentional because the types '"default" | "acceptEdits" | "bypassPermissions" | "plan" | "dontAsk" | "auto" | "bubble"' and '"fullAccess"' have no overlap.
src/utils/permissions/PermissionUpdate.ts(126,41): error TS2769: No overload matches this call.
  Overload 1 of 4, '(iterable?: Iterable<readonly [unknown, unknown]> | null | undefined): Map<unknown, unknown>', gave the following error.
    Argument of type '{ readonly clear: {}; readonly delete: {}; readonly forEach: {}; readonly get: {}; readonly has: {}; readonly set: {}; readonly size: number; readonly entries: {}; readonly keys: {}; readonly values: {}; readonly [Symbol.iterator]: {}; readonly [Symbol.toStringTag]: string; }' is not assignable to parameter of type 'Iterable<readonly [unknown, unknown]>'.
      Types of property '[Symbol.iterator]' are incompatible.
        Type '{}' is not assignable to type '() => Iterator<readonly [unknown, unknown], any, any>'.
          Type '{}' provides no match for the signature '(): Iterator<readonly [unknown, unknown], any, any>'.
  Overload 2 of 4, '(entries?: readonly (readonly [unknown, unknown])[] | null | undefined): Map<unknown, unknown>', gave the following error.
    Argument of type '{ readonly clear: {}; readonly delete: {}; readonly forEach: {}; readonly get: {}; readonly has: {}; readonly set: {}; readonly size: number; readonly entries: {}; readonly keys: {}; readonly values: {}; readonly [Symbol.iterator]: {}; readonly [Symbol.toStringTag]: string; }' is not assignable to parameter of type 'readonly (readonly [unknown, unknown])[]'.
      Type '{ readonly clear: {}; readonly delete: {}; readonly forEach: {}; readonly get: {}; readonly has: {}; readonly set: {}; readonly size: number; readonly entries: {}; readonly keys: {}; readonly values: {}; readonly [Symbol.iterator]: {}; readonly [Symbol.toStringTag]: string; }' is missing the following properties from type 'readonly (readonly [unknown, unknown])[]': length, concat, join, slice, and 21 more.
src/utils/permissions/PermissionUpdate.ts(175,41): error TS2769: No overload matches this call.
  Overload 1 of 4, '(iterable?: Iterable<readonly [unknown, unknown]> | null | undefined): Map<unknown, unknown>', gave the following error.
    Argument of type '{ readonly clear: {}; readonly delete: {}; readonly forEach: {}; readonly get: {}; readonly has: {}; readonly set: {}; readonly size: number; readonly entries: {}; readonly keys: {}; readonly values: {}; readonly [Symbol.iterator]: {}; readonly [Symbol.toStringTag]: string; }' is not assignable to parameter of type 'Iterable<readonly [unknown, unknown]>'.
      Types of property '[Symbol.iterator]' are incompatible.
        Type '{}' is not assignable to type '() => Iterator<readonly [unknown, unknown], any, any>'.
          Type '{}' provides no match for the signature '(): Iterator<readonly [unknown, unknown], any, any>'.
  Overload 2 of 4, '(entries?: readonly (readonly [unknown, unknown])[] | null | undefined): Map<unknown, unknown>', gave the following error.
    Argument of type '{ readonly clear: {}; readonly delete: {}; readonly forEach: {}; readonly get: {}; readonly has: {}; readonly set: {}; readonly size: number; readonly entries: {}; readonly keys: {}; readonly values: {}; readonly [Symbol.iterator]: {}; readonly [Symbol.toStringTag]: string; }' is not assignable to parameter of type 'readonly (readonly [unknown, unknown])[]'.
      Type '{ readonly clear: {}; readonly delete: {}; readonly forEach: {}; readonly get: {}; readonly has: {}; readonly set: {}; readonly size: number; readonly entries: {}; readonly keys: {}; readonly values: {}; readonly [Symbol.iterator]: {}; readonly [Symbol.toStringTag]: string; }' is missing the following properties from type 'readonly (readonly [unknown, unknown])[]': length, concat, join, slice, and 21 more.
src/utils/plans.ts(11,3): error TS2305: Module '"src/types/message.js"' has no exported member 'SystemFileSnapshotMessage'.
src/utils/plugins/lspPluginIntegration.ts(7,8): error TS2307: Cannot find module '../../services/lsp/types.js' or its corresponding type declarations.
src/utils/plugins/marketplaceHelpers.ts(96,7): error TS2322: Type '{ name: string; owner: { name: string; email?: string | undefined; url?: string | undefined; }; plugins: { name: string; source: string | { source: "npm"; package: string; version?: string | undefined; registry?: string | undefined; } | { ...; } | { ...; } | { ...; } | { ...; }; ... 20 more ...; tags?: string[] | un...' is not assignable to type 'null'.
src/utils/plugins/marketplaceManager.ts(2008,11): error TS2322: Type 'undefined' is not assignable to type 'boolean | string[]'.
src/utils/plugins/mcpbHandler.ts(4,8): error TS2307: Cannot find module '@anthropic-ai/mcpb' or its corresponding type declarations.
src/utils/plugins/mcpbHandler.ts(420,52): error TS2307: Cannot find module '@anthropic-ai/mcpb' or its corresponding type declarations.
src/utils/preflightChecks.tsx(101,19): error TS2345: Argument of type 'PreflightCheckResult' is not assignable to parameter of type 'SetStateAction<null>'.
  Type 'PreflightCheckResult' provides no match for the signature '(prevState: null): null'.
src/utils/preflightChecks.tsx(118,19): error TS2339: Property 'success' does not exist on type 'never'.
src/utils/preflightChecks.tsx(120,36): error TS2339: Property 'success' does not exist on type 'never'.
src/utils/preflightChecks.tsx(137,125): error TS2339: Property 'success' does not exist on type 'never'.
src/utils/preflightChecks.tsx(137,282): error TS2339: Property 'error' does not exist on type 'never'.
src/utils/preflightChecks.tsx(137,304): error TS2339: Property 'sslHint' does not exist on type 'never'.
src/utils/preflightChecks.tsx(137,364): error TS2339: Property 'sslHint' does not exist on type 'never'.
src/utils/processUserInput/processSlashCommand.tsx(189,27): error TS2315: Type 'ProgressMessage' is not generic.
src/utils/processUserInput/processSlashCommand.tsx(194,86): error TS2315: Type 'ProgressMessage' is not generic.
src/utils/processUserInput/processSlashCommand.tsx(276,7): error TS2367: This comparison appears to be unintentional because the types '"external"' and '"ant"' have no overlap.
src/utils/processUserInput/processSlashCommand.tsx(430,11): error TS2367: This comparison appears to be unintentional because the types '"external"' and '"ant"' have no overlap.
src/utils/processUserInput/processSlashCommand.tsx(501,9): error TS2367: This comparison appears to be unintentional because the types '"external"' and '"ant"' have no overlap.
src/utils/processUserInput/processTextPrompt.ts(38,24): error TS2554: Expected 0 arguments, but got 1.
src/utils/processUserInput/processUserInput.ts(579,17): error TS2315: Type 'AttachmentMessage' is not generic.
src/utils/providerAutoDetect.test.ts(157,23): error TS2352: Conversion of type '() => Promise<Response>' to type 'typeof fetch' may be a mistake because neither type sufficiently overlaps with the other. If this was intentional, convert the expression to 'unknown' first.
  Property 'preconnect' is missing in type '() => Promise<Response>' but required in type 'typeof fetch'.
src/utils/providerAutoDetect.test.ts(185,23): error TS2352: Conversion of type '() => Promise<Response>' to type 'typeof fetch' may be a mistake because neither type sufficiently overlaps with the other. If this was intentional, convert the expression to 'unknown' first.
  Property 'preconnect' is missing in type '() => Promise<Response>' but required in type 'typeof fetch'.
src/utils/providerAutoDetect.test.ts(234,23): error TS2352: Conversion of type '() => Promise<never>' to type 'typeof fetch' may be a mistake because neither type sufficiently overlaps with the other. If this was intentional, convert the expression to 'unknown' first.
  Property 'preconnect' is missing in type '() => Promise<never>' but required in type 'typeof fetch'.
src/utils/providerAutoDetect.test.ts(250,23): error TS2352: Conversion of type '() => Promise<Response>' to type 'typeof fetch' may be a mistake because neither type sufficiently overlaps with the other. If this was intentional, convert the expression to 'unknown' first.
  Property 'preconnect' is missing in type '() => Promise<Response>' but required in type 'typeof fetch'.
src/utils/providerAutoDetect.test.ts(266,23): error TS2352: Conversion of type '() => Promise<Response>' to type 'typeof fetch' may be a mistake because neither type sufficiently overlaps with the other. If this was intentional, convert the expression to 'unknown' first.
  Property 'preconnect' is missing in type '() => Promise<Response>' but required in type 'typeof fetch'.
src/utils/providerAutoDetect.test.ts(278,23): error TS2352: Conversion of type '() => Promise<Response>' to type 'typeof fetch' may be a mistake because neither type sufficiently overlaps with the other. If this was intentional, convert the expression to 'unknown' first.
  Property 'preconnect' is missing in type '() => Promise<Response>' but required in type 'typeof fetch'.
src/utils/providerAutoDetect.test.ts(295,23): error TS2352: Conversion of type '() => Promise<never>' to type 'typeof fetch' may be a mistake because neither type sufficiently overlaps with the other. If this was intentional, convert the expression to 'unknown' first.
  Property 'preconnect' is missing in type '() => Promise<never>' but required in type 'typeof fetch'.
src/utils/providerAutoDetect.test.ts(311,23): error TS2352: Conversion of type '() => Promise<never>' to type 'typeof fetch' may be a mistake because neither type sufficiently overlaps with the other. If this was intentional, convert the expression to 'unknown' first.
  Property 'preconnect' is missing in type '() => Promise<never>' but required in type 'typeof fetch'.
src/utils/providerAutoDetect.test.ts(329,23): error TS2352: Conversion of type '() => Promise<never>' to type 'typeof fetch' may be a mistake because neither type sufficiently overlaps with the other. If this was intentional, convert the expression to 'unknown' first.
  Property 'preconnect' is missing in type '() => Promise<never>' but required in type 'typeof fetch'.
src/utils/providerAutoDetect.test.ts(347,23): error TS2352: Conversion of type '() => Promise<never>' to type 'typeof fetch' may be a mistake because neither type sufficiently overlaps with the other. If this was intentional, convert the expression to 'unknown' first.
  Property 'preconnect' is missing in type '() => Promise<never>' but required in type 'typeof fetch'.
src/utils/providerDiscovery.test.ts(9,3): error TS2578: Unused '@ts-expect-error' directive.
src/utils/providerDiscovery.test.ts(43,22): error TS2352: Conversion of type 'Mock<(input: any, init: any) => Promise<Response>>' to type 'typeof fetch' may be a mistake because neither type sufficiently overlaps with the other. If this was intentional, convert the expression to 'unknown' first.
  Property 'preconnect' is missing in type 'Mock<(input: any, init: any) => Promise<Response>>' but required in type 'typeof fetch'.
src/utils/providerDiscovery.test.ts(76,22): error TS2352: Conversion of type 'Mock<() => Promise<Response>>' to type 'typeof fetch' may be a mistake because neither type sufficiently overlaps with the other. If this was intentional, convert the expression to 'unknown' first.
  Property 'preconnect' is missing in type 'Mock<() => Promise<Response>>' but required in type 'typeof fetch'.
src/utils/providerDiscovery.test.ts(155,22): error TS2352: Conversion of type 'Mock<(input: any) => Promise<Response>>' to type 'typeof fetch' may be a mistake because neither type sufficiently overlaps with the other. If this was intentional, convert the expression to 'unknown' first.
  Property 'preconnect' is missing in type 'Mock<(input: any) => Promise<Response>>' but required in type 'typeof fetch'.
src/utils/providerDiscovery.test.ts(179,22): error TS2352: Conversion of type 'Mock<(input: any) => Promise<Response>>' to type 'typeof fetch' may be a mistake because neither type sufficiently overlaps with the other. If this was intentional, convert the expression to 'unknown' first.
  Property 'preconnect' is missing in type 'Mock<(input: any) => Promise<Response>>' but required in type 'typeof fetch'.
src/utils/providerDiscovery.test.ts(208,22): error TS2352: Conversion of type 'Mock<(input: any) => Promise<Response>>' to type 'typeof fetch' may be a mistake because neither type sufficiently overlaps with the other. If this was intentional, convert the expression to 'unknown' first.
  Property 'preconnect' is missing in type 'Mock<(input: any) => Promise<Response>>' but required in type 'typeof fetch'.
src/utils/providerDiscovery.test.ts(241,22): error TS2352: Conversion of type 'Mock<(input: any) => Promise<Response>>' to type 'typeof fetch' may be a mistake because neither type sufficiently overlaps with the other. If this was intentional, convert the expression to 'unknown' first.
  Property 'preconnect' is missing in type 'Mock<(input: any) => Promise<Response>>' but required in type 'typeof fetch'.
src/utils/providerDiscovery.test.ts(274,22): error TS2352: Conversion of type 'Mock<(input: any) => Promise<Response>>' to type 'typeof fetch' may be a mistake because neither type sufficiently overlaps with the other. If this was intentional, convert the expression to 'unknown' first.
  Property 'preconnect' is missing in type 'Mock<(input: any) => Promise<Response>>' but required in type 'typeof fetch'.
src/utils/providerDiscovery.test.ts(312,22): error TS2352: Conversion of type 'Mock<(input: any) => Promise<Response>>' to type 'typeof fetch' may be a mistake because neither type sufficiently overlaps with the other. If this was intentional, convert the expression to 'unknown' first.
  Property 'preconnect' is missing in type 'Mock<(input: any) => Promise<Response>>' but required in type 'typeof fetch'.
src/utils/providerDiscovery.test.ts(356,22): error TS2352: Conversion of type 'Mock<(input: any) => Promise<Response>>' to type 'typeof fetch' may be a mistake because neither type sufficiently overlaps with the other. If this was intentional, convert the expression to 'unknown' first.
  Property 'preconnect' is missing in type 'Mock<(input: any) => Promise<Response>>' but required in type 'typeof fetch'.
src/utils/providerDiscovery.test.ts(372,22): error TS2352: Conversion of type 'Mock<() => Promise<Response>>' to type 'typeof fetch' may be a mistake because neither type sufficiently overlaps with the other. If this was intentional, convert the expression to 'unknown' first.
  Property 'preconnect' is missing in type 'Mock<() => Promise<Response>>' but required in type 'typeof fetch'.
src/utils/providerDiscovery.test.ts(389,22): error TS2352: Conversion of type 'Mock<() => Promise<Response>>' to type 'typeof fetch' may be a mistake because neither type sufficiently overlaps with the other. If this was intentional, convert the expression to 'unknown' first.
  Property 'preconnect' is missing in type 'Mock<() => Promise<Response>>' but required in type 'typeof fetch'.
src/utils/queryContext.ts(121,69): error TS2349: This expression is not callable.
  Type '{}' has no call signatures.
src/utils/queryHelpers.ts(65,20): error TS2339: Property 'type' does not exist on type '{}'.
src/utils/queryHelpers.ts(66,20): error TS2339: Property 'type' does not exist on type '{}'.
src/utils/queryHelpers.ts(67,20): error TS2339: Property 'type' does not exist on type '{}'.
src/utils/releaseNotes.ts(530,29): error TS2339: Property 'VERSION_CHANGELOG' does not exist on type '{ VERSION: string; DISPLAY_VERSION: string; BUILD_TIME: string; ISSUES_EXPLAINER: string; PACKAGE_URL: string; NATIVE_PACKAGE_URL: string | undefined; }'.
src/utils/releaseNotes.ts(578,29): error TS2339: Property 'VERSION_CHANGELOG' does not exist on type '{ VERSION: string; DISPLAY_VERSION: string; BUILD_TIME: string; ISSUES_EXPLAINER: string; PACKAGE_URL: string; NATIVE_PACKAGE_URL: string | undefined; }'.
src/utils/requestLogging.test.ts(80,11): error TS2345: Argument of type 'string' is not assignable to parameter of type 'number'.
src/utils/sdkEventQueue.ts(4,15): error TS2305: Module '"../types/tools.js"' has no exported member 'SdkWorkflowProgress'.
src/utils/secureStorage/platformStorage.test.ts(80,19): error TS2493: Tuple type '[]' of length '0' has no element at index '1'.
src/utils/secureStorage/platformStorage.test.ts(80,33): error TS2769: No overload matches this call.
  Overload 1 of 2, '(expected: undefined): void', gave the following error.
    Argument of type 'string' is not assignable to parameter of type 'undefined'.
  Overload 2 of 2, '(expected: undefined): void', gave the following error.
    Argument of type 'string' is not assignable to parameter of type 'undefined'.
src/utils/secureStorage/platformStorage.test.ts(89,22): error TS2532: Object is possibly 'undefined'.
src/utils/secureStorage/platformStorage.test.ts(89,50): error TS2493: Tuple type '[]' of length '0' has no element at index '1'.
src/utils/secureStorage/platformStorage.test.ts(90,51): error TS2493: Tuple type '[]' of length '0' has no element at index '2'.
src/utils/secureStorage/platformStorage.test.ts(93,14): error TS18048: 'options' is possibly 'undefined'.
src/utils/secureStorage/platformStorage.test.ts(112,22): error TS2532: Object is possibly 'undefined'.
src/utils/secureStorage/platformStorage.test.ts(112,50): error TS2493: Tuple type '[]' of length '0' has no element at index '1'.
src/utils/secureStorage/platformStorage.test.ts(113,51): error TS2493: Tuple type '[]' of length '0' has no element at index '2'.
src/utils/secureStorage/platformStorage.test.ts(115,14): error TS18048: 'options' is possibly 'undefined'.
src/utils/secureStorage/platformStorage.test.ts(119,52): error TS2493: Tuple type '[]' of length '0' has no element at index '2'.
src/utils/secureStorage/platformStorage.test.ts(120,14): error TS18048: 'options2' is possibly 'undefined'.
src/utils/secureStorage/platformStorage.test.ts(126,22): error TS2532: Object is possibly 'undefined'.
src/utils/secureStorage/platformStorage.test.ts(126,50): error TS2493: Tuple type '[]' of length '0' has no element at index '1'.
src/utils/secureStorage/platformStorage.test.ts(133,22): error TS2532: Object is possibly 'undefined'.
src/utils/secureStorage/platformStorage.test.ts(133,50): error TS2493: Tuple type '[]' of length '0' has no element at index '1'.
src/utils/secureStorage/platformStorage.test.ts(141,22): error TS2532: Object is possibly 'undefined'.
src/utils/secureStorage/platformStorage.test.ts(141,50): error TS2493: Tuple type '[]' of length '0' has no element at index '1'.
src/utils/secureStorage/platformStorage.test.ts(187,51): error TS2493: Tuple type '[]' of length '0' has no element at index '2'.
src/utils/secureStorage/platformStorage.test.ts(188,14): error TS18048: 'options' is possibly 'undefined'.
src/utils/secureStorage/windowsCredentialStorage.ts(55,34): error TS2339: Property 'trim' does not exist on type 'string | string[] | unknown[] | Uint8Array<ArrayBufferLike>'.
  Property 'trim' does not exist on type 'string[]'.
src/utils/secureStorage/windowsCredentialStorage.ts(89,24): error TS2345: Argument of type 'string | string[] | unknown[] | Uint8Array<ArrayBufferLike>' is not assignable to parameter of type 'string'.
  Type 'string[]' is not assignable to type 'string'.
src/utils/secureStorage/windowsCredentialStorage.ts(139,26): error TS2345: Argument of type 'string | string[] | unknown[] | Uint8Array<ArrayBufferLike>' is not assignable to parameter of type 'string'.
  Type 'string[]' is not assignable to type 'string'.
src/utils/sessionFileAccessHooks.ts(39,68): error TS2307: Cannot find module '../memdir/memoryShapeTelemetry.js' or its corresponding type declarations.
src/utils/sessionRestore.ts(130,74): error TS2307: Cannot find module '../services/contextCollapse/persist.js' or its corresponding type declarations.
src/utils/sessionRestore.ts(497,74): error TS2307: Cannot find module '../services/contextCollapse/persist.js' or its corresponding type declarations.
src/utils/sessionStorage.test.ts(122,23): error TS2345: Argument of type 'string' is not assignable to parameter of type '`${string}-${string}-${string}-${string}-${string}`'.
src/utils/sessionStorage.test.ts(123,23): error TS2345: Argument of type 'string' is not assignable to parameter of type '`${string}-${string}-${string}-${string}-${string}`'.
src/utils/sessionStorage.test.ts(124,23): error TS2345: Argument of type 'string' is not assignable to parameter of type '`${string}-${string}-${string}-${string}-${string}`'.
src/utils/sessionStorage.test.ts(125,23): error TS2345: Argument of type 'string' is not assignable to parameter of type '`${string}-${string}-${string}-${string}-${string}`'.
src/utils/sessionStorage.test.ts(126,23): error TS2345: Argument of type 'string' is not assignable to parameter of type '`${string}-${string}-${string}-${string}-${string}`'.
src/utils/sessionStorage.test.ts(128,63): error TS2345: Argument of type 'string' is not assignable to parameter of type '`${string}-${string}-${string}-${string}-${string}`'.
src/utils/sessionStorage.test.ts(154,23): error TS2345: Argument of type 'string' is not assignable to parameter of type '`${string}-${string}-${string}-${string}-${string}`'.
src/utils/sessionStorage.test.ts(155,23): error TS2345: Argument of type 'string' is not assignable to parameter of type '`${string}-${string}-${string}-${string}-${string}`'.
src/utils/sessionStorage.test.ts(156,23): error TS2345: Argument of type 'string' is not assignable to parameter of type '`${string}-${string}-${string}-${string}-${string}`'.
src/utils/sessionStorage.test.ts(157,23): error TS2345: Argument of type 'string' is not assignable to parameter of type '`${string}-${string}-${string}-${string}-${string}`'.
src/utils/sessionStorage.test.ts(158,23): error TS2345: Argument of type 'string' is not assignable to parameter of type '`${string}-${string}-${string}-${string}-${string}`'.
src/utils/sessionStorage.test.ts(159,23): error TS2345: Argument of type 'string' is not assignable to parameter of type '`${string}-${string}-${string}-${string}-${string}`'.
src/utils/sessionStorage.test.ts(161,63): error TS2345: Argument of type 'string' is not assignable to parameter of type '`${string}-${string}-${string}-${string}-${string}`'.
src/utils/sessionStorage.test.ts(192,23): error TS2345: Argument of type 'string' is not assignable to parameter of type '`${string}-${string}-${string}-${string}-${string}`'.
src/utils/sessionStorage.test.ts(193,23): error TS2345: Argument of type 'string' is not assignable to parameter of type '`${string}-${string}-${string}-${string}-${string}`'.
src/utils/sessionStorage.test.ts(194,23): error TS2345: Argument of type 'string' is not assignable to parameter of type '`${string}-${string}-${string}-${string}-${string}`'.
src/utils/sessionStorage.test.ts(195,23): error TS2345: Argument of type 'string' is not assignable to parameter of type '`${string}-${string}-${string}-${string}-${string}`'.
src/utils/sessionStorage.test.ts(196,23): error TS2345: Argument of type 'string' is not assignable to parameter of type '`${string}-${string}-${string}-${string}-${string}`'.
src/utils/sessionStorage.test.ts(198,63): error TS2345: Argument of type 'string' is not assignable to parameter of type '`${string}-${string}-${string}-${string}-${string}`'.
src/utils/sessionStorage.test.ts(206,5): error TS2322: Type '{ type: string; tool_use_id: string; is_error: false; content: string; }[]' is not assignable to type 'string'.
src/utils/sessionStorage.test.ts(228,6): error TS2352: Conversion of type 'string' to type '{ content: string; }[]' may be a mistake because neither type sufficiently overlaps with the other. If this was intentional, convert the expression to 'unknown' first.
src/utils/sessionStorage.test.ts(236,5): error TS2322: Type '{ type: string; tool_use_id: string; is_error: false; content: string; }[]' is not assignable to type 'string'.
src/utils/sessionStorage.test.ts(252,31): error TS2345: Argument of type 'string' is not assignable to parameter of type '`${string}-${string}-${string}-${string}-${string}`'.
src/utils/sessionStorage.test.ts(259,6): error TS2352: Conversion of type 'string | undefined' to type '{ content: string; }[]' may be a mistake because neither type sufficiently overlaps with the other. If this was intentional, convert the expression to 'unknown' first.
  Type 'string' is not comparable to type '{ content: string; }[]'.
src/utils/sessionStorage.ts(61,3): error TS2305: Module '"../types/message.js"' has no exported member 'SystemCompactBoundaryMessage'.
src/utils/sessionStorage.ts(65,44): error TS2307: Cannot find module '../types/messageQueueTypes.js' or its corresponding type declarations.
src/utils/sessionStorage.ts(1746,13): error TS2339: Property 'type' does not exist on type 'T'.
src/utils/sessionStorage.ts(1746,36): error TS2339: Property 'isMeta' does not exist on type 'T'.
src/utils/sessionStorage.ts(1748,31): error TS2322: Type 'T' is not assignable to type 'object'.
src/utils/sessionStorage.ts(1750,25): error TS2339: Property 'message' does not exist on type 'T'.
src/utils/sliceAnsi.ts(46,41): error TS2339: Property 'fullWidth' does not exist on type 'ControlCode | Char'.
  Property 'fullWidth' does not exist on type 'ControlCode'.
src/utils/sliceAnsi.ts(46,75): error TS2339: Property 'value' does not exist on type 'ControlCode | Char'.
  Property 'value' does not exist on type 'ControlCode'.
src/utils/sliceAnsi.ts(80,25): error TS2339: Property 'value' does not exist on type 'ControlCode | Char'.
  Property 'value' does not exist on type 'ControlCode'.
src/utils/storage/SQLiteMasterpiece.test.ts(194,7): error TS2322: Type 'unknown' is not assignable to type 'null'.
src/utils/storage/SQLiteProvider.ts(23,27): error TS2322: Type 'void' is not assignable to type 'Promise<void>'.
src/utils/streamlinedTransform.ts(119,9): error TS18046: 'block' is of type 'unknown'.
src/utils/streamlinedTransform.ts(119,48): error TS18046: 'block' is of type 'unknown'.
src/utils/swarm/It2SetupPrompt.tsx(31,27): error TS2345: Argument of type 'PythonPackageManager | null' is not assignable to parameter of type 'SetStateAction<null>'.
  Type '"pip"' is not assignable to type 'SetStateAction<null>'.
src/utils/swarm/It2SetupPrompt.tsx(77,22): error TS2345: Argument of type 'string' is not assignable to parameter of type 'SetStateAction<null>'.
src/utils/swarm/It2SetupPrompt.tsx(94,18): error TS2345: Argument of type '"No Python package manager found (uvx, pipx, or pip)"' is not assignable to parameter of type 'SetStateAction<null>'.
src/utils/swarm/It2SetupPrompt.tsx(103,18): error TS2345: Argument of type 'string' is not assignable to parameter of type 'SetStateAction<null>'.
src/utils/swarm/It2SetupPrompt.tsx(286,32): error TS2345: Argument of type 'string' is not assignable to parameter of type 'SetStateAction<null>'.
src/utils/systemPrompt.ts(20,58): error TS2307: Cannot find module '../proactive/index.js' or its corresponding type declarations.
src/utils/task/sdkProgress.ts(1,15): error TS2305: Module '"../../types/tools.js"' has no exported member 'SdkWorkflowProgress'.
src/utils/textHighlighting.ts(131,38): error TS2339: Property 'value' does not exist on type 'ControlCode | Char'.
  Property 'value' does not exist on type 'ControlCode'.
src/utils/textHighlighting.ts(138,35): error TS2339: Property 'value' does not exist on type 'ControlCode | Char'.
  Property 'value' does not exist on type 'ControlCode'.
src/utils/toolErrors.ts(111,21): error TS2345: Argument of type 'string' is not assignable to parameter of type 'never'.
src/utils/toolErrors.ts(118,21): error TS2345: Argument of type 'string' is not assignable to parameter of type 'never'.
src/utils/toolErrors.ts(126,21): error TS2345: Argument of type 'string' is not assignable to parameter of type 'never'.
src/utils/transcriptSearch.ts(1,15): error TS2305: Module '"../types/message.js"' has no exported member 'RenderableMessage'.
src/utils/truncate.test.ts(3,1): error TS2582: Cannot find name 'describe'. Do you need to install type definitions for a test runner? Try `npm i --save-dev @types/jest` or `npm i --save-dev @types/mocha`.
src/utils/truncate.test.ts(4,3): error TS2582: Cannot find name 'test'. Do you need to install type definitions for a test runner? Try `npm i --save-dev @types/jest` or `npm i --save-dev @types/mocha`.
src/utils/truncate.test.ts(5,5): error TS2304: Cannot find name 'expect'.
src/utils/truncate.test.ts(8,3): error TS2582: Cannot find name 'test'. Do you need to install type definitions for a test runner? Try `npm i --save-dev @types/jest` or `npm i --save-dev @types/mocha`.
src/utils/truncate.test.ts(9,5): error TS2304: Cannot find name 'expect'.
src/utils/truncate.test.ts(12,3): error TS2582: Cannot find name 'test'. Do you need to install type definitions for a test runner? Try `npm i --save-dev @types/jest` or `npm i --save-dev @types/mocha`.
src/utils/truncate.test.ts(13,5): error TS2304: Cannot find name 'expect'.
src/utils/ultraplan/ccrSession.ts(105,15): error TS18046: 'block' is of type 'unknown'.
src/utils/ultraplan/ccrSession.ts(115,15): error TS18046: 'block' is of type 'unknown'.
src/utils/ultraplan/ccrSession.ts(116,30): error TS18046: 'block' is of type 'unknown'.
src/utils/ultraplan/ccrSession.ts(116,49): error TS2345: Argument of type 'unknown' is not assignable to parameter of type 'ToolResultBlockParam'.
src/utils/withResolvers.ts(7,37): error TS2304: Cannot find name 'PromiseWithResolvers'.
src/utils/worktree.ts(668,17): error TS2307: Cannot find module './postCommitAttribution.js' or its corresponding type declarations.
